/home/mayi/anaconda3/envs/zzy_DIR/lib/python3.9/site-packages/torch_geometric/deprecation.py:26: UserWarning: 'data.DataLoader' is deprecated, use 'loader.DataLoader' instead
  warnings.warn(out)
2024-11-28 18:48:41,902 - /home/mayi/data/zzy/DIR-GNN/utils/helper.py[line:49] - INFO: +----------------+---------------------------------+
| Parameter      | Value                           |
+----------------+---------------------------------+
| cuda           | 1                               |
+----------------+---------------------------------+
| datadir        | data/                           |
+----------------+---------------------------------+
| epoch          | 100                             |
+----------------+---------------------------------+
| reg            | True                            |
+----------------+---------------------------------+
| seed           | [1, 2, 3, 4, 5, 6, 7, 8, 9, 10] |
+----------------+---------------------------------+
| channels       | 32                              |
+----------------+---------------------------------+
| commit         |                                 |
+----------------+---------------------------------+
| type           | none                            |
+----------------+---------------------------------+
| input_channels | 768                             |
+----------------+---------------------------------+
| pretrain       | 0                               |
+----------------+---------------------------------+
| alpha          | 10                              |
+----------------+---------------------------------+
| r              | 0.500                           |
+----------------+---------------------------------+
| batch_size     | 128                             |
+----------------+---------------------------------+
| net_lr         | 0.001                           |
+----------------+---------------------------------+
| dataset        | politifact                      |
+----------------+---------------------------------+
| feature        | bert                            |
+----------------+---------------------------------+
2024-11-28 18:48:41,902 - /home/mayi/data/zzy/DIR-GNN/train/upfd_GCN.py[line:172] - INFO: Seed:  1
2024-11-28 18:48:42,024 - /home/mayi/data/zzy/DIR-GNN/train/upfd_GCN.py[line:239] - INFO: # Train: 62  #Test: 221.0 #Val: 31
/home/mayi/anaconda3/envs/zzy_DIR/lib/python3.9/site-packages/sklearn/metrics/_classification.py:1517: UndefinedMetricWarning: Precision is ill-defined and being set to 0.0 due to no predicted samples. Use `zero_division` parameter to control this behavior.
  _warn_prf(average, modifier, f"{metric.capitalize()} is", len(result))
/home/mayi/anaconda3/envs/zzy_DIR/lib/python3.9/site-packages/sklearn/metrics/_classification.py:1517: UndefinedMetricWarning: Precision is ill-defined and being set to 0.0 due to no predicted samples. Use `zero_division` parameter to control this behavior.
  _warn_prf(average, modifier, f"{metric.capitalize()} is", len(result))
/home/mayi/anaconda3/envs/zzy_DIR/lib/python3.9/site-packages/sklearn/metrics/_classification.py:1517: UndefinedMetricWarning: Precision is ill-defined and being set to 0.0 due to no predicted samples. Use `zero_division` parameter to control this behavior.
  _warn_prf(average, modifier, f"{metric.capitalize()} is", len(result))
2024-11-28 18:48:42,261 - /home/mayi/data/zzy/DIR-GNN/train/upfd_GCN.py[line:270] - INFO: Epoch [  0/100]Train_ACC:0.581 Test_ACC:0.419  Val_ACC:0.489  Train_Pre:0.000 Test_Pre:0.000  Val_Pre:0.000  Train_Recall:0.000 Test_Recall:0.000  Val_Recall:0.000  Train_F1:0.000 Test_F1:0.000  Val_F1:0.000  
2024-11-28 18:48:42,340 - /home/mayi/data/zzy/DIR-GNN/train/upfd_GCN.py[line:270] - INFO: Epoch [  1/100]Train_ACC:0.452 Test_ACC:0.677  Val_ACC:0.561  Train_Pre:0.423 Test_Pre:0.654  Val_Pre:0.542  Train_Recall:0.846 Test_Recall:0.944  Val_Recall:0.912  Train_F1:0.564 Test_F1:0.773  Val_F1:0.680  
2024-11-28 18:48:42,417 - /home/mayi/data/zzy/DIR-GNN/train/upfd_GCN.py[line:270] - INFO: Epoch [  2/100]Train_ACC:0.645 Test_ACC:0.677  Val_ACC:0.633  Train_Pre:0.625 Test_Pre:0.833  Val_Pre:0.667  Train_Recall:0.385 Test_Recall:0.556  Val_Recall:0.566  Train_F1:0.476 Test_F1:0.667  Val_F1:0.612  
/home/mayi/anaconda3/envs/zzy_DIR/lib/python3.9/site-packages/sklearn/metrics/_classification.py:1517: UndefinedMetricWarning: Precision is ill-defined and being set to 0.0 due to no predicted samples. Use `zero_division` parameter to control this behavior.
  _warn_prf(average, modifier, f"{metric.capitalize()} is", len(result))
/home/mayi/anaconda3/envs/zzy_DIR/lib/python3.9/site-packages/sklearn/metrics/_classification.py:1517: UndefinedMetricWarning: Precision is ill-defined and being set to 0.0 due to no predicted samples. Use `zero_division` parameter to control this behavior.
  _warn_prf(average, modifier, f"{metric.capitalize()} is", len(result))
/home/mayi/anaconda3/envs/zzy_DIR/lib/python3.9/site-packages/sklearn/metrics/_classification.py:1517: UndefinedMetricWarning: Precision is ill-defined and being set to 0.0 due to no predicted samples. Use `zero_division` parameter to control this behavior.
  _warn_prf(average, modifier, f"{metric.capitalize()} is", len(result))
2024-11-28 18:48:42,495 - /home/mayi/data/zzy/DIR-GNN/train/upfd_GCN.py[line:270] - INFO: Epoch [  3/100]Train_ACC:0.581 Test_ACC:0.419  Val_ACC:0.489  Train_Pre:0.000 Test_Pre:0.000  Val_Pre:0.000  Train_Recall:0.000 Test_Recall:0.000  Val_Recall:0.000  Train_F1:0.000 Test_F1:0.000  Val_F1:0.000  
/home/mayi/anaconda3/envs/zzy_DIR/lib/python3.9/site-packages/sklearn/metrics/_classification.py:1517: UndefinedMetricWarning: Precision is ill-defined and being set to 0.0 due to no predicted samples. Use `zero_division` parameter to control this behavior.
  _warn_prf(average, modifier, f"{metric.capitalize()} is", len(result))
/home/mayi/anaconda3/envs/zzy_DIR/lib/python3.9/site-packages/sklearn/metrics/_classification.py:1517: UndefinedMetricWarning: Precision is ill-defined and being set to 0.0 due to no predicted samples. Use `zero_division` parameter to control this behavior.
  _warn_prf(average, modifier, f"{metric.capitalize()} is", len(result))
/home/mayi/anaconda3/envs/zzy_DIR/lib/python3.9/site-packages/sklearn/metrics/_classification.py:1517: UndefinedMetricWarning: Precision is ill-defined and being set to 0.0 due to no predicted samples. Use `zero_division` parameter to control this behavior.
  _warn_prf(average, modifier, f"{metric.capitalize()} is", len(result))
2024-11-28 18:48:42,573 - /home/mayi/data/zzy/DIR-GNN/train/upfd_GCN.py[line:270] - INFO: Epoch [  4/100]Train_ACC:0.581 Test_ACC:0.419  Val_ACC:0.489  Train_Pre:0.000 Test_Pre:0.000  Val_Pre:0.000  Train_Recall:0.000 Test_Recall:0.000  Val_Recall:0.000  Train_F1:0.000 Test_F1:0.000  Val_F1:0.000  
/home/mayi/anaconda3/envs/zzy_DIR/lib/python3.9/site-packages/sklearn/metrics/_classification.py:1517: UndefinedMetricWarning: Precision is ill-defined and being set to 0.0 due to no predicted samples. Use `zero_division` parameter to control this behavior.
  _warn_prf(average, modifier, f"{metric.capitalize()} is", len(result))
2024-11-28 18:48:42,652 - /home/mayi/data/zzy/DIR-GNN/train/upfd_GCN.py[line:270] - INFO: Epoch [  5/100]Train_ACC:0.613 Test_ACC:0.419  Val_ACC:0.498  Train_Pre:1.000 Test_Pre:0.000  Val_Pre:1.000  Train_Recall:0.077 Test_Recall:0.000  Val_Recall:0.018  Train_F1:0.143 Test_F1:0.000  Val_F1:0.035  
2024-11-28 18:48:42,730 - /home/mayi/data/zzy/DIR-GNN/train/upfd_GCN.py[line:270] - INFO: Epoch [  6/100]Train_ACC:0.677 Test_ACC:0.613  Val_ACC:0.679  Train_Pre:0.750 Test_Pre:0.800  Val_Pre:0.792  Train_Recall:0.346 Test_Recall:0.444  Val_Recall:0.504  Train_F1:0.474 Test_F1:0.571  Val_F1:0.616  
2024-11-28 18:48:42,807 - /home/mayi/data/zzy/DIR-GNN/train/upfd_GCN.py[line:270] - INFO: Epoch [  7/100]Train_ACC:0.677 Test_ACC:0.613  Val_ACC:0.647  Train_Pre:0.636 Test_Pre:0.688  Val_Pre:0.655  Train_Recall:0.538 Test_Recall:0.611  Val_Recall:0.655  Train_F1:0.583 Test_F1:0.647  Val_F1:0.655  
2024-11-28 18:48:42,886 - /home/mayi/data/zzy/DIR-GNN/train/upfd_GCN.py[line:270] - INFO: Epoch [  8/100]Train_ACC:0.774 Test_ACC:0.613  Val_ACC:0.674  Train_Pre:0.833 Test_Pre:0.688  Val_Pre:0.725  Train_Recall:0.577 Test_Recall:0.611  Val_Recall:0.584  Train_F1:0.682 Test_F1:0.647  Val_F1:0.647  
2024-11-28 18:48:43,039 - /home/mayi/data/zzy/DIR-GNN/train/upfd_GCN.py[line:270] - INFO: Epoch [  9/100]Train_ACC:0.694 Test_ACC:0.419  Val_ACC:0.597  Train_Pre:1.000 Test_Pre:0.500  Val_Pre:0.962  Train_Recall:0.269 Test_Recall:0.056  Val_Recall:0.221  Train_F1:0.424 Test_F1:0.100  Val_F1:0.360  
/home/mayi/anaconda3/envs/zzy_DIR/lib/python3.9/site-packages/sklearn/metrics/_classification.py:1517: UndefinedMetricWarning: Precision is ill-defined and being set to 0.0 due to no predicted samples. Use `zero_division` parameter to control this behavior.
  _warn_prf(average, modifier, f"{metric.capitalize()} is", len(result))
2024-11-28 18:48:43,120 - /home/mayi/data/zzy/DIR-GNN/train/upfd_GCN.py[line:270] - INFO: Epoch [ 10/100]Train_ACC:0.645 Test_ACC:0.419  Val_ACC:0.520  Train_Pre:1.000 Test_Pre:0.000  Val_Pre:1.000  Train_Recall:0.154 Test_Recall:0.000  Val_Recall:0.062  Train_F1:0.267 Test_F1:0.000  Val_F1:0.117  
/home/mayi/anaconda3/envs/zzy_DIR/lib/python3.9/site-packages/sklearn/metrics/_classification.py:1517: UndefinedMetricWarning: Precision is ill-defined and being set to 0.0 due to no predicted samples. Use `zero_division` parameter to control this behavior.
  _warn_prf(average, modifier, f"{metric.capitalize()} is", len(result))
2024-11-28 18:48:43,201 - /home/mayi/data/zzy/DIR-GNN/train/upfd_GCN.py[line:270] - INFO: Epoch [ 11/100]Train_ACC:0.694 Test_ACC:0.419  Val_ACC:0.575  Train_Pre:1.000 Test_Pre:0.000  Val_Pre:0.952  Train_Recall:0.269 Test_Recall:0.000  Val_Recall:0.177  Train_F1:0.424 Test_F1:0.000  Val_F1:0.299  
2024-11-28 18:48:43,281 - /home/mayi/data/zzy/DIR-GNN/train/upfd_GCN.py[line:270] - INFO: Epoch [ 12/100]Train_ACC:0.726 Test_ACC:0.516  Val_ACC:0.683  Train_Pre:1.000 Test_Pre:0.800  Val_Pre:0.939  Train_Recall:0.346 Test_Recall:0.222  Val_Recall:0.407  Train_F1:0.514 Test_F1:0.348  Val_F1:0.568  
2024-11-28 18:48:43,359 - /home/mayi/data/zzy/DIR-GNN/train/upfd_GCN.py[line:270] - INFO: Epoch [ 13/100]Train_ACC:0.806 Test_ACC:0.581  Val_ACC:0.724  Train_Pre:1.000 Test_Pre:0.778  Val_Pre:0.906  Train_Recall:0.538 Test_Recall:0.389  Val_Recall:0.513  Train_F1:0.700 Test_F1:0.519  Val_F1:0.655  
2024-11-28 18:48:43,437 - /home/mayi/data/zzy/DIR-GNN/train/upfd_GCN.py[line:270] - INFO: Epoch [ 14/100]Train_ACC:0.871 Test_ACC:0.677  Val_ACC:0.729  Train_Pre:1.000 Test_Pre:0.833  Val_Pre:0.908  Train_Recall:0.692 Test_Recall:0.556  Val_Recall:0.522  Train_F1:0.818 Test_F1:0.667  Val_F1:0.663  
2024-11-28 18:48:43,515 - /home/mayi/data/zzy/DIR-GNN/train/upfd_GCN.py[line:270] - INFO: Epoch [ 15/100]Train_ACC:0.871 Test_ACC:0.710  Val_ACC:0.724  Train_Pre:1.000 Test_Pre:0.846  Val_Pre:0.882  Train_Recall:0.692 Test_Recall:0.611  Val_Recall:0.531  Train_F1:0.818 Test_F1:0.710  Val_F1:0.663  
2024-11-28 18:48:43,593 - /home/mayi/data/zzy/DIR-GNN/train/upfd_GCN.py[line:270] - INFO: Epoch [ 16/100]Train_ACC:0.903 Test_ACC:0.742  Val_ACC:0.751  Train_Pre:1.000 Test_Pre:0.812  Val_Pre:0.882  Train_Recall:0.769 Test_Recall:0.722  Val_Recall:0.593  Train_F1:0.870 Test_F1:0.765  Val_F1:0.709  
2024-11-28 18:48:43,671 - /home/mayi/data/zzy/DIR-GNN/train/upfd_GCN.py[line:270] - INFO: Epoch [ 17/100]Train_ACC:0.871 Test_ACC:0.710  Val_ACC:0.729  Train_Pre:1.000 Test_Pre:1.000  Val_Pre:0.908  Train_Recall:0.692 Test_Recall:0.500  Val_Recall:0.522  Train_F1:0.818 Test_F1:0.667  Val_F1:0.663  
2024-11-28 18:48:43,749 - /home/mayi/data/zzy/DIR-GNN/train/upfd_GCN.py[line:270] - INFO: Epoch [ 18/100]Train_ACC:0.903 Test_ACC:0.742  Val_ACC:0.747  Train_Pre:1.000 Test_Pre:0.812  Val_Pre:0.880  Train_Recall:0.769 Test_Recall:0.722  Val_Recall:0.584  Train_F1:0.870 Test_F1:0.765  Val_F1:0.702  
2024-11-28 18:48:43,827 - /home/mayi/data/zzy/DIR-GNN/train/upfd_GCN.py[line:270] - INFO: Epoch [ 19/100]Train_ACC:0.903 Test_ACC:0.774  Val_ACC:0.765  Train_Pre:0.955 Test_Pre:0.824  Val_Pre:0.867  Train_Recall:0.808 Test_Recall:0.778  Val_Recall:0.637  Train_F1:0.875 Test_F1:0.800  Val_F1:0.735  
2024-11-28 18:48:43,905 - /home/mayi/data/zzy/DIR-GNN/train/upfd_GCN.py[line:270] - INFO: Epoch [ 20/100]Train_ACC:0.887 Test_ACC:0.710  Val_ACC:0.738  Train_Pre:1.000 Test_Pre:0.800  Val_Pre:0.877  Train_Recall:0.731 Test_Recall:0.667  Val_Recall:0.566  Train_F1:0.844 Test_F1:0.727  Val_F1:0.688  
2024-11-28 18:48:43,983 - /home/mayi/data/zzy/DIR-GNN/train/upfd_GCN.py[line:270] - INFO: Epoch [ 21/100]Train_ACC:0.871 Test_ACC:0.677  Val_ACC:0.733  Train_Pre:1.000 Test_Pre:0.833  Val_Pre:0.897  Train_Recall:0.692 Test_Recall:0.556  Val_Recall:0.540  Train_F1:0.818 Test_F1:0.667  Val_F1:0.674  
2024-11-28 18:48:44,060 - /home/mayi/data/zzy/DIR-GNN/train/upfd_GCN.py[line:270] - INFO: Epoch [ 22/100]Train_ACC:0.903 Test_ACC:0.774  Val_ACC:0.765  Train_Pre:1.000 Test_Pre:0.867  Val_Pre:0.877  Train_Recall:0.769 Test_Recall:0.722  Val_Recall:0.628  Train_F1:0.870 Test_F1:0.788  Val_F1:0.732  
2024-11-28 18:48:44,138 - /home/mayi/data/zzy/DIR-GNN/train/upfd_GCN.py[line:270] - INFO: Epoch [ 23/100]Train_ACC:0.887 Test_ACC:0.742  Val_ACC:0.756  Train_Pre:1.000 Test_Pre:0.917  Val_Pre:0.904  Train_Recall:0.731 Test_Recall:0.611  Val_Recall:0.584  Train_F1:0.844 Test_F1:0.733  Val_F1:0.710  
2024-11-28 18:48:44,215 - /home/mayi/data/zzy/DIR-GNN/train/upfd_GCN.py[line:270] - INFO: Epoch [ 24/100]Train_ACC:0.919 Test_ACC:0.774  Val_ACC:0.787  Train_Pre:0.889 Test_Pre:0.789  Val_Pre:0.851  Train_Recall:0.923 Test_Recall:0.833  Val_Recall:0.708  Train_F1:0.906 Test_F1:0.811  Val_F1:0.773  
2024-11-28 18:48:44,292 - /home/mayi/data/zzy/DIR-GNN/train/upfd_GCN.py[line:270] - INFO: Epoch [ 25/100]Train_ACC:0.887 Test_ACC:0.774  Val_ACC:0.733  Train_Pre:1.000 Test_Pre:1.000  Val_Pre:0.922  Train_Recall:0.731 Test_Recall:0.611  Val_Recall:0.522  Train_F1:0.844 Test_F1:0.759  Val_F1:0.667  
2024-11-28 18:48:44,370 - /home/mayi/data/zzy/DIR-GNN/train/upfd_GCN.py[line:270] - INFO: Epoch [ 26/100]Train_ACC:0.952 Test_ACC:0.742  Val_ACC:0.756  Train_Pre:1.000 Test_Pre:0.857  Val_Pre:0.904  Train_Recall:0.885 Test_Recall:0.667  Val_Recall:0.584  Train_F1:0.939 Test_F1:0.750  Val_F1:0.710  
2024-11-28 18:48:44,448 - /home/mayi/data/zzy/DIR-GNN/train/upfd_GCN.py[line:270] - INFO: Epoch [ 27/100]Train_ACC:0.968 Test_ACC:0.742  Val_ACC:0.819  Train_Pre:0.929 Test_Pre:0.812  Val_Pre:0.876  Train_Recall:1.000 Test_Recall:0.722  Val_Recall:0.752  Train_F1:0.963 Test_F1:0.765  Val_F1:0.810  
2024-11-28 18:48:44,526 - /home/mayi/data/zzy/DIR-GNN/train/upfd_GCN.py[line:270] - INFO: Epoch [ 28/100]Train_ACC:0.952 Test_ACC:0.710  Val_ACC:0.819  Train_Pre:0.897 Test_Pre:0.737  Val_Pre:0.869  Train_Recall:1.000 Test_Recall:0.778  Val_Recall:0.761  Train_F1:0.945 Test_F1:0.757  Val_F1:0.811  
2024-11-28 18:48:44,604 - /home/mayi/data/zzy/DIR-GNN/train/upfd_GCN.py[line:270] - INFO: Epoch [ 29/100]Train_ACC:0.968 Test_ACC:0.806  Val_ACC:0.801  Train_Pre:0.929 Test_Pre:0.875  Val_Pre:0.879  Train_Recall:1.000 Test_Recall:0.778  Val_Recall:0.708  Train_F1:0.963 Test_F1:0.824  Val_F1:0.784  
2024-11-28 18:48:44,681 - /home/mayi/data/zzy/DIR-GNN/train/upfd_GCN.py[line:270] - INFO: Epoch [ 30/100]Train_ACC:0.952 Test_ACC:0.806  Val_ACC:0.756  Train_Pre:1.000 Test_Pre:1.000  Val_Pre:0.904  Train_Recall:0.885 Test_Recall:0.667  Val_Recall:0.584  Train_F1:0.939 Test_F1:0.800  Val_F1:0.710  
2024-11-28 18:48:44,758 - /home/mayi/data/zzy/DIR-GNN/train/upfd_GCN.py[line:270] - INFO: Epoch [ 31/100]Train_ACC:0.984 Test_ACC:0.774  Val_ACC:0.787  Train_Pre:0.963 Test_Pre:0.867  Val_Pre:0.902  Train_Recall:1.000 Test_Recall:0.722  Val_Recall:0.655  Train_F1:0.981 Test_F1:0.788  Val_F1:0.759  
2024-11-28 18:48:44,836 - /home/mayi/data/zzy/DIR-GNN/train/upfd_GCN.py[line:270] - INFO: Epoch [ 32/100]Train_ACC:0.968 Test_ACC:0.806  Val_ACC:0.814  Train_Pre:0.929 Test_Pre:0.875  Val_Pre:0.883  Train_Recall:1.000 Test_Recall:0.778  Val_Recall:0.735  Train_F1:0.963 Test_F1:0.824  Val_F1:0.802  
2024-11-28 18:48:44,914 - /home/mayi/data/zzy/DIR-GNN/train/upfd_GCN.py[line:270] - INFO: Epoch [ 33/100]Train_ACC:0.968 Test_ACC:0.806  Val_ACC:0.819  Train_Pre:0.929 Test_Pre:0.875  Val_Pre:0.884  Train_Recall:1.000 Test_Recall:0.778  Val_Recall:0.743  Train_F1:0.963 Test_F1:0.824  Val_F1:0.808  
2024-11-28 18:48:44,993 - /home/mayi/data/zzy/DIR-GNN/train/upfd_GCN.py[line:270] - INFO: Epoch [ 34/100]Train_ACC:0.968 Test_ACC:0.806  Val_ACC:0.805  Train_Pre:0.962 Test_Pre:0.875  Val_Pre:0.898  Train_Recall:0.962 Test_Recall:0.778  Val_Recall:0.699  Train_F1:0.962 Test_F1:0.824  Val_F1:0.786  
2024-11-28 18:48:45,072 - /home/mayi/data/zzy/DIR-GNN/train/upfd_GCN.py[line:270] - INFO: Epoch [ 35/100]Train_ACC:0.968 Test_ACC:0.806  Val_ACC:0.769  Train_Pre:1.000 Test_Pre:1.000  Val_Pre:0.908  Train_Recall:0.923 Test_Recall:0.667  Val_Recall:0.611  Train_F1:0.960 Test_F1:0.800  Val_F1:0.730  
2024-11-28 18:48:45,150 - /home/mayi/data/zzy/DIR-GNN/train/upfd_GCN.py[line:270] - INFO: Epoch [ 36/100]Train_ACC:0.984 Test_ACC:0.774  Val_ACC:0.814  Train_Pre:1.000 Test_Pre:0.867  Val_Pre:0.909  Train_Recall:0.962 Test_Recall:0.722  Val_Recall:0.708  Train_F1:0.980 Test_F1:0.788  Val_F1:0.796  
2024-11-28 18:48:45,226 - /home/mayi/data/zzy/DIR-GNN/train/upfd_GCN.py[line:270] - INFO: Epoch [ 37/100]Train_ACC:0.984 Test_ACC:0.806  Val_ACC:0.810  Train_Pre:1.000 Test_Pre:0.875  Val_Pre:0.882  Train_Recall:0.962 Test_Recall:0.778  Val_Recall:0.726  Train_F1:0.980 Test_F1:0.824  Val_F1:0.796  
2024-11-28 18:48:45,303 - /home/mayi/data/zzy/DIR-GNN/train/upfd_GCN.py[line:270] - INFO: Epoch [ 38/100]Train_ACC:0.984 Test_ACC:0.806  Val_ACC:0.810  Train_Pre:1.000 Test_Pre:0.875  Val_Pre:0.882  Train_Recall:0.962 Test_Recall:0.778  Val_Recall:0.726  Train_F1:0.980 Test_F1:0.824  Val_F1:0.796  
2024-11-28 18:48:45,381 - /home/mayi/data/zzy/DIR-GNN/train/upfd_GCN.py[line:270] - INFO: Epoch [ 39/100]Train_ACC:0.984 Test_ACC:0.742  Val_ACC:0.810  Train_Pre:1.000 Test_Pre:0.857  Val_Pre:0.899  Train_Recall:0.962 Test_Recall:0.667  Val_Recall:0.708  Train_F1:0.980 Test_F1:0.750  Val_F1:0.792  
2024-11-28 18:48:45,458 - /home/mayi/data/zzy/DIR-GNN/train/upfd_GCN.py[line:270] - INFO: Epoch [ 40/100]Train_ACC:0.984 Test_ACC:0.774  Val_ACC:0.810  Train_Pre:1.000 Test_Pre:0.923  Val_Pre:0.961  Train_Recall:0.962 Test_Recall:0.667  Val_Recall:0.655  Train_F1:0.980 Test_F1:0.774  Val_F1:0.779  
2024-11-28 18:48:45,535 - /home/mayi/data/zzy/DIR-GNN/train/upfd_GCN.py[line:270] - INFO: Epoch [ 41/100]Train_ACC:0.984 Test_ACC:0.774  Val_ACC:0.810  Train_Pre:1.000 Test_Pre:0.923  Val_Pre:0.961  Train_Recall:0.962 Test_Recall:0.667  Val_Recall:0.655  Train_F1:0.980 Test_F1:0.774  Val_F1:0.779  
2024-11-28 18:48:45,613 - /home/mayi/data/zzy/DIR-GNN/train/upfd_GCN.py[line:270] - INFO: Epoch [ 42/100]Train_ACC:0.984 Test_ACC:0.839  Val_ACC:0.824  Train_Pre:1.000 Test_Pre:0.933  Val_Pre:0.951  Train_Recall:0.962 Test_Recall:0.778  Val_Recall:0.690  Train_F1:0.980 Test_F1:0.848  Val_F1:0.800  
2024-11-28 18:48:45,689 - /home/mayi/data/zzy/DIR-GNN/train/upfd_GCN.py[line:270] - INFO: Epoch [ 43/100]Train_ACC:1.000 Test_ACC:0.839  Val_ACC:0.810  Train_Pre:1.000 Test_Pre:0.933  Val_Pre:0.908  Train_Recall:1.000 Test_Recall:0.778  Val_Recall:0.699  Train_F1:1.000 Test_F1:0.848  Val_F1:0.790  
2024-11-28 18:48:45,767 - /home/mayi/data/zzy/DIR-GNN/train/upfd_GCN.py[line:270] - INFO: Epoch [ 44/100]Train_ACC:1.000 Test_ACC:0.839  Val_ACC:0.819  Train_Pre:1.000 Test_Pre:0.933  Val_Pre:0.910  Train_Recall:1.000 Test_Recall:0.778  Val_Recall:0.717  Train_F1:1.000 Test_F1:0.848  Val_F1:0.802  
2024-11-28 18:48:45,844 - /home/mayi/data/zzy/DIR-GNN/train/upfd_GCN.py[line:270] - INFO: Epoch [ 45/100]Train_ACC:0.984 Test_ACC:0.839  Val_ACC:0.810  Train_Pre:0.963 Test_Pre:0.933  Val_Pre:0.918  Train_Recall:1.000 Test_Recall:0.778  Val_Recall:0.690  Train_F1:0.981 Test_F1:0.848  Val_F1:0.788  
2024-11-28 18:48:45,921 - /home/mayi/data/zzy/DIR-GNN/train/upfd_GCN.py[line:270] - INFO: Epoch [ 46/100]Train_ACC:1.000 Test_ACC:0.839  Val_ACC:0.796  Train_Pre:1.000 Test_Pre:0.933  Val_Pre:0.915  Train_Recall:1.000 Test_Recall:0.778  Val_Recall:0.664  Train_F1:1.000 Test_F1:0.848  Val_F1:0.769  
2024-11-28 18:48:45,997 - /home/mayi/data/zzy/DIR-GNN/train/upfd_GCN.py[line:270] - INFO: Epoch [ 47/100]Train_ACC:1.000 Test_ACC:0.839  Val_ACC:0.792  Train_Pre:1.000 Test_Pre:0.933  Val_Pre:0.924  Train_Recall:1.000 Test_Recall:0.778  Val_Recall:0.646  Train_F1:1.000 Test_F1:0.848  Val_F1:0.760  
2024-11-28 18:48:46,074 - /home/mayi/data/zzy/DIR-GNN/train/upfd_GCN.py[line:270] - INFO: Epoch [ 48/100]Train_ACC:1.000 Test_ACC:0.871  Val_ACC:0.778  Train_Pre:1.000 Test_Pre:1.000  Val_Pre:0.921  Train_Recall:1.000 Test_Recall:0.778  Val_Recall:0.619  Train_F1:1.000 Test_F1:0.875  Val_F1:0.741  
2024-11-28 18:48:46,151 - /home/mayi/data/zzy/DIR-GNN/train/upfd_GCN.py[line:270] - INFO: Epoch [ 49/100]Train_ACC:1.000 Test_ACC:0.839  Val_ACC:0.774  Train_Pre:1.000 Test_Pre:1.000  Val_Pre:0.920  Train_Recall:1.000 Test_Recall:0.722  Val_Recall:0.611  Train_F1:1.000 Test_F1:0.839  Val_F1:0.734  
2024-11-28 18:48:46,228 - /home/mayi/data/zzy/DIR-GNN/train/upfd_GCN.py[line:270] - INFO: Epoch [ 50/100]Train_ACC:1.000 Test_ACC:0.871  Val_ACC:0.787  Train_Pre:1.000 Test_Pre:1.000  Val_Pre:0.923  Train_Recall:1.000 Test_Recall:0.778  Val_Recall:0.637  Train_F1:1.000 Test_F1:0.875  Val_F1:0.754  
2024-11-28 18:48:46,306 - /home/mayi/data/zzy/DIR-GNN/train/upfd_GCN.py[line:270] - INFO: Epoch [ 51/100]Train_ACC:1.000 Test_ACC:0.871  Val_ACC:0.796  Train_Pre:1.000 Test_Pre:1.000  Val_Pre:0.925  Train_Recall:1.000 Test_Recall:0.778  Val_Recall:0.655  Train_F1:1.000 Test_F1:0.875  Val_F1:0.767  
2024-11-28 18:48:46,385 - /home/mayi/data/zzy/DIR-GNN/train/upfd_GCN.py[line:270] - INFO: Epoch [ 52/100]Train_ACC:1.000 Test_ACC:0.871  Val_ACC:0.796  Train_Pre:1.000 Test_Pre:1.000  Val_Pre:0.925  Train_Recall:1.000 Test_Recall:0.778  Val_Recall:0.655  Train_F1:1.000 Test_F1:0.875  Val_F1:0.767  
2024-11-28 18:48:46,463 - /home/mayi/data/zzy/DIR-GNN/train/upfd_GCN.py[line:270] - INFO: Epoch [ 53/100]Train_ACC:1.000 Test_ACC:0.871  Val_ACC:0.787  Train_Pre:1.000 Test_Pre:1.000  Val_Pre:0.923  Train_Recall:1.000 Test_Recall:0.778  Val_Recall:0.637  Train_F1:1.000 Test_F1:0.875  Val_F1:0.754  
2024-11-28 18:48:46,541 - /home/mayi/data/zzy/DIR-GNN/train/upfd_GCN.py[line:270] - INFO: Epoch [ 54/100]Train_ACC:1.000 Test_ACC:0.871  Val_ACC:0.783  Train_Pre:1.000 Test_Pre:1.000  Val_Pre:0.922  Train_Recall:1.000 Test_Recall:0.778  Val_Recall:0.628  Train_F1:1.000 Test_F1:0.875  Val_F1:0.747  
2024-11-28 18:48:46,619 - /home/mayi/data/zzy/DIR-GNN/train/upfd_GCN.py[line:270] - INFO: Epoch [ 55/100]Train_ACC:1.000 Test_ACC:0.839  Val_ACC:0.792  Train_Pre:1.000 Test_Pre:0.933  Val_Pre:0.947  Train_Recall:1.000 Test_Recall:0.778  Val_Recall:0.628  Train_F1:1.000 Test_F1:0.848  Val_F1:0.755  
2024-11-28 18:48:46,698 - /home/mayi/data/zzy/DIR-GNN/train/upfd_GCN.py[line:270] - INFO: Epoch [ 56/100]Train_ACC:1.000 Test_ACC:0.839  Val_ACC:0.796  Train_Pre:1.000 Test_Pre:0.933  Val_Pre:0.925  Train_Recall:1.000 Test_Recall:0.778  Val_Recall:0.655  Train_F1:1.000 Test_F1:0.848  Val_F1:0.767  
2024-11-28 18:48:46,776 - /home/mayi/data/zzy/DIR-GNN/train/upfd_GCN.py[line:270] - INFO: Epoch [ 57/100]Train_ACC:1.000 Test_ACC:0.839  Val_ACC:0.805  Train_Pre:1.000 Test_Pre:0.933  Val_Pre:0.917  Train_Recall:1.000 Test_Recall:0.778  Val_Recall:0.681  Train_F1:1.000 Test_F1:0.848  Val_F1:0.782  
2024-11-28 18:48:46,855 - /home/mayi/data/zzy/DIR-GNN/train/upfd_GCN.py[line:270] - INFO: Epoch [ 58/100]Train_ACC:1.000 Test_ACC:0.839  Val_ACC:0.801  Train_Pre:1.000 Test_Pre:0.933  Val_Pre:0.906  Train_Recall:1.000 Test_Recall:0.778  Val_Recall:0.681  Train_F1:1.000 Test_F1:0.848  Val_F1:0.778  
2024-11-28 18:48:46,933 - /home/mayi/data/zzy/DIR-GNN/train/upfd_GCN.py[line:270] - INFO: Epoch [ 59/100]Train_ACC:1.000 Test_ACC:0.839  Val_ACC:0.801  Train_Pre:1.000 Test_Pre:0.933  Val_Pre:0.906  Train_Recall:1.000 Test_Recall:0.778  Val_Recall:0.681  Train_F1:1.000 Test_F1:0.848  Val_F1:0.778  
2024-11-28 18:48:47,010 - /home/mayi/data/zzy/DIR-GNN/train/upfd_GCN.py[line:270] - INFO: Epoch [ 60/100]Train_ACC:1.000 Test_ACC:0.839  Val_ACC:0.810  Train_Pre:1.000 Test_Pre:0.933  Val_Pre:0.938  Train_Recall:1.000 Test_Recall:0.778  Val_Recall:0.673  Train_F1:1.000 Test_F1:0.848  Val_F1:0.784  
2024-11-28 18:48:47,087 - /home/mayi/data/zzy/DIR-GNN/train/upfd_GCN.py[line:270] - INFO: Epoch [ 61/100]Train_ACC:1.000 Test_ACC:0.839  Val_ACC:0.801  Train_Pre:1.000 Test_Pre:0.933  Val_Pre:0.948  Train_Recall:1.000 Test_Recall:0.778  Val_Recall:0.646  Train_F1:1.000 Test_F1:0.848  Val_F1:0.768  
2024-11-28 18:48:47,164 - /home/mayi/data/zzy/DIR-GNN/train/upfd_GCN.py[line:270] - INFO: Epoch [ 62/100]Train_ACC:1.000 Test_ACC:0.839  Val_ACC:0.796  Train_Pre:1.000 Test_Pre:0.933  Val_Pre:0.936  Train_Recall:1.000 Test_Recall:0.778  Val_Recall:0.646  Train_F1:1.000 Test_F1:0.848  Val_F1:0.764  
2024-11-28 18:48:47,241 - /home/mayi/data/zzy/DIR-GNN/train/upfd_GCN.py[line:270] - INFO: Epoch [ 63/100]Train_ACC:1.000 Test_ACC:0.839  Val_ACC:0.796  Train_Pre:1.000 Test_Pre:0.933  Val_Pre:0.936  Train_Recall:1.000 Test_Recall:0.778  Val_Recall:0.646  Train_F1:1.000 Test_F1:0.848  Val_F1:0.764  
2024-11-28 18:48:47,318 - /home/mayi/data/zzy/DIR-GNN/train/upfd_GCN.py[line:270] - INFO: Epoch [ 64/100]Train_ACC:1.000 Test_ACC:0.839  Val_ACC:0.792  Train_Pre:1.000 Test_Pre:0.933  Val_Pre:0.924  Train_Recall:1.000 Test_Recall:0.778  Val_Recall:0.646  Train_F1:1.000 Test_F1:0.848  Val_F1:0.760  
2024-11-28 18:48:47,394 - /home/mayi/data/zzy/DIR-GNN/train/upfd_GCN.py[line:270] - INFO: Epoch [ 65/100]Train_ACC:1.000 Test_ACC:0.839  Val_ACC:0.796  Train_Pre:1.000 Test_Pre:0.933  Val_Pre:0.925  Train_Recall:1.000 Test_Recall:0.778  Val_Recall:0.655  Train_F1:1.000 Test_F1:0.848  Val_F1:0.767  
2024-11-28 18:48:47,471 - /home/mayi/data/zzy/DIR-GNN/train/upfd_GCN.py[line:270] - INFO: Epoch [ 66/100]Train_ACC:1.000 Test_ACC:0.839  Val_ACC:0.796  Train_Pre:1.000 Test_Pre:0.933  Val_Pre:0.925  Train_Recall:1.000 Test_Recall:0.778  Val_Recall:0.655  Train_F1:1.000 Test_F1:0.848  Val_F1:0.767  
2024-11-28 18:48:47,548 - /home/mayi/data/zzy/DIR-GNN/train/upfd_GCN.py[line:270] - INFO: Epoch [ 67/100]Train_ACC:1.000 Test_ACC:0.839  Val_ACC:0.796  Train_Pre:1.000 Test_Pre:0.933  Val_Pre:0.936  Train_Recall:1.000 Test_Recall:0.778  Val_Recall:0.646  Train_F1:1.000 Test_F1:0.848  Val_F1:0.764  
2024-11-28 18:48:47,625 - /home/mayi/data/zzy/DIR-GNN/train/upfd_GCN.py[line:270] - INFO: Epoch [ 68/100]Train_ACC:1.000 Test_ACC:0.839  Val_ACC:0.787  Train_Pre:1.000 Test_Pre:0.933  Val_Pre:0.934  Train_Recall:1.000 Test_Recall:0.778  Val_Recall:0.628  Train_F1:1.000 Test_F1:0.848  Val_F1:0.751  
2024-11-28 18:48:47,703 - /home/mayi/data/zzy/DIR-GNN/train/upfd_GCN.py[line:270] - INFO: Epoch [ 69/100]Train_ACC:1.000 Test_ACC:0.839  Val_ACC:0.787  Train_Pre:1.000 Test_Pre:0.933  Val_Pre:0.934  Train_Recall:1.000 Test_Recall:0.778  Val_Recall:0.628  Train_F1:1.000 Test_F1:0.848  Val_F1:0.751  
2024-11-28 18:48:47,780 - /home/mayi/data/zzy/DIR-GNN/train/upfd_GCN.py[line:270] - INFO: Epoch [ 70/100]Train_ACC:1.000 Test_ACC:0.839  Val_ACC:0.787  Train_Pre:1.000 Test_Pre:0.933  Val_Pre:0.934  Train_Recall:1.000 Test_Recall:0.778  Val_Recall:0.628  Train_F1:1.000 Test_F1:0.848  Val_F1:0.751  
2024-11-28 18:48:47,857 - /home/mayi/data/zzy/DIR-GNN/train/upfd_GCN.py[line:270] - INFO: Epoch [ 71/100]Train_ACC:1.000 Test_ACC:0.839  Val_ACC:0.783  Train_Pre:1.000 Test_Pre:0.933  Val_Pre:0.933  Train_Recall:1.000 Test_Recall:0.778  Val_Recall:0.619  Train_F1:1.000 Test_F1:0.848  Val_F1:0.745  
2024-11-28 18:48:47,934 - /home/mayi/data/zzy/DIR-GNN/train/upfd_GCN.py[line:270] - INFO: Epoch [ 72/100]Train_ACC:1.000 Test_ACC:0.839  Val_ACC:0.783  Train_Pre:1.000 Test_Pre:0.933  Val_Pre:0.933  Train_Recall:1.000 Test_Recall:0.778  Val_Recall:0.619  Train_F1:1.000 Test_F1:0.848  Val_F1:0.745  
2024-11-28 18:48:48,011 - /home/mayi/data/zzy/DIR-GNN/train/upfd_GCN.py[line:270] - INFO: Epoch [ 73/100]Train_ACC:1.000 Test_ACC:0.839  Val_ACC:0.787  Train_Pre:1.000 Test_Pre:0.933  Val_Pre:0.946  Train_Recall:1.000 Test_Recall:0.778  Val_Recall:0.619  Train_F1:1.000 Test_F1:0.848  Val_F1:0.749  
2024-11-28 18:48:48,088 - /home/mayi/data/zzy/DIR-GNN/train/upfd_GCN.py[line:270] - INFO: Epoch [ 74/100]Train_ACC:1.000 Test_ACC:0.839  Val_ACC:0.787  Train_Pre:1.000 Test_Pre:0.933  Val_Pre:0.946  Train_Recall:1.000 Test_Recall:0.778  Val_Recall:0.619  Train_F1:1.000 Test_F1:0.848  Val_F1:0.749  
2024-11-28 18:48:48,165 - /home/mayi/data/zzy/DIR-GNN/train/upfd_GCN.py[line:270] - INFO: Epoch [ 75/100]Train_ACC:1.000 Test_ACC:0.839  Val_ACC:0.787  Train_Pre:1.000 Test_Pre:0.933  Val_Pre:0.946  Train_Recall:1.000 Test_Recall:0.778  Val_Recall:0.619  Train_F1:1.000 Test_F1:0.848  Val_F1:0.749  
2024-11-28 18:48:48,243 - /home/mayi/data/zzy/DIR-GNN/train/upfd_GCN.py[line:270] - INFO: Epoch [ 76/100]Train_ACC:1.000 Test_ACC:0.839  Val_ACC:0.787  Train_Pre:1.000 Test_Pre:0.933  Val_Pre:0.946  Train_Recall:1.000 Test_Recall:0.778  Val_Recall:0.619  Train_F1:1.000 Test_F1:0.848  Val_F1:0.749  
2024-11-28 18:48:48,320 - /home/mayi/data/zzy/DIR-GNN/train/upfd_GCN.py[line:270] - INFO: Epoch [ 77/100]Train_ACC:1.000 Test_ACC:0.839  Val_ACC:0.787  Train_Pre:1.000 Test_Pre:0.933  Val_Pre:0.946  Train_Recall:1.000 Test_Recall:0.778  Val_Recall:0.619  Train_F1:1.000 Test_F1:0.848  Val_F1:0.749  
2024-11-28 18:48:48,397 - /home/mayi/data/zzy/DIR-GNN/train/upfd_GCN.py[line:270] - INFO: Epoch [ 78/100]Train_ACC:1.000 Test_ACC:0.839  Val_ACC:0.787  Train_Pre:1.000 Test_Pre:0.933  Val_Pre:0.946  Train_Recall:1.000 Test_Recall:0.778  Val_Recall:0.619  Train_F1:1.000 Test_F1:0.848  Val_F1:0.749  
2024-11-28 18:48:48,474 - /home/mayi/data/zzy/DIR-GNN/train/upfd_GCN.py[line:270] - INFO: Epoch [ 79/100]Train_ACC:1.000 Test_ACC:0.839  Val_ACC:0.787  Train_Pre:1.000 Test_Pre:0.933  Val_Pre:0.946  Train_Recall:1.000 Test_Recall:0.778  Val_Recall:0.619  Train_F1:1.000 Test_F1:0.848  Val_F1:0.749  
2024-11-28 18:48:48,551 - /home/mayi/data/zzy/DIR-GNN/train/upfd_GCN.py[line:270] - INFO: Epoch [ 80/100]Train_ACC:1.000 Test_ACC:0.806  Val_ACC:0.787  Train_Pre:1.000 Test_Pre:0.929  Val_Pre:0.946  Train_Recall:1.000 Test_Recall:0.722  Val_Recall:0.619  Train_F1:1.000 Test_F1:0.812  Val_F1:0.749  
2024-11-28 18:48:48,628 - /home/mayi/data/zzy/DIR-GNN/train/upfd_GCN.py[line:270] - INFO: Epoch [ 81/100]Train_ACC:1.000 Test_ACC:0.806  Val_ACC:0.787  Train_Pre:1.000 Test_Pre:0.929  Val_Pre:0.946  Train_Recall:1.000 Test_Recall:0.722  Val_Recall:0.619  Train_F1:1.000 Test_F1:0.812  Val_F1:0.749  
2024-11-28 18:48:48,705 - /home/mayi/data/zzy/DIR-GNN/train/upfd_GCN.py[line:270] - INFO: Epoch [ 82/100]Train_ACC:1.000 Test_ACC:0.806  Val_ACC:0.783  Train_Pre:1.000 Test_Pre:0.929  Val_Pre:0.933  Train_Recall:1.000 Test_Recall:0.722  Val_Recall:0.619  Train_F1:1.000 Test_F1:0.812  Val_F1:0.745  
2024-11-28 18:48:48,782 - /home/mayi/data/zzy/DIR-GNN/train/upfd_GCN.py[line:270] - INFO: Epoch [ 83/100]Train_ACC:1.000 Test_ACC:0.806  Val_ACC:0.778  Train_Pre:1.000 Test_Pre:0.929  Val_Pre:0.932  Train_Recall:1.000 Test_Recall:0.722  Val_Recall:0.611  Train_F1:1.000 Test_F1:0.812  Val_F1:0.738  
2024-11-28 18:48:48,860 - /home/mayi/data/zzy/DIR-GNN/train/upfd_GCN.py[line:270] - INFO: Epoch [ 84/100]Train_ACC:1.000 Test_ACC:0.774  Val_ACC:0.783  Train_Pre:1.000 Test_Pre:0.923  Val_Pre:0.933  Train_Recall:1.000 Test_Recall:0.667  Val_Recall:0.619  Train_F1:1.000 Test_F1:0.774  Val_F1:0.745  
2024-11-28 18:48:48,937 - /home/mayi/data/zzy/DIR-GNN/train/upfd_GCN.py[line:270] - INFO: Epoch [ 85/100]Train_ACC:1.000 Test_ACC:0.774  Val_ACC:0.783  Train_Pre:1.000 Test_Pre:0.923  Val_Pre:0.933  Train_Recall:1.000 Test_Recall:0.667  Val_Recall:0.619  Train_F1:1.000 Test_F1:0.774  Val_F1:0.745  
2024-11-28 18:48:49,013 - /home/mayi/data/zzy/DIR-GNN/train/upfd_GCN.py[line:270] - INFO: Epoch [ 86/100]Train_ACC:1.000 Test_ACC:0.806  Val_ACC:0.787  Train_Pre:1.000 Test_Pre:0.929  Val_Pre:0.934  Train_Recall:1.000 Test_Recall:0.722  Val_Recall:0.628  Train_F1:1.000 Test_F1:0.812  Val_F1:0.751  
2024-11-28 18:48:49,090 - /home/mayi/data/zzy/DIR-GNN/train/upfd_GCN.py[line:270] - INFO: Epoch [ 87/100]Train_ACC:1.000 Test_ACC:0.806  Val_ACC:0.796  Train_Pre:1.000 Test_Pre:0.929  Val_Pre:0.936  Train_Recall:1.000 Test_Recall:0.722  Val_Recall:0.646  Train_F1:1.000 Test_F1:0.812  Val_F1:0.764  
2024-11-28 18:48:49,167 - /home/mayi/data/zzy/DIR-GNN/train/upfd_GCN.py[line:270] - INFO: Epoch [ 88/100]Train_ACC:1.000 Test_ACC:0.806  Val_ACC:0.805  Train_Pre:1.000 Test_Pre:0.929  Val_Pre:0.938  Train_Recall:1.000 Test_Recall:0.722  Val_Recall:0.664  Train_F1:1.000 Test_F1:0.812  Val_F1:0.777  
2024-11-28 18:48:49,244 - /home/mayi/data/zzy/DIR-GNN/train/upfd_GCN.py[line:270] - INFO: Epoch [ 89/100]Train_ACC:1.000 Test_ACC:0.806  Val_ACC:0.805  Train_Pre:1.000 Test_Pre:0.929  Val_Pre:0.938  Train_Recall:1.000 Test_Recall:0.722  Val_Recall:0.664  Train_F1:1.000 Test_F1:0.812  Val_F1:0.777  
2024-11-28 18:48:49,321 - /home/mayi/data/zzy/DIR-GNN/train/upfd_GCN.py[line:270] - INFO: Epoch [ 90/100]Train_ACC:1.000 Test_ACC:0.806  Val_ACC:0.805  Train_Pre:1.000 Test_Pre:0.929  Val_Pre:0.938  Train_Recall:1.000 Test_Recall:0.722  Val_Recall:0.664  Train_F1:1.000 Test_F1:0.812  Val_F1:0.777  
2024-11-28 18:48:49,398 - /home/mayi/data/zzy/DIR-GNN/train/upfd_GCN.py[line:270] - INFO: Epoch [ 91/100]Train_ACC:1.000 Test_ACC:0.806  Val_ACC:0.810  Train_Pre:1.000 Test_Pre:0.929  Val_Pre:0.938  Train_Recall:1.000 Test_Recall:0.722  Val_Recall:0.673  Train_F1:1.000 Test_F1:0.812  Val_F1:0.784  
2024-11-28 18:48:49,476 - /home/mayi/data/zzy/DIR-GNN/train/upfd_GCN.py[line:270] - INFO: Epoch [ 92/100]Train_ACC:1.000 Test_ACC:0.806  Val_ACC:0.810  Train_Pre:1.000 Test_Pre:0.929  Val_Pre:0.938  Train_Recall:1.000 Test_Recall:0.722  Val_Recall:0.673  Train_F1:1.000 Test_F1:0.812  Val_F1:0.784  
2024-11-28 18:48:49,552 - /home/mayi/data/zzy/DIR-GNN/train/upfd_GCN.py[line:270] - INFO: Epoch [ 93/100]Train_ACC:1.000 Test_ACC:0.806  Val_ACC:0.810  Train_Pre:1.000 Test_Pre:0.929  Val_Pre:0.928  Train_Recall:1.000 Test_Recall:0.722  Val_Recall:0.681  Train_F1:1.000 Test_F1:0.812  Val_F1:0.786  
2024-11-28 18:48:49,629 - /home/mayi/data/zzy/DIR-GNN/train/upfd_GCN.py[line:270] - INFO: Epoch [ 94/100]Train_ACC:1.000 Test_ACC:0.806  Val_ACC:0.805  Train_Pre:1.000 Test_Pre:0.929  Val_Pre:0.917  Train_Recall:1.000 Test_Recall:0.722  Val_Recall:0.681  Train_F1:1.000 Test_F1:0.812  Val_F1:0.782  
2024-11-28 18:48:49,706 - /home/mayi/data/zzy/DIR-GNN/train/upfd_GCN.py[line:270] - INFO: Epoch [ 95/100]Train_ACC:1.000 Test_ACC:0.806  Val_ACC:0.805  Train_Pre:1.000 Test_Pre:0.929  Val_Pre:0.917  Train_Recall:1.000 Test_Recall:0.722  Val_Recall:0.681  Train_F1:1.000 Test_F1:0.812  Val_F1:0.782  
2024-11-28 18:48:49,783 - /home/mayi/data/zzy/DIR-GNN/train/upfd_GCN.py[line:270] - INFO: Epoch [ 96/100]Train_ACC:1.000 Test_ACC:0.806  Val_ACC:0.810  Train_Pre:1.000 Test_Pre:0.929  Val_Pre:0.918  Train_Recall:1.000 Test_Recall:0.722  Val_Recall:0.690  Train_F1:1.000 Test_F1:0.812  Val_F1:0.788  
2024-11-28 18:48:49,860 - /home/mayi/data/zzy/DIR-GNN/train/upfd_GCN.py[line:270] - INFO: Epoch [ 97/100]Train_ACC:1.000 Test_ACC:0.806  Val_ACC:0.810  Train_Pre:1.000 Test_Pre:0.929  Val_Pre:0.918  Train_Recall:1.000 Test_Recall:0.722  Val_Recall:0.690  Train_F1:1.000 Test_F1:0.812  Val_F1:0.788  
2024-11-28 18:48:49,937 - /home/mayi/data/zzy/DIR-GNN/train/upfd_GCN.py[line:270] - INFO: Epoch [ 98/100]Train_ACC:1.000 Test_ACC:0.806  Val_ACC:0.814  Train_Pre:1.000 Test_Pre:0.929  Val_Pre:0.919  Train_Recall:1.000 Test_Recall:0.722  Val_Recall:0.699  Train_F1:1.000 Test_F1:0.812  Val_F1:0.794  
2024-11-28 18:48:50,014 - /home/mayi/data/zzy/DIR-GNN/train/upfd_GCN.py[line:270] - INFO: Epoch [ 99/100]Train_ACC:1.000 Test_ACC:0.839  Val_ACC:0.814  Train_Pre:1.000 Test_Pre:0.933  Val_Pre:0.919  Train_Recall:1.000 Test_Recall:0.778  Val_Recall:0.699  Train_F1:1.000 Test_F1:0.848  Val_F1:0.794  
2024-11-28 18:48:50,014 - /home/mayi/data/zzy/DIR-GNN/train/upfd_GCN.py[line:317] - INFO: ====================================================================================================
2024-11-28 18:48:50,014 - /home/mayi/data/zzy/DIR-GNN/train/upfd_GCN.py[line:172] - INFO: Seed:  2
2024-11-28 18:48:50,016 - /home/mayi/data/zzy/DIR-GNN/train/upfd_GCN.py[line:239] - INFO: # Train: 62  #Test: 221.0 #Val: 31
/home/mayi/anaconda3/envs/zzy_DIR/lib/python3.9/site-packages/sklearn/metrics/_classification.py:1517: UndefinedMetricWarning: Precision is ill-defined and being set to 0.0 due to no predicted samples. Use `zero_division` parameter to control this behavior.
  _warn_prf(average, modifier, f"{metric.capitalize()} is", len(result))
/home/mayi/anaconda3/envs/zzy_DIR/lib/python3.9/site-packages/sklearn/metrics/_classification.py:1517: UndefinedMetricWarning: Precision is ill-defined and being set to 0.0 due to no predicted samples. Use `zero_division` parameter to control this behavior.
  _warn_prf(average, modifier, f"{metric.capitalize()} is", len(result))
/home/mayi/anaconda3/envs/zzy_DIR/lib/python3.9/site-packages/sklearn/metrics/_classification.py:1517: UndefinedMetricWarning: Precision is ill-defined and being set to 0.0 due to no predicted samples. Use `zero_division` parameter to control this behavior.
  _warn_prf(average, modifier, f"{metric.capitalize()} is", len(result))
2024-11-28 18:48:50,094 - /home/mayi/data/zzy/DIR-GNN/train/upfd_GCN.py[line:270] - INFO: Epoch [  0/100]Train_ACC:0.581 Test_ACC:0.419  Val_ACC:0.489  Train_Pre:0.000 Test_Pre:0.000  Val_Pre:0.000  Train_Recall:0.000 Test_Recall:0.000  Val_Recall:0.000  Train_F1:0.000 Test_F1:0.000  Val_F1:0.000  
2024-11-28 18:48:50,171 - /home/mayi/data/zzy/DIR-GNN/train/upfd_GCN.py[line:270] - INFO: Epoch [  1/100]Train_ACC:0.532 Test_ACC:0.581  Val_ACC:0.593  Train_Pre:0.448 Test_Pre:0.632  Val_Pre:0.584  Train_Recall:0.500 Test_Recall:0.667  Val_Recall:0.708  Train_F1:0.473 Test_F1:0.649  Val_F1:0.640  
2024-11-28 18:48:50,247 - /home/mayi/data/zzy/DIR-GNN/train/upfd_GCN.py[line:270] - INFO: Epoch [  2/100]Train_ACC:0.597 Test_ACC:0.581  Val_ACC:0.584  Train_Pre:0.529 Test_Pre:0.778  Val_Pre:0.618  Train_Recall:0.346 Test_Recall:0.389  Val_Recall:0.487  Train_F1:0.419 Test_F1:0.519  Val_F1:0.545  
/home/mayi/anaconda3/envs/zzy_DIR/lib/python3.9/site-packages/sklearn/metrics/_classification.py:1517: UndefinedMetricWarning: Precision is ill-defined and being set to 0.0 due to no predicted samples. Use `zero_division` parameter to control this behavior.
  _warn_prf(average, modifier, f"{metric.capitalize()} is", len(result))
/home/mayi/anaconda3/envs/zzy_DIR/lib/python3.9/site-packages/sklearn/metrics/_classification.py:1517: UndefinedMetricWarning: Precision is ill-defined and being set to 0.0 due to no predicted samples. Use `zero_division` parameter to control this behavior.
  _warn_prf(average, modifier, f"{metric.capitalize()} is", len(result))
2024-11-28 18:48:50,325 - /home/mayi/data/zzy/DIR-GNN/train/upfd_GCN.py[line:270] - INFO: Epoch [  3/100]Train_ACC:0.581 Test_ACC:0.419  Val_ACC:0.484  Train_Pre:0.000 Test_Pre:0.000  Val_Pre:0.000  Train_Recall:0.000 Test_Recall:0.000  Val_Recall:0.000  Train_F1:0.000 Test_F1:0.000  Val_F1:0.000  
/home/mayi/anaconda3/envs/zzy_DIR/lib/python3.9/site-packages/sklearn/metrics/_classification.py:1517: UndefinedMetricWarning: Precision is ill-defined and being set to 0.0 due to no predicted samples. Use `zero_division` parameter to control this behavior.
  _warn_prf(average, modifier, f"{metric.capitalize()} is", len(result))
2024-11-28 18:48:50,402 - /home/mayi/data/zzy/DIR-GNN/train/upfd_GCN.py[line:270] - INFO: Epoch [  4/100]Train_ACC:0.597 Test_ACC:0.419  Val_ACC:0.484  Train_Pre:1.000 Test_Pre:0.000  Val_Pre:0.000  Train_Recall:0.038 Test_Recall:0.000  Val_Recall:0.000  Train_F1:0.074 Test_F1:0.000  Val_F1:0.000  
/home/mayi/anaconda3/envs/zzy_DIR/lib/python3.9/site-packages/sklearn/metrics/_classification.py:1517: UndefinedMetricWarning: Precision is ill-defined and being set to 0.0 due to no predicted samples. Use `zero_division` parameter to control this behavior.
  _warn_prf(average, modifier, f"{metric.capitalize()} is", len(result))
/home/mayi/anaconda3/envs/zzy_DIR/lib/python3.9/site-packages/sklearn/metrics/_classification.py:1517: UndefinedMetricWarning: Precision is ill-defined and being set to 0.0 due to no predicted samples. Use `zero_division` parameter to control this behavior.
  _warn_prf(average, modifier, f"{metric.capitalize()} is", len(result))
2024-11-28 18:48:50,479 - /home/mayi/data/zzy/DIR-GNN/train/upfd_GCN.py[line:270] - INFO: Epoch [  5/100]Train_ACC:0.581 Test_ACC:0.419  Val_ACC:0.489  Train_Pre:0.000 Test_Pre:0.000  Val_Pre:0.500  Train_Recall:0.000 Test_Recall:0.000  Val_Recall:0.009  Train_F1:0.000 Test_F1:0.000  Val_F1:0.017  
/home/mayi/anaconda3/envs/zzy_DIR/lib/python3.9/site-packages/sklearn/metrics/_classification.py:1517: UndefinedMetricWarning: Precision is ill-defined and being set to 0.0 due to no predicted samples. Use `zero_division` parameter to control this behavior.
  _warn_prf(average, modifier, f"{metric.capitalize()} is", len(result))
/home/mayi/anaconda3/envs/zzy_DIR/lib/python3.9/site-packages/sklearn/metrics/_classification.py:1517: UndefinedMetricWarning: Precision is ill-defined and being set to 0.0 due to no predicted samples. Use `zero_division` parameter to control this behavior.
  _warn_prf(average, modifier, f"{metric.capitalize()} is", len(result))
/home/mayi/anaconda3/envs/zzy_DIR/lib/python3.9/site-packages/sklearn/metrics/_classification.py:1517: UndefinedMetricWarning: Precision is ill-defined and being set to 0.0 due to no predicted samples. Use `zero_division` parameter to control this behavior.
  _warn_prf(average, modifier, f"{metric.capitalize()} is", len(result))
2024-11-28 18:48:50,556 - /home/mayi/data/zzy/DIR-GNN/train/upfd_GCN.py[line:270] - INFO: Epoch [  6/100]Train_ACC:0.581 Test_ACC:0.419  Val_ACC:0.489  Train_Pre:0.000 Test_Pre:0.000  Val_Pre:0.000  Train_Recall:0.000 Test_Recall:0.000  Val_Recall:0.000  Train_F1:0.000 Test_F1:0.000  Val_F1:0.000  
/home/mayi/anaconda3/envs/zzy_DIR/lib/python3.9/site-packages/sklearn/metrics/_classification.py:1517: UndefinedMetricWarning: Precision is ill-defined and being set to 0.0 due to no predicted samples. Use `zero_division` parameter to control this behavior.
  _warn_prf(average, modifier, f"{metric.capitalize()} is", len(result))
2024-11-28 18:48:50,633 - /home/mayi/data/zzy/DIR-GNN/train/upfd_GCN.py[line:270] - INFO: Epoch [  7/100]Train_ACC:0.597 Test_ACC:0.419  Val_ACC:0.493  Train_Pre:1.000 Test_Pre:0.000  Val_Pre:1.000  Train_Recall:0.038 Test_Recall:0.000  Val_Recall:0.009  Train_F1:0.074 Test_F1:0.000  Val_F1:0.018  
2024-11-28 18:48:50,710 - /home/mayi/data/zzy/DIR-GNN/train/upfd_GCN.py[line:270] - INFO: Epoch [  8/100]Train_ACC:0.629 Test_ACC:0.484  Val_ACC:0.575  Train_Pre:1.000 Test_Pre:0.750  Val_Pre:0.828  Train_Recall:0.115 Test_Recall:0.167  Val_Recall:0.212  Train_F1:0.207 Test_F1:0.273  Val_F1:0.338  
/home/mayi/anaconda3/envs/zzy_DIR/lib/python3.9/site-packages/sklearn/metrics/_classification.py:1517: UndefinedMetricWarning: Precision is ill-defined and being set to 0.0 due to no predicted samples. Use `zero_division` parameter to control this behavior.
  _warn_prf(average, modifier, f"{metric.capitalize()} is", len(result))
2024-11-28 18:48:50,787 - /home/mayi/data/zzy/DIR-GNN/train/upfd_GCN.py[line:270] - INFO: Epoch [  9/100]Train_ACC:0.597 Test_ACC:0.419  Val_ACC:0.493  Train_Pre:1.000 Test_Pre:0.000  Val_Pre:1.000  Train_Recall:0.038 Test_Recall:0.000  Val_Recall:0.009  Train_F1:0.074 Test_F1:0.000  Val_F1:0.018  
/home/mayi/anaconda3/envs/zzy_DIR/lib/python3.9/site-packages/sklearn/metrics/_classification.py:1517: UndefinedMetricWarning: Precision is ill-defined and being set to 0.0 due to no predicted samples. Use `zero_division` parameter to control this behavior.
  _warn_prf(average, modifier, f"{metric.capitalize()} is", len(result))
2024-11-28 18:48:50,865 - /home/mayi/data/zzy/DIR-GNN/train/upfd_GCN.py[line:270] - INFO: Epoch [ 10/100]Train_ACC:0.597 Test_ACC:0.419  Val_ACC:0.493  Train_Pre:1.000 Test_Pre:0.000  Val_Pre:1.000  Train_Recall:0.038 Test_Recall:0.000  Val_Recall:0.009  Train_F1:0.074 Test_F1:0.000  Val_F1:0.018  
2024-11-28 18:48:50,943 - /home/mayi/data/zzy/DIR-GNN/train/upfd_GCN.py[line:270] - INFO: Epoch [ 11/100]Train_ACC:0.629 Test_ACC:0.484  Val_ACC:0.575  Train_Pre:1.000 Test_Pre:1.000  Val_Pre:1.000  Train_Recall:0.115 Test_Recall:0.111  Val_Recall:0.168  Train_F1:0.207 Test_F1:0.200  Val_F1:0.288  
2024-11-28 18:48:51,020 - /home/mayi/data/zzy/DIR-GNN/train/upfd_GCN.py[line:270] - INFO: Epoch [ 12/100]Train_ACC:0.661 Test_ACC:0.484  Val_ACC:0.643  Train_Pre:0.857 Test_Pre:0.667  Val_Pre:0.827  Train_Recall:0.231 Test_Recall:0.222  Val_Recall:0.381  Train_F1:0.364 Test_F1:0.333  Val_F1:0.521  
2024-11-28 18:48:51,097 - /home/mayi/data/zzy/DIR-GNN/train/upfd_GCN.py[line:270] - INFO: Epoch [ 13/100]Train_ACC:0.629 Test_ACC:0.484  Val_ACC:0.575  Train_Pre:1.000 Test_Pre:1.000  Val_Pre:0.952  Train_Recall:0.115 Test_Recall:0.111  Val_Recall:0.177  Train_F1:0.207 Test_F1:0.200  Val_F1:0.299  
2024-11-28 18:48:51,175 - /home/mayi/data/zzy/DIR-GNN/train/upfd_GCN.py[line:270] - INFO: Epoch [ 14/100]Train_ACC:0.613 Test_ACC:0.452  Val_ACC:0.548  Train_Pre:1.000 Test_Pre:1.000  Val_Pre:0.933  Train_Recall:0.077 Test_Recall:0.056  Val_Recall:0.124  Train_F1:0.143 Test_F1:0.105  Val_F1:0.219  
2024-11-28 18:48:51,252 - /home/mayi/data/zzy/DIR-GNN/train/upfd_GCN.py[line:270] - INFO: Epoch [ 15/100]Train_ACC:0.694 Test_ACC:0.484  Val_ACC:0.656  Train_Pre:1.000 Test_Pre:0.667  Val_Pre:0.911  Train_Recall:0.269 Test_Recall:0.222  Val_Recall:0.363  Train_F1:0.424 Test_F1:0.333  Val_F1:0.519  
2024-11-28 18:48:51,328 - /home/mayi/data/zzy/DIR-GNN/train/upfd_GCN.py[line:270] - INFO: Epoch [ 16/100]Train_ACC:0.710 Test_ACC:0.452  Val_ACC:0.670  Train_Pre:1.000 Test_Pre:0.600  Val_Pre:0.935  Train_Recall:0.308 Test_Recall:0.167  Val_Recall:0.381  Train_F1:0.471 Test_F1:0.261  Val_F1:0.541  
2024-11-28 18:48:51,405 - /home/mayi/data/zzy/DIR-GNN/train/upfd_GCN.py[line:270] - INFO: Epoch [ 17/100]Train_ACC:0.726 Test_ACC:0.484  Val_ACC:0.647  Train_Pre:1.000 Test_Pre:1.000  Val_Pre:0.973  Train_Recall:0.346 Test_Recall:0.111  Val_Recall:0.319  Train_F1:0.514 Test_F1:0.200  Val_F1:0.480  
2024-11-28 18:48:51,482 - /home/mayi/data/zzy/DIR-GNN/train/upfd_GCN.py[line:270] - INFO: Epoch [ 18/100]Train_ACC:0.774 Test_ACC:0.548  Val_ACC:0.697  Train_Pre:1.000 Test_Pre:0.750  Val_Pre:0.897  Train_Recall:0.462 Test_Recall:0.333  Val_Recall:0.460  Train_F1:0.632 Test_F1:0.462  Val_F1:0.608  
2024-11-28 18:48:51,559 - /home/mayi/data/zzy/DIR-GNN/train/upfd_GCN.py[line:270] - INFO: Epoch [ 19/100]Train_ACC:0.790 Test_ACC:0.484  Val_ACC:0.674  Train_Pre:1.000 Test_Pre:1.000  Val_Pre:0.936  Train_Recall:0.500 Test_Recall:0.111  Val_Recall:0.389  Train_F1:0.667 Test_F1:0.200  Val_F1:0.550  
2024-11-28 18:48:51,636 - /home/mayi/data/zzy/DIR-GNN/train/upfd_GCN.py[line:270] - INFO: Epoch [ 20/100]Train_ACC:0.871 Test_ACC:0.806  Val_ACC:0.751  Train_Pre:1.000 Test_Pre:0.929  Val_Pre:0.882  Train_Recall:0.692 Test_Recall:0.722  Val_Recall:0.593  Train_F1:0.818 Test_F1:0.812  Val_F1:0.709  
2024-11-28 18:48:51,712 - /home/mayi/data/zzy/DIR-GNN/train/upfd_GCN.py[line:270] - INFO: Epoch [ 21/100]Train_ACC:0.806 Test_ACC:0.581  Val_ACC:0.692  Train_Pre:1.000 Test_Pre:1.000  Val_Pre:0.925  Train_Recall:0.538 Test_Recall:0.278  Val_Recall:0.434  Train_F1:0.700 Test_F1:0.435  Val_F1:0.590  
2024-11-28 18:48:51,789 - /home/mayi/data/zzy/DIR-GNN/train/upfd_GCN.py[line:270] - INFO: Epoch [ 22/100]Train_ACC:0.919 Test_ACC:0.742  Val_ACC:0.756  Train_Pre:1.000 Test_Pre:0.812  Val_Pre:0.893  Train_Recall:0.808 Test_Recall:0.722  Val_Recall:0.593  Train_F1:0.894 Test_F1:0.765  Val_F1:0.713  
2024-11-28 18:48:51,866 - /home/mayi/data/zzy/DIR-GNN/train/upfd_GCN.py[line:270] - INFO: Epoch [ 23/100]Train_ACC:0.935 Test_ACC:0.839  Val_ACC:0.760  Train_Pre:1.000 Test_Pre:0.882  Val_Pre:0.885  Train_Recall:0.846 Test_Recall:0.833  Val_Recall:0.611  Train_F1:0.917 Test_F1:0.857  Val_F1:0.723  
2024-11-28 18:48:51,943 - /home/mayi/data/zzy/DIR-GNN/train/upfd_GCN.py[line:270] - INFO: Epoch [ 24/100]Train_ACC:0.887 Test_ACC:0.710  Val_ACC:0.733  Train_Pre:1.000 Test_Pre:0.909  Val_Pre:0.922  Train_Recall:0.731 Test_Recall:0.556  Val_Recall:0.522  Train_F1:0.844 Test_F1:0.690  Val_F1:0.667  
2024-11-28 18:48:52,020 - /home/mayi/data/zzy/DIR-GNN/train/upfd_GCN.py[line:270] - INFO: Epoch [ 25/100]Train_ACC:0.855 Test_ACC:0.774  Val_ACC:0.801  Train_Pre:0.774 Test_Pre:0.739  Val_Pre:0.811  Train_Recall:0.923 Test_Recall:0.944  Val_Recall:0.796  Train_F1:0.842 Test_F1:0.829  Val_F1:0.804  
2024-11-28 18:48:52,097 - /home/mayi/data/zzy/DIR-GNN/train/upfd_GCN.py[line:270] - INFO: Epoch [ 26/100]Train_ACC:0.806 Test_ACC:0.484  Val_ACC:0.629  Train_Pre:1.000 Test_Pre:1.000  Val_Pre:0.970  Train_Recall:0.538 Test_Recall:0.111  Val_Recall:0.283  Train_F1:0.700 Test_F1:0.200  Val_F1:0.438  
2024-11-28 18:48:52,175 - /home/mayi/data/zzy/DIR-GNN/train/upfd_GCN.py[line:270] - INFO: Epoch [ 27/100]Train_ACC:0.903 Test_ACC:0.677  Val_ACC:0.751  Train_Pre:0.885 Test_Pre:0.900  Val_Pre:0.926  Train_Recall:0.885 Test_Recall:0.500  Val_Recall:0.558  Train_F1:0.885 Test_F1:0.643  Val_F1:0.696  
2024-11-28 18:48:52,252 - /home/mayi/data/zzy/DIR-GNN/train/upfd_GCN.py[line:270] - INFO: Epoch [ 28/100]Train_ACC:0.839 Test_ACC:0.710  Val_ACC:0.774  Train_Pre:0.722 Test_Pre:0.714  Val_Pre:0.752  Train_Recall:1.000 Test_Recall:0.833  Val_Recall:0.832  Train_F1:0.839 Test_F1:0.769  Val_F1:0.790  
2024-11-28 18:48:52,329 - /home/mayi/data/zzy/DIR-GNN/train/upfd_GCN.py[line:270] - INFO: Epoch [ 29/100]Train_ACC:0.823 Test_ACC:0.742  Val_ACC:0.729  Train_Pre:0.703 Test_Pre:0.727  Val_Pre:0.669  Train_Recall:1.000 Test_Recall:0.889  Val_Recall:0.929  Train_F1:0.825 Test_F1:0.800  Val_F1:0.778  
2024-11-28 18:48:52,406 - /home/mayi/data/zzy/DIR-GNN/train/upfd_GCN.py[line:270] - INFO: Epoch [ 30/100]Train_ACC:0.855 Test_ACC:0.742  Val_ACC:0.774  Train_Pre:0.743 Test_Pre:0.727  Val_Pre:0.717  Train_Recall:1.000 Test_Recall:0.889  Val_Recall:0.920  Train_F1:0.852 Test_F1:0.800  Val_F1:0.806  
2024-11-28 18:48:52,483 - /home/mayi/data/zzy/DIR-GNN/train/upfd_GCN.py[line:270] - INFO: Epoch [ 31/100]Train_ACC:0.952 Test_ACC:0.774  Val_ACC:0.810  Train_Pre:0.897 Test_Pre:0.789  Val_Pre:0.845  Train_Recall:1.000 Test_Recall:0.833  Val_Recall:0.770  Train_F1:0.945 Test_F1:0.811  Val_F1:0.806  
2024-11-28 18:48:52,560 - /home/mayi/data/zzy/DIR-GNN/train/upfd_GCN.py[line:270] - INFO: Epoch [ 32/100]Train_ACC:0.903 Test_ACC:0.710  Val_ACC:0.751  Train_Pre:1.000 Test_Pre:0.909  Val_Pre:0.926  Train_Recall:0.769 Test_Recall:0.556  Val_Recall:0.558  Train_F1:0.870 Test_F1:0.690  Val_F1:0.696  
2024-11-28 18:48:52,637 - /home/mayi/data/zzy/DIR-GNN/train/upfd_GCN.py[line:270] - INFO: Epoch [ 33/100]Train_ACC:0.871 Test_ACC:0.677  Val_ACC:0.729  Train_Pre:1.000 Test_Pre:0.900  Val_Pre:0.949  Train_Recall:0.692 Test_Recall:0.500  Val_Recall:0.496  Train_F1:0.818 Test_F1:0.643  Val_F1:0.651  
2024-11-28 18:48:52,714 - /home/mayi/data/zzy/DIR-GNN/train/upfd_GCN.py[line:270] - INFO: Epoch [ 34/100]Train_ACC:0.903 Test_ACC:0.806  Val_ACC:0.756  Train_Pre:1.000 Test_Pre:0.929  Val_Pre:0.893  Train_Recall:0.769 Test_Recall:0.722  Val_Recall:0.593  Train_F1:0.870 Test_F1:0.812  Val_F1:0.713  
2024-11-28 18:48:52,791 - /home/mayi/data/zzy/DIR-GNN/train/upfd_GCN.py[line:270] - INFO: Epoch [ 35/100]Train_ACC:0.919 Test_ACC:0.806  Val_ACC:0.792  Train_Pre:0.889 Test_Pre:0.773  Val_Pre:0.791  Train_Recall:0.923 Test_Recall:0.944  Val_Recall:0.805  Train_F1:0.906 Test_F1:0.850  Val_F1:0.798  
2024-11-28 18:48:52,868 - /home/mayi/data/zzy/DIR-GNN/train/upfd_GCN.py[line:270] - INFO: Epoch [ 36/100]Train_ACC:0.968 Test_ACC:0.774  Val_ACC:0.828  Train_Pre:0.929 Test_Pre:0.824  Val_Pre:0.887  Train_Recall:1.000 Test_Recall:0.778  Val_Recall:0.761  Train_F1:0.963 Test_F1:0.800  Val_F1:0.819  
2024-11-28 18:48:52,944 - /home/mayi/data/zzy/DIR-GNN/train/upfd_GCN.py[line:270] - INFO: Epoch [ 37/100]Train_ACC:1.000 Test_ACC:0.806  Val_ACC:0.792  Train_Pre:1.000 Test_Pre:1.000  Val_Pre:0.935  Train_Recall:1.000 Test_Recall:0.667  Val_Recall:0.637  Train_F1:1.000 Test_F1:0.800  Val_F1:0.758  
2024-11-28 18:48:53,021 - /home/mayi/data/zzy/DIR-GNN/train/upfd_GCN.py[line:270] - INFO: Epoch [ 38/100]Train_ACC:0.984 Test_ACC:0.806  Val_ACC:0.805  Train_Pre:0.963 Test_Pre:0.929  Val_Pre:0.927  Train_Recall:1.000 Test_Recall:0.722  Val_Recall:0.673  Train_F1:0.981 Test_F1:0.812  Val_F1:0.779  
2024-11-28 18:48:53,098 - /home/mayi/data/zzy/DIR-GNN/train/upfd_GCN.py[line:270] - INFO: Epoch [ 39/100]Train_ACC:0.952 Test_ACC:0.774  Val_ACC:0.833  Train_Pre:0.897 Test_Pre:0.824  Val_Pre:0.865  Train_Recall:1.000 Test_Recall:0.778  Val_Recall:0.796  Train_F1:0.945 Test_F1:0.800  Val_F1:0.829  
2024-11-28 18:48:53,175 - /home/mayi/data/zzy/DIR-GNN/train/upfd_GCN.py[line:270] - INFO: Epoch [ 40/100]Train_ACC:0.968 Test_ACC:0.806  Val_ACC:0.819  Train_Pre:0.929 Test_Pre:0.833  Val_Pre:0.841  Train_Recall:1.000 Test_Recall:0.833  Val_Recall:0.796  Train_F1:0.963 Test_F1:0.833  Val_F1:0.818  
2024-11-28 18:48:53,252 - /home/mayi/data/zzy/DIR-GNN/train/upfd_GCN.py[line:270] - INFO: Epoch [ 41/100]Train_ACC:1.000 Test_ACC:0.806  Val_ACC:0.828  Train_Pre:1.000 Test_Pre:0.875  Val_Pre:0.912  Train_Recall:1.000 Test_Recall:0.778  Val_Recall:0.735  Train_F1:1.000 Test_F1:0.824  Val_F1:0.814  
2024-11-28 18:48:53,329 - /home/mayi/data/zzy/DIR-GNN/train/upfd_GCN.py[line:270] - INFO: Epoch [ 42/100]Train_ACC:0.968 Test_ACC:0.806  Val_ACC:0.796  Train_Pre:1.000 Test_Pre:0.929  Val_Pre:0.936  Train_Recall:0.923 Test_Recall:0.722  Val_Recall:0.646  Train_F1:0.960 Test_F1:0.812  Val_F1:0.764  
2024-11-28 18:48:53,406 - /home/mayi/data/zzy/DIR-GNN/train/upfd_GCN.py[line:270] - INFO: Epoch [ 43/100]Train_ACC:0.968 Test_ACC:0.806  Val_ACC:0.801  Train_Pre:1.000 Test_Pre:0.929  Val_Pre:0.937  Train_Recall:0.923 Test_Recall:0.722  Val_Recall:0.655  Train_F1:0.960 Test_F1:0.812  Val_F1:0.771  
2024-11-28 18:48:53,483 - /home/mayi/data/zzy/DIR-GNN/train/upfd_GCN.py[line:270] - INFO: Epoch [ 44/100]Train_ACC:1.000 Test_ACC:0.903  Val_ACC:0.837  Train_Pre:1.000 Test_Pre:0.941  Val_Pre:0.905  Train_Recall:1.000 Test_Recall:0.889  Val_Recall:0.761  Train_F1:1.000 Test_F1:0.914  Val_F1:0.827  
2024-11-28 18:48:53,560 - /home/mayi/data/zzy/DIR-GNN/train/upfd_GCN.py[line:270] - INFO: Epoch [ 45/100]Train_ACC:0.984 Test_ACC:0.903  Val_ACC:0.824  Train_Pre:0.963 Test_Pre:0.941  Val_Pre:0.856  Train_Recall:1.000 Test_Recall:0.889  Val_Recall:0.788  Train_F1:0.981 Test_F1:0.914  Val_F1:0.820  
2024-11-28 18:48:53,637 - /home/mayi/data/zzy/DIR-GNN/train/upfd_GCN.py[line:270] - INFO: Epoch [ 46/100]Train_ACC:1.000 Test_ACC:0.839  Val_ACC:0.814  Train_Pre:1.000 Test_Pre:0.933  Val_Pre:0.962  Train_Recall:1.000 Test_Recall:0.778  Val_Recall:0.664  Train_F1:1.000 Test_F1:0.848  Val_F1:0.785  
2024-11-28 18:48:53,714 - /home/mayi/data/zzy/DIR-GNN/train/upfd_GCN.py[line:270] - INFO: Epoch [ 47/100]Train_ACC:1.000 Test_ACC:0.742  Val_ACC:0.778  Train_Pre:1.000 Test_Pre:0.917  Val_Pre:0.957  Train_Recall:1.000 Test_Recall:0.611  Val_Recall:0.593  Train_F1:1.000 Test_F1:0.733  Val_F1:0.732  
2024-11-28 18:48:53,791 - /home/mayi/data/zzy/DIR-GNN/train/upfd_GCN.py[line:270] - INFO: Epoch [ 48/100]Train_ACC:1.000 Test_ACC:0.806  Val_ACC:0.824  Train_Pre:1.000 Test_Pre:0.875  Val_Pre:0.951  Train_Recall:1.000 Test_Recall:0.778  Val_Recall:0.690  Train_F1:1.000 Test_F1:0.824  Val_F1:0.800  
2024-11-28 18:48:53,868 - /home/mayi/data/zzy/DIR-GNN/train/upfd_GCN.py[line:270] - INFO: Epoch [ 49/100]Train_ACC:0.984 Test_ACC:0.871  Val_ACC:0.805  Train_Pre:0.963 Test_Pre:0.889  Val_Pre:0.843  Train_Recall:1.000 Test_Recall:0.889  Val_Recall:0.761  Train_F1:0.981 Test_F1:0.889  Val_F1:0.800  
2024-11-28 18:48:53,945 - /home/mayi/data/zzy/DIR-GNN/train/upfd_GCN.py[line:270] - INFO: Epoch [ 50/100]Train_ACC:0.984 Test_ACC:0.839  Val_ACC:0.810  Train_Pre:0.963 Test_Pre:0.842  Val_Pre:0.826  Train_Recall:1.000 Test_Recall:0.889  Val_Recall:0.796  Train_F1:0.981 Test_F1:0.865  Val_F1:0.811  
2024-11-28 18:48:54,022 - /home/mayi/data/zzy/DIR-GNN/train/upfd_GCN.py[line:270] - INFO: Epoch [ 51/100]Train_ACC:0.984 Test_ACC:0.806  Val_ACC:0.814  Train_Pre:0.963 Test_Pre:0.875  Val_Pre:0.853  Train_Recall:1.000 Test_Recall:0.778  Val_Recall:0.770  Train_F1:0.981 Test_F1:0.824  Val_F1:0.809  
2024-11-28 18:48:54,099 - /home/mayi/data/zzy/DIR-GNN/train/upfd_GCN.py[line:270] - INFO: Epoch [ 52/100]Train_ACC:1.000 Test_ACC:0.839  Val_ACC:0.833  Train_Pre:1.000 Test_Pre:0.933  Val_Pre:0.922  Train_Recall:1.000 Test_Recall:0.778  Val_Recall:0.735  Train_F1:1.000 Test_F1:0.848  Val_F1:0.818  
2024-11-28 18:48:54,176 - /home/mayi/data/zzy/DIR-GNN/train/upfd_GCN.py[line:270] - INFO: Epoch [ 53/100]Train_ACC:1.000 Test_ACC:0.839  Val_ACC:0.805  Train_Pre:1.000 Test_Pre:0.933  Val_Pre:0.961  Train_Recall:1.000 Test_Recall:0.778  Val_Recall:0.646  Train_F1:1.000 Test_F1:0.848  Val_F1:0.772  
2024-11-28 18:48:54,253 - /home/mayi/data/zzy/DIR-GNN/train/upfd_GCN.py[line:270] - INFO: Epoch [ 54/100]Train_ACC:1.000 Test_ACC:0.839  Val_ACC:0.792  Train_Pre:1.000 Test_Pre:0.933  Val_Pre:0.972  Train_Recall:1.000 Test_Recall:0.778  Val_Recall:0.611  Train_F1:1.000 Test_F1:0.848  Val_F1:0.750  
2024-11-28 18:48:54,330 - /home/mayi/data/zzy/DIR-GNN/train/upfd_GCN.py[line:270] - INFO: Epoch [ 55/100]Train_ACC:1.000 Test_ACC:0.839  Val_ACC:0.787  Train_Pre:1.000 Test_Pre:0.933  Val_Pre:0.934  Train_Recall:1.000 Test_Recall:0.778  Val_Recall:0.628  Train_F1:1.000 Test_F1:0.848  Val_F1:0.751  
2024-11-28 18:48:54,407 - /home/mayi/data/zzy/DIR-GNN/train/upfd_GCN.py[line:270] - INFO: Epoch [ 56/100]Train_ACC:1.000 Test_ACC:0.839  Val_ACC:0.837  Train_Pre:1.000 Test_Pre:0.933  Val_Pre:0.933  Train_Recall:1.000 Test_Recall:0.778  Val_Recall:0.735  Train_F1:1.000 Test_F1:0.848  Val_F1:0.822  
2024-11-28 18:48:54,484 - /home/mayi/data/zzy/DIR-GNN/train/upfd_GCN.py[line:270] - INFO: Epoch [ 57/100]Train_ACC:1.000 Test_ACC:0.839  Val_ACC:0.860  Train_Pre:1.000 Test_Pre:0.933  Val_Pre:0.918  Train_Recall:1.000 Test_Recall:0.778  Val_Recall:0.796  Train_F1:1.000 Test_F1:0.848  Val_F1:0.853  
2024-11-28 18:48:54,561 - /home/mayi/data/zzy/DIR-GNN/train/upfd_GCN.py[line:270] - INFO: Epoch [ 58/100]Train_ACC:1.000 Test_ACC:0.903  Val_ACC:0.837  Train_Pre:1.000 Test_Pre:0.941  Val_Pre:0.847  Train_Recall:1.000 Test_Recall:0.889  Val_Recall:0.832  Train_F1:1.000 Test_F1:0.914  Val_F1:0.839  
2024-11-28 18:48:54,638 - /home/mayi/data/zzy/DIR-GNN/train/upfd_GCN.py[line:270] - INFO: Epoch [ 59/100]Train_ACC:1.000 Test_ACC:0.903  Val_ACC:0.842  Train_Pre:1.000 Test_Pre:0.941  Val_Pre:0.842  Train_Recall:1.000 Test_Recall:0.889  Val_Recall:0.850  Train_F1:1.000 Test_F1:0.914  Val_F1:0.846  
2024-11-28 18:48:54,716 - /home/mayi/data/zzy/DIR-GNN/train/upfd_GCN.py[line:270] - INFO: Epoch [ 60/100]Train_ACC:1.000 Test_ACC:0.903  Val_ACC:0.846  Train_Pre:1.000 Test_Pre:0.941  Val_Pre:0.850  Train_Recall:1.000 Test_Recall:0.889  Val_Recall:0.850  Train_F1:1.000 Test_F1:0.914  Val_F1:0.850  
2024-11-28 18:48:54,793 - /home/mayi/data/zzy/DIR-GNN/train/upfd_GCN.py[line:270] - INFO: Epoch [ 61/100]Train_ACC:1.000 Test_ACC:0.903  Val_ACC:0.855  Train_Pre:1.000 Test_Pre:0.941  Val_Pre:0.872  Train_Recall:1.000 Test_Recall:0.889  Val_Recall:0.841  Train_F1:1.000 Test_F1:0.914  Val_F1:0.856  
2024-11-28 18:48:54,869 - /home/mayi/data/zzy/DIR-GNN/train/upfd_GCN.py[line:270] - INFO: Epoch [ 62/100]Train_ACC:1.000 Test_ACC:0.871  Val_ACC:0.851  Train_Pre:1.000 Test_Pre:0.938  Val_Pre:0.900  Train_Recall:1.000 Test_Recall:0.833  Val_Recall:0.796  Train_F1:1.000 Test_F1:0.882  Val_F1:0.845  
2024-11-28 18:48:54,946 - /home/mayi/data/zzy/DIR-GNN/train/upfd_GCN.py[line:270] - INFO: Epoch [ 63/100]Train_ACC:1.000 Test_ACC:0.839  Val_ACC:0.837  Train_Pre:1.000 Test_Pre:0.933  Val_Pre:0.905  Train_Recall:1.000 Test_Recall:0.778  Val_Recall:0.761  Train_F1:1.000 Test_F1:0.848  Val_F1:0.827  
2024-11-28 18:48:55,022 - /home/mayi/data/zzy/DIR-GNN/train/upfd_GCN.py[line:270] - INFO: Epoch [ 64/100]Train_ACC:1.000 Test_ACC:0.839  Val_ACC:0.810  Train_Pre:1.000 Test_Pre:0.933  Val_Pre:0.899  Train_Recall:1.000 Test_Recall:0.778  Val_Recall:0.708  Train_F1:1.000 Test_F1:0.848  Val_F1:0.792  
2024-11-28 18:48:55,099 - /home/mayi/data/zzy/DIR-GNN/train/upfd_GCN.py[line:270] - INFO: Epoch [ 65/100]Train_ACC:1.000 Test_ACC:0.839  Val_ACC:0.819  Train_Pre:1.000 Test_Pre:0.933  Val_Pre:0.901  Train_Recall:1.000 Test_Recall:0.778  Val_Recall:0.726  Train_F1:1.000 Test_F1:0.848  Val_F1:0.804  
2024-11-28 18:48:55,177 - /home/mayi/data/zzy/DIR-GNN/train/upfd_GCN.py[line:270] - INFO: Epoch [ 66/100]Train_ACC:1.000 Test_ACC:0.871  Val_ACC:0.842  Train_Pre:1.000 Test_Pre:0.938  Val_Pre:0.890  Train_Recall:1.000 Test_Recall:0.833  Val_Recall:0.788  Train_F1:1.000 Test_F1:0.882  Val_F1:0.836  
2024-11-28 18:48:55,254 - /home/mayi/data/zzy/DIR-GNN/train/upfd_GCN.py[line:270] - INFO: Epoch [ 67/100]Train_ACC:1.000 Test_ACC:0.903  Val_ACC:0.860  Train_Pre:1.000 Test_Pre:0.941  Val_Pre:0.880  Train_Recall:1.000 Test_Recall:0.889  Val_Recall:0.841  Train_F1:1.000 Test_F1:0.914  Val_F1:0.860  
2024-11-28 18:48:55,332 - /home/mayi/data/zzy/DIR-GNN/train/upfd_GCN.py[line:270] - INFO: Epoch [ 68/100]Train_ACC:1.000 Test_ACC:0.871  Val_ACC:0.864  Train_Pre:1.000 Test_Pre:0.889  Val_Pre:0.881  Train_Recall:1.000 Test_Recall:0.889  Val_Recall:0.850  Train_F1:1.000 Test_F1:0.889  Val_F1:0.865  
2024-11-28 18:48:55,409 - /home/mayi/data/zzy/DIR-GNN/train/upfd_GCN.py[line:270] - INFO: Epoch [ 69/100]Train_ACC:1.000 Test_ACC:0.871  Val_ACC:0.855  Train_Pre:1.000 Test_Pre:0.889  Val_Pre:0.865  Train_Recall:1.000 Test_Recall:0.889  Val_Recall:0.850  Train_F1:1.000 Test_F1:0.889  Val_F1:0.857  
2024-11-28 18:48:55,487 - /home/mayi/data/zzy/DIR-GNN/train/upfd_GCN.py[line:270] - INFO: Epoch [ 70/100]Train_ACC:1.000 Test_ACC:0.871  Val_ACC:0.860  Train_Pre:1.000 Test_Pre:0.889  Val_Pre:0.873  Train_Recall:1.000 Test_Recall:0.889  Val_Recall:0.850  Train_F1:1.000 Test_F1:0.889  Val_F1:0.861  
2024-11-28 18:48:55,565 - /home/mayi/data/zzy/DIR-GNN/train/upfd_GCN.py[line:270] - INFO: Epoch [ 71/100]Train_ACC:1.000 Test_ACC:0.903  Val_ACC:0.860  Train_Pre:1.000 Test_Pre:0.941  Val_Pre:0.880  Train_Recall:1.000 Test_Recall:0.889  Val_Recall:0.841  Train_F1:1.000 Test_F1:0.914  Val_F1:0.860  
2024-11-28 18:48:55,642 - /home/mayi/data/zzy/DIR-GNN/train/upfd_GCN.py[line:270] - INFO: Epoch [ 72/100]Train_ACC:1.000 Test_ACC:0.903  Val_ACC:0.851  Train_Pre:1.000 Test_Pre:0.941  Val_Pre:0.892  Train_Recall:1.000 Test_Recall:0.889  Val_Recall:0.805  Train_F1:1.000 Test_F1:0.914  Val_F1:0.847  
2024-11-28 18:48:55,720 - /home/mayi/data/zzy/DIR-GNN/train/upfd_GCN.py[line:270] - INFO: Epoch [ 73/100]Train_ACC:1.000 Test_ACC:0.871  Val_ACC:0.837  Train_Pre:1.000 Test_Pre:0.938  Val_Pre:0.897  Train_Recall:1.000 Test_Recall:0.833  Val_Recall:0.770  Train_F1:1.000 Test_F1:0.882  Val_F1:0.829  
2024-11-28 18:48:55,798 - /home/mayi/data/zzy/DIR-GNN/train/upfd_GCN.py[line:270] - INFO: Epoch [ 74/100]Train_ACC:1.000 Test_ACC:0.871  Val_ACC:0.837  Train_Pre:1.000 Test_Pre:0.938  Val_Pre:0.897  Train_Recall:1.000 Test_Recall:0.833  Val_Recall:0.770  Train_F1:1.000 Test_F1:0.882  Val_F1:0.829  
2024-11-28 18:48:55,877 - /home/mayi/data/zzy/DIR-GNN/train/upfd_GCN.py[line:270] - INFO: Epoch [ 75/100]Train_ACC:1.000 Test_ACC:0.871  Val_ACC:0.837  Train_Pre:1.000 Test_Pre:0.938  Val_Pre:0.897  Train_Recall:1.000 Test_Recall:0.833  Val_Recall:0.770  Train_F1:1.000 Test_F1:0.882  Val_F1:0.829  
2024-11-28 18:48:55,955 - /home/mayi/data/zzy/DIR-GNN/train/upfd_GCN.py[line:270] - INFO: Epoch [ 76/100]Train_ACC:1.000 Test_ACC:0.871  Val_ACC:0.846  Train_Pre:1.000 Test_Pre:0.938  Val_Pre:0.899  Train_Recall:1.000 Test_Recall:0.833  Val_Recall:0.788  Train_F1:1.000 Test_F1:0.882  Val_F1:0.840  
2024-11-28 18:48:56,033 - /home/mayi/data/zzy/DIR-GNN/train/upfd_GCN.py[line:270] - INFO: Epoch [ 77/100]Train_ACC:1.000 Test_ACC:0.903  Val_ACC:0.855  Train_Pre:1.000 Test_Pre:0.941  Val_Pre:0.893  Train_Recall:1.000 Test_Recall:0.889  Val_Recall:0.814  Train_F1:1.000 Test_F1:0.914  Val_F1:0.852  
2024-11-28 18:48:56,111 - /home/mayi/data/zzy/DIR-GNN/train/upfd_GCN.py[line:270] - INFO: Epoch [ 78/100]Train_ACC:1.000 Test_ACC:0.903  Val_ACC:0.846  Train_Pre:1.000 Test_Pre:0.941  Val_Pre:0.869  Train_Recall:1.000 Test_Recall:0.889  Val_Recall:0.823  Train_F1:1.000 Test_F1:0.914  Val_F1:0.845  
2024-11-28 18:48:56,189 - /home/mayi/data/zzy/DIR-GNN/train/upfd_GCN.py[line:270] - INFO: Epoch [ 79/100]Train_ACC:1.000 Test_ACC:0.903  Val_ACC:0.851  Train_Pre:1.000 Test_Pre:0.941  Val_Pre:0.870  Train_Recall:1.000 Test_Recall:0.889  Val_Recall:0.832  Train_F1:1.000 Test_F1:0.914  Val_F1:0.851  
2024-11-28 18:48:56,267 - /home/mayi/data/zzy/DIR-GNN/train/upfd_GCN.py[line:270] - INFO: Epoch [ 80/100]Train_ACC:1.000 Test_ACC:0.903  Val_ACC:0.846  Train_Pre:1.000 Test_Pre:0.941  Val_Pre:0.862  Train_Recall:1.000 Test_Recall:0.889  Val_Recall:0.832  Train_F1:1.000 Test_F1:0.914  Val_F1:0.847  
2024-11-28 18:48:56,345 - /home/mayi/data/zzy/DIR-GNN/train/upfd_GCN.py[line:270] - INFO: Epoch [ 81/100]Train_ACC:1.000 Test_ACC:0.903  Val_ACC:0.846  Train_Pre:1.000 Test_Pre:0.941  Val_Pre:0.862  Train_Recall:1.000 Test_Recall:0.889  Val_Recall:0.832  Train_F1:1.000 Test_F1:0.914  Val_F1:0.847  
2024-11-28 18:48:56,423 - /home/mayi/data/zzy/DIR-GNN/train/upfd_GCN.py[line:270] - INFO: Epoch [ 82/100]Train_ACC:1.000 Test_ACC:0.903  Val_ACC:0.846  Train_Pre:1.000 Test_Pre:0.941  Val_Pre:0.862  Train_Recall:1.000 Test_Recall:0.889  Val_Recall:0.832  Train_F1:1.000 Test_F1:0.914  Val_F1:0.847  
2024-11-28 18:48:56,500 - /home/mayi/data/zzy/DIR-GNN/train/upfd_GCN.py[line:270] - INFO: Epoch [ 83/100]Train_ACC:1.000 Test_ACC:0.903  Val_ACC:0.846  Train_Pre:1.000 Test_Pre:0.941  Val_Pre:0.862  Train_Recall:1.000 Test_Recall:0.889  Val_Recall:0.832  Train_F1:1.000 Test_F1:0.914  Val_F1:0.847  
2024-11-28 18:48:56,578 - /home/mayi/data/zzy/DIR-GNN/train/upfd_GCN.py[line:270] - INFO: Epoch [ 84/100]Train_ACC:1.000 Test_ACC:0.903  Val_ACC:0.860  Train_Pre:1.000 Test_Pre:0.941  Val_Pre:0.887  Train_Recall:1.000 Test_Recall:0.889  Val_Recall:0.832  Train_F1:1.000 Test_F1:0.914  Val_F1:0.858  
2024-11-28 18:48:56,655 - /home/mayi/data/zzy/DIR-GNN/train/upfd_GCN.py[line:270] - INFO: Epoch [ 85/100]Train_ACC:1.000 Test_ACC:0.903  Val_ACC:0.860  Train_Pre:1.000 Test_Pre:0.941  Val_Pre:0.887  Train_Recall:1.000 Test_Recall:0.889  Val_Recall:0.832  Train_F1:1.000 Test_F1:0.914  Val_F1:0.858  
2024-11-28 18:48:56,774 - /home/mayi/data/zzy/DIR-GNN/train/upfd_GCN.py[line:270] - INFO: Epoch [ 86/100]Train_ACC:1.000 Test_ACC:0.903  Val_ACC:0.851  Train_Pre:1.000 Test_Pre:0.941  Val_Pre:0.885  Train_Recall:1.000 Test_Recall:0.889  Val_Recall:0.814  Train_F1:1.000 Test_F1:0.914  Val_F1:0.848  
2024-11-28 18:48:56,851 - /home/mayi/data/zzy/DIR-GNN/train/upfd_GCN.py[line:270] - INFO: Epoch [ 87/100]Train_ACC:1.000 Test_ACC:0.903  Val_ACC:0.855  Train_Pre:1.000 Test_Pre:0.941  Val_Pre:0.893  Train_Recall:1.000 Test_Recall:0.889  Val_Recall:0.814  Train_F1:1.000 Test_F1:0.914  Val_F1:0.852  
2024-11-28 18:48:56,928 - /home/mayi/data/zzy/DIR-GNN/train/upfd_GCN.py[line:270] - INFO: Epoch [ 88/100]Train_ACC:1.000 Test_ACC:0.903  Val_ACC:0.855  Train_Pre:1.000 Test_Pre:0.941  Val_Pre:0.886  Train_Recall:1.000 Test_Recall:0.889  Val_Recall:0.823  Train_F1:1.000 Test_F1:0.914  Val_F1:0.853  
2024-11-28 18:48:57,005 - /home/mayi/data/zzy/DIR-GNN/train/upfd_GCN.py[line:270] - INFO: Epoch [ 89/100]Train_ACC:1.000 Test_ACC:0.903  Val_ACC:0.860  Train_Pre:1.000 Test_Pre:0.941  Val_Pre:0.887  Train_Recall:1.000 Test_Recall:0.889  Val_Recall:0.832  Train_F1:1.000 Test_F1:0.914  Val_F1:0.858  
2024-11-28 18:48:57,082 - /home/mayi/data/zzy/DIR-GNN/train/upfd_GCN.py[line:270] - INFO: Epoch [ 90/100]Train_ACC:1.000 Test_ACC:0.903  Val_ACC:0.855  Train_Pre:1.000 Test_Pre:0.941  Val_Pre:0.879  Train_Recall:1.000 Test_Recall:0.889  Val_Recall:0.832  Train_F1:1.000 Test_F1:0.914  Val_F1:0.855  
2024-11-28 18:48:57,160 - /home/mayi/data/zzy/DIR-GNN/train/upfd_GCN.py[line:270] - INFO: Epoch [ 91/100]Train_ACC:1.000 Test_ACC:0.903  Val_ACC:0.851  Train_Pre:1.000 Test_Pre:0.941  Val_Pre:0.870  Train_Recall:1.000 Test_Recall:0.889  Val_Recall:0.832  Train_F1:1.000 Test_F1:0.914  Val_F1:0.851  
2024-11-28 18:48:57,237 - /home/mayi/data/zzy/DIR-GNN/train/upfd_GCN.py[line:270] - INFO: Epoch [ 92/100]Train_ACC:1.000 Test_ACC:0.903  Val_ACC:0.842  Train_Pre:1.000 Test_Pre:0.941  Val_Pre:0.855  Train_Recall:1.000 Test_Recall:0.889  Val_Recall:0.832  Train_F1:1.000 Test_F1:0.914  Val_F1:0.843  
2024-11-28 18:48:57,314 - /home/mayi/data/zzy/DIR-GNN/train/upfd_GCN.py[line:270] - INFO: Epoch [ 93/100]Train_ACC:1.000 Test_ACC:0.903  Val_ACC:0.833  Train_Pre:1.000 Test_Pre:0.941  Val_Pre:0.839  Train_Recall:1.000 Test_Recall:0.889  Val_Recall:0.832  Train_F1:1.000 Test_F1:0.914  Val_F1:0.836  
2024-11-28 18:48:57,391 - /home/mayi/data/zzy/DIR-GNN/train/upfd_GCN.py[line:270] - INFO: Epoch [ 94/100]Train_ACC:1.000 Test_ACC:0.871  Val_ACC:0.828  Train_Pre:1.000 Test_Pre:0.889  Val_Pre:0.832  Train_Recall:1.000 Test_Recall:0.889  Val_Recall:0.832  Train_F1:1.000 Test_F1:0.889  Val_F1:0.832  
2024-11-28 18:48:57,468 - /home/mayi/data/zzy/DIR-GNN/train/upfd_GCN.py[line:270] - INFO: Epoch [ 95/100]Train_ACC:1.000 Test_ACC:0.871  Val_ACC:0.828  Train_Pre:1.000 Test_Pre:0.889  Val_Pre:0.832  Train_Recall:1.000 Test_Recall:0.889  Val_Recall:0.832  Train_F1:1.000 Test_F1:0.889  Val_F1:0.832  
2024-11-28 18:48:57,545 - /home/mayi/data/zzy/DIR-GNN/train/upfd_GCN.py[line:270] - INFO: Epoch [ 96/100]Train_ACC:1.000 Test_ACC:0.871  Val_ACC:0.828  Train_Pre:1.000 Test_Pre:0.889  Val_Pre:0.832  Train_Recall:1.000 Test_Recall:0.889  Val_Recall:0.832  Train_F1:1.000 Test_F1:0.889  Val_F1:0.832  
2024-11-28 18:48:57,622 - /home/mayi/data/zzy/DIR-GNN/train/upfd_GCN.py[line:270] - INFO: Epoch [ 97/100]Train_ACC:1.000 Test_ACC:0.871  Val_ACC:0.837  Train_Pre:1.000 Test_Pre:0.889  Val_Pre:0.847  Train_Recall:1.000 Test_Recall:0.889  Val_Recall:0.832  Train_F1:1.000 Test_F1:0.889  Val_F1:0.839  
2024-11-28 18:48:57,700 - /home/mayi/data/zzy/DIR-GNN/train/upfd_GCN.py[line:270] - INFO: Epoch [ 98/100]Train_ACC:1.000 Test_ACC:0.903  Val_ACC:0.842  Train_Pre:1.000 Test_Pre:0.941  Val_Pre:0.855  Train_Recall:1.000 Test_Recall:0.889  Val_Recall:0.832  Train_F1:1.000 Test_F1:0.914  Val_F1:0.843  
2024-11-28 18:48:57,777 - /home/mayi/data/zzy/DIR-GNN/train/upfd_GCN.py[line:270] - INFO: Epoch [ 99/100]Train_ACC:1.000 Test_ACC:0.903  Val_ACC:0.842  Train_Pre:1.000 Test_Pre:0.941  Val_Pre:0.855  Train_Recall:1.000 Test_Recall:0.889  Val_Recall:0.832  Train_F1:1.000 Test_F1:0.914  Val_F1:0.843  
2024-11-28 18:48:57,777 - /home/mayi/data/zzy/DIR-GNN/train/upfd_GCN.py[line:317] - INFO: ====================================================================================================
2024-11-28 18:48:57,777 - /home/mayi/data/zzy/DIR-GNN/train/upfd_GCN.py[line:172] - INFO: Seed:  3
2024-11-28 18:48:57,779 - /home/mayi/data/zzy/DIR-GNN/train/upfd_GCN.py[line:239] - INFO: # Train: 62  #Test: 221.0 #Val: 31
/home/mayi/anaconda3/envs/zzy_DIR/lib/python3.9/site-packages/sklearn/metrics/_classification.py:1517: UndefinedMetricWarning: Precision is ill-defined and being set to 0.0 due to no predicted samples. Use `zero_division` parameter to control this behavior.
  _warn_prf(average, modifier, f"{metric.capitalize()} is", len(result))
/home/mayi/anaconda3/envs/zzy_DIR/lib/python3.9/site-packages/sklearn/metrics/_classification.py:1517: UndefinedMetricWarning: Precision is ill-defined and being set to 0.0 due to no predicted samples. Use `zero_division` parameter to control this behavior.
  _warn_prf(average, modifier, f"{metric.capitalize()} is", len(result))
/home/mayi/anaconda3/envs/zzy_DIR/lib/python3.9/site-packages/sklearn/metrics/_classification.py:1517: UndefinedMetricWarning: Precision is ill-defined and being set to 0.0 due to no predicted samples. Use `zero_division` parameter to control this behavior.
  _warn_prf(average, modifier, f"{metric.capitalize()} is", len(result))
2024-11-28 18:48:57,857 - /home/mayi/data/zzy/DIR-GNN/train/upfd_GCN.py[line:270] - INFO: Epoch [  0/100]Train_ACC:0.581 Test_ACC:0.419  Val_ACC:0.489  Train_Pre:0.000 Test_Pre:0.000  Val_Pre:0.000  Train_Recall:0.000 Test_Recall:0.000  Val_Recall:0.000  Train_F1:0.000 Test_F1:0.000  Val_F1:0.000  
/home/mayi/anaconda3/envs/zzy_DIR/lib/python3.9/site-packages/sklearn/metrics/_classification.py:1517: UndefinedMetricWarning: Precision is ill-defined and being set to 0.0 due to no predicted samples. Use `zero_division` parameter to control this behavior.
  _warn_prf(average, modifier, f"{metric.capitalize()} is", len(result))
/home/mayi/anaconda3/envs/zzy_DIR/lib/python3.9/site-packages/sklearn/metrics/_classification.py:1517: UndefinedMetricWarning: Precision is ill-defined and being set to 0.0 due to no predicted samples. Use `zero_division` parameter to control this behavior.
  _warn_prf(average, modifier, f"{metric.capitalize()} is", len(result))
/home/mayi/anaconda3/envs/zzy_DIR/lib/python3.9/site-packages/sklearn/metrics/_classification.py:1517: UndefinedMetricWarning: Precision is ill-defined and being set to 0.0 due to no predicted samples. Use `zero_division` parameter to control this behavior.
  _warn_prf(average, modifier, f"{metric.capitalize()} is", len(result))
2024-11-28 18:48:57,934 - /home/mayi/data/zzy/DIR-GNN/train/upfd_GCN.py[line:270] - INFO: Epoch [  1/100]Train_ACC:0.581 Test_ACC:0.419  Val_ACC:0.489  Train_Pre:0.000 Test_Pre:0.000  Val_Pre:0.000  Train_Recall:0.000 Test_Recall:0.000  Val_Recall:0.000  Train_F1:0.000 Test_F1:0.000  Val_F1:0.000  
/home/mayi/anaconda3/envs/zzy_DIR/lib/python3.9/site-packages/sklearn/metrics/_classification.py:1517: UndefinedMetricWarning: Precision is ill-defined and being set to 0.0 due to no predicted samples. Use `zero_division` parameter to control this behavior.
  _warn_prf(average, modifier, f"{metric.capitalize()} is", len(result))
/home/mayi/anaconda3/envs/zzy_DIR/lib/python3.9/site-packages/sklearn/metrics/_classification.py:1517: UndefinedMetricWarning: Precision is ill-defined and being set to 0.0 due to no predicted samples. Use `zero_division` parameter to control this behavior.
  _warn_prf(average, modifier, f"{metric.capitalize()} is", len(result))
/home/mayi/anaconda3/envs/zzy_DIR/lib/python3.9/site-packages/sklearn/metrics/_classification.py:1517: UndefinedMetricWarning: Precision is ill-defined and being set to 0.0 due to no predicted samples. Use `zero_division` parameter to control this behavior.
  _warn_prf(average, modifier, f"{metric.capitalize()} is", len(result))
2024-11-28 18:48:58,012 - /home/mayi/data/zzy/DIR-GNN/train/upfd_GCN.py[line:270] - INFO: Epoch [  2/100]Train_ACC:0.581 Test_ACC:0.419  Val_ACC:0.489  Train_Pre:0.000 Test_Pre:0.000  Val_Pre:0.000  Train_Recall:0.000 Test_Recall:0.000  Val_Recall:0.000  Train_F1:0.000 Test_F1:0.000  Val_F1:0.000  
/home/mayi/anaconda3/envs/zzy_DIR/lib/python3.9/site-packages/sklearn/metrics/_classification.py:1517: UndefinedMetricWarning: Precision is ill-defined and being set to 0.0 due to no predicted samples. Use `zero_division` parameter to control this behavior.
  _warn_prf(average, modifier, f"{metric.capitalize()} is", len(result))
2024-11-28 18:48:58,089 - /home/mayi/data/zzy/DIR-GNN/train/upfd_GCN.py[line:270] - INFO: Epoch [  3/100]Train_ACC:0.581 Test_ACC:0.419  Val_ACC:0.471  Train_Pre:0.000 Test_Pre:0.500  Val_Pre:0.000  Train_Recall:0.000 Test_Recall:0.056  Val_Recall:0.000  Train_F1:0.000 Test_F1:0.100  Val_F1:0.000  
2024-11-28 18:48:58,167 - /home/mayi/data/zzy/DIR-GNN/train/upfd_GCN.py[line:270] - INFO: Epoch [  4/100]Train_ACC:0.419 Test_ACC:0.581  Val_ACC:0.516  Train_Pre:0.419 Test_Pre:0.581  Val_Pre:0.514  Train_Recall:1.000 Test_Recall:1.000  Val_Recall:1.000  Train_F1:0.591 Test_F1:0.735  Val_F1:0.679  
2024-11-28 18:48:58,244 - /home/mayi/data/zzy/DIR-GNN/train/upfd_GCN.py[line:270] - INFO: Epoch [  5/100]Train_ACC:0.419 Test_ACC:0.581  Val_ACC:0.520  Train_Pre:0.419 Test_Pre:0.581  Val_Pre:0.516  Train_Recall:1.000 Test_Recall:1.000  Val_Recall:1.000  Train_F1:0.591 Test_F1:0.735  Val_F1:0.681  
2024-11-28 18:48:58,321 - /home/mayi/data/zzy/DIR-GNN/train/upfd_GCN.py[line:270] - INFO: Epoch [  6/100]Train_ACC:0.484 Test_ACC:0.613  Val_ACC:0.511  Train_Pre:0.435 Test_Pre:0.650  Val_Pre:0.518  Train_Recall:0.769 Test_Recall:0.722  Val_Recall:0.646  Train_F1:0.556 Test_F1:0.684  Val_F1:0.575  
2024-11-28 18:48:58,398 - /home/mayi/data/zzy/DIR-GNN/train/upfd_GCN.py[line:270] - INFO: Epoch [  7/100]Train_ACC:0.581 Test_ACC:0.419  Val_ACC:0.457  Train_Pre:0.500 Test_Pre:0.500  Val_Pre:0.316  Train_Recall:0.115 Test_Recall:0.111  Val_Recall:0.053  Train_F1:0.188 Test_F1:0.182  Val_F1:0.091  
/home/mayi/anaconda3/envs/zzy_DIR/lib/python3.9/site-packages/sklearn/metrics/_classification.py:1517: UndefinedMetricWarning: Precision is ill-defined and being set to 0.0 due to no predicted samples. Use `zero_division` parameter to control this behavior.
  _warn_prf(average, modifier, f"{metric.capitalize()} is", len(result))
/home/mayi/anaconda3/envs/zzy_DIR/lib/python3.9/site-packages/sklearn/metrics/_classification.py:1517: UndefinedMetricWarning: Precision is ill-defined and being set to 0.0 due to no predicted samples. Use `zero_division` parameter to control this behavior.
  _warn_prf(average, modifier, f"{metric.capitalize()} is", len(result))
2024-11-28 18:48:58,475 - /home/mayi/data/zzy/DIR-GNN/train/upfd_GCN.py[line:270] - INFO: Epoch [  8/100]Train_ACC:0.581 Test_ACC:0.419  Val_ACC:0.480  Train_Pre:0.000 Test_Pre:0.000  Val_Pre:0.000  Train_Recall:0.000 Test_Recall:0.000  Val_Recall:0.000  Train_F1:0.000 Test_F1:0.000  Val_F1:0.000  
/home/mayi/anaconda3/envs/zzy_DIR/lib/python3.9/site-packages/sklearn/metrics/_classification.py:1517: UndefinedMetricWarning: Precision is ill-defined and being set to 0.0 due to no predicted samples. Use `zero_division` parameter to control this behavior.
  _warn_prf(average, modifier, f"{metric.capitalize()} is", len(result))
/home/mayi/anaconda3/envs/zzy_DIR/lib/python3.9/site-packages/sklearn/metrics/_classification.py:1517: UndefinedMetricWarning: Precision is ill-defined and being set to 0.0 due to no predicted samples. Use `zero_division` parameter to control this behavior.
  _warn_prf(average, modifier, f"{metric.capitalize()} is", len(result))
/home/mayi/anaconda3/envs/zzy_DIR/lib/python3.9/site-packages/sklearn/metrics/_classification.py:1517: UndefinedMetricWarning: Precision is ill-defined and being set to 0.0 due to no predicted samples. Use `zero_division` parameter to control this behavior.
  _warn_prf(average, modifier, f"{metric.capitalize()} is", len(result))
2024-11-28 18:48:58,553 - /home/mayi/data/zzy/DIR-GNN/train/upfd_GCN.py[line:270] - INFO: Epoch [  9/100]Train_ACC:0.581 Test_ACC:0.419  Val_ACC:0.489  Train_Pre:0.000 Test_Pre:0.000  Val_Pre:0.000  Train_Recall:0.000 Test_Recall:0.000  Val_Recall:0.000  Train_F1:0.000 Test_F1:0.000  Val_F1:0.000  
/home/mayi/anaconda3/envs/zzy_DIR/lib/python3.9/site-packages/sklearn/metrics/_classification.py:1517: UndefinedMetricWarning: Precision is ill-defined and being set to 0.0 due to no predicted samples. Use `zero_division` parameter to control this behavior.
  _warn_prf(average, modifier, f"{metric.capitalize()} is", len(result))
/home/mayi/anaconda3/envs/zzy_DIR/lib/python3.9/site-packages/sklearn/metrics/_classification.py:1517: UndefinedMetricWarning: Precision is ill-defined and being set to 0.0 due to no predicted samples. Use `zero_division` parameter to control this behavior.
  _warn_prf(average, modifier, f"{metric.capitalize()} is", len(result))
/home/mayi/anaconda3/envs/zzy_DIR/lib/python3.9/site-packages/sklearn/metrics/_classification.py:1517: UndefinedMetricWarning: Precision is ill-defined and being set to 0.0 due to no predicted samples. Use `zero_division` parameter to control this behavior.
  _warn_prf(average, modifier, f"{metric.capitalize()} is", len(result))
2024-11-28 18:48:58,630 - /home/mayi/data/zzy/DIR-GNN/train/upfd_GCN.py[line:270] - INFO: Epoch [ 10/100]Train_ACC:0.581 Test_ACC:0.419  Val_ACC:0.489  Train_Pre:0.000 Test_Pre:0.000  Val_Pre:0.000  Train_Recall:0.000 Test_Recall:0.000  Val_Recall:0.000  Train_F1:0.000 Test_F1:0.000  Val_F1:0.000  
/home/mayi/anaconda3/envs/zzy_DIR/lib/python3.9/site-packages/sklearn/metrics/_classification.py:1517: UndefinedMetricWarning: Precision is ill-defined and being set to 0.0 due to no predicted samples. Use `zero_division` parameter to control this behavior.
  _warn_prf(average, modifier, f"{metric.capitalize()} is", len(result))
/home/mayi/anaconda3/envs/zzy_DIR/lib/python3.9/site-packages/sklearn/metrics/_classification.py:1517: UndefinedMetricWarning: Precision is ill-defined and being set to 0.0 due to no predicted samples. Use `zero_division` parameter to control this behavior.
  _warn_prf(average, modifier, f"{metric.capitalize()} is", len(result))
/home/mayi/anaconda3/envs/zzy_DIR/lib/python3.9/site-packages/sklearn/metrics/_classification.py:1517: UndefinedMetricWarning: Precision is ill-defined and being set to 0.0 due to no predicted samples. Use `zero_division` parameter to control this behavior.
  _warn_prf(average, modifier, f"{metric.capitalize()} is", len(result))
2024-11-28 18:48:58,707 - /home/mayi/data/zzy/DIR-GNN/train/upfd_GCN.py[line:270] - INFO: Epoch [ 11/100]Train_ACC:0.581 Test_ACC:0.419  Val_ACC:0.489  Train_Pre:0.000 Test_Pre:0.000  Val_Pre:0.000  Train_Recall:0.000 Test_Recall:0.000  Val_Recall:0.000  Train_F1:0.000 Test_F1:0.000  Val_F1:0.000  
2024-11-28 18:48:58,784 - /home/mayi/data/zzy/DIR-GNN/train/upfd_GCN.py[line:270] - INFO: Epoch [ 12/100]Train_ACC:0.629 Test_ACC:0.484  Val_ACC:0.557  Train_Pre:1.000 Test_Pre:1.000  Val_Pre:1.000  Train_Recall:0.115 Test_Recall:0.111  Val_Recall:0.133  Train_F1:0.207 Test_F1:0.200  Val_F1:0.234  
2024-11-28 18:48:58,862 - /home/mayi/data/zzy/DIR-GNN/train/upfd_GCN.py[line:270] - INFO: Epoch [ 13/100]Train_ACC:0.677 Test_ACC:0.548  Val_ACC:0.652  Train_Pre:0.875 Test_Pre:0.750  Val_Pre:0.891  Train_Recall:0.269 Test_Recall:0.333  Val_Recall:0.363  Train_F1:0.412 Test_F1:0.462  Val_F1:0.516  
2024-11-28 18:48:58,939 - /home/mayi/data/zzy/DIR-GNN/train/upfd_GCN.py[line:270] - INFO: Epoch [ 14/100]Train_ACC:0.677 Test_ACC:0.581  Val_ACC:0.665  Train_Pre:0.875 Test_Pre:0.778  Val_Pre:0.882  Train_Recall:0.269 Test_Recall:0.389  Val_Recall:0.398  Train_F1:0.412 Test_F1:0.519  Val_F1:0.549  
2024-11-28 18:48:59,016 - /home/mayi/data/zzy/DIR-GNN/train/upfd_GCN.py[line:270] - INFO: Epoch [ 15/100]Train_ACC:0.677 Test_ACC:0.516  Val_ACC:0.643  Train_Pre:1.000 Test_Pre:0.800  Val_Pre:0.905  Train_Recall:0.231 Test_Recall:0.222  Val_Recall:0.336  Train_F1:0.375 Test_F1:0.348  Val_F1:0.490  
2024-11-28 18:48:59,093 - /home/mayi/data/zzy/DIR-GNN/train/upfd_GCN.py[line:270] - INFO: Epoch [ 16/100]Train_ACC:0.613 Test_ACC:0.484  Val_ACC:0.534  Train_Pre:1.000 Test_Pre:1.000  Val_Pre:1.000  Train_Recall:0.077 Test_Recall:0.111  Val_Recall:0.088  Train_F1:0.143 Test_F1:0.200  Val_F1:0.163  
2024-11-28 18:48:59,170 - /home/mayi/data/zzy/DIR-GNN/train/upfd_GCN.py[line:270] - INFO: Epoch [ 17/100]Train_ACC:0.613 Test_ACC:0.484  Val_ACC:0.525  Train_Pre:1.000 Test_Pre:1.000  Val_Pre:1.000  Train_Recall:0.077 Test_Recall:0.111  Val_Recall:0.071  Train_F1:0.143 Test_F1:0.200  Val_F1:0.132  
2024-11-28 18:48:59,248 - /home/mayi/data/zzy/DIR-GNN/train/upfd_GCN.py[line:270] - INFO: Epoch [ 18/100]Train_ACC:0.694 Test_ACC:0.548  Val_ACC:0.665  Train_Pre:1.000 Test_Pre:0.833  Val_Pre:0.898  Train_Recall:0.269 Test_Recall:0.278  Val_Recall:0.389  Train_F1:0.424 Test_F1:0.417  Val_F1:0.543  
2024-11-28 18:48:59,325 - /home/mayi/data/zzy/DIR-GNN/train/upfd_GCN.py[line:270] - INFO: Epoch [ 19/100]Train_ACC:0.694 Test_ACC:0.613  Val_ACC:0.656  Train_Pre:1.000 Test_Pre:0.875  Val_Pre:0.849  Train_Recall:0.269 Test_Recall:0.389  Val_Recall:0.398  Train_F1:0.424 Test_F1:0.538  Val_F1:0.542  
2024-11-28 18:48:59,402 - /home/mayi/data/zzy/DIR-GNN/train/upfd_GCN.py[line:270] - INFO: Epoch [ 20/100]Train_ACC:0.677 Test_ACC:0.484  Val_ACC:0.633  Train_Pre:1.000 Test_Pre:0.750  Val_Pre:0.921  Train_Recall:0.231 Test_Recall:0.167  Val_Recall:0.310  Train_F1:0.375 Test_F1:0.273  Val_F1:0.464  
2024-11-28 18:48:59,479 - /home/mayi/data/zzy/DIR-GNN/train/upfd_GCN.py[line:270] - INFO: Epoch [ 21/100]Train_ACC:0.694 Test_ACC:0.516  Val_ACC:0.647  Train_Pre:1.000 Test_Pre:0.800  Val_Pre:0.927  Train_Recall:0.269 Test_Recall:0.222  Val_Recall:0.336  Train_F1:0.424 Test_F1:0.348  Val_F1:0.494  
2024-11-28 18:48:59,556 - /home/mayi/data/zzy/DIR-GNN/train/upfd_GCN.py[line:270] - INFO: Epoch [ 22/100]Train_ACC:0.726 Test_ACC:0.710  Val_ACC:0.679  Train_Pre:1.000 Test_Pre:0.909  Val_Pre:0.850  Train_Recall:0.346 Test_Recall:0.556  Val_Recall:0.451  Train_F1:0.514 Test_F1:0.690  Val_F1:0.590  
2024-11-28 18:48:59,633 - /home/mayi/data/zzy/DIR-GNN/train/upfd_GCN.py[line:270] - INFO: Epoch [ 23/100]Train_ACC:0.742 Test_ACC:0.710  Val_ACC:0.688  Train_Pre:1.000 Test_Pre:0.909  Val_Pre:0.833  Train_Recall:0.385 Test_Recall:0.556  Val_Recall:0.487  Train_F1:0.556 Test_F1:0.690  Val_F1:0.615  
2024-11-28 18:48:59,710 - /home/mayi/data/zzy/DIR-GNN/train/upfd_GCN.py[line:270] - INFO: Epoch [ 24/100]Train_ACC:0.726 Test_ACC:0.645  Val_ACC:0.692  Train_Pre:1.000 Test_Pre:0.889  Val_Pre:0.925  Train_Recall:0.346 Test_Recall:0.444  Val_Recall:0.434  Train_F1:0.514 Test_F1:0.593  Val_F1:0.590  
2024-11-28 18:48:59,787 - /home/mayi/data/zzy/DIR-GNN/train/upfd_GCN.py[line:270] - INFO: Epoch [ 25/100]Train_ACC:0.742 Test_ACC:0.613  Val_ACC:0.697  Train_Pre:1.000 Test_Pre:0.875  Val_Pre:0.942  Train_Recall:0.385 Test_Recall:0.389  Val_Recall:0.434  Train_F1:0.556 Test_F1:0.538  Val_F1:0.594  
2024-11-28 18:48:59,864 - /home/mayi/data/zzy/DIR-GNN/train/upfd_GCN.py[line:270] - INFO: Epoch [ 26/100]Train_ACC:0.790 Test_ACC:0.677  Val_ACC:0.719  Train_Pre:1.000 Test_Pre:0.900  Val_Pre:0.932  Train_Recall:0.500 Test_Recall:0.500  Val_Recall:0.487  Train_F1:0.667 Test_F1:0.643  Val_F1:0.640  
2024-11-28 18:48:59,942 - /home/mayi/data/zzy/DIR-GNN/train/upfd_GCN.py[line:270] - INFO: Epoch [ 27/100]Train_ACC:0.871 Test_ACC:0.806  Val_ACC:0.715  Train_Pre:0.950 Test_Pre:0.833  Val_Pre:0.838  Train_Recall:0.731 Test_Recall:0.833  Val_Recall:0.549  Train_F1:0.826 Test_F1:0.833  Val_F1:0.663  
2024-11-28 18:49:00,019 - /home/mayi/data/zzy/DIR-GNN/train/upfd_GCN.py[line:270] - INFO: Epoch [ 28/100]Train_ACC:0.887 Test_ACC:0.806  Val_ACC:0.747  Train_Pre:0.952 Test_Pre:0.833  Val_Pre:0.861  Train_Recall:0.769 Test_Recall:0.833  Val_Recall:0.602  Train_F1:0.851 Test_F1:0.833  Val_F1:0.708  
2024-11-28 18:49:00,096 - /home/mayi/data/zzy/DIR-GNN/train/upfd_GCN.py[line:270] - INFO: Epoch [ 29/100]Train_ACC:0.903 Test_ACC:0.806  Val_ACC:0.742  Train_Pre:1.000 Test_Pre:0.875  Val_Pre:0.889  Train_Recall:0.769 Test_Recall:0.778  Val_Recall:0.566  Train_F1:0.870 Test_F1:0.824  Val_F1:0.692  
2024-11-28 18:49:00,173 - /home/mayi/data/zzy/DIR-GNN/train/upfd_GCN.py[line:270] - INFO: Epoch [ 30/100]Train_ACC:0.903 Test_ACC:0.774  Val_ACC:0.733  Train_Pre:1.000 Test_Pre:0.867  Val_Pre:0.897  Train_Recall:0.769 Test_Recall:0.722  Val_Recall:0.540  Train_F1:0.870 Test_F1:0.788  Val_F1:0.674  
2024-11-28 18:49:00,250 - /home/mayi/data/zzy/DIR-GNN/train/upfd_GCN.py[line:270] - INFO: Epoch [ 31/100]Train_ACC:0.903 Test_ACC:0.806  Val_ACC:0.751  Train_Pre:1.000 Test_Pre:0.875  Val_Pre:0.892  Train_Recall:0.769 Test_Recall:0.778  Val_Recall:0.584  Train_F1:0.870 Test_F1:0.824  Val_F1:0.706  
2024-11-28 18:49:00,327 - /home/mayi/data/zzy/DIR-GNN/train/upfd_GCN.py[line:270] - INFO: Epoch [ 32/100]Train_ACC:0.903 Test_ACC:0.774  Val_ACC:0.778  Train_Pre:0.955 Test_Pre:0.824  Val_Pre:0.856  Train_Recall:0.808 Test_Recall:0.778  Val_Recall:0.681  Train_F1:0.875 Test_F1:0.800  Val_F1:0.759  
2024-11-28 18:49:00,404 - /home/mayi/data/zzy/DIR-GNN/train/upfd_GCN.py[line:270] - INFO: Epoch [ 33/100]Train_ACC:0.903 Test_ACC:0.774  Val_ACC:0.774  Train_Pre:0.955 Test_Pre:0.824  Val_Pre:0.846  Train_Recall:0.808 Test_Recall:0.778  Val_Recall:0.681  Train_F1:0.875 Test_F1:0.800  Val_F1:0.755  
2024-11-28 18:49:00,481 - /home/mayi/data/zzy/DIR-GNN/train/upfd_GCN.py[line:270] - INFO: Epoch [ 34/100]Train_ACC:0.903 Test_ACC:0.806  Val_ACC:0.774  Train_Pre:0.955 Test_Pre:0.875  Val_Pre:0.871  Train_Recall:0.808 Test_Recall:0.778  Val_Recall:0.655  Train_F1:0.875 Test_F1:0.824  Val_F1:0.747  
2024-11-28 18:49:00,558 - /home/mayi/data/zzy/DIR-GNN/train/upfd_GCN.py[line:270] - INFO: Epoch [ 35/100]Train_ACC:0.903 Test_ACC:0.806  Val_ACC:0.756  Train_Pre:0.955 Test_Pre:0.875  Val_Pre:0.883  Train_Recall:0.808 Test_Recall:0.778  Val_Recall:0.602  Train_F1:0.875 Test_F1:0.824  Val_F1:0.716  
2024-11-28 18:49:00,635 - /home/mayi/data/zzy/DIR-GNN/train/upfd_GCN.py[line:270] - INFO: Epoch [ 36/100]Train_ACC:0.919 Test_ACC:0.806  Val_ACC:0.783  Train_Pre:0.957 Test_Pre:0.875  Val_Pre:0.857  Train_Recall:0.846 Test_Recall:0.778  Val_Recall:0.690  Train_F1:0.898 Test_F1:0.824  Val_F1:0.765  
2024-11-28 18:49:00,712 - /home/mayi/data/zzy/DIR-GNN/train/upfd_GCN.py[line:270] - INFO: Epoch [ 37/100]Train_ACC:0.968 Test_ACC:0.839  Val_ACC:0.796  Train_Pre:0.962 Test_Pre:0.882  Val_Pre:0.854  Train_Recall:0.962 Test_Recall:0.833  Val_Recall:0.726  Train_F1:0.962 Test_F1:0.857  Val_F1:0.785  
2024-11-28 18:49:00,789 - /home/mayi/data/zzy/DIR-GNN/train/upfd_GCN.py[line:270] - INFO: Epoch [ 38/100]Train_ACC:0.919 Test_ACC:0.806  Val_ACC:0.760  Train_Pre:0.957 Test_Pre:0.875  Val_Pre:0.875  Train_Recall:0.846 Test_Recall:0.778  Val_Recall:0.619  Train_F1:0.898 Test_F1:0.824  Val_F1:0.725  
2024-11-28 18:49:00,866 - /home/mayi/data/zzy/DIR-GNN/train/upfd_GCN.py[line:270] - INFO: Epoch [ 39/100]Train_ACC:0.935 Test_ACC:0.806  Val_ACC:0.756  Train_Pre:0.958 Test_Pre:0.875  Val_Pre:0.893  Train_Recall:0.885 Test_Recall:0.778  Val_Recall:0.593  Train_F1:0.920 Test_F1:0.824  Val_F1:0.713  
2024-11-28 18:49:00,943 - /home/mayi/data/zzy/DIR-GNN/train/upfd_GCN.py[line:270] - INFO: Epoch [ 40/100]Train_ACC:0.984 Test_ACC:0.839  Val_ACC:0.805  Train_Pre:0.963 Test_Pre:0.882  Val_Pre:0.898  Train_Recall:1.000 Test_Recall:0.833  Val_Recall:0.699  Train_F1:0.981 Test_F1:0.857  Val_F1:0.786  
2024-11-28 18:49:01,020 - /home/mayi/data/zzy/DIR-GNN/train/upfd_GCN.py[line:270] - INFO: Epoch [ 41/100]Train_ACC:0.984 Test_ACC:0.839  Val_ACC:0.819  Train_Pre:0.963 Test_Pre:0.882  Val_Pre:0.884  Train_Recall:1.000 Test_Recall:0.833  Val_Recall:0.743  Train_F1:0.981 Test_F1:0.857  Val_F1:0.808  
2024-11-28 18:49:01,097 - /home/mayi/data/zzy/DIR-GNN/train/upfd_GCN.py[line:270] - INFO: Epoch [ 42/100]Train_ACC:0.984 Test_ACC:0.806  Val_ACC:0.801  Train_Pre:1.000 Test_Pre:0.875  Val_Pre:0.888  Train_Recall:0.962 Test_Recall:0.778  Val_Recall:0.699  Train_F1:0.980 Test_F1:0.824  Val_F1:0.782  
2024-11-28 18:49:01,174 - /home/mayi/data/zzy/DIR-GNN/train/upfd_GCN.py[line:270] - INFO: Epoch [ 43/100]Train_ACC:0.952 Test_ACC:0.806  Val_ACC:0.778  Train_Pre:1.000 Test_Pre:0.875  Val_Pre:0.890  Train_Recall:0.885 Test_Recall:0.778  Val_Recall:0.646  Train_F1:0.939 Test_F1:0.824  Val_F1:0.749  
2024-11-28 18:49:01,251 - /home/mayi/data/zzy/DIR-GNN/train/upfd_GCN.py[line:270] - INFO: Epoch [ 44/100]Train_ACC:0.935 Test_ACC:0.806  Val_ACC:0.783  Train_Pre:1.000 Test_Pre:0.875  Val_Pre:0.911  Train_Recall:0.846 Test_Recall:0.778  Val_Recall:0.637  Train_F1:0.917 Test_F1:0.824  Val_F1:0.750  
2024-11-28 18:49:01,328 - /home/mayi/data/zzy/DIR-GNN/train/upfd_GCN.py[line:270] - INFO: Epoch [ 45/100]Train_ACC:0.984 Test_ACC:0.774  Val_ACC:0.769  Train_Pre:1.000 Test_Pre:0.867  Val_Pre:0.887  Train_Recall:0.962 Test_Recall:0.722  Val_Recall:0.628  Train_F1:0.980 Test_F1:0.788  Val_F1:0.736  
2024-11-28 18:49:01,405 - /home/mayi/data/zzy/DIR-GNN/train/upfd_GCN.py[line:270] - INFO: Epoch [ 46/100]Train_ACC:1.000 Test_ACC:0.806  Val_ACC:0.787  Train_Pre:1.000 Test_Pre:0.875  Val_Pre:0.893  Train_Recall:1.000 Test_Recall:0.778  Val_Recall:0.664  Train_F1:1.000 Test_F1:0.824  Val_F1:0.761  
2024-11-28 18:49:01,482 - /home/mayi/data/zzy/DIR-GNN/train/upfd_GCN.py[line:270] - INFO: Epoch [ 47/100]Train_ACC:0.984 Test_ACC:0.806  Val_ACC:0.792  Train_Pre:0.963 Test_Pre:0.875  Val_Pre:0.885  Train_Recall:1.000 Test_Recall:0.778  Val_Recall:0.681  Train_F1:0.981 Test_F1:0.824  Val_F1:0.770  
2024-11-28 18:49:01,559 - /home/mayi/data/zzy/DIR-GNN/train/upfd_GCN.py[line:270] - INFO: Epoch [ 48/100]Train_ACC:0.984 Test_ACC:0.806  Val_ACC:0.778  Train_Pre:0.963 Test_Pre:0.875  Val_Pre:0.881  Train_Recall:1.000 Test_Recall:0.778  Val_Recall:0.655  Train_F1:0.981 Test_F1:0.824  Val_F1:0.751  
2024-11-28 18:49:01,636 - /home/mayi/data/zzy/DIR-GNN/train/upfd_GCN.py[line:270] - INFO: Epoch [ 49/100]Train_ACC:1.000 Test_ACC:0.806  Val_ACC:0.783  Train_Pre:1.000 Test_Pre:0.875  Val_Pre:0.901  Train_Recall:1.000 Test_Recall:0.778  Val_Recall:0.646  Train_F1:1.000 Test_F1:0.824  Val_F1:0.753  
2024-11-28 18:49:01,713 - /home/mayi/data/zzy/DIR-GNN/train/upfd_GCN.py[line:270] - INFO: Epoch [ 50/100]Train_ACC:1.000 Test_ACC:0.806  Val_ACC:0.783  Train_Pre:1.000 Test_Pre:0.875  Val_Pre:0.901  Train_Recall:1.000 Test_Recall:0.778  Val_Recall:0.646  Train_F1:1.000 Test_F1:0.824  Val_F1:0.753  
2024-11-28 18:49:01,790 - /home/mayi/data/zzy/DIR-GNN/train/upfd_GCN.py[line:270] - INFO: Epoch [ 51/100]Train_ACC:1.000 Test_ACC:0.806  Val_ACC:0.792  Train_Pre:1.000 Test_Pre:0.875  Val_Pre:0.904  Train_Recall:1.000 Test_Recall:0.778  Val_Recall:0.664  Train_F1:1.000 Test_F1:0.824  Val_F1:0.765  
2024-11-28 18:49:01,867 - /home/mayi/data/zzy/DIR-GNN/train/upfd_GCN.py[line:270] - INFO: Epoch [ 52/100]Train_ACC:0.984 Test_ACC:0.806  Val_ACC:0.796  Train_Pre:0.963 Test_Pre:0.875  Val_Pre:0.895  Train_Recall:1.000 Test_Recall:0.778  Val_Recall:0.681  Train_F1:0.981 Test_F1:0.824  Val_F1:0.774  
2024-11-28 18:49:01,944 - /home/mayi/data/zzy/DIR-GNN/train/upfd_GCN.py[line:270] - INFO: Epoch [ 53/100]Train_ACC:0.984 Test_ACC:0.806  Val_ACC:0.796  Train_Pre:0.963 Test_Pre:0.875  Val_Pre:0.878  Train_Recall:1.000 Test_Recall:0.778  Val_Recall:0.699  Train_F1:0.981 Test_F1:0.824  Val_F1:0.778  
2024-11-28 18:49:02,023 - /home/mayi/data/zzy/DIR-GNN/train/upfd_GCN.py[line:270] - INFO: Epoch [ 54/100]Train_ACC:0.984 Test_ACC:0.806  Val_ACC:0.783  Train_Pre:0.963 Test_Pre:0.875  Val_Pre:0.857  Train_Recall:1.000 Test_Recall:0.778  Val_Recall:0.690  Train_F1:0.981 Test_F1:0.824  Val_F1:0.765  
2024-11-28 18:49:02,106 - /home/mayi/data/zzy/DIR-GNN/train/upfd_GCN.py[line:270] - INFO: Epoch [ 55/100]Train_ACC:0.984 Test_ACC:0.806  Val_ACC:0.796  Train_Pre:0.963 Test_Pre:0.875  Val_Pre:0.886  Train_Recall:1.000 Test_Recall:0.778  Val_Recall:0.690  Train_F1:0.981 Test_F1:0.824  Val_F1:0.776  
2024-11-28 18:49:02,183 - /home/mayi/data/zzy/DIR-GNN/train/upfd_GCN.py[line:270] - INFO: Epoch [ 56/100]Train_ACC:1.000 Test_ACC:0.806  Val_ACC:0.792  Train_Pre:1.000 Test_Pre:0.875  Val_Pre:0.894  Train_Recall:1.000 Test_Recall:0.778  Val_Recall:0.673  Train_F1:1.000 Test_F1:0.824  Val_F1:0.768  
2024-11-28 18:49:02,260 - /home/mayi/data/zzy/DIR-GNN/train/upfd_GCN.py[line:270] - INFO: Epoch [ 57/100]Train_ACC:1.000 Test_ACC:0.806  Val_ACC:0.783  Train_Pre:1.000 Test_Pre:0.875  Val_Pre:0.882  Train_Recall:1.000 Test_Recall:0.778  Val_Recall:0.664  Train_F1:1.000 Test_F1:0.824  Val_F1:0.758  
2024-11-28 18:49:02,337 - /home/mayi/data/zzy/DIR-GNN/train/upfd_GCN.py[line:270] - INFO: Epoch [ 58/100]Train_ACC:1.000 Test_ACC:0.806  Val_ACC:0.796  Train_Pre:1.000 Test_Pre:0.875  Val_Pre:0.886  Train_Recall:1.000 Test_Recall:0.778  Val_Recall:0.690  Train_F1:1.000 Test_F1:0.824  Val_F1:0.776  
2024-11-28 18:49:02,414 - /home/mayi/data/zzy/DIR-GNN/train/upfd_GCN.py[line:270] - INFO: Epoch [ 59/100]Train_ACC:1.000 Test_ACC:0.839  Val_ACC:0.805  Train_Pre:1.000 Test_Pre:0.882  Val_Pre:0.880  Train_Recall:1.000 Test_Recall:0.833  Val_Recall:0.717  Train_F1:1.000 Test_F1:0.857  Val_F1:0.790  
2024-11-28 18:49:02,491 - /home/mayi/data/zzy/DIR-GNN/train/upfd_GCN.py[line:270] - INFO: Epoch [ 60/100]Train_ACC:1.000 Test_ACC:0.839  Val_ACC:0.814  Train_Pre:1.000 Test_Pre:0.882  Val_Pre:0.883  Train_Recall:1.000 Test_Recall:0.833  Val_Recall:0.735  Train_F1:1.000 Test_F1:0.857  Val_F1:0.802  
2024-11-28 18:49:02,568 - /home/mayi/data/zzy/DIR-GNN/train/upfd_GCN.py[line:270] - INFO: Epoch [ 61/100]Train_ACC:1.000 Test_ACC:0.839  Val_ACC:0.814  Train_Pre:1.000 Test_Pre:0.882  Val_Pre:0.883  Train_Recall:1.000 Test_Recall:0.833  Val_Recall:0.735  Train_F1:1.000 Test_F1:0.857  Val_F1:0.802  
2024-11-28 18:49:02,645 - /home/mayi/data/zzy/DIR-GNN/train/upfd_GCN.py[line:270] - INFO: Epoch [ 62/100]Train_ACC:1.000 Test_ACC:0.839  Val_ACC:0.805  Train_Pre:1.000 Test_Pre:0.882  Val_Pre:0.880  Train_Recall:1.000 Test_Recall:0.833  Val_Recall:0.717  Train_F1:1.000 Test_F1:0.857  Val_F1:0.790  
2024-11-28 18:49:02,722 - /home/mayi/data/zzy/DIR-GNN/train/upfd_GCN.py[line:270] - INFO: Epoch [ 63/100]Train_ACC:1.000 Test_ACC:0.839  Val_ACC:0.805  Train_Pre:1.000 Test_Pre:0.882  Val_Pre:0.880  Train_Recall:1.000 Test_Recall:0.833  Val_Recall:0.717  Train_F1:1.000 Test_F1:0.857  Val_F1:0.790  
2024-11-28 18:49:02,799 - /home/mayi/data/zzy/DIR-GNN/train/upfd_GCN.py[line:270] - INFO: Epoch [ 64/100]Train_ACC:1.000 Test_ACC:0.839  Val_ACC:0.805  Train_Pre:1.000 Test_Pre:0.882  Val_Pre:0.880  Train_Recall:1.000 Test_Recall:0.833  Val_Recall:0.717  Train_F1:1.000 Test_F1:0.857  Val_F1:0.790  
2024-11-28 18:49:02,876 - /home/mayi/data/zzy/DIR-GNN/train/upfd_GCN.py[line:270] - INFO: Epoch [ 65/100]Train_ACC:1.000 Test_ACC:0.839  Val_ACC:0.805  Train_Pre:1.000 Test_Pre:0.882  Val_Pre:0.880  Train_Recall:1.000 Test_Recall:0.833  Val_Recall:0.717  Train_F1:1.000 Test_F1:0.857  Val_F1:0.790  
2024-11-28 18:49:02,953 - /home/mayi/data/zzy/DIR-GNN/train/upfd_GCN.py[line:270] - INFO: Epoch [ 66/100]Train_ACC:1.000 Test_ACC:0.839  Val_ACC:0.805  Train_Pre:1.000 Test_Pre:0.882  Val_Pre:0.880  Train_Recall:1.000 Test_Recall:0.833  Val_Recall:0.717  Train_F1:1.000 Test_F1:0.857  Val_F1:0.790  
2024-11-28 18:49:03,030 - /home/mayi/data/zzy/DIR-GNN/train/upfd_GCN.py[line:270] - INFO: Epoch [ 67/100]Train_ACC:1.000 Test_ACC:0.839  Val_ACC:0.805  Train_Pre:1.000 Test_Pre:0.882  Val_Pre:0.880  Train_Recall:1.000 Test_Recall:0.833  Val_Recall:0.717  Train_F1:1.000 Test_F1:0.857  Val_F1:0.790  
2024-11-28 18:49:03,107 - /home/mayi/data/zzy/DIR-GNN/train/upfd_GCN.py[line:270] - INFO: Epoch [ 68/100]Train_ACC:1.000 Test_ACC:0.839  Val_ACC:0.801  Train_Pre:1.000 Test_Pre:0.882  Val_Pre:0.871  Train_Recall:1.000 Test_Recall:0.833  Val_Recall:0.717  Train_F1:1.000 Test_F1:0.857  Val_F1:0.786  
2024-11-28 18:49:03,184 - /home/mayi/data/zzy/DIR-GNN/train/upfd_GCN.py[line:270] - INFO: Epoch [ 69/100]Train_ACC:1.000 Test_ACC:0.839  Val_ACC:0.796  Train_Pre:1.000 Test_Pre:0.882  Val_Pre:0.870  Train_Recall:1.000 Test_Recall:0.833  Val_Recall:0.708  Train_F1:1.000 Test_F1:0.857  Val_F1:0.780  
2024-11-28 18:49:03,261 - /home/mayi/data/zzy/DIR-GNN/train/upfd_GCN.py[line:270] - INFO: Epoch [ 70/100]Train_ACC:1.000 Test_ACC:0.839  Val_ACC:0.792  Train_Pre:1.000 Test_Pre:0.882  Val_Pre:0.868  Train_Recall:1.000 Test_Recall:0.833  Val_Recall:0.699  Train_F1:1.000 Test_F1:0.857  Val_F1:0.775  
2024-11-28 18:49:03,338 - /home/mayi/data/zzy/DIR-GNN/train/upfd_GCN.py[line:270] - INFO: Epoch [ 71/100]Train_ACC:1.000 Test_ACC:0.839  Val_ACC:0.783  Train_Pre:1.000 Test_Pre:0.882  Val_Pre:0.857  Train_Recall:1.000 Test_Recall:0.833  Val_Recall:0.690  Train_F1:1.000 Test_F1:0.857  Val_F1:0.765  
2024-11-28 18:49:03,415 - /home/mayi/data/zzy/DIR-GNN/train/upfd_GCN.py[line:270] - INFO: Epoch [ 72/100]Train_ACC:1.000 Test_ACC:0.839  Val_ACC:0.787  Train_Pre:1.000 Test_Pre:0.882  Val_Pre:0.867  Train_Recall:1.000 Test_Recall:0.833  Val_Recall:0.690  Train_F1:1.000 Test_F1:0.857  Val_F1:0.768  
2024-11-28 18:49:03,492 - /home/mayi/data/zzy/DIR-GNN/train/upfd_GCN.py[line:270] - INFO: Epoch [ 73/100]Train_ACC:1.000 Test_ACC:0.839  Val_ACC:0.783  Train_Pre:1.000 Test_Pre:0.882  Val_Pre:0.865  Train_Recall:1.000 Test_Recall:0.833  Val_Recall:0.681  Train_F1:1.000 Test_F1:0.857  Val_F1:0.762  
2024-11-28 18:49:03,569 - /home/mayi/data/zzy/DIR-GNN/train/upfd_GCN.py[line:270] - INFO: Epoch [ 74/100]Train_ACC:1.000 Test_ACC:0.806  Val_ACC:0.783  Train_Pre:1.000 Test_Pre:0.875  Val_Pre:0.865  Train_Recall:1.000 Test_Recall:0.778  Val_Recall:0.681  Train_F1:1.000 Test_F1:0.824  Val_F1:0.762  
2024-11-28 18:49:03,646 - /home/mayi/data/zzy/DIR-GNN/train/upfd_GCN.py[line:270] - INFO: Epoch [ 75/100]Train_ACC:1.000 Test_ACC:0.774  Val_ACC:0.787  Train_Pre:1.000 Test_Pre:0.867  Val_Pre:0.875  Train_Recall:1.000 Test_Recall:0.722  Val_Recall:0.681  Train_F1:1.000 Test_F1:0.788  Val_F1:0.766  
2024-11-28 18:49:03,723 - /home/mayi/data/zzy/DIR-GNN/train/upfd_GCN.py[line:270] - INFO: Epoch [ 76/100]Train_ACC:1.000 Test_ACC:0.774  Val_ACC:0.792  Train_Pre:1.000 Test_Pre:0.867  Val_Pre:0.885  Train_Recall:1.000 Test_Recall:0.722  Val_Recall:0.681  Train_F1:1.000 Test_F1:0.788  Val_F1:0.770  
2024-11-28 18:49:03,799 - /home/mayi/data/zzy/DIR-GNN/train/upfd_GCN.py[line:270] - INFO: Epoch [ 77/100]Train_ACC:1.000 Test_ACC:0.774  Val_ACC:0.792  Train_Pre:1.000 Test_Pre:0.867  Val_Pre:0.885  Train_Recall:1.000 Test_Recall:0.722  Val_Recall:0.681  Train_F1:1.000 Test_F1:0.788  Val_F1:0.770  
2024-11-28 18:49:03,877 - /home/mayi/data/zzy/DIR-GNN/train/upfd_GCN.py[line:270] - INFO: Epoch [ 78/100]Train_ACC:1.000 Test_ACC:0.774  Val_ACC:0.792  Train_Pre:1.000 Test_Pre:0.867  Val_Pre:0.885  Train_Recall:1.000 Test_Recall:0.722  Val_Recall:0.681  Train_F1:1.000 Test_F1:0.788  Val_F1:0.770  
2024-11-28 18:49:03,954 - /home/mayi/data/zzy/DIR-GNN/train/upfd_GCN.py[line:270] - INFO: Epoch [ 79/100]Train_ACC:1.000 Test_ACC:0.774  Val_ACC:0.792  Train_Pre:1.000 Test_Pre:0.867  Val_Pre:0.885  Train_Recall:1.000 Test_Recall:0.722  Val_Recall:0.681  Train_F1:1.000 Test_F1:0.788  Val_F1:0.770  
2024-11-28 18:49:04,031 - /home/mayi/data/zzy/DIR-GNN/train/upfd_GCN.py[line:270] - INFO: Epoch [ 80/100]Train_ACC:1.000 Test_ACC:0.774  Val_ACC:0.792  Train_Pre:1.000 Test_Pre:0.867  Val_Pre:0.885  Train_Recall:1.000 Test_Recall:0.722  Val_Recall:0.681  Train_F1:1.000 Test_F1:0.788  Val_F1:0.770  
2024-11-28 18:49:04,108 - /home/mayi/data/zzy/DIR-GNN/train/upfd_GCN.py[line:270] - INFO: Epoch [ 81/100]Train_ACC:1.000 Test_ACC:0.774  Val_ACC:0.796  Train_Pre:1.000 Test_Pre:0.867  Val_Pre:0.886  Train_Recall:1.000 Test_Recall:0.722  Val_Recall:0.690  Train_F1:1.000 Test_F1:0.788  Val_F1:0.776  
2024-11-28 18:49:04,184 - /home/mayi/data/zzy/DIR-GNN/train/upfd_GCN.py[line:270] - INFO: Epoch [ 82/100]Train_ACC:1.000 Test_ACC:0.774  Val_ACC:0.783  Train_Pre:1.000 Test_Pre:0.867  Val_Pre:0.865  Train_Recall:1.000 Test_Recall:0.722  Val_Recall:0.681  Train_F1:1.000 Test_F1:0.788  Val_F1:0.762  
2024-11-28 18:49:04,261 - /home/mayi/data/zzy/DIR-GNN/train/upfd_GCN.py[line:270] - INFO: Epoch [ 83/100]Train_ACC:1.000 Test_ACC:0.774  Val_ACC:0.778  Train_Pre:1.000 Test_Pre:0.867  Val_Pre:0.856  Train_Recall:1.000 Test_Recall:0.722  Val_Recall:0.681  Train_F1:1.000 Test_F1:0.788  Val_F1:0.759  
2024-11-28 18:49:04,338 - /home/mayi/data/zzy/DIR-GNN/train/upfd_GCN.py[line:270] - INFO: Epoch [ 84/100]Train_ACC:1.000 Test_ACC:0.742  Val_ACC:0.778  Train_Pre:1.000 Test_Pre:0.857  Val_Pre:0.856  Train_Recall:1.000 Test_Recall:0.667  Val_Recall:0.681  Train_F1:1.000 Test_F1:0.750  Val_F1:0.759  
2024-11-28 18:49:04,415 - /home/mayi/data/zzy/DIR-GNN/train/upfd_GCN.py[line:270] - INFO: Epoch [ 85/100]Train_ACC:1.000 Test_ACC:0.742  Val_ACC:0.783  Train_Pre:1.000 Test_Pre:0.857  Val_Pre:0.865  Train_Recall:1.000 Test_Recall:0.667  Val_Recall:0.681  Train_F1:1.000 Test_F1:0.750  Val_F1:0.762  
2024-11-28 18:49:04,492 - /home/mayi/data/zzy/DIR-GNN/train/upfd_GCN.py[line:270] - INFO: Epoch [ 86/100]Train_ACC:1.000 Test_ACC:0.742  Val_ACC:0.792  Train_Pre:1.000 Test_Pre:0.857  Val_Pre:0.885  Train_Recall:1.000 Test_Recall:0.667  Val_Recall:0.681  Train_F1:1.000 Test_F1:0.750  Val_F1:0.770  
2024-11-28 18:49:04,569 - /home/mayi/data/zzy/DIR-GNN/train/upfd_GCN.py[line:270] - INFO: Epoch [ 87/100]Train_ACC:1.000 Test_ACC:0.742  Val_ACC:0.796  Train_Pre:1.000 Test_Pre:0.857  Val_Pre:0.895  Train_Recall:1.000 Test_Recall:0.667  Val_Recall:0.681  Train_F1:1.000 Test_F1:0.750  Val_F1:0.774  
2024-11-28 18:49:04,646 - /home/mayi/data/zzy/DIR-GNN/train/upfd_GCN.py[line:270] - INFO: Epoch [ 88/100]Train_ACC:1.000 Test_ACC:0.742  Val_ACC:0.796  Train_Pre:1.000 Test_Pre:0.857  Val_Pre:0.895  Train_Recall:1.000 Test_Recall:0.667  Val_Recall:0.681  Train_F1:1.000 Test_F1:0.750  Val_F1:0.774  
2024-11-28 18:49:04,723 - /home/mayi/data/zzy/DIR-GNN/train/upfd_GCN.py[line:270] - INFO: Epoch [ 89/100]Train_ACC:1.000 Test_ACC:0.742  Val_ACC:0.787  Train_Pre:1.000 Test_Pre:0.857  Val_Pre:0.867  Train_Recall:1.000 Test_Recall:0.667  Val_Recall:0.690  Train_F1:1.000 Test_F1:0.750  Val_F1:0.768  
2024-11-28 18:49:04,799 - /home/mayi/data/zzy/DIR-GNN/train/upfd_GCN.py[line:270] - INFO: Epoch [ 90/100]Train_ACC:1.000 Test_ACC:0.742  Val_ACC:0.787  Train_Pre:1.000 Test_Pre:0.857  Val_Pre:0.867  Train_Recall:1.000 Test_Recall:0.667  Val_Recall:0.690  Train_F1:1.000 Test_F1:0.750  Val_F1:0.768  
2024-11-28 18:49:04,876 - /home/mayi/data/zzy/DIR-GNN/train/upfd_GCN.py[line:270] - INFO: Epoch [ 91/100]Train_ACC:1.000 Test_ACC:0.774  Val_ACC:0.787  Train_Pre:1.000 Test_Pre:0.867  Val_Pre:0.867  Train_Recall:1.000 Test_Recall:0.722  Val_Recall:0.690  Train_F1:1.000 Test_F1:0.788  Val_F1:0.768  
2024-11-28 18:49:04,953 - /home/mayi/data/zzy/DIR-GNN/train/upfd_GCN.py[line:270] - INFO: Epoch [ 92/100]Train_ACC:1.000 Test_ACC:0.806  Val_ACC:0.792  Train_Pre:1.000 Test_Pre:0.875  Val_Pre:0.868  Train_Recall:1.000 Test_Recall:0.778  Val_Recall:0.699  Train_F1:1.000 Test_F1:0.824  Val_F1:0.775  
2024-11-28 18:49:05,030 - /home/mayi/data/zzy/DIR-GNN/train/upfd_GCN.py[line:270] - INFO: Epoch [ 93/100]Train_ACC:1.000 Test_ACC:0.806  Val_ACC:0.796  Train_Pre:1.000 Test_Pre:0.875  Val_Pre:0.870  Train_Recall:1.000 Test_Recall:0.778  Val_Recall:0.708  Train_F1:1.000 Test_F1:0.824  Val_F1:0.780  
2024-11-28 18:49:05,107 - /home/mayi/data/zzy/DIR-GNN/train/upfd_GCN.py[line:270] - INFO: Epoch [ 94/100]Train_ACC:1.000 Test_ACC:0.806  Val_ACC:0.796  Train_Pre:1.000 Test_Pre:0.875  Val_Pre:0.870  Train_Recall:1.000 Test_Recall:0.778  Val_Recall:0.708  Train_F1:1.000 Test_F1:0.824  Val_F1:0.780  
2024-11-28 18:49:05,184 - /home/mayi/data/zzy/DIR-GNN/train/upfd_GCN.py[line:270] - INFO: Epoch [ 95/100]Train_ACC:1.000 Test_ACC:0.806  Val_ACC:0.796  Train_Pre:1.000 Test_Pre:0.875  Val_Pre:0.870  Train_Recall:1.000 Test_Recall:0.778  Val_Recall:0.708  Train_F1:1.000 Test_F1:0.824  Val_F1:0.780  
2024-11-28 18:49:05,261 - /home/mayi/data/zzy/DIR-GNN/train/upfd_GCN.py[line:270] - INFO: Epoch [ 96/100]Train_ACC:1.000 Test_ACC:0.806  Val_ACC:0.796  Train_Pre:1.000 Test_Pre:0.875  Val_Pre:0.870  Train_Recall:1.000 Test_Recall:0.778  Val_Recall:0.708  Train_F1:1.000 Test_F1:0.824  Val_F1:0.780  
2024-11-28 18:49:05,339 - /home/mayi/data/zzy/DIR-GNN/train/upfd_GCN.py[line:270] - INFO: Epoch [ 97/100]Train_ACC:1.000 Test_ACC:0.806  Val_ACC:0.796  Train_Pre:1.000 Test_Pre:0.875  Val_Pre:0.870  Train_Recall:1.000 Test_Recall:0.778  Val_Recall:0.708  Train_F1:1.000 Test_F1:0.824  Val_F1:0.780  
2024-11-28 18:49:05,416 - /home/mayi/data/zzy/DIR-GNN/train/upfd_GCN.py[line:270] - INFO: Epoch [ 98/100]Train_ACC:1.000 Test_ACC:0.806  Val_ACC:0.796  Train_Pre:1.000 Test_Pre:0.875  Val_Pre:0.870  Train_Recall:1.000 Test_Recall:0.778  Val_Recall:0.708  Train_F1:1.000 Test_F1:0.824  Val_F1:0.780  
2024-11-28 18:49:05,495 - /home/mayi/data/zzy/DIR-GNN/train/upfd_GCN.py[line:270] - INFO: Epoch [ 99/100]Train_ACC:1.000 Test_ACC:0.806  Val_ACC:0.796  Train_Pre:1.000 Test_Pre:0.875  Val_Pre:0.870  Train_Recall:1.000 Test_Recall:0.778  Val_Recall:0.708  Train_F1:1.000 Test_F1:0.824  Val_F1:0.780  
2024-11-28 18:49:05,495 - /home/mayi/data/zzy/DIR-GNN/train/upfd_GCN.py[line:317] - INFO: ====================================================================================================
2024-11-28 18:49:05,495 - /home/mayi/data/zzy/DIR-GNN/train/upfd_GCN.py[line:172] - INFO: Seed:  4
2024-11-28 18:49:05,497 - /home/mayi/data/zzy/DIR-GNN/train/upfd_GCN.py[line:239] - INFO: # Train: 62  #Test: 221.0 #Val: 31
2024-11-28 18:49:05,575 - /home/mayi/data/zzy/DIR-GNN/train/upfd_GCN.py[line:270] - INFO: Epoch [  0/100]Train_ACC:0.435 Test_ACC:0.613  Val_ACC:0.516  Train_Pre:0.426 Test_Pre:0.600  Val_Pre:0.514  Train_Recall:1.000 Test_Recall:1.000  Val_Recall:1.000  Train_F1:0.598 Test_F1:0.750  Val_F1:0.679  
2024-11-28 18:49:05,651 - /home/mayi/data/zzy/DIR-GNN/train/upfd_GCN.py[line:270] - INFO: Epoch [  1/100]Train_ACC:0.613 Test_ACC:0.452  Val_ACC:0.466  Train_Pre:0.533 Test_Pre:0.545  Val_Pre:0.468  Train_Recall:0.615 Test_Recall:0.333  Val_Recall:0.327  Train_F1:0.571 Test_F1:0.414  Val_F1:0.385  
/home/mayi/anaconda3/envs/zzy_DIR/lib/python3.9/site-packages/sklearn/metrics/_classification.py:1517: UndefinedMetricWarning: Precision is ill-defined and being set to 0.0 due to no predicted samples. Use `zero_division` parameter to control this behavior.
  _warn_prf(average, modifier, f"{metric.capitalize()} is", len(result))
2024-11-28 18:49:05,727 - /home/mayi/data/zzy/DIR-GNN/train/upfd_GCN.py[line:270] - INFO: Epoch [  2/100]Train_ACC:0.597 Test_ACC:0.419  Val_ACC:0.489  Train_Pre:1.000 Test_Pre:0.000  Val_Pre:0.500  Train_Recall:0.038 Test_Recall:0.000  Val_Recall:0.009  Train_F1:0.074 Test_F1:0.000  Val_F1:0.017  
/home/mayi/anaconda3/envs/zzy_DIR/lib/python3.9/site-packages/sklearn/metrics/_classification.py:1517: UndefinedMetricWarning: Precision is ill-defined and being set to 0.0 due to no predicted samples. Use `zero_division` parameter to control this behavior.
  _warn_prf(average, modifier, f"{metric.capitalize()} is", len(result))
/home/mayi/anaconda3/envs/zzy_DIR/lib/python3.9/site-packages/sklearn/metrics/_classification.py:1517: UndefinedMetricWarning: Precision is ill-defined and being set to 0.0 due to no predicted samples. Use `zero_division` parameter to control this behavior.
  _warn_prf(average, modifier, f"{metric.capitalize()} is", len(result))
/home/mayi/anaconda3/envs/zzy_DIR/lib/python3.9/site-packages/sklearn/metrics/_classification.py:1517: UndefinedMetricWarning: Precision is ill-defined and being set to 0.0 due to no predicted samples. Use `zero_division` parameter to control this behavior.
  _warn_prf(average, modifier, f"{metric.capitalize()} is", len(result))
2024-11-28 18:49:05,804 - /home/mayi/data/zzy/DIR-GNN/train/upfd_GCN.py[line:270] - INFO: Epoch [  3/100]Train_ACC:0.581 Test_ACC:0.419  Val_ACC:0.489  Train_Pre:0.000 Test_Pre:0.000  Val_Pre:0.000  Train_Recall:0.000 Test_Recall:0.000  Val_Recall:0.000  Train_F1:0.000 Test_F1:0.000  Val_F1:0.000  
/home/mayi/anaconda3/envs/zzy_DIR/lib/python3.9/site-packages/sklearn/metrics/_classification.py:1517: UndefinedMetricWarning: Precision is ill-defined and being set to 0.0 due to no predicted samples. Use `zero_division` parameter to control this behavior.
  _warn_prf(average, modifier, f"{metric.capitalize()} is", len(result))
/home/mayi/anaconda3/envs/zzy_DIR/lib/python3.9/site-packages/sklearn/metrics/_classification.py:1517: UndefinedMetricWarning: Precision is ill-defined and being set to 0.0 due to no predicted samples. Use `zero_division` parameter to control this behavior.
  _warn_prf(average, modifier, f"{metric.capitalize()} is", len(result))
/home/mayi/anaconda3/envs/zzy_DIR/lib/python3.9/site-packages/sklearn/metrics/_classification.py:1517: UndefinedMetricWarning: Precision is ill-defined and being set to 0.0 due to no predicted samples. Use `zero_division` parameter to control this behavior.
  _warn_prf(average, modifier, f"{metric.capitalize()} is", len(result))
2024-11-28 18:49:05,882 - /home/mayi/data/zzy/DIR-GNN/train/upfd_GCN.py[line:270] - INFO: Epoch [  4/100]Train_ACC:0.581 Test_ACC:0.419  Val_ACC:0.489  Train_Pre:0.000 Test_Pre:0.000  Val_Pre:0.000  Train_Recall:0.000 Test_Recall:0.000  Val_Recall:0.000  Train_F1:0.000 Test_F1:0.000  Val_F1:0.000  
/home/mayi/anaconda3/envs/zzy_DIR/lib/python3.9/site-packages/sklearn/metrics/_classification.py:1517: UndefinedMetricWarning: Precision is ill-defined and being set to 0.0 due to no predicted samples. Use `zero_division` parameter to control this behavior.
  _warn_prf(average, modifier, f"{metric.capitalize()} is", len(result))
/home/mayi/anaconda3/envs/zzy_DIR/lib/python3.9/site-packages/sklearn/metrics/_classification.py:1517: UndefinedMetricWarning: Precision is ill-defined and being set to 0.0 due to no predicted samples. Use `zero_division` parameter to control this behavior.
  _warn_prf(average, modifier, f"{metric.capitalize()} is", len(result))
/home/mayi/anaconda3/envs/zzy_DIR/lib/python3.9/site-packages/sklearn/metrics/_classification.py:1517: UndefinedMetricWarning: Precision is ill-defined and being set to 0.0 due to no predicted samples. Use `zero_division` parameter to control this behavior.
  _warn_prf(average, modifier, f"{metric.capitalize()} is", len(result))
2024-11-28 18:49:05,959 - /home/mayi/data/zzy/DIR-GNN/train/upfd_GCN.py[line:270] - INFO: Epoch [  5/100]Train_ACC:0.581 Test_ACC:0.419  Val_ACC:0.489  Train_Pre:0.000 Test_Pre:0.000  Val_Pre:0.000  Train_Recall:0.000 Test_Recall:0.000  Val_Recall:0.000  Train_F1:0.000 Test_F1:0.000  Val_F1:0.000  
/home/mayi/anaconda3/envs/zzy_DIR/lib/python3.9/site-packages/sklearn/metrics/_classification.py:1517: UndefinedMetricWarning: Precision is ill-defined and being set to 0.0 due to no predicted samples. Use `zero_division` parameter to control this behavior.
  _warn_prf(average, modifier, f"{metric.capitalize()} is", len(result))
/home/mayi/anaconda3/envs/zzy_DIR/lib/python3.9/site-packages/sklearn/metrics/_classification.py:1517: UndefinedMetricWarning: Precision is ill-defined and being set to 0.0 due to no predicted samples. Use `zero_division` parameter to control this behavior.
  _warn_prf(average, modifier, f"{metric.capitalize()} is", len(result))
/home/mayi/anaconda3/envs/zzy_DIR/lib/python3.9/site-packages/sklearn/metrics/_classification.py:1517: UndefinedMetricWarning: Precision is ill-defined and being set to 0.0 due to no predicted samples. Use `zero_division` parameter to control this behavior.
  _warn_prf(average, modifier, f"{metric.capitalize()} is", len(result))
2024-11-28 18:49:06,036 - /home/mayi/data/zzy/DIR-GNN/train/upfd_GCN.py[line:270] - INFO: Epoch [  6/100]Train_ACC:0.581 Test_ACC:0.419  Val_ACC:0.489  Train_Pre:0.000 Test_Pre:0.000  Val_Pre:0.000  Train_Recall:0.000 Test_Recall:0.000  Val_Recall:0.000  Train_F1:0.000 Test_F1:0.000  Val_F1:0.000  
/home/mayi/anaconda3/envs/zzy_DIR/lib/python3.9/site-packages/sklearn/metrics/_classification.py:1517: UndefinedMetricWarning: Precision is ill-defined and being set to 0.0 due to no predicted samples. Use `zero_division` parameter to control this behavior.
  _warn_prf(average, modifier, f"{metric.capitalize()} is", len(result))
2024-11-28 18:49:06,113 - /home/mayi/data/zzy/DIR-GNN/train/upfd_GCN.py[line:270] - INFO: Epoch [  7/100]Train_ACC:0.597 Test_ACC:0.419  Val_ACC:0.498  Train_Pre:1.000 Test_Pre:0.000  Val_Pre:1.000  Train_Recall:0.038 Test_Recall:0.000  Val_Recall:0.018  Train_F1:0.074 Test_F1:0.000  Val_F1:0.035  
/home/mayi/anaconda3/envs/zzy_DIR/lib/python3.9/site-packages/sklearn/metrics/_classification.py:1517: UndefinedMetricWarning: Precision is ill-defined and being set to 0.0 due to no predicted samples. Use `zero_division` parameter to control this behavior.
  _warn_prf(average, modifier, f"{metric.capitalize()} is", len(result))
/home/mayi/anaconda3/envs/zzy_DIR/lib/python3.9/site-packages/sklearn/metrics/_classification.py:1517: UndefinedMetricWarning: Precision is ill-defined and being set to 0.0 due to no predicted samples. Use `zero_division` parameter to control this behavior.
  _warn_prf(average, modifier, f"{metric.capitalize()} is", len(result))
2024-11-28 18:49:06,190 - /home/mayi/data/zzy/DIR-GNN/train/upfd_GCN.py[line:270] - INFO: Epoch [  8/100]Train_ACC:0.597 Test_ACC:0.419  Val_ACC:0.489  Train_Pre:1.000 Test_Pre:0.000  Val_Pre:0.000  Train_Recall:0.038 Test_Recall:0.000  Val_Recall:0.000  Train_F1:0.074 Test_F1:0.000  Val_F1:0.000  
2024-11-28 18:49:06,266 - /home/mayi/data/zzy/DIR-GNN/train/upfd_GCN.py[line:270] - INFO: Epoch [  9/100]Train_ACC:0.597 Test_ACC:0.452  Val_ACC:0.538  Train_Pre:1.000 Test_Pre:1.000  Val_Pre:1.000  Train_Recall:0.038 Test_Recall:0.056  Val_Recall:0.097  Train_F1:0.074 Test_F1:0.105  Val_F1:0.177  
2024-11-28 18:49:06,343 - /home/mayi/data/zzy/DIR-GNN/train/upfd_GCN.py[line:270] - INFO: Epoch [ 10/100]Train_ACC:0.661 Test_ACC:0.516  Val_ACC:0.620  Train_Pre:0.778 Test_Pre:0.714  Val_Pre:0.809  Train_Recall:0.269 Test_Recall:0.278  Val_Recall:0.336  Train_F1:0.400 Test_F1:0.400  Val_F1:0.475  
2024-11-28 18:49:06,420 - /home/mayi/data/zzy/DIR-GNN/train/upfd_GCN.py[line:270] - INFO: Epoch [ 11/100]Train_ACC:0.645 Test_ACC:0.484  Val_ACC:0.593  Train_Pre:1.000 Test_Pre:0.750  Val_Pre:0.926  Train_Recall:0.154 Test_Recall:0.167  Val_Recall:0.221  Train_F1:0.267 Test_F1:0.273  Val_F1:0.357  
2024-11-28 18:49:06,497 - /home/mayi/data/zzy/DIR-GNN/train/upfd_GCN.py[line:270] - INFO: Epoch [ 12/100]Train_ACC:0.597 Test_ACC:0.452  Val_ACC:0.520  Train_Pre:1.000 Test_Pre:1.000  Val_Pre:1.000  Train_Recall:0.038 Test_Recall:0.056  Val_Recall:0.062  Train_F1:0.074 Test_F1:0.105  Val_F1:0.117  
2024-11-28 18:49:06,575 - /home/mayi/data/zzy/DIR-GNN/train/upfd_GCN.py[line:270] - INFO: Epoch [ 13/100]Train_ACC:0.661 Test_ACC:0.484  Val_ACC:0.643  Train_Pre:1.000 Test_Pre:0.750  Val_Pre:0.972  Train_Recall:0.192 Test_Recall:0.167  Val_Recall:0.310  Train_F1:0.323 Test_F1:0.273  Val_F1:0.470  
2024-11-28 18:49:06,652 - /home/mayi/data/zzy/DIR-GNN/train/upfd_GCN.py[line:270] - INFO: Epoch [ 14/100]Train_ACC:0.758 Test_ACC:0.645  Val_ACC:0.697  Train_Pre:0.867 Test_Pre:0.769  Val_Pre:0.811  Train_Recall:0.500 Test_Recall:0.556  Val_Recall:0.531  Train_F1:0.634 Test_F1:0.645  Val_F1:0.642  
2024-11-28 18:49:06,729 - /home/mayi/data/zzy/DIR-GNN/train/upfd_GCN.py[line:270] - INFO: Epoch [ 15/100]Train_ACC:0.823 Test_ACC:0.613  Val_ACC:0.719  Train_Pre:1.000 Test_Pre:0.800  Val_Pre:0.947  Train_Recall:0.577 Test_Recall:0.444  Val_Recall:0.478  Train_F1:0.732 Test_F1:0.571  Val_F1:0.635  
2024-11-28 18:49:06,806 - /home/mayi/data/zzy/DIR-GNN/train/upfd_GCN.py[line:270] - INFO: Epoch [ 16/100]Train_ACC:0.823 Test_ACC:0.645  Val_ACC:0.683  Train_Pre:1.000 Test_Pre:0.818  Val_Pre:0.939  Train_Recall:0.577 Test_Recall:0.500  Val_Recall:0.407  Train_F1:0.732 Test_F1:0.621  Val_F1:0.568  
2024-11-28 18:49:06,883 - /home/mayi/data/zzy/DIR-GNN/train/upfd_GCN.py[line:270] - INFO: Epoch [ 17/100]Train_ACC:0.855 Test_ACC:0.710  Val_ACC:0.715  Train_Pre:1.000 Test_Pre:0.800  Val_Pre:0.857  Train_Recall:0.654 Test_Recall:0.667  Val_Recall:0.531  Train_F1:0.791 Test_F1:0.727  Val_F1:0.656  
2024-11-28 18:49:06,961 - /home/mayi/data/zzy/DIR-GNN/train/upfd_GCN.py[line:270] - INFO: Epoch [ 18/100]Train_ACC:0.855 Test_ACC:0.645  Val_ACC:0.719  Train_Pre:1.000 Test_Pre:0.733  Val_Pre:0.840  Train_Recall:0.654 Test_Recall:0.611  Val_Recall:0.558  Train_F1:0.791 Test_F1:0.667  Val_F1:0.670  
2024-11-28 18:49:07,038 - /home/mayi/data/zzy/DIR-GNN/train/upfd_GCN.py[line:270] - INFO: Epoch [ 19/100]Train_ACC:0.774 Test_ACC:0.548  Val_ACC:0.715  Train_Pre:1.000 Test_Pre:0.833  Val_Pre:0.946  Train_Recall:0.462 Test_Recall:0.278  Val_Recall:0.469  Train_F1:0.632 Test_F1:0.417  Val_F1:0.627  
2024-11-28 18:49:07,116 - /home/mayi/data/zzy/DIR-GNN/train/upfd_GCN.py[line:270] - INFO: Epoch [ 20/100]Train_ACC:0.839 Test_ACC:0.677  Val_ACC:0.733  Train_Pre:1.000 Test_Pre:0.833  Val_Pre:0.935  Train_Recall:0.615 Test_Recall:0.556  Val_Recall:0.513  Train_F1:0.762 Test_F1:0.667  Val_F1:0.663  
2024-11-28 18:49:07,194 - /home/mayi/data/zzy/DIR-GNN/train/upfd_GCN.py[line:270] - INFO: Epoch [ 21/100]Train_ACC:0.919 Test_ACC:0.774  Val_ACC:0.751  Train_Pre:1.000 Test_Pre:0.789  Val_Pre:0.815  Train_Recall:0.808 Test_Recall:0.833  Val_Recall:0.664  Train_F1:0.894 Test_F1:0.811  Val_F1:0.732  
2024-11-28 18:49:07,272 - /home/mayi/data/zzy/DIR-GNN/train/upfd_GCN.py[line:270] - INFO: Epoch [ 22/100]Train_ACC:0.952 Test_ACC:0.806  Val_ACC:0.751  Train_Pre:0.960 Test_Pre:0.833  Val_Pre:0.830  Train_Recall:0.923 Test_Recall:0.833  Val_Recall:0.646  Train_F1:0.941 Test_F1:0.833  Val_F1:0.726  
2024-11-28 18:49:07,350 - /home/mayi/data/zzy/DIR-GNN/train/upfd_GCN.py[line:270] - INFO: Epoch [ 23/100]Train_ACC:0.952 Test_ACC:0.710  Val_ACC:0.760  Train_Pre:0.960 Test_Pre:0.800  Val_Pre:0.895  Train_Recall:0.923 Test_Recall:0.667  Val_Recall:0.602  Train_F1:0.941 Test_F1:0.727  Val_F1:0.720  
2024-11-28 18:49:07,427 - /home/mayi/data/zzy/DIR-GNN/train/upfd_GCN.py[line:270] - INFO: Epoch [ 24/100]Train_ACC:0.952 Test_ACC:0.742  Val_ACC:0.796  Train_Pre:0.960 Test_Pre:0.812  Val_Pre:0.905  Train_Recall:0.923 Test_Recall:0.722  Val_Recall:0.673  Train_F1:0.941 Test_F1:0.765  Val_F1:0.772  
2024-11-28 18:49:07,504 - /home/mayi/data/zzy/DIR-GNN/train/upfd_GCN.py[line:270] - INFO: Epoch [ 25/100]Train_ACC:0.935 Test_ACC:0.839  Val_ACC:0.801  Train_Pre:0.923 Test_Pre:0.842  Val_Pre:0.856  Train_Recall:0.923 Test_Recall:0.889  Val_Recall:0.735  Train_F1:0.923 Test_F1:0.865  Val_F1:0.790  
2024-11-28 18:49:07,582 - /home/mayi/data/zzy/DIR-GNN/train/upfd_GCN.py[line:270] - INFO: Epoch [ 26/100]Train_ACC:0.935 Test_ACC:0.806  Val_ACC:0.810  Train_Pre:0.923 Test_Pre:0.833  Val_Pre:0.859  Train_Recall:0.923 Test_Recall:0.833  Val_Recall:0.752  Train_F1:0.923 Test_F1:0.833  Val_F1:0.802  
2024-11-28 18:49:07,660 - /home/mayi/data/zzy/DIR-GNN/train/upfd_GCN.py[line:270] - INFO: Epoch [ 27/100]Train_ACC:0.952 Test_ACC:0.774  Val_ACC:0.814  Train_Pre:0.960 Test_Pre:0.867  Val_Pre:0.919  Train_Recall:0.923 Test_Recall:0.722  Val_Recall:0.699  Train_F1:0.941 Test_F1:0.788  Val_F1:0.794  
2024-11-28 18:49:07,737 - /home/mayi/data/zzy/DIR-GNN/train/upfd_GCN.py[line:270] - INFO: Epoch [ 28/100]Train_ACC:0.952 Test_ACC:0.806  Val_ACC:0.810  Train_Pre:0.960 Test_Pre:0.875  Val_Pre:0.928  Train_Recall:0.923 Test_Recall:0.778  Val_Recall:0.681  Train_F1:0.941 Test_F1:0.824  Val_F1:0.786  
2024-11-28 18:49:07,814 - /home/mayi/data/zzy/DIR-GNN/train/upfd_GCN.py[line:270] - INFO: Epoch [ 29/100]Train_ACC:0.952 Test_ACC:0.774  Val_ACC:0.819  Train_Pre:0.960 Test_Pre:0.824  Val_Pre:0.884  Train_Recall:0.923 Test_Recall:0.778  Val_Recall:0.743  Train_F1:0.941 Test_F1:0.800  Val_F1:0.808  
2024-11-28 18:49:07,892 - /home/mayi/data/zzy/DIR-GNN/train/upfd_GCN.py[line:270] - INFO: Epoch [ 30/100]Train_ACC:0.968 Test_ACC:0.774  Val_ACC:0.828  Train_Pre:0.929 Test_Pre:0.824  Val_Pre:0.887  Train_Recall:1.000 Test_Recall:0.778  Val_Recall:0.761  Train_F1:0.963 Test_F1:0.800  Val_F1:0.819  
2024-11-28 18:49:07,969 - /home/mayi/data/zzy/DIR-GNN/train/upfd_GCN.py[line:270] - INFO: Epoch [ 31/100]Train_ACC:0.984 Test_ACC:0.806  Val_ACC:0.814  Train_Pre:0.963 Test_Pre:0.875  Val_Pre:0.891  Train_Recall:1.000 Test_Recall:0.778  Val_Recall:0.726  Train_F1:0.981 Test_F1:0.824  Val_F1:0.800  
2024-11-28 18:49:08,047 - /home/mayi/data/zzy/DIR-GNN/train/upfd_GCN.py[line:270] - INFO: Epoch [ 32/100]Train_ACC:0.952 Test_ACC:0.806  Val_ACC:0.819  Train_Pre:0.960 Test_Pre:0.875  Val_Pre:0.929  Train_Recall:0.923 Test_Recall:0.778  Val_Recall:0.699  Train_F1:0.941 Test_F1:0.824  Val_F1:0.798  
2024-11-28 18:49:08,125 - /home/mayi/data/zzy/DIR-GNN/train/upfd_GCN.py[line:270] - INFO: Epoch [ 33/100]Train_ACC:0.968 Test_ACC:0.839  Val_ACC:0.819  Train_Pre:0.962 Test_Pre:0.933  Val_Pre:0.929  Train_Recall:0.962 Test_Recall:0.778  Val_Recall:0.699  Train_F1:0.962 Test_F1:0.848  Val_F1:0.798  
2024-11-28 18:49:08,202 - /home/mayi/data/zzy/DIR-GNN/train/upfd_GCN.py[line:270] - INFO: Epoch [ 34/100]Train_ACC:0.984 Test_ACC:0.806  Val_ACC:0.814  Train_Pre:0.963 Test_Pre:0.875  Val_Pre:0.900  Train_Recall:1.000 Test_Recall:0.778  Val_Recall:0.717  Train_F1:0.981 Test_F1:0.824  Val_F1:0.798  
2024-11-28 18:49:08,280 - /home/mayi/data/zzy/DIR-GNN/train/upfd_GCN.py[line:270] - INFO: Epoch [ 35/100]Train_ACC:0.984 Test_ACC:0.806  Val_ACC:0.814  Train_Pre:0.963 Test_Pre:0.875  Val_Pre:0.900  Train_Recall:1.000 Test_Recall:0.778  Val_Recall:0.717  Train_F1:0.981 Test_F1:0.824  Val_F1:0.798  
2024-11-28 18:49:08,357 - /home/mayi/data/zzy/DIR-GNN/train/upfd_GCN.py[line:270] - INFO: Epoch [ 36/100]Train_ACC:0.984 Test_ACC:0.806  Val_ACC:0.814  Train_Pre:0.963 Test_Pre:0.875  Val_Pre:0.900  Train_Recall:1.000 Test_Recall:0.778  Val_Recall:0.717  Train_F1:0.981 Test_F1:0.824  Val_F1:0.798  
2024-11-28 18:49:08,434 - /home/mayi/data/zzy/DIR-GNN/train/upfd_GCN.py[line:270] - INFO: Epoch [ 37/100]Train_ACC:0.984 Test_ACC:0.806  Val_ACC:0.814  Train_Pre:0.963 Test_Pre:0.929  Val_Pre:0.929  Train_Recall:1.000 Test_Recall:0.722  Val_Recall:0.690  Train_F1:0.981 Test_F1:0.812  Val_F1:0.792  
2024-11-28 18:49:08,511 - /home/mayi/data/zzy/DIR-GNN/train/upfd_GCN.py[line:270] - INFO: Epoch [ 38/100]Train_ACC:0.984 Test_ACC:0.806  Val_ACC:0.814  Train_Pre:0.963 Test_Pre:0.929  Val_Pre:0.929  Train_Recall:1.000 Test_Recall:0.722  Val_Recall:0.690  Train_F1:0.981 Test_F1:0.812  Val_F1:0.792  
2024-11-28 18:49:08,588 - /home/mayi/data/zzy/DIR-GNN/train/upfd_GCN.py[line:270] - INFO: Epoch [ 39/100]Train_ACC:0.984 Test_ACC:0.839  Val_ACC:0.819  Train_Pre:0.963 Test_Pre:0.933  Val_Pre:0.929  Train_Recall:1.000 Test_Recall:0.778  Val_Recall:0.699  Train_F1:0.981 Test_F1:0.848  Val_F1:0.798  
2024-11-28 18:49:08,666 - /home/mayi/data/zzy/DIR-GNN/train/upfd_GCN.py[line:270] - INFO: Epoch [ 40/100]Train_ACC:0.984 Test_ACC:0.839  Val_ACC:0.810  Train_Pre:0.963 Test_Pre:0.933  Val_Pre:0.890  Train_Recall:1.000 Test_Recall:0.778  Val_Recall:0.717  Train_F1:0.981 Test_F1:0.848  Val_F1:0.794  
2024-11-28 18:49:08,744 - /home/mayi/data/zzy/DIR-GNN/train/upfd_GCN.py[line:270] - INFO: Epoch [ 41/100]Train_ACC:0.984 Test_ACC:0.839  Val_ACC:0.824  Train_Pre:0.963 Test_Pre:0.933  Val_Pre:0.920  Train_Recall:1.000 Test_Recall:0.778  Val_Recall:0.717  Train_F1:0.981 Test_F1:0.848  Val_F1:0.806  
2024-11-28 18:49:08,823 - /home/mayi/data/zzy/DIR-GNN/train/upfd_GCN.py[line:270] - INFO: Epoch [ 42/100]Train_ACC:1.000 Test_ACC:0.839  Val_ACC:0.819  Train_Pre:1.000 Test_Pre:0.933  Val_Pre:0.929  Train_Recall:1.000 Test_Recall:0.778  Val_Recall:0.699  Train_F1:1.000 Test_F1:0.848  Val_F1:0.798  
2024-11-28 18:49:08,901 - /home/mayi/data/zzy/DIR-GNN/train/upfd_GCN.py[line:270] - INFO: Epoch [ 43/100]Train_ACC:1.000 Test_ACC:0.839  Val_ACC:0.819  Train_Pre:1.000 Test_Pre:0.933  Val_Pre:0.951  Train_Recall:1.000 Test_Recall:0.778  Val_Recall:0.681  Train_F1:1.000 Test_F1:0.848  Val_F1:0.794  
2024-11-28 18:49:08,980 - /home/mayi/data/zzy/DIR-GNN/train/upfd_GCN.py[line:270] - INFO: Epoch [ 44/100]Train_ACC:1.000 Test_ACC:0.839  Val_ACC:0.814  Train_Pre:1.000 Test_Pre:0.933  Val_Pre:0.950  Train_Recall:1.000 Test_Recall:0.778  Val_Recall:0.673  Train_F1:1.000 Test_F1:0.848  Val_F1:0.788  
2024-11-28 18:49:09,059 - /home/mayi/data/zzy/DIR-GNN/train/upfd_GCN.py[line:270] - INFO: Epoch [ 45/100]Train_ACC:1.000 Test_ACC:0.839  Val_ACC:0.810  Train_Pre:1.000 Test_Pre:0.933  Val_Pre:0.938  Train_Recall:1.000 Test_Recall:0.778  Val_Recall:0.673  Train_F1:1.000 Test_F1:0.848  Val_F1:0.784  
2024-11-28 18:49:09,137 - /home/mayi/data/zzy/DIR-GNN/train/upfd_GCN.py[line:270] - INFO: Epoch [ 46/100]Train_ACC:1.000 Test_ACC:0.839  Val_ACC:0.810  Train_Pre:1.000 Test_Pre:0.933  Val_Pre:0.938  Train_Recall:1.000 Test_Recall:0.778  Val_Recall:0.673  Train_F1:1.000 Test_F1:0.848  Val_F1:0.784  
2024-11-28 18:49:09,214 - /home/mayi/data/zzy/DIR-GNN/train/upfd_GCN.py[line:270] - INFO: Epoch [ 47/100]Train_ACC:1.000 Test_ACC:0.839  Val_ACC:0.810  Train_Pre:1.000 Test_Pre:0.933  Val_Pre:0.949  Train_Recall:1.000 Test_Recall:0.778  Val_Recall:0.664  Train_F1:1.000 Test_F1:0.848  Val_F1:0.781  
2024-11-28 18:49:09,293 - /home/mayi/data/zzy/DIR-GNN/train/upfd_GCN.py[line:270] - INFO: Epoch [ 48/100]Train_ACC:1.000 Test_ACC:0.839  Val_ACC:0.801  Train_Pre:1.000 Test_Pre:0.933  Val_Pre:0.948  Train_Recall:1.000 Test_Recall:0.778  Val_Recall:0.646  Train_F1:1.000 Test_F1:0.848  Val_F1:0.768  
2024-11-28 18:49:09,371 - /home/mayi/data/zzy/DIR-GNN/train/upfd_GCN.py[line:270] - INFO: Epoch [ 49/100]Train_ACC:1.000 Test_ACC:0.839  Val_ACC:0.810  Train_Pre:1.000 Test_Pre:0.933  Val_Pre:0.949  Train_Recall:1.000 Test_Recall:0.778  Val_Recall:0.664  Train_F1:1.000 Test_F1:0.848  Val_F1:0.781  
2024-11-28 18:49:09,448 - /home/mayi/data/zzy/DIR-GNN/train/upfd_GCN.py[line:270] - INFO: Epoch [ 50/100]Train_ACC:1.000 Test_ACC:0.839  Val_ACC:0.810  Train_Pre:1.000 Test_Pre:0.933  Val_Pre:0.938  Train_Recall:1.000 Test_Recall:0.778  Val_Recall:0.673  Train_F1:1.000 Test_F1:0.848  Val_F1:0.784  
2024-11-28 18:49:09,527 - /home/mayi/data/zzy/DIR-GNN/train/upfd_GCN.py[line:270] - INFO: Epoch [ 51/100]Train_ACC:1.000 Test_ACC:0.839  Val_ACC:0.814  Train_Pre:1.000 Test_Pre:0.933  Val_Pre:0.939  Train_Recall:1.000 Test_Recall:0.778  Val_Recall:0.681  Train_F1:1.000 Test_F1:0.848  Val_F1:0.790  
2024-11-28 18:49:09,607 - /home/mayi/data/zzy/DIR-GNN/train/upfd_GCN.py[line:270] - INFO: Epoch [ 52/100]Train_ACC:1.000 Test_ACC:0.839  Val_ACC:0.824  Train_Pre:1.000 Test_Pre:0.933  Val_Pre:0.940  Train_Recall:1.000 Test_Recall:0.778  Val_Recall:0.699  Train_F1:1.000 Test_F1:0.848  Val_F1:0.802  
2024-11-28 18:49:09,686 - /home/mayi/data/zzy/DIR-GNN/train/upfd_GCN.py[line:270] - INFO: Epoch [ 53/100]Train_ACC:1.000 Test_ACC:0.839  Val_ACC:0.814  Train_Pre:1.000 Test_Pre:0.933  Val_Pre:0.929  Train_Recall:1.000 Test_Recall:0.778  Val_Recall:0.690  Train_F1:1.000 Test_F1:0.848  Val_F1:0.792  
2024-11-28 18:49:09,765 - /home/mayi/data/zzy/DIR-GNN/train/upfd_GCN.py[line:270] - INFO: Epoch [ 54/100]Train_ACC:1.000 Test_ACC:0.871  Val_ACC:0.814  Train_Pre:1.000 Test_Pre:0.938  Val_Pre:0.929  Train_Recall:1.000 Test_Recall:0.833  Val_Recall:0.690  Train_F1:1.000 Test_F1:0.882  Val_F1:0.792  
2024-11-28 18:49:09,843 - /home/mayi/data/zzy/DIR-GNN/train/upfd_GCN.py[line:270] - INFO: Epoch [ 55/100]Train_ACC:1.000 Test_ACC:0.871  Val_ACC:0.814  Train_Pre:1.000 Test_Pre:0.938  Val_Pre:0.929  Train_Recall:1.000 Test_Recall:0.833  Val_Recall:0.690  Train_F1:1.000 Test_F1:0.882  Val_F1:0.792  
2024-11-28 18:49:09,922 - /home/mayi/data/zzy/DIR-GNN/train/upfd_GCN.py[line:270] - INFO: Epoch [ 56/100]Train_ACC:1.000 Test_ACC:0.871  Val_ACC:0.819  Train_Pre:1.000 Test_Pre:0.938  Val_Pre:0.929  Train_Recall:1.000 Test_Recall:0.833  Val_Recall:0.699  Train_F1:1.000 Test_F1:0.882  Val_F1:0.798  
2024-11-28 18:49:10,001 - /home/mayi/data/zzy/DIR-GNN/train/upfd_GCN.py[line:270] - INFO: Epoch [ 57/100]Train_ACC:1.000 Test_ACC:0.871  Val_ACC:0.819  Train_Pre:1.000 Test_Pre:0.938  Val_Pre:0.929  Train_Recall:1.000 Test_Recall:0.833  Val_Recall:0.699  Train_F1:1.000 Test_F1:0.882  Val_F1:0.798  
2024-11-28 18:49:10,079 - /home/mayi/data/zzy/DIR-GNN/train/upfd_GCN.py[line:270] - INFO: Epoch [ 58/100]Train_ACC:1.000 Test_ACC:0.871  Val_ACC:0.824  Train_Pre:1.000 Test_Pre:0.938  Val_Pre:0.930  Train_Recall:1.000 Test_Recall:0.833  Val_Recall:0.708  Train_F1:1.000 Test_F1:0.882  Val_F1:0.804  
2024-11-28 18:49:10,222 - /home/mayi/data/zzy/DIR-GNN/train/upfd_GCN.py[line:270] - INFO: Epoch [ 59/100]Train_ACC:1.000 Test_ACC:0.871  Val_ACC:0.824  Train_Pre:1.000 Test_Pre:0.938  Val_Pre:0.930  Train_Recall:1.000 Test_Recall:0.833  Val_Recall:0.708  Train_F1:1.000 Test_F1:0.882  Val_F1:0.804  
2024-11-28 18:49:10,300 - /home/mayi/data/zzy/DIR-GNN/train/upfd_GCN.py[line:270] - INFO: Epoch [ 60/100]Train_ACC:1.000 Test_ACC:0.871  Val_ACC:0.828  Train_Pre:1.000 Test_Pre:0.938  Val_Pre:0.931  Train_Recall:1.000 Test_Recall:0.833  Val_Recall:0.717  Train_F1:1.000 Test_F1:0.882  Val_F1:0.810  
2024-11-28 18:49:10,378 - /home/mayi/data/zzy/DIR-GNN/train/upfd_GCN.py[line:270] - INFO: Epoch [ 61/100]Train_ACC:1.000 Test_ACC:0.871  Val_ACC:0.828  Train_Pre:1.000 Test_Pre:0.938  Val_Pre:0.931  Train_Recall:1.000 Test_Recall:0.833  Val_Recall:0.717  Train_F1:1.000 Test_F1:0.882  Val_F1:0.810  
2024-11-28 18:49:10,457 - /home/mayi/data/zzy/DIR-GNN/train/upfd_GCN.py[line:270] - INFO: Epoch [ 62/100]Train_ACC:1.000 Test_ACC:0.871  Val_ACC:0.828  Train_Pre:1.000 Test_Pre:0.938  Val_Pre:0.931  Train_Recall:1.000 Test_Recall:0.833  Val_Recall:0.717  Train_F1:1.000 Test_F1:0.882  Val_F1:0.810  
2024-11-28 18:49:10,535 - /home/mayi/data/zzy/DIR-GNN/train/upfd_GCN.py[line:270] - INFO: Epoch [ 63/100]Train_ACC:1.000 Test_ACC:0.871  Val_ACC:0.828  Train_Pre:1.000 Test_Pre:0.938  Val_Pre:0.931  Train_Recall:1.000 Test_Recall:0.833  Val_Recall:0.717  Train_F1:1.000 Test_F1:0.882  Val_F1:0.810  
2024-11-28 18:49:10,613 - /home/mayi/data/zzy/DIR-GNN/train/upfd_GCN.py[line:270] - INFO: Epoch [ 64/100]Train_ACC:1.000 Test_ACC:0.871  Val_ACC:0.828  Train_Pre:1.000 Test_Pre:0.938  Val_Pre:0.931  Train_Recall:1.000 Test_Recall:0.833  Val_Recall:0.717  Train_F1:1.000 Test_F1:0.882  Val_F1:0.810  
2024-11-28 18:49:10,692 - /home/mayi/data/zzy/DIR-GNN/train/upfd_GCN.py[line:270] - INFO: Epoch [ 65/100]Train_ACC:1.000 Test_ACC:0.871  Val_ACC:0.828  Train_Pre:1.000 Test_Pre:0.938  Val_Pre:0.931  Train_Recall:1.000 Test_Recall:0.833  Val_Recall:0.717  Train_F1:1.000 Test_F1:0.882  Val_F1:0.810  
2024-11-28 18:49:10,771 - /home/mayi/data/zzy/DIR-GNN/train/upfd_GCN.py[line:270] - INFO: Epoch [ 66/100]Train_ACC:1.000 Test_ACC:0.871  Val_ACC:0.833  Train_Pre:1.000 Test_Pre:0.938  Val_Pre:0.932  Train_Recall:1.000 Test_Recall:0.833  Val_Recall:0.726  Train_F1:1.000 Test_F1:0.882  Val_F1:0.816  
2024-11-28 18:49:10,849 - /home/mayi/data/zzy/DIR-GNN/train/upfd_GCN.py[line:270] - INFO: Epoch [ 67/100]Train_ACC:1.000 Test_ACC:0.871  Val_ACC:0.837  Train_Pre:1.000 Test_Pre:0.938  Val_Pre:0.933  Train_Recall:1.000 Test_Recall:0.833  Val_Recall:0.735  Train_F1:1.000 Test_F1:0.882  Val_F1:0.822  
2024-11-28 18:49:10,927 - /home/mayi/data/zzy/DIR-GNN/train/upfd_GCN.py[line:270] - INFO: Epoch [ 68/100]Train_ACC:1.000 Test_ACC:0.871  Val_ACC:0.837  Train_Pre:1.000 Test_Pre:0.938  Val_Pre:0.933  Train_Recall:1.000 Test_Recall:0.833  Val_Recall:0.735  Train_F1:1.000 Test_F1:0.882  Val_F1:0.822  
2024-11-28 18:49:11,006 - /home/mayi/data/zzy/DIR-GNN/train/upfd_GCN.py[line:270] - INFO: Epoch [ 69/100]Train_ACC:1.000 Test_ACC:0.871  Val_ACC:0.837  Train_Pre:1.000 Test_Pre:0.938  Val_Pre:0.933  Train_Recall:1.000 Test_Recall:0.833  Val_Recall:0.735  Train_F1:1.000 Test_F1:0.882  Val_F1:0.822  
2024-11-28 18:49:11,085 - /home/mayi/data/zzy/DIR-GNN/train/upfd_GCN.py[line:270] - INFO: Epoch [ 70/100]Train_ACC:1.000 Test_ACC:0.871  Val_ACC:0.837  Train_Pre:1.000 Test_Pre:0.938  Val_Pre:0.933  Train_Recall:1.000 Test_Recall:0.833  Val_Recall:0.735  Train_F1:1.000 Test_F1:0.882  Val_F1:0.822  
2024-11-28 18:49:11,164 - /home/mayi/data/zzy/DIR-GNN/train/upfd_GCN.py[line:270] - INFO: Epoch [ 71/100]Train_ACC:1.000 Test_ACC:0.871  Val_ACC:0.837  Train_Pre:1.000 Test_Pre:0.938  Val_Pre:0.933  Train_Recall:1.000 Test_Recall:0.833  Val_Recall:0.735  Train_F1:1.000 Test_F1:0.882  Val_F1:0.822  
2024-11-28 18:49:11,241 - /home/mayi/data/zzy/DIR-GNN/train/upfd_GCN.py[line:270] - INFO: Epoch [ 72/100]Train_ACC:1.000 Test_ACC:0.871  Val_ACC:0.837  Train_Pre:1.000 Test_Pre:0.938  Val_Pre:0.933  Train_Recall:1.000 Test_Recall:0.833  Val_Recall:0.735  Train_F1:1.000 Test_F1:0.882  Val_F1:0.822  
2024-11-28 18:49:11,319 - /home/mayi/data/zzy/DIR-GNN/train/upfd_GCN.py[line:270] - INFO: Epoch [ 73/100]Train_ACC:1.000 Test_ACC:0.871  Val_ACC:0.837  Train_Pre:1.000 Test_Pre:0.938  Val_Pre:0.933  Train_Recall:1.000 Test_Recall:0.833  Val_Recall:0.735  Train_F1:1.000 Test_F1:0.882  Val_F1:0.822  
2024-11-28 18:49:11,397 - /home/mayi/data/zzy/DIR-GNN/train/upfd_GCN.py[line:270] - INFO: Epoch [ 74/100]Train_ACC:1.000 Test_ACC:0.903  Val_ACC:0.837  Train_Pre:1.000 Test_Pre:0.941  Val_Pre:0.923  Train_Recall:1.000 Test_Recall:0.889  Val_Recall:0.743  Train_F1:1.000 Test_F1:0.914  Val_F1:0.824  
2024-11-28 18:49:11,476 - /home/mayi/data/zzy/DIR-GNN/train/upfd_GCN.py[line:270] - INFO: Epoch [ 75/100]Train_ACC:1.000 Test_ACC:0.903  Val_ACC:0.837  Train_Pre:1.000 Test_Pre:0.941  Val_Pre:0.923  Train_Recall:1.000 Test_Recall:0.889  Val_Recall:0.743  Train_F1:1.000 Test_F1:0.914  Val_F1:0.824  
2024-11-28 18:49:11,554 - /home/mayi/data/zzy/DIR-GNN/train/upfd_GCN.py[line:270] - INFO: Epoch [ 76/100]Train_ACC:1.000 Test_ACC:0.903  Val_ACC:0.837  Train_Pre:1.000 Test_Pre:0.941  Val_Pre:0.923  Train_Recall:1.000 Test_Recall:0.889  Val_Recall:0.743  Train_F1:1.000 Test_F1:0.914  Val_F1:0.824  
2024-11-28 18:49:11,632 - /home/mayi/data/zzy/DIR-GNN/train/upfd_GCN.py[line:270] - INFO: Epoch [ 77/100]Train_ACC:1.000 Test_ACC:0.903  Val_ACC:0.837  Train_Pre:1.000 Test_Pre:0.941  Val_Pre:0.923  Train_Recall:1.000 Test_Recall:0.889  Val_Recall:0.743  Train_F1:1.000 Test_F1:0.914  Val_F1:0.824  
2024-11-28 18:49:11,710 - /home/mayi/data/zzy/DIR-GNN/train/upfd_GCN.py[line:270] - INFO: Epoch [ 78/100]Train_ACC:1.000 Test_ACC:0.871  Val_ACC:0.837  Train_Pre:1.000 Test_Pre:0.938  Val_Pre:0.923  Train_Recall:1.000 Test_Recall:0.833  Val_Recall:0.743  Train_F1:1.000 Test_F1:0.882  Val_F1:0.824  
2024-11-28 18:49:11,788 - /home/mayi/data/zzy/DIR-GNN/train/upfd_GCN.py[line:270] - INFO: Epoch [ 79/100]Train_ACC:1.000 Test_ACC:0.871  Val_ACC:0.837  Train_Pre:1.000 Test_Pre:0.938  Val_Pre:0.933  Train_Recall:1.000 Test_Recall:0.833  Val_Recall:0.735  Train_F1:1.000 Test_F1:0.882  Val_F1:0.822  
2024-11-28 18:49:11,866 - /home/mayi/data/zzy/DIR-GNN/train/upfd_GCN.py[line:270] - INFO: Epoch [ 80/100]Train_ACC:1.000 Test_ACC:0.871  Val_ACC:0.833  Train_Pre:1.000 Test_Pre:0.938  Val_Pre:0.932  Train_Recall:1.000 Test_Recall:0.833  Val_Recall:0.726  Train_F1:1.000 Test_F1:0.882  Val_F1:0.816  
2024-11-28 18:49:11,944 - /home/mayi/data/zzy/DIR-GNN/train/upfd_GCN.py[line:270] - INFO: Epoch [ 81/100]Train_ACC:1.000 Test_ACC:0.871  Val_ACC:0.833  Train_Pre:1.000 Test_Pre:0.938  Val_Pre:0.932  Train_Recall:1.000 Test_Recall:0.833  Val_Recall:0.726  Train_F1:1.000 Test_F1:0.882  Val_F1:0.816  
2024-11-28 18:49:12,022 - /home/mayi/data/zzy/DIR-GNN/train/upfd_GCN.py[line:270] - INFO: Epoch [ 82/100]Train_ACC:1.000 Test_ACC:0.871  Val_ACC:0.833  Train_Pre:1.000 Test_Pre:0.938  Val_Pre:0.932  Train_Recall:1.000 Test_Recall:0.833  Val_Recall:0.726  Train_F1:1.000 Test_F1:0.882  Val_F1:0.816  
2024-11-28 18:49:12,100 - /home/mayi/data/zzy/DIR-GNN/train/upfd_GCN.py[line:270] - INFO: Epoch [ 83/100]Train_ACC:1.000 Test_ACC:0.871  Val_ACC:0.833  Train_Pre:1.000 Test_Pre:0.938  Val_Pre:0.922  Train_Recall:1.000 Test_Recall:0.833  Val_Recall:0.735  Train_F1:1.000 Test_F1:0.882  Val_F1:0.818  
2024-11-28 18:49:12,178 - /home/mayi/data/zzy/DIR-GNN/train/upfd_GCN.py[line:270] - INFO: Epoch [ 84/100]Train_ACC:1.000 Test_ACC:0.871  Val_ACC:0.833  Train_Pre:1.000 Test_Pre:0.938  Val_Pre:0.922  Train_Recall:1.000 Test_Recall:0.833  Val_Recall:0.735  Train_F1:1.000 Test_F1:0.882  Val_F1:0.818  
2024-11-28 18:49:12,256 - /home/mayi/data/zzy/DIR-GNN/train/upfd_GCN.py[line:270] - INFO: Epoch [ 85/100]Train_ACC:1.000 Test_ACC:0.903  Val_ACC:0.824  Train_Pre:1.000 Test_Pre:0.941  Val_Pre:0.902  Train_Recall:1.000 Test_Recall:0.889  Val_Recall:0.735  Train_F1:1.000 Test_F1:0.914  Val_F1:0.810  
2024-11-28 18:49:12,334 - /home/mayi/data/zzy/DIR-GNN/train/upfd_GCN.py[line:270] - INFO: Epoch [ 86/100]Train_ACC:1.000 Test_ACC:0.903  Val_ACC:0.819  Train_Pre:1.000 Test_Pre:0.941  Val_Pre:0.892  Train_Recall:1.000 Test_Recall:0.889  Val_Recall:0.735  Train_F1:1.000 Test_F1:0.914  Val_F1:0.806  
2024-11-28 18:49:12,412 - /home/mayi/data/zzy/DIR-GNN/train/upfd_GCN.py[line:270] - INFO: Epoch [ 87/100]Train_ACC:1.000 Test_ACC:0.903  Val_ACC:0.819  Train_Pre:1.000 Test_Pre:0.941  Val_Pre:0.892  Train_Recall:1.000 Test_Recall:0.889  Val_Recall:0.735  Train_F1:1.000 Test_F1:0.914  Val_F1:0.806  
2024-11-28 18:49:12,490 - /home/mayi/data/zzy/DIR-GNN/train/upfd_GCN.py[line:270] - INFO: Epoch [ 88/100]Train_ACC:1.000 Test_ACC:0.903  Val_ACC:0.819  Train_Pre:1.000 Test_Pre:0.941  Val_Pre:0.892  Train_Recall:1.000 Test_Recall:0.889  Val_Recall:0.735  Train_F1:1.000 Test_F1:0.914  Val_F1:0.806  
2024-11-28 18:49:12,568 - /home/mayi/data/zzy/DIR-GNN/train/upfd_GCN.py[line:270] - INFO: Epoch [ 89/100]Train_ACC:1.000 Test_ACC:0.903  Val_ACC:0.819  Train_Pre:1.000 Test_Pre:0.941  Val_Pre:0.892  Train_Recall:1.000 Test_Recall:0.889  Val_Recall:0.735  Train_F1:1.000 Test_F1:0.914  Val_F1:0.806  
2024-11-28 18:49:12,646 - /home/mayi/data/zzy/DIR-GNN/train/upfd_GCN.py[line:270] - INFO: Epoch [ 90/100]Train_ACC:1.000 Test_ACC:0.903  Val_ACC:0.828  Train_Pre:1.000 Test_Pre:0.941  Val_Pre:0.912  Train_Recall:1.000 Test_Recall:0.889  Val_Recall:0.735  Train_F1:1.000 Test_F1:0.914  Val_F1:0.814  
2024-11-28 18:49:12,725 - /home/mayi/data/zzy/DIR-GNN/train/upfd_GCN.py[line:270] - INFO: Epoch [ 91/100]Train_ACC:1.000 Test_ACC:0.871  Val_ACC:0.828  Train_Pre:1.000 Test_Pre:0.938  Val_Pre:0.912  Train_Recall:1.000 Test_Recall:0.833  Val_Recall:0.735  Train_F1:1.000 Test_F1:0.882  Val_F1:0.814  
2024-11-28 18:49:12,803 - /home/mayi/data/zzy/DIR-GNN/train/upfd_GCN.py[line:270] - INFO: Epoch [ 92/100]Train_ACC:1.000 Test_ACC:0.871  Val_ACC:0.828  Train_Pre:1.000 Test_Pre:0.938  Val_Pre:0.912  Train_Recall:1.000 Test_Recall:0.833  Val_Recall:0.735  Train_F1:1.000 Test_F1:0.882  Val_F1:0.814  
2024-11-28 18:49:12,881 - /home/mayi/data/zzy/DIR-GNN/train/upfd_GCN.py[line:270] - INFO: Epoch [ 93/100]Train_ACC:1.000 Test_ACC:0.871  Val_ACC:0.828  Train_Pre:1.000 Test_Pre:0.938  Val_Pre:0.912  Train_Recall:1.000 Test_Recall:0.833  Val_Recall:0.735  Train_F1:1.000 Test_F1:0.882  Val_F1:0.814  
2024-11-28 18:49:12,960 - /home/mayi/data/zzy/DIR-GNN/train/upfd_GCN.py[line:270] - INFO: Epoch [ 94/100]Train_ACC:1.000 Test_ACC:0.903  Val_ACC:0.819  Train_Pre:1.000 Test_Pre:0.941  Val_Pre:0.892  Train_Recall:1.000 Test_Recall:0.889  Val_Recall:0.735  Train_F1:1.000 Test_F1:0.914  Val_F1:0.806  
2024-11-28 18:49:13,038 - /home/mayi/data/zzy/DIR-GNN/train/upfd_GCN.py[line:270] - INFO: Epoch [ 95/100]Train_ACC:1.000 Test_ACC:0.903  Val_ACC:0.819  Train_Pre:1.000 Test_Pre:0.941  Val_Pre:0.892  Train_Recall:1.000 Test_Recall:0.889  Val_Recall:0.735  Train_F1:1.000 Test_F1:0.914  Val_F1:0.806  
2024-11-28 18:49:13,116 - /home/mayi/data/zzy/DIR-GNN/train/upfd_GCN.py[line:270] - INFO: Epoch [ 96/100]Train_ACC:1.000 Test_ACC:0.903  Val_ACC:0.819  Train_Pre:1.000 Test_Pre:0.941  Val_Pre:0.892  Train_Recall:1.000 Test_Recall:0.889  Val_Recall:0.735  Train_F1:1.000 Test_F1:0.914  Val_F1:0.806  
2024-11-28 18:49:13,195 - /home/mayi/data/zzy/DIR-GNN/train/upfd_GCN.py[line:270] - INFO: Epoch [ 97/100]Train_ACC:1.000 Test_ACC:0.903  Val_ACC:0.819  Train_Pre:1.000 Test_Pre:0.941  Val_Pre:0.892  Train_Recall:1.000 Test_Recall:0.889  Val_Recall:0.735  Train_F1:1.000 Test_F1:0.914  Val_F1:0.806  
2024-11-28 18:49:13,274 - /home/mayi/data/zzy/DIR-GNN/train/upfd_GCN.py[line:270] - INFO: Epoch [ 98/100]Train_ACC:1.000 Test_ACC:0.903  Val_ACC:0.819  Train_Pre:1.000 Test_Pre:0.941  Val_Pre:0.892  Train_Recall:1.000 Test_Recall:0.889  Val_Recall:0.735  Train_F1:1.000 Test_F1:0.914  Val_F1:0.806  
2024-11-28 18:49:13,353 - /home/mayi/data/zzy/DIR-GNN/train/upfd_GCN.py[line:270] - INFO: Epoch [ 99/100]Train_ACC:1.000 Test_ACC:0.903  Val_ACC:0.819  Train_Pre:1.000 Test_Pre:0.941  Val_Pre:0.892  Train_Recall:1.000 Test_Recall:0.889  Val_Recall:0.735  Train_F1:1.000 Test_F1:0.914  Val_F1:0.806  
2024-11-28 18:49:13,353 - /home/mayi/data/zzy/DIR-GNN/train/upfd_GCN.py[line:317] - INFO: ====================================================================================================
2024-11-28 18:49:13,353 - /home/mayi/data/zzy/DIR-GNN/train/upfd_GCN.py[line:172] - INFO: Seed:  5
2024-11-28 18:49:13,355 - /home/mayi/data/zzy/DIR-GNN/train/upfd_GCN.py[line:239] - INFO: # Train: 62  #Test: 221.0 #Val: 31
2024-11-28 18:49:13,434 - /home/mayi/data/zzy/DIR-GNN/train/upfd_GCN.py[line:270] - INFO: Epoch [  0/100]Train_ACC:0.468 Test_ACC:0.613  Val_ACC:0.548  Train_Pre:0.441 Test_Pre:0.607  Val_Pre:0.532  Train_Recall:1.000 Test_Recall:0.944  Val_Recall:0.956  Train_F1:0.612 Test_F1:0.739  Val_F1:0.684  
2024-11-28 18:49:13,512 - /home/mayi/data/zzy/DIR-GNN/train/upfd_GCN.py[line:270] - INFO: Epoch [  1/100]Train_ACC:0.565 Test_ACC:0.516  Val_ACC:0.570  Train_Pre:0.474 Test_Pre:0.615  Val_Pre:0.592  Train_Recall:0.346 Test_Recall:0.444  Val_Recall:0.513  Train_F1:0.400 Test_F1:0.516  Val_F1:0.550  
/home/mayi/anaconda3/envs/zzy_DIR/lib/python3.9/site-packages/sklearn/metrics/_classification.py:1517: UndefinedMetricWarning: Precision is ill-defined and being set to 0.0 due to no predicted samples. Use `zero_division` parameter to control this behavior.
  _warn_prf(average, modifier, f"{metric.capitalize()} is", len(result))
/home/mayi/anaconda3/envs/zzy_DIR/lib/python3.9/site-packages/sklearn/metrics/_classification.py:1517: UndefinedMetricWarning: Precision is ill-defined and being set to 0.0 due to no predicted samples. Use `zero_division` parameter to control this behavior.
  _warn_prf(average, modifier, f"{metric.capitalize()} is", len(result))
2024-11-28 18:49:13,591 - /home/mayi/data/zzy/DIR-GNN/train/upfd_GCN.py[line:270] - INFO: Epoch [  2/100]Train_ACC:0.581 Test_ACC:0.419  Val_ACC:0.484  Train_Pre:0.000 Test_Pre:0.000  Val_Pre:0.000  Train_Recall:0.000 Test_Recall:0.000  Val_Recall:0.000  Train_F1:0.000 Test_F1:0.000  Val_F1:0.000  
/home/mayi/anaconda3/envs/zzy_DIR/lib/python3.9/site-packages/sklearn/metrics/_classification.py:1517: UndefinedMetricWarning: Precision is ill-defined and being set to 0.0 due to no predicted samples. Use `zero_division` parameter to control this behavior.
  _warn_prf(average, modifier, f"{metric.capitalize()} is", len(result))
/home/mayi/anaconda3/envs/zzy_DIR/lib/python3.9/site-packages/sklearn/metrics/_classification.py:1517: UndefinedMetricWarning: Precision is ill-defined and being set to 0.0 due to no predicted samples. Use `zero_division` parameter to control this behavior.
  _warn_prf(average, modifier, f"{metric.capitalize()} is", len(result))
/home/mayi/anaconda3/envs/zzy_DIR/lib/python3.9/site-packages/sklearn/metrics/_classification.py:1517: UndefinedMetricWarning: Precision is ill-defined and being set to 0.0 due to no predicted samples. Use `zero_division` parameter to control this behavior.
  _warn_prf(average, modifier, f"{metric.capitalize()} is", len(result))
2024-11-28 18:49:13,669 - /home/mayi/data/zzy/DIR-GNN/train/upfd_GCN.py[line:270] - INFO: Epoch [  3/100]Train_ACC:0.581 Test_ACC:0.419  Val_ACC:0.489  Train_Pre:0.000 Test_Pre:0.000  Val_Pre:0.000  Train_Recall:0.000 Test_Recall:0.000  Val_Recall:0.000  Train_F1:0.000 Test_F1:0.000  Val_F1:0.000  
/home/mayi/anaconda3/envs/zzy_DIR/lib/python3.9/site-packages/sklearn/metrics/_classification.py:1517: UndefinedMetricWarning: Precision is ill-defined and being set to 0.0 due to no predicted samples. Use `zero_division` parameter to control this behavior.
  _warn_prf(average, modifier, f"{metric.capitalize()} is", len(result))
/home/mayi/anaconda3/envs/zzy_DIR/lib/python3.9/site-packages/sklearn/metrics/_classification.py:1517: UndefinedMetricWarning: Precision is ill-defined and being set to 0.0 due to no predicted samples. Use `zero_division` parameter to control this behavior.
  _warn_prf(average, modifier, f"{metric.capitalize()} is", len(result))
/home/mayi/anaconda3/envs/zzy_DIR/lib/python3.9/site-packages/sklearn/metrics/_classification.py:1517: UndefinedMetricWarning: Precision is ill-defined and being set to 0.0 due to no predicted samples. Use `zero_division` parameter to control this behavior.
  _warn_prf(average, modifier, f"{metric.capitalize()} is", len(result))
2024-11-28 18:49:13,748 - /home/mayi/data/zzy/DIR-GNN/train/upfd_GCN.py[line:270] - INFO: Epoch [  4/100]Train_ACC:0.581 Test_ACC:0.419  Val_ACC:0.489  Train_Pre:0.000 Test_Pre:0.000  Val_Pre:0.000  Train_Recall:0.000 Test_Recall:0.000  Val_Recall:0.000  Train_F1:0.000 Test_F1:0.000  Val_F1:0.000  
/home/mayi/anaconda3/envs/zzy_DIR/lib/python3.9/site-packages/sklearn/metrics/_classification.py:1517: UndefinedMetricWarning: Precision is ill-defined and being set to 0.0 due to no predicted samples. Use `zero_division` parameter to control this behavior.
  _warn_prf(average, modifier, f"{metric.capitalize()} is", len(result))
/home/mayi/anaconda3/envs/zzy_DIR/lib/python3.9/site-packages/sklearn/metrics/_classification.py:1517: UndefinedMetricWarning: Precision is ill-defined and being set to 0.0 due to no predicted samples. Use `zero_division` parameter to control this behavior.
  _warn_prf(average, modifier, f"{metric.capitalize()} is", len(result))
/home/mayi/anaconda3/envs/zzy_DIR/lib/python3.9/site-packages/sklearn/metrics/_classification.py:1517: UndefinedMetricWarning: Precision is ill-defined and being set to 0.0 due to no predicted samples. Use `zero_division` parameter to control this behavior.
  _warn_prf(average, modifier, f"{metric.capitalize()} is", len(result))
2024-11-28 18:49:13,827 - /home/mayi/data/zzy/DIR-GNN/train/upfd_GCN.py[line:270] - INFO: Epoch [  5/100]Train_ACC:0.581 Test_ACC:0.419  Val_ACC:0.489  Train_Pre:0.000 Test_Pre:0.000  Val_Pre:0.000  Train_Recall:0.000 Test_Recall:0.000  Val_Recall:0.000  Train_F1:0.000 Test_F1:0.000  Val_F1:0.000  
/home/mayi/anaconda3/envs/zzy_DIR/lib/python3.9/site-packages/sklearn/metrics/_classification.py:1517: UndefinedMetricWarning: Precision is ill-defined and being set to 0.0 due to no predicted samples. Use `zero_division` parameter to control this behavior.
  _warn_prf(average, modifier, f"{metric.capitalize()} is", len(result))
/home/mayi/anaconda3/envs/zzy_DIR/lib/python3.9/site-packages/sklearn/metrics/_classification.py:1517: UndefinedMetricWarning: Precision is ill-defined and being set to 0.0 due to no predicted samples. Use `zero_division` parameter to control this behavior.
  _warn_prf(average, modifier, f"{metric.capitalize()} is", len(result))
/home/mayi/anaconda3/envs/zzy_DIR/lib/python3.9/site-packages/sklearn/metrics/_classification.py:1517: UndefinedMetricWarning: Precision is ill-defined and being set to 0.0 due to no predicted samples. Use `zero_division` parameter to control this behavior.
  _warn_prf(average, modifier, f"{metric.capitalize()} is", len(result))
2024-11-28 18:49:13,905 - /home/mayi/data/zzy/DIR-GNN/train/upfd_GCN.py[line:270] - INFO: Epoch [  6/100]Train_ACC:0.581 Test_ACC:0.419  Val_ACC:0.489  Train_Pre:0.000 Test_Pre:0.000  Val_Pre:0.000  Train_Recall:0.000 Test_Recall:0.000  Val_Recall:0.000  Train_F1:0.000 Test_F1:0.000  Val_F1:0.000  
/home/mayi/anaconda3/envs/zzy_DIR/lib/python3.9/site-packages/sklearn/metrics/_classification.py:1517: UndefinedMetricWarning: Precision is ill-defined and being set to 0.0 due to no predicted samples. Use `zero_division` parameter to control this behavior.
  _warn_prf(average, modifier, f"{metric.capitalize()} is", len(result))
/home/mayi/anaconda3/envs/zzy_DIR/lib/python3.9/site-packages/sklearn/metrics/_classification.py:1517: UndefinedMetricWarning: Precision is ill-defined and being set to 0.0 due to no predicted samples. Use `zero_division` parameter to control this behavior.
  _warn_prf(average, modifier, f"{metric.capitalize()} is", len(result))
/home/mayi/anaconda3/envs/zzy_DIR/lib/python3.9/site-packages/sklearn/metrics/_classification.py:1517: UndefinedMetricWarning: Precision is ill-defined and being set to 0.0 due to no predicted samples. Use `zero_division` parameter to control this behavior.
  _warn_prf(average, modifier, f"{metric.capitalize()} is", len(result))
2024-11-28 18:49:13,984 - /home/mayi/data/zzy/DIR-GNN/train/upfd_GCN.py[line:270] - INFO: Epoch [  7/100]Train_ACC:0.581 Test_ACC:0.419  Val_ACC:0.489  Train_Pre:0.000 Test_Pre:0.000  Val_Pre:0.000  Train_Recall:0.000 Test_Recall:0.000  Val_Recall:0.000  Train_F1:0.000 Test_F1:0.000  Val_F1:0.000  
/home/mayi/anaconda3/envs/zzy_DIR/lib/python3.9/site-packages/sklearn/metrics/_classification.py:1517: UndefinedMetricWarning: Precision is ill-defined and being set to 0.0 due to no predicted samples. Use `zero_division` parameter to control this behavior.
  _warn_prf(average, modifier, f"{metric.capitalize()} is", len(result))
/home/mayi/anaconda3/envs/zzy_DIR/lib/python3.9/site-packages/sklearn/metrics/_classification.py:1517: UndefinedMetricWarning: Precision is ill-defined and being set to 0.0 due to no predicted samples. Use `zero_division` parameter to control this behavior.
  _warn_prf(average, modifier, f"{metric.capitalize()} is", len(result))
/home/mayi/anaconda3/envs/zzy_DIR/lib/python3.9/site-packages/sklearn/metrics/_classification.py:1517: UndefinedMetricWarning: Precision is ill-defined and being set to 0.0 due to no predicted samples. Use `zero_division` parameter to control this behavior.
  _warn_prf(average, modifier, f"{metric.capitalize()} is", len(result))
2024-11-28 18:49:14,062 - /home/mayi/data/zzy/DIR-GNN/train/upfd_GCN.py[line:270] - INFO: Epoch [  8/100]Train_ACC:0.581 Test_ACC:0.419  Val_ACC:0.489  Train_Pre:0.000 Test_Pre:0.000  Val_Pre:0.000  Train_Recall:0.000 Test_Recall:0.000  Val_Recall:0.000  Train_F1:0.000 Test_F1:0.000  Val_F1:0.000  
/home/mayi/anaconda3/envs/zzy_DIR/lib/python3.9/site-packages/sklearn/metrics/_classification.py:1517: UndefinedMetricWarning: Precision is ill-defined and being set to 0.0 due to no predicted samples. Use `zero_division` parameter to control this behavior.
  _warn_prf(average, modifier, f"{metric.capitalize()} is", len(result))
/home/mayi/anaconda3/envs/zzy_DIR/lib/python3.9/site-packages/sklearn/metrics/_classification.py:1517: UndefinedMetricWarning: Precision is ill-defined and being set to 0.0 due to no predicted samples. Use `zero_division` parameter to control this behavior.
  _warn_prf(average, modifier, f"{metric.capitalize()} is", len(result))
/home/mayi/anaconda3/envs/zzy_DIR/lib/python3.9/site-packages/sklearn/metrics/_classification.py:1517: UndefinedMetricWarning: Precision is ill-defined and being set to 0.0 due to no predicted samples. Use `zero_division` parameter to control this behavior.
  _warn_prf(average, modifier, f"{metric.capitalize()} is", len(result))
2024-11-28 18:49:14,140 - /home/mayi/data/zzy/DIR-GNN/train/upfd_GCN.py[line:270] - INFO: Epoch [  9/100]Train_ACC:0.581 Test_ACC:0.419  Val_ACC:0.489  Train_Pre:0.000 Test_Pre:0.000  Val_Pre:0.000  Train_Recall:0.000 Test_Recall:0.000  Val_Recall:0.000  Train_F1:0.000 Test_F1:0.000  Val_F1:0.000  
/home/mayi/anaconda3/envs/zzy_DIR/lib/python3.9/site-packages/sklearn/metrics/_classification.py:1517: UndefinedMetricWarning: Precision is ill-defined and being set to 0.0 due to no predicted samples. Use `zero_division` parameter to control this behavior.
  _warn_prf(average, modifier, f"{metric.capitalize()} is", len(result))
2024-11-28 18:49:14,218 - /home/mayi/data/zzy/DIR-GNN/train/upfd_GCN.py[line:270] - INFO: Epoch [ 10/100]Train_ACC:0.597 Test_ACC:0.419  Val_ACC:0.502  Train_Pre:1.000 Test_Pre:0.000  Val_Pre:0.714  Train_Recall:0.038 Test_Recall:0.000  Val_Recall:0.044  Train_F1:0.074 Test_F1:0.000  Val_F1:0.083  
/home/mayi/anaconda3/envs/zzy_DIR/lib/python3.9/site-packages/sklearn/metrics/_classification.py:1517: UndefinedMetricWarning: Precision is ill-defined and being set to 0.0 due to no predicted samples. Use `zero_division` parameter to control this behavior.
  _warn_prf(average, modifier, f"{metric.capitalize()} is", len(result))
2024-11-28 18:49:14,296 - /home/mayi/data/zzy/DIR-GNN/train/upfd_GCN.py[line:270] - INFO: Epoch [ 11/100]Train_ACC:0.613 Test_ACC:0.419  Val_ACC:0.516  Train_Pre:1.000 Test_Pre:0.000  Val_Pre:0.714  Train_Recall:0.077 Test_Recall:0.000  Val_Recall:0.088  Train_F1:0.143 Test_F1:0.000  Val_F1:0.157  
/home/mayi/anaconda3/envs/zzy_DIR/lib/python3.9/site-packages/sklearn/metrics/_classification.py:1517: UndefinedMetricWarning: Precision is ill-defined and being set to 0.0 due to no predicted samples. Use `zero_division` parameter to control this behavior.
  _warn_prf(average, modifier, f"{metric.capitalize()} is", len(result))
2024-11-28 18:49:14,374 - /home/mayi/data/zzy/DIR-GNN/train/upfd_GCN.py[line:270] - INFO: Epoch [ 12/100]Train_ACC:0.613 Test_ACC:0.419  Val_ACC:0.520  Train_Pre:0.750 Test_Pre:0.000  Val_Pre:0.684  Train_Recall:0.115 Test_Recall:0.000  Val_Recall:0.115  Train_F1:0.200 Test_F1:0.000  Val_F1:0.197  
/home/mayi/anaconda3/envs/zzy_DIR/lib/python3.9/site-packages/sklearn/metrics/_classification.py:1517: UndefinedMetricWarning: Precision is ill-defined and being set to 0.0 due to no predicted samples. Use `zero_division` parameter to control this behavior.
  _warn_prf(average, modifier, f"{metric.capitalize()} is", len(result))
2024-11-28 18:49:14,452 - /home/mayi/data/zzy/DIR-GNN/train/upfd_GCN.py[line:270] - INFO: Epoch [ 13/100]Train_ACC:0.629 Test_ACC:0.419  Val_ACC:0.534  Train_Pre:0.800 Test_Pre:0.000  Val_Pre:0.727  Train_Recall:0.154 Test_Recall:0.000  Val_Recall:0.142  Train_F1:0.258 Test_F1:0.000  Val_F1:0.237  
/home/mayi/anaconda3/envs/zzy_DIR/lib/python3.9/site-packages/sklearn/metrics/_classification.py:1517: UndefinedMetricWarning: Precision is ill-defined and being set to 0.0 due to no predicted samples. Use `zero_division` parameter to control this behavior.
  _warn_prf(average, modifier, f"{metric.capitalize()} is", len(result))
2024-11-28 18:49:14,531 - /home/mayi/data/zzy/DIR-GNN/train/upfd_GCN.py[line:270] - INFO: Epoch [ 14/100]Train_ACC:0.645 Test_ACC:0.419  Val_ACC:0.548  Train_Pre:1.000 Test_Pre:0.000  Val_Pre:0.760  Train_Recall:0.154 Test_Recall:0.000  Val_Recall:0.168  Train_F1:0.267 Test_F1:0.000  Val_F1:0.275  
/home/mayi/anaconda3/envs/zzy_DIR/lib/python3.9/site-packages/sklearn/metrics/_classification.py:1517: UndefinedMetricWarning: Precision is ill-defined and being set to 0.0 due to no predicted samples. Use `zero_division` parameter to control this behavior.
  _warn_prf(average, modifier, f"{metric.capitalize()} is", len(result))
2024-11-28 18:49:14,609 - /home/mayi/data/zzy/DIR-GNN/train/upfd_GCN.py[line:270] - INFO: Epoch [ 15/100]Train_ACC:0.661 Test_ACC:0.419  Val_ACC:0.548  Train_Pre:1.000 Test_Pre:0.000  Val_Pre:0.741  Train_Recall:0.192 Test_Recall:0.000  Val_Recall:0.177  Train_F1:0.323 Test_F1:0.000  Val_F1:0.286  
2024-11-28 18:49:14,686 - /home/mayi/data/zzy/DIR-GNN/train/upfd_GCN.py[line:270] - INFO: Epoch [ 16/100]Train_ACC:0.677 Test_ACC:0.484  Val_ACC:0.566  Train_Pre:1.000 Test_Pre:1.000  Val_Pre:0.774  Train_Recall:0.231 Test_Recall:0.111  Val_Recall:0.212  Train_F1:0.375 Test_F1:0.200  Val_F1:0.333  
2024-11-28 18:49:14,765 - /home/mayi/data/zzy/DIR-GNN/train/upfd_GCN.py[line:270] - INFO: Epoch [ 17/100]Train_ACC:0.645 Test_ACC:0.452  Val_ACC:0.561  Train_Pre:1.000 Test_Pre:1.000  Val_Pre:0.767  Train_Recall:0.154 Test_Recall:0.056  Val_Recall:0.204  Train_F1:0.267 Test_F1:0.105  Val_F1:0.322  
2024-11-28 18:49:14,843 - /home/mayi/data/zzy/DIR-GNN/train/upfd_GCN.py[line:270] - INFO: Epoch [ 18/100]Train_ACC:0.661 Test_ACC:0.484  Val_ACC:0.588  Train_Pre:1.000 Test_Pre:1.000  Val_Pre:0.789  Train_Recall:0.192 Test_Recall:0.111  Val_Recall:0.265  Train_F1:0.323 Test_F1:0.200  Val_F1:0.397  
2024-11-28 18:49:14,921 - /home/mayi/data/zzy/DIR-GNN/train/upfd_GCN.py[line:270] - INFO: Epoch [ 19/100]Train_ACC:0.645 Test_ACC:0.452  Val_ACC:0.575  Train_Pre:1.000 Test_Pre:1.000  Val_Pre:0.852  Train_Recall:0.154 Test_Recall:0.056  Val_Recall:0.204  Train_F1:0.267 Test_F1:0.105  Val_F1:0.329  
2024-11-28 18:49:14,999 - /home/mayi/data/zzy/DIR-GNN/train/upfd_GCN.py[line:270] - INFO: Epoch [ 20/100]Train_ACC:0.661 Test_ACC:0.452  Val_ACC:0.615  Train_Pre:1.000 Test_Pre:0.667  Val_Pre:0.818  Train_Recall:0.192 Test_Recall:0.111  Val_Recall:0.319  Train_F1:0.323 Test_F1:0.190  Val_F1:0.459  
2024-11-28 18:49:15,077 - /home/mayi/data/zzy/DIR-GNN/train/upfd_GCN.py[line:270] - INFO: Epoch [ 21/100]Train_ACC:0.677 Test_ACC:0.484  Val_ACC:0.606  Train_Pre:1.000 Test_Pre:1.000  Val_Pre:0.842  Train_Recall:0.231 Test_Recall:0.111  Val_Recall:0.283  Train_F1:0.375 Test_F1:0.200  Val_F1:0.424  
2024-11-28 18:49:15,154 - /home/mayi/data/zzy/DIR-GNN/train/upfd_GCN.py[line:270] - INFO: Epoch [ 22/100]Train_ACC:0.694 Test_ACC:0.452  Val_ACC:0.606  Train_Pre:1.000 Test_Pre:1.000  Val_Pre:0.906  Train_Recall:0.269 Test_Recall:0.056  Val_Recall:0.257  Train_F1:0.424 Test_F1:0.105  Val_F1:0.400  
2024-11-28 18:49:15,231 - /home/mayi/data/zzy/DIR-GNN/train/upfd_GCN.py[line:270] - INFO: Epoch [ 23/100]Train_ACC:0.694 Test_ACC:0.452  Val_ACC:0.638  Train_Pre:1.000 Test_Pre:1.000  Val_Pre:0.946  Train_Recall:0.269 Test_Recall:0.056  Val_Recall:0.310  Train_F1:0.424 Test_F1:0.105  Val_F1:0.467  
2024-11-28 18:49:15,309 - /home/mayi/data/zzy/DIR-GNN/train/upfd_GCN.py[line:270] - INFO: Epoch [ 24/100]Train_ACC:0.774 Test_ACC:0.613  Val_ACC:0.670  Train_Pre:0.929 Test_Pre:0.750  Val_Pre:0.756  Train_Recall:0.500 Test_Recall:0.500  Val_Recall:0.522  Train_F1:0.650 Test_F1:0.600  Val_F1:0.618  
2024-11-28 18:49:15,387 - /home/mayi/data/zzy/DIR-GNN/train/upfd_GCN.py[line:270] - INFO: Epoch [ 25/100]Train_ACC:0.790 Test_ACC:0.645  Val_ACC:0.706  Train_Pre:0.933 Test_Pre:1.000  Val_Pre:0.914  Train_Recall:0.538 Test_Recall:0.389  Val_Recall:0.469  Train_F1:0.683 Test_F1:0.560  Val_F1:0.620  
2024-11-28 18:49:15,465 - /home/mayi/data/zzy/DIR-GNN/train/upfd_GCN.py[line:270] - INFO: Epoch [ 26/100]Train_ACC:0.806 Test_ACC:0.613  Val_ACC:0.674  Train_Pre:0.938 Test_Pre:1.000  Val_Pre:0.918  Train_Recall:0.577 Test_Recall:0.333  Val_Recall:0.398  Train_F1:0.714 Test_F1:0.500  Val_F1:0.556  
2024-11-28 18:49:15,542 - /home/mayi/data/zzy/DIR-GNN/train/upfd_GCN.py[line:270] - INFO: Epoch [ 27/100]Train_ACC:0.823 Test_ACC:0.645  Val_ACC:0.738  Train_Pre:0.895 Test_Pre:0.733  Val_Pre:0.867  Train_Recall:0.654 Test_Recall:0.611  Val_Recall:0.575  Train_F1:0.756 Test_F1:0.667  Val_F1:0.691  
2024-11-28 18:49:15,620 - /home/mayi/data/zzy/DIR-GNN/train/upfd_GCN.py[line:270] - INFO: Epoch [ 28/100]Train_ACC:0.823 Test_ACC:0.645  Val_ACC:0.738  Train_Pre:0.826 Test_Pre:0.684  Val_Pre:0.767  Train_Recall:0.731 Test_Recall:0.722  Val_Recall:0.699  Train_F1:0.776 Test_F1:0.703  Val_F1:0.731  
2024-11-28 18:49:15,697 - /home/mayi/data/zzy/DIR-GNN/train/upfd_GCN.py[line:270] - INFO: Epoch [ 29/100]Train_ACC:0.855 Test_ACC:0.645  Val_ACC:0.729  Train_Pre:0.947 Test_Pre:0.733  Val_Pre:0.863  Train_Recall:0.692 Test_Recall:0.611  Val_Recall:0.558  Train_F1:0.800 Test_F1:0.667  Val_F1:0.677  
2024-11-28 18:49:15,776 - /home/mayi/data/zzy/DIR-GNN/train/upfd_GCN.py[line:270] - INFO: Epoch [ 30/100]Train_ACC:0.823 Test_ACC:0.677  Val_ACC:0.710  Train_Pre:1.000 Test_Pre:1.000  Val_Pre:0.945  Train_Recall:0.577 Test_Recall:0.444  Val_Recall:0.460  Train_F1:0.732 Test_F1:0.615  Val_F1:0.619  
2024-11-28 18:49:15,853 - /home/mayi/data/zzy/DIR-GNN/train/upfd_GCN.py[line:270] - INFO: Epoch [ 31/100]Train_ACC:0.839 Test_ACC:0.645  Val_ACC:0.719  Train_Pre:1.000 Test_Pre:0.818  Val_Pre:0.918  Train_Recall:0.615 Test_Recall:0.500  Val_Recall:0.496  Train_F1:0.762 Test_F1:0.621  Val_F1:0.644  
2024-11-28 18:49:15,932 - /home/mayi/data/zzy/DIR-GNN/train/upfd_GCN.py[line:270] - INFO: Epoch [ 32/100]Train_ACC:0.839 Test_ACC:0.710  Val_ACC:0.738  Train_Pre:0.944 Test_Pre:0.765  Val_Pre:0.840  Train_Recall:0.654 Test_Recall:0.722  Val_Recall:0.602  Train_F1:0.773 Test_F1:0.743  Val_F1:0.701  
2024-11-28 18:49:16,009 - /home/mayi/data/zzy/DIR-GNN/train/upfd_GCN.py[line:270] - INFO: Epoch [ 33/100]Train_ACC:0.839 Test_ACC:0.677  Val_ACC:0.733  Train_Pre:0.900 Test_Pre:0.722  Val_Pre:0.787  Train_Recall:0.692 Test_Recall:0.722  Val_Recall:0.655  Train_F1:0.783 Test_F1:0.722  Val_F1:0.715  
2024-11-28 18:49:16,088 - /home/mayi/data/zzy/DIR-GNN/train/upfd_GCN.py[line:270] - INFO: Epoch [ 34/100]Train_ACC:0.823 Test_ACC:0.645  Val_ACC:0.688  Train_Pre:1.000 Test_Pre:1.000  Val_Pre:0.958  Train_Recall:0.577 Test_Recall:0.389  Val_Recall:0.407  Train_F1:0.732 Test_F1:0.560  Val_F1:0.571  
2024-11-28 18:49:16,166 - /home/mayi/data/zzy/DIR-GNN/train/upfd_GCN.py[line:270] - INFO: Epoch [ 35/100]Train_ACC:0.790 Test_ACC:0.516  Val_ACC:0.670  Train_Pre:1.000 Test_Pre:1.000  Val_Pre:0.976  Train_Recall:0.500 Test_Recall:0.167  Val_Recall:0.363  Train_F1:0.667 Test_F1:0.286  Val_F1:0.529  
2024-11-28 18:49:16,244 - /home/mayi/data/zzy/DIR-GNN/train/upfd_GCN.py[line:270] - INFO: Epoch [ 36/100]Train_ACC:0.855 Test_ACC:0.677  Val_ACC:0.769  Train_Pre:0.905 Test_Pre:0.750  Val_Pre:0.837  Train_Recall:0.731 Test_Recall:0.667  Val_Recall:0.681  Train_F1:0.809 Test_F1:0.706  Val_F1:0.751  
2024-11-28 18:49:16,322 - /home/mayi/data/zzy/DIR-GNN/train/upfd_GCN.py[line:270] - INFO: Epoch [ 37/100]Train_ACC:0.855 Test_ACC:0.677  Val_ACC:0.719  Train_Pre:0.793 Test_Pre:0.682  Val_Pre:0.695  Train_Recall:0.885 Test_Recall:0.833  Val_Recall:0.805  Train_F1:0.836 Test_F1:0.750  Val_F1:0.746  
2024-11-28 18:49:16,400 - /home/mayi/data/zzy/DIR-GNN/train/upfd_GCN.py[line:270] - INFO: Epoch [ 38/100]Train_ACC:0.887 Test_ACC:0.710  Val_ACC:0.706  Train_Pre:1.000 Test_Pre:0.909  Val_Pre:0.929  Train_Recall:0.731 Test_Recall:0.556  Val_Recall:0.460  Train_F1:0.844 Test_F1:0.690  Val_F1:0.615  
/home/mayi/anaconda3/envs/zzy_DIR/lib/python3.9/site-packages/sklearn/metrics/_classification.py:1517: UndefinedMetricWarning: Precision is ill-defined and being set to 0.0 due to no predicted samples. Use `zero_division` parameter to control this behavior.
  _warn_prf(average, modifier, f"{metric.capitalize()} is", len(result))
2024-11-28 18:49:16,478 - /home/mayi/data/zzy/DIR-GNN/train/upfd_GCN.py[line:270] - INFO: Epoch [ 39/100]Train_ACC:0.613 Test_ACC:0.419  Val_ACC:0.588  Train_Pre:1.000 Test_Pre:0.000  Val_Pre:1.000  Train_Recall:0.077 Test_Recall:0.000  Val_Recall:0.195  Train_F1:0.143 Test_F1:0.000  Val_F1:0.326  
2024-11-28 18:49:16,556 - /home/mayi/data/zzy/DIR-GNN/train/upfd_GCN.py[line:270] - INFO: Epoch [ 40/100]Train_ACC:0.871 Test_ACC:0.613  Val_ACC:0.710  Train_Pre:1.000 Test_Pre:0.875  Val_Pre:0.915  Train_Recall:0.692 Test_Recall:0.389  Val_Recall:0.478  Train_F1:0.818 Test_F1:0.538  Val_F1:0.628  
2024-11-28 18:49:16,634 - /home/mayi/data/zzy/DIR-GNN/train/upfd_GCN.py[line:270] - INFO: Epoch [ 41/100]Train_ACC:0.903 Test_ACC:0.677  Val_ACC:0.733  Train_Pre:0.917 Test_Pre:0.700  Val_Pre:0.745  Train_Recall:0.846 Test_Recall:0.778  Val_Recall:0.726  Train_F1:0.880 Test_F1:0.737  Val_F1:0.735  
2024-11-28 18:49:16,711 - /home/mayi/data/zzy/DIR-GNN/train/upfd_GCN.py[line:270] - INFO: Epoch [ 42/100]Train_ACC:0.806 Test_ACC:0.677  Val_ACC:0.701  Train_Pre:0.706 Test_Pre:0.682  Val_Pre:0.672  Train_Recall:0.923 Test_Recall:0.833  Val_Recall:0.814  Train_F1:0.800 Test_F1:0.750  Val_F1:0.736  
2024-11-28 18:49:16,789 - /home/mayi/data/zzy/DIR-GNN/train/upfd_GCN.py[line:270] - INFO: Epoch [ 43/100]Train_ACC:0.823 Test_ACC:0.645  Val_ACC:0.701  Train_Pre:0.727 Test_Pre:0.667  Val_Pre:0.677  Train_Recall:0.923 Test_Recall:0.778  Val_Recall:0.796  Train_F1:0.814 Test_F1:0.718  Val_F1:0.732  
2024-11-28 18:49:16,866 - /home/mayi/data/zzy/DIR-GNN/train/upfd_GCN.py[line:270] - INFO: Epoch [ 44/100]Train_ACC:0.903 Test_ACC:0.677  Val_ACC:0.719  Train_Pre:0.917 Test_Pre:0.700  Val_Pre:0.726  Train_Recall:0.846 Test_Recall:0.778  Val_Recall:0.726  Train_F1:0.880 Test_F1:0.737  Val_F1:0.726  
2024-11-28 18:49:16,944 - /home/mayi/data/zzy/DIR-GNN/train/upfd_GCN.py[line:270] - INFO: Epoch [ 45/100]Train_ACC:0.903 Test_ACC:0.677  Val_ACC:0.729  Train_Pre:1.000 Test_Pre:0.833  Val_Pre:0.835  Train_Recall:0.769 Test_Recall:0.556  Val_Recall:0.584  Train_F1:0.870 Test_F1:0.667  Val_F1:0.688  
2024-11-28 18:49:17,023 - /home/mayi/data/zzy/DIR-GNN/train/upfd_GCN.py[line:270] - INFO: Epoch [ 46/100]Train_ACC:0.839 Test_ACC:0.548  Val_ACC:0.710  Train_Pre:1.000 Test_Pre:0.833  Val_Pre:0.930  Train_Recall:0.615 Test_Recall:0.278  Val_Recall:0.469  Train_F1:0.762 Test_F1:0.417  Val_F1:0.624  
2024-11-28 18:49:17,101 - /home/mayi/data/zzy/DIR-GNN/train/upfd_GCN.py[line:270] - INFO: Epoch [ 47/100]Train_ACC:0.806 Test_ACC:0.516  Val_ACC:0.652  Train_Pre:1.000 Test_Pre:1.000  Val_Pre:0.929  Train_Recall:0.538 Test_Recall:0.167  Val_Recall:0.345  Train_F1:0.700 Test_F1:0.286  Val_F1:0.503  
2024-11-28 18:49:17,179 - /home/mayi/data/zzy/DIR-GNN/train/upfd_GCN.py[line:270] - INFO: Epoch [ 48/100]Train_ACC:0.774 Test_ACC:0.516  Val_ACC:0.647  Train_Pre:1.000 Test_Pre:1.000  Val_Pre:0.949  Train_Recall:0.462 Test_Recall:0.167  Val_Recall:0.327  Train_F1:0.632 Test_F1:0.286  Val_F1:0.487  
2024-11-28 18:49:17,257 - /home/mayi/data/zzy/DIR-GNN/train/upfd_GCN.py[line:270] - INFO: Epoch [ 49/100]Train_ACC:0.790 Test_ACC:0.516  Val_ACC:0.661  Train_Pre:1.000 Test_Pre:1.000  Val_Pre:0.952  Train_Recall:0.500 Test_Recall:0.167  Val_Recall:0.354  Train_F1:0.667 Test_F1:0.286  Val_F1:0.516  
2024-11-28 18:49:17,335 - /home/mayi/data/zzy/DIR-GNN/train/upfd_GCN.py[line:270] - INFO: Epoch [ 50/100]Train_ACC:0.887 Test_ACC:0.613  Val_ACC:0.679  Train_Pre:1.000 Test_Pre:1.000  Val_Pre:0.938  Train_Recall:0.731 Test_Recall:0.333  Val_Recall:0.398  Train_F1:0.844 Test_F1:0.500  Val_F1:0.559  
2024-11-28 18:49:17,413 - /home/mayi/data/zzy/DIR-GNN/train/upfd_GCN.py[line:270] - INFO: Epoch [ 51/100]Train_ACC:0.968 Test_ACC:0.677  Val_ACC:0.697  Train_Pre:1.000 Test_Pre:1.000  Val_Pre:0.848  Train_Recall:0.923 Test_Recall:0.444  Val_Recall:0.496  Train_F1:0.960 Test_F1:0.615  Val_F1:0.626  
2024-11-28 18:49:17,491 - /home/mayi/data/zzy/DIR-GNN/train/upfd_GCN.py[line:270] - INFO: Epoch [ 52/100]Train_ACC:0.984 Test_ACC:0.677  Val_ACC:0.715  Train_Pre:0.963 Test_Pre:0.833  Val_Pre:0.812  Train_Recall:1.000 Test_Recall:0.556  Val_Recall:0.575  Train_F1:0.981 Test_F1:0.667  Val_F1:0.674  
2024-11-28 18:49:17,570 - /home/mayi/data/zzy/DIR-GNN/train/upfd_GCN.py[line:270] - INFO: Epoch [ 53/100]Train_ACC:0.935 Test_ACC:0.742  Val_ACC:0.742  Train_Pre:0.867 Test_Pre:0.857  Val_Pre:0.804  Train_Recall:1.000 Test_Recall:0.667  Val_Recall:0.655  Train_F1:0.929 Test_F1:0.750  Val_F1:0.722  
2024-11-28 18:49:17,648 - /home/mayi/data/zzy/DIR-GNN/train/upfd_GCN.py[line:270] - INFO: Epoch [ 54/100]Train_ACC:0.887 Test_ACC:0.742  Val_ACC:0.787  Train_Pre:0.788 Test_Pre:0.778  Val_Pre:0.806  Train_Recall:1.000 Test_Recall:0.778  Val_Recall:0.770  Train_F1:0.881 Test_F1:0.778  Val_F1:0.787  
2024-11-28 18:49:17,726 - /home/mayi/data/zzy/DIR-GNN/train/upfd_GCN.py[line:270] - INFO: Epoch [ 55/100]Train_ACC:0.823 Test_ACC:0.774  Val_ACC:0.769  Train_Pre:0.703 Test_Pre:0.789  Val_Pre:0.777  Train_Recall:1.000 Test_Recall:0.833  Val_Recall:0.770  Train_F1:0.825 Test_F1:0.811  Val_F1:0.773  
2024-11-28 18:49:17,804 - /home/mayi/data/zzy/DIR-GNN/train/upfd_GCN.py[line:270] - INFO: Epoch [ 56/100]Train_ACC:0.871 Test_ACC:0.774  Val_ACC:0.774  Train_Pre:0.765 Test_Pre:0.789  Val_Pre:0.784  Train_Recall:1.000 Test_Recall:0.833  Val_Recall:0.770  Train_F1:0.867 Test_F1:0.811  Val_F1:0.777  
2024-11-28 18:49:17,882 - /home/mayi/data/zzy/DIR-GNN/train/upfd_GCN.py[line:270] - INFO: Epoch [ 57/100]Train_ACC:0.968 Test_ACC:0.742  Val_ACC:0.778  Train_Pre:0.929 Test_Pre:0.778  Val_Pre:0.814  Train_Recall:1.000 Test_Recall:0.778  Val_Recall:0.735  Train_F1:0.963 Test_F1:0.778  Val_F1:0.772  
2024-11-28 18:49:17,960 - /home/mayi/data/zzy/DIR-GNN/train/upfd_GCN.py[line:270] - INFO: Epoch [ 58/100]Train_ACC:0.984 Test_ACC:0.742  Val_ACC:0.783  Train_Pre:0.963 Test_Pre:0.857  Val_Pre:0.857  Train_Recall:1.000 Test_Recall:0.667  Val_Recall:0.690  Train_F1:0.981 Test_F1:0.750  Val_F1:0.765  
2024-11-28 18:49:18,038 - /home/mayi/data/zzy/DIR-GNN/train/upfd_GCN.py[line:270] - INFO: Epoch [ 59/100]Train_ACC:0.968 Test_ACC:0.742  Val_ACC:0.747  Train_Pre:1.000 Test_Pre:0.917  Val_Pre:0.861  Train_Recall:0.923 Test_Recall:0.611  Val_Recall:0.602  Train_F1:0.960 Test_F1:0.733  Val_F1:0.708  
2024-11-28 18:49:18,118 - /home/mayi/data/zzy/DIR-GNN/train/upfd_GCN.py[line:270] - INFO: Epoch [ 60/100]Train_ACC:0.935 Test_ACC:0.742  Val_ACC:0.742  Train_Pre:1.000 Test_Pre:0.917  Val_Pre:0.900  Train_Recall:0.846 Test_Recall:0.611  Val_Recall:0.558  Train_F1:0.917 Test_F1:0.733  Val_F1:0.689  
2024-11-28 18:49:18,198 - /home/mayi/data/zzy/DIR-GNN/train/upfd_GCN.py[line:270] - INFO: Epoch [ 61/100]Train_ACC:0.919 Test_ACC:0.774  Val_ACC:0.710  Train_Pre:1.000 Test_Pre:1.000  Val_Pre:0.902  Train_Recall:0.808 Test_Recall:0.611  Val_Recall:0.487  Train_F1:0.894 Test_F1:0.759  Val_F1:0.632  
2024-11-28 18:49:18,278 - /home/mayi/data/zzy/DIR-GNN/train/upfd_GCN.py[line:270] - INFO: Epoch [ 62/100]Train_ACC:0.919 Test_ACC:0.677  Val_ACC:0.688  Train_Pre:1.000 Test_Pre:1.000  Val_Pre:0.893  Train_Recall:0.808 Test_Recall:0.444  Val_Recall:0.442  Train_F1:0.894 Test_F1:0.615  Val_F1:0.592  
2024-11-28 18:49:18,356 - /home/mayi/data/zzy/DIR-GNN/train/upfd_GCN.py[line:270] - INFO: Epoch [ 63/100]Train_ACC:0.919 Test_ACC:0.677  Val_ACC:0.688  Train_Pre:1.000 Test_Pre:1.000  Val_Pre:0.893  Train_Recall:0.808 Test_Recall:0.444  Val_Recall:0.442  Train_F1:0.894 Test_F1:0.615  Val_F1:0.592  
2024-11-28 18:49:18,432 - /home/mayi/data/zzy/DIR-GNN/train/upfd_GCN.py[line:270] - INFO: Epoch [ 64/100]Train_ACC:0.919 Test_ACC:0.710  Val_ACC:0.692  Train_Pre:1.000 Test_Pre:1.000  Val_Pre:0.895  Train_Recall:0.808 Test_Recall:0.500  Val_Recall:0.451  Train_F1:0.894 Test_F1:0.667  Val_F1:0.600  
2024-11-28 18:49:18,509 - /home/mayi/data/zzy/DIR-GNN/train/upfd_GCN.py[line:270] - INFO: Epoch [ 65/100]Train_ACC:0.919 Test_ACC:0.774  Val_ACC:0.710  Train_Pre:1.000 Test_Pre:1.000  Val_Pre:0.889  Train_Recall:0.808 Test_Recall:0.611  Val_Recall:0.496  Train_F1:0.894 Test_F1:0.759  Val_F1:0.636  
2024-11-28 18:49:18,586 - /home/mayi/data/zzy/DIR-GNN/train/upfd_GCN.py[line:270] - INFO: Epoch [ 66/100]Train_ACC:0.919 Test_ACC:0.742  Val_ACC:0.719  Train_Pre:1.000 Test_Pre:0.917  Val_Pre:0.892  Train_Recall:0.808 Test_Recall:0.611  Val_Recall:0.513  Train_F1:0.894 Test_F1:0.733  Val_F1:0.652  
2024-11-28 18:49:18,664 - /home/mayi/data/zzy/DIR-GNN/train/upfd_GCN.py[line:270] - INFO: Epoch [ 67/100]Train_ACC:0.935 Test_ACC:0.742  Val_ACC:0.747  Train_Pre:1.000 Test_Pre:0.917  Val_Pre:0.901  Train_Recall:0.846 Test_Recall:0.611  Val_Recall:0.566  Train_F1:0.917 Test_F1:0.733  Val_F1:0.696  
2024-11-28 18:49:18,742 - /home/mayi/data/zzy/DIR-GNN/train/upfd_GCN.py[line:270] - INFO: Epoch [ 68/100]Train_ACC:0.935 Test_ACC:0.774  Val_ACC:0.760  Train_Pre:1.000 Test_Pre:0.923  Val_Pre:0.885  Train_Recall:0.846 Test_Recall:0.667  Val_Recall:0.611  Train_F1:0.917 Test_F1:0.774  Val_F1:0.723  
2024-11-28 18:49:18,820 - /home/mayi/data/zzy/DIR-GNN/train/upfd_GCN.py[line:270] - INFO: Epoch [ 69/100]Train_ACC:0.968 Test_ACC:0.774  Val_ACC:0.778  Train_Pre:1.000 Test_Pre:0.923  Val_Pre:0.864  Train_Recall:0.923 Test_Recall:0.667  Val_Recall:0.673  Train_F1:0.960 Test_F1:0.774  Val_F1:0.756  
2024-11-28 18:49:18,897 - /home/mayi/data/zzy/DIR-GNN/train/upfd_GCN.py[line:270] - INFO: Epoch [ 70/100]Train_ACC:1.000 Test_ACC:0.806  Val_ACC:0.783  Train_Pre:1.000 Test_Pre:0.929  Val_Pre:0.857  Train_Recall:1.000 Test_Recall:0.722  Val_Recall:0.690  Train_F1:1.000 Test_F1:0.812  Val_F1:0.765  
2024-11-28 18:49:18,974 - /home/mayi/data/zzy/DIR-GNN/train/upfd_GCN.py[line:270] - INFO: Epoch [ 71/100]Train_ACC:1.000 Test_ACC:0.806  Val_ACC:0.783  Train_Pre:1.000 Test_Pre:0.929  Val_Pre:0.857  Train_Recall:1.000 Test_Recall:0.722  Val_Recall:0.690  Train_F1:1.000 Test_F1:0.812  Val_F1:0.765  
2024-11-28 18:49:19,052 - /home/mayi/data/zzy/DIR-GNN/train/upfd_GCN.py[line:270] - INFO: Epoch [ 72/100]Train_ACC:1.000 Test_ACC:0.806  Val_ACC:0.787  Train_Pre:1.000 Test_Pre:0.929  Val_Pre:0.859  Train_Recall:1.000 Test_Recall:0.722  Val_Recall:0.699  Train_F1:1.000 Test_F1:0.812  Val_F1:0.771  
2024-11-28 18:49:19,128 - /home/mayi/data/zzy/DIR-GNN/train/upfd_GCN.py[line:270] - INFO: Epoch [ 73/100]Train_ACC:1.000 Test_ACC:0.806  Val_ACC:0.783  Train_Pre:1.000 Test_Pre:0.929  Val_Pre:0.865  Train_Recall:1.000 Test_Recall:0.722  Val_Recall:0.681  Train_F1:1.000 Test_F1:0.812  Val_F1:0.762  
2024-11-28 18:49:19,205 - /home/mayi/data/zzy/DIR-GNN/train/upfd_GCN.py[line:270] - INFO: Epoch [ 74/100]Train_ACC:1.000 Test_ACC:0.806  Val_ACC:0.769  Train_Pre:1.000 Test_Pre:0.929  Val_Pre:0.869  Train_Recall:1.000 Test_Recall:0.722  Val_Recall:0.646  Train_F1:1.000 Test_F1:0.812  Val_F1:0.741  
2024-11-28 18:49:19,283 - /home/mayi/data/zzy/DIR-GNN/train/upfd_GCN.py[line:270] - INFO: Epoch [ 75/100]Train_ACC:1.000 Test_ACC:0.806  Val_ACC:0.738  Train_Pre:1.000 Test_Pre:0.929  Val_Pre:0.867  Train_Recall:1.000 Test_Recall:0.722  Val_Recall:0.575  Train_F1:1.000 Test_F1:0.812  Val_F1:0.691  
2024-11-28 18:49:19,359 - /home/mayi/data/zzy/DIR-GNN/train/upfd_GCN.py[line:270] - INFO: Epoch [ 76/100]Train_ACC:1.000 Test_ACC:0.774  Val_ACC:0.733  Train_Pre:1.000 Test_Pre:0.923  Val_Pre:0.875  Train_Recall:1.000 Test_Recall:0.667  Val_Recall:0.558  Train_F1:1.000 Test_F1:0.774  Val_F1:0.681  
2024-11-28 18:49:19,437 - /home/mayi/data/zzy/DIR-GNN/train/upfd_GCN.py[line:270] - INFO: Epoch [ 77/100]Train_ACC:1.000 Test_ACC:0.774  Val_ACC:0.733  Train_Pre:1.000 Test_Pre:0.923  Val_Pre:0.875  Train_Recall:1.000 Test_Recall:0.667  Val_Recall:0.558  Train_F1:1.000 Test_F1:0.774  Val_F1:0.681  
2024-11-28 18:49:19,514 - /home/mayi/data/zzy/DIR-GNN/train/upfd_GCN.py[line:270] - INFO: Epoch [ 78/100]Train_ACC:0.984 Test_ACC:0.806  Val_ACC:0.724  Train_Pre:1.000 Test_Pre:1.000  Val_Pre:0.871  Train_Recall:0.962 Test_Recall:0.667  Val_Recall:0.540  Train_F1:0.980 Test_F1:0.800  Val_F1:0.667  
2024-11-28 18:49:19,591 - /home/mayi/data/zzy/DIR-GNN/train/upfd_GCN.py[line:270] - INFO: Epoch [ 79/100]Train_ACC:0.984 Test_ACC:0.806  Val_ACC:0.724  Train_Pre:1.000 Test_Pre:1.000  Val_Pre:0.894  Train_Recall:0.962 Test_Recall:0.667  Val_Recall:0.522  Train_F1:0.980 Test_F1:0.800  Val_F1:0.659  
2024-11-28 18:49:19,670 - /home/mayi/data/zzy/DIR-GNN/train/upfd_GCN.py[line:270] - INFO: Epoch [ 80/100]Train_ACC:1.000 Test_ACC:0.742  Val_ACC:0.733  Train_Pre:1.000 Test_Pre:1.000  Val_Pre:0.909  Train_Recall:1.000 Test_Recall:0.556  Val_Recall:0.531  Train_F1:1.000 Test_F1:0.714  Val_F1:0.670  
2024-11-28 18:49:19,747 - /home/mayi/data/zzy/DIR-GNN/train/upfd_GCN.py[line:270] - INFO: Epoch [ 81/100]Train_ACC:1.000 Test_ACC:0.742  Val_ACC:0.729  Train_Pre:1.000 Test_Pre:1.000  Val_Pre:0.884  Train_Recall:1.000 Test_Recall:0.556  Val_Recall:0.540  Train_F1:1.000 Test_F1:0.714  Val_F1:0.670  
2024-11-28 18:49:19,824 - /home/mayi/data/zzy/DIR-GNN/train/upfd_GCN.py[line:270] - INFO: Epoch [ 82/100]Train_ACC:1.000 Test_ACC:0.742  Val_ACC:0.733  Train_Pre:1.000 Test_Pre:1.000  Val_Pre:0.886  Train_Recall:1.000 Test_Recall:0.556  Val_Recall:0.549  Train_F1:1.000 Test_F1:0.714  Val_F1:0.678  
2024-11-28 18:49:19,901 - /home/mayi/data/zzy/DIR-GNN/train/upfd_GCN.py[line:270] - INFO: Epoch [ 83/100]Train_ACC:1.000 Test_ACC:0.742  Val_ACC:0.733  Train_Pre:1.000 Test_Pre:1.000  Val_Pre:0.865  Train_Recall:1.000 Test_Recall:0.556  Val_Recall:0.566  Train_F1:1.000 Test_F1:0.714  Val_F1:0.684  
2024-11-28 18:49:19,978 - /home/mayi/data/zzy/DIR-GNN/train/upfd_GCN.py[line:270] - INFO: Epoch [ 84/100]Train_ACC:1.000 Test_ACC:0.774  Val_ACC:0.738  Train_Pre:1.000 Test_Pre:1.000  Val_Pre:0.867  Train_Recall:1.000 Test_Recall:0.611  Val_Recall:0.575  Train_F1:1.000 Test_F1:0.759  Val_F1:0.691  
2024-11-28 18:49:20,056 - /home/mayi/data/zzy/DIR-GNN/train/upfd_GCN.py[line:270] - INFO: Epoch [ 85/100]Train_ACC:1.000 Test_ACC:0.806  Val_ACC:0.747  Train_Pre:1.000 Test_Pre:1.000  Val_Pre:0.861  Train_Recall:1.000 Test_Recall:0.667  Val_Recall:0.602  Train_F1:1.000 Test_F1:0.800  Val_F1:0.708  
2024-11-28 18:49:20,133 - /home/mayi/data/zzy/DIR-GNN/train/upfd_GCN.py[line:270] - INFO: Epoch [ 86/100]Train_ACC:1.000 Test_ACC:0.806  Val_ACC:0.751  Train_Pre:1.000 Test_Pre:1.000  Val_Pre:0.863  Train_Recall:1.000 Test_Recall:0.667  Val_Recall:0.611  Train_F1:1.000 Test_F1:0.800  Val_F1:0.715  
2024-11-28 18:49:20,210 - /home/mayi/data/zzy/DIR-GNN/train/upfd_GCN.py[line:270] - INFO: Epoch [ 87/100]Train_ACC:1.000 Test_ACC:0.806  Val_ACC:0.747  Train_Pre:1.000 Test_Pre:1.000  Val_Pre:0.852  Train_Recall:1.000 Test_Recall:0.667  Val_Recall:0.611  Train_F1:1.000 Test_F1:0.800  Val_F1:0.711  
2024-11-28 18:49:20,288 - /home/mayi/data/zzy/DIR-GNN/train/upfd_GCN.py[line:270] - INFO: Epoch [ 88/100]Train_ACC:1.000 Test_ACC:0.806  Val_ACC:0.747  Train_Pre:1.000 Test_Pre:1.000  Val_Pre:0.852  Train_Recall:1.000 Test_Recall:0.667  Val_Recall:0.611  Train_F1:1.000 Test_F1:0.800  Val_F1:0.711  
2024-11-28 18:49:20,365 - /home/mayi/data/zzy/DIR-GNN/train/upfd_GCN.py[line:270] - INFO: Epoch [ 89/100]Train_ACC:1.000 Test_ACC:0.806  Val_ACC:0.751  Train_Pre:1.000 Test_Pre:1.000  Val_Pre:0.863  Train_Recall:1.000 Test_Recall:0.667  Val_Recall:0.611  Train_F1:1.000 Test_F1:0.800  Val_F1:0.715  
2024-11-28 18:49:20,444 - /home/mayi/data/zzy/DIR-GNN/train/upfd_GCN.py[line:270] - INFO: Epoch [ 90/100]Train_ACC:1.000 Test_ACC:0.774  Val_ACC:0.756  Train_Pre:1.000 Test_Pre:1.000  Val_Pre:0.883  Train_Recall:1.000 Test_Recall:0.611  Val_Recall:0.602  Train_F1:1.000 Test_F1:0.759  Val_F1:0.716  
2024-11-28 18:49:20,522 - /home/mayi/data/zzy/DIR-GNN/train/upfd_GCN.py[line:270] - INFO: Epoch [ 91/100]Train_ACC:1.000 Test_ACC:0.774  Val_ACC:0.747  Train_Pre:1.000 Test_Pre:1.000  Val_Pre:0.880  Train_Recall:1.000 Test_Recall:0.611  Val_Recall:0.584  Train_F1:1.000 Test_F1:0.759  Val_F1:0.702  
2024-11-28 18:49:20,599 - /home/mayi/data/zzy/DIR-GNN/train/upfd_GCN.py[line:270] - INFO: Epoch [ 92/100]Train_ACC:1.000 Test_ACC:0.742  Val_ACC:0.742  Train_Pre:1.000 Test_Pre:1.000  Val_Pre:0.878  Train_Recall:1.000 Test_Recall:0.556  Val_Recall:0.575  Train_F1:1.000 Test_F1:0.714  Val_F1:0.695  
2024-11-28 18:49:20,676 - /home/mayi/data/zzy/DIR-GNN/train/upfd_GCN.py[line:270] - INFO: Epoch [ 93/100]Train_ACC:1.000 Test_ACC:0.742  Val_ACC:0.742  Train_Pre:1.000 Test_Pre:1.000  Val_Pre:0.878  Train_Recall:1.000 Test_Recall:0.556  Val_Recall:0.575  Train_F1:1.000 Test_F1:0.714  Val_F1:0.695  
2024-11-28 18:49:20,753 - /home/mayi/data/zzy/DIR-GNN/train/upfd_GCN.py[line:270] - INFO: Epoch [ 94/100]Train_ACC:1.000 Test_ACC:0.774  Val_ACC:0.751  Train_Pre:1.000 Test_Pre:1.000  Val_Pre:0.882  Train_Recall:1.000 Test_Recall:0.611  Val_Recall:0.593  Train_F1:1.000 Test_F1:0.759  Val_F1:0.709  
2024-11-28 18:49:20,831 - /home/mayi/data/zzy/DIR-GNN/train/upfd_GCN.py[line:270] - INFO: Epoch [ 95/100]Train_ACC:1.000 Test_ACC:0.774  Val_ACC:0.756  Train_Pre:1.000 Test_Pre:1.000  Val_Pre:0.883  Train_Recall:1.000 Test_Recall:0.611  Val_Recall:0.602  Train_F1:1.000 Test_F1:0.759  Val_F1:0.716  
2024-11-28 18:49:20,908 - /home/mayi/data/zzy/DIR-GNN/train/upfd_GCN.py[line:270] - INFO: Epoch [ 96/100]Train_ACC:1.000 Test_ACC:0.806  Val_ACC:0.760  Train_Pre:1.000 Test_Pre:1.000  Val_Pre:0.885  Train_Recall:1.000 Test_Recall:0.667  Val_Recall:0.611  Train_F1:1.000 Test_F1:0.800  Val_F1:0.723  
2024-11-28 18:49:20,986 - /home/mayi/data/zzy/DIR-GNN/train/upfd_GCN.py[line:270] - INFO: Epoch [ 97/100]Train_ACC:1.000 Test_ACC:0.839  Val_ACC:0.760  Train_Pre:1.000 Test_Pre:1.000  Val_Pre:0.875  Train_Recall:1.000 Test_Recall:0.722  Val_Recall:0.619  Train_F1:1.000 Test_F1:0.839  Val_F1:0.725  
2024-11-28 18:49:21,063 - /home/mayi/data/zzy/DIR-GNN/train/upfd_GCN.py[line:270] - INFO: Epoch [ 98/100]Train_ACC:1.000 Test_ACC:0.839  Val_ACC:0.760  Train_Pre:1.000 Test_Pre:1.000  Val_Pre:0.875  Train_Recall:1.000 Test_Recall:0.722  Val_Recall:0.619  Train_F1:1.000 Test_F1:0.839  Val_F1:0.725  
2024-11-28 18:49:21,141 - /home/mayi/data/zzy/DIR-GNN/train/upfd_GCN.py[line:270] - INFO: Epoch [ 99/100]Train_ACC:1.000 Test_ACC:0.839  Val_ACC:0.756  Train_Pre:1.000 Test_Pre:1.000  Val_Pre:0.864  Train_Recall:1.000 Test_Recall:0.722  Val_Recall:0.619  Train_F1:1.000 Test_F1:0.839  Val_F1:0.722  
2024-11-28 18:49:21,141 - /home/mayi/data/zzy/DIR-GNN/train/upfd_GCN.py[line:317] - INFO: ====================================================================================================
2024-11-28 18:49:21,141 - /home/mayi/data/zzy/DIR-GNN/train/upfd_GCN.py[line:172] - INFO: Seed:  6
2024-11-28 18:49:21,143 - /home/mayi/data/zzy/DIR-GNN/train/upfd_GCN.py[line:239] - INFO: # Train: 62  #Test: 221.0 #Val: 31
2024-11-28 18:49:21,220 - /home/mayi/data/zzy/DIR-GNN/train/upfd_GCN.py[line:270] - INFO: Epoch [  0/100]Train_ACC:0.484 Test_ACC:0.581  Val_ACC:0.561  Train_Pre:0.438 Test_Pre:0.600  Val_Pre:0.544  Train_Recall:0.808 Test_Recall:0.833  Val_Recall:0.867  Train_F1:0.568 Test_F1:0.698  Val_F1:0.669  
/home/mayi/anaconda3/envs/zzy_DIR/lib/python3.9/site-packages/sklearn/metrics/_classification.py:1517: UndefinedMetricWarning: Precision is ill-defined and being set to 0.0 due to no predicted samples. Use `zero_division` parameter to control this behavior.
  _warn_prf(average, modifier, f"{metric.capitalize()} is", len(result))
/home/mayi/anaconda3/envs/zzy_DIR/lib/python3.9/site-packages/sklearn/metrics/_classification.py:1517: UndefinedMetricWarning: Precision is ill-defined and being set to 0.0 due to no predicted samples. Use `zero_division` parameter to control this behavior.
  _warn_prf(average, modifier, f"{metric.capitalize()} is", len(result))
/home/mayi/anaconda3/envs/zzy_DIR/lib/python3.9/site-packages/sklearn/metrics/_classification.py:1517: UndefinedMetricWarning: Precision is ill-defined and being set to 0.0 due to no predicted samples. Use `zero_division` parameter to control this behavior.
  _warn_prf(average, modifier, f"{metric.capitalize()} is", len(result))
2024-11-28 18:49:21,298 - /home/mayi/data/zzy/DIR-GNN/train/upfd_GCN.py[line:270] - INFO: Epoch [  1/100]Train_ACC:0.581 Test_ACC:0.419  Val_ACC:0.489  Train_Pre:0.000 Test_Pre:0.000  Val_Pre:0.000  Train_Recall:0.000 Test_Recall:0.000  Val_Recall:0.000  Train_F1:0.000 Test_F1:0.000  Val_F1:0.000  
/home/mayi/anaconda3/envs/zzy_DIR/lib/python3.9/site-packages/sklearn/metrics/_classification.py:1517: UndefinedMetricWarning: Precision is ill-defined and being set to 0.0 due to no predicted samples. Use `zero_division` parameter to control this behavior.
  _warn_prf(average, modifier, f"{metric.capitalize()} is", len(result))
/home/mayi/anaconda3/envs/zzy_DIR/lib/python3.9/site-packages/sklearn/metrics/_classification.py:1517: UndefinedMetricWarning: Precision is ill-defined and being set to 0.0 due to no predicted samples. Use `zero_division` parameter to control this behavior.
  _warn_prf(average, modifier, f"{metric.capitalize()} is", len(result))
/home/mayi/anaconda3/envs/zzy_DIR/lib/python3.9/site-packages/sklearn/metrics/_classification.py:1517: UndefinedMetricWarning: Precision is ill-defined and being set to 0.0 due to no predicted samples. Use `zero_division` parameter to control this behavior.
  _warn_prf(average, modifier, f"{metric.capitalize()} is", len(result))
2024-11-28 18:49:21,376 - /home/mayi/data/zzy/DIR-GNN/train/upfd_GCN.py[line:270] - INFO: Epoch [  2/100]Train_ACC:0.581 Test_ACC:0.419  Val_ACC:0.489  Train_Pre:0.000 Test_Pre:0.000  Val_Pre:0.000  Train_Recall:0.000 Test_Recall:0.000  Val_Recall:0.000  Train_F1:0.000 Test_F1:0.000  Val_F1:0.000  
2024-11-28 18:49:21,454 - /home/mayi/data/zzy/DIR-GNN/train/upfd_GCN.py[line:270] - INFO: Epoch [  3/100]Train_ACC:0.597 Test_ACC:0.484  Val_ACC:0.552  Train_Pre:0.571 Test_Pre:0.667  Val_Pre:0.621  Train_Recall:0.154 Test_Recall:0.222  Val_Recall:0.319  Train_F1:0.242 Test_F1:0.333  Val_F1:0.421  
2024-11-28 18:49:21,532 - /home/mayi/data/zzy/DIR-GNN/train/upfd_GCN.py[line:270] - INFO: Epoch [  4/100]Train_ACC:0.597 Test_ACC:0.581  Val_ACC:0.620  Train_Pre:0.515 Test_Pre:0.619  Val_Pre:0.601  Train_Recall:0.654 Test_Recall:0.722  Val_Recall:0.761  Train_F1:0.576 Test_F1:0.667  Val_F1:0.672  
2024-11-28 18:49:21,609 - /home/mayi/data/zzy/DIR-GNN/train/upfd_GCN.py[line:270] - INFO: Epoch [  5/100]Train_ACC:0.613 Test_ACC:0.613  Val_ACC:0.638  Train_Pre:0.531 Test_Pre:0.650  Val_Pre:0.617  Train_Recall:0.654 Test_Recall:0.722  Val_Recall:0.770  Train_F1:0.586 Test_F1:0.684  Val_F1:0.685  
2024-11-28 18:49:21,687 - /home/mayi/data/zzy/DIR-GNN/train/upfd_GCN.py[line:270] - INFO: Epoch [  6/100]Train_ACC:0.629 Test_ACC:0.452  Val_ACC:0.575  Train_Pre:0.714 Test_Pre:0.667  Val_Pre:0.744  Train_Recall:0.192 Test_Recall:0.111  Val_Recall:0.257  Train_F1:0.303 Test_F1:0.190  Val_F1:0.382  
/home/mayi/anaconda3/envs/zzy_DIR/lib/python3.9/site-packages/sklearn/metrics/_classification.py:1517: UndefinedMetricWarning: Precision is ill-defined and being set to 0.0 due to no predicted samples. Use `zero_division` parameter to control this behavior.
  _warn_prf(average, modifier, f"{metric.capitalize()} is", len(result))
/home/mayi/anaconda3/envs/zzy_DIR/lib/python3.9/site-packages/sklearn/metrics/_classification.py:1517: UndefinedMetricWarning: Precision is ill-defined and being set to 0.0 due to no predicted samples. Use `zero_division` parameter to control this behavior.
  _warn_prf(average, modifier, f"{metric.capitalize()} is", len(result))
/home/mayi/anaconda3/envs/zzy_DIR/lib/python3.9/site-packages/sklearn/metrics/_classification.py:1517: UndefinedMetricWarning: Precision is ill-defined and being set to 0.0 due to no predicted samples. Use `zero_division` parameter to control this behavior.
  _warn_prf(average, modifier, f"{metric.capitalize()} is", len(result))
2024-11-28 18:49:21,765 - /home/mayi/data/zzy/DIR-GNN/train/upfd_GCN.py[line:270] - INFO: Epoch [  7/100]Train_ACC:0.581 Test_ACC:0.419  Val_ACC:0.489  Train_Pre:0.000 Test_Pre:0.000  Val_Pre:0.000  Train_Recall:0.000 Test_Recall:0.000  Val_Recall:0.000  Train_F1:0.000 Test_F1:0.000  Val_F1:0.000  
/home/mayi/anaconda3/envs/zzy_DIR/lib/python3.9/site-packages/sklearn/metrics/_classification.py:1517: UndefinedMetricWarning: Precision is ill-defined and being set to 0.0 due to no predicted samples. Use `zero_division` parameter to control this behavior.
  _warn_prf(average, modifier, f"{metric.capitalize()} is", len(result))
/home/mayi/anaconda3/envs/zzy_DIR/lib/python3.9/site-packages/sklearn/metrics/_classification.py:1517: UndefinedMetricWarning: Precision is ill-defined and being set to 0.0 due to no predicted samples. Use `zero_division` parameter to control this behavior.
  _warn_prf(average, modifier, f"{metric.capitalize()} is", len(result))
/home/mayi/anaconda3/envs/zzy_DIR/lib/python3.9/site-packages/sklearn/metrics/_classification.py:1517: UndefinedMetricWarning: Precision is ill-defined and being set to 0.0 due to no predicted samples. Use `zero_division` parameter to control this behavior.
  _warn_prf(average, modifier, f"{metric.capitalize()} is", len(result))
2024-11-28 18:49:21,843 - /home/mayi/data/zzy/DIR-GNN/train/upfd_GCN.py[line:270] - INFO: Epoch [  8/100]Train_ACC:0.581 Test_ACC:0.419  Val_ACC:0.489  Train_Pre:0.000 Test_Pre:0.000  Val_Pre:0.000  Train_Recall:0.000 Test_Recall:0.000  Val_Recall:0.000  Train_F1:0.000 Test_F1:0.000  Val_F1:0.000  
/home/mayi/anaconda3/envs/zzy_DIR/lib/python3.9/site-packages/sklearn/metrics/_classification.py:1517: UndefinedMetricWarning: Precision is ill-defined and being set to 0.0 due to no predicted samples. Use `zero_division` parameter to control this behavior.
  _warn_prf(average, modifier, f"{metric.capitalize()} is", len(result))
/home/mayi/anaconda3/envs/zzy_DIR/lib/python3.9/site-packages/sklearn/metrics/_classification.py:1517: UndefinedMetricWarning: Precision is ill-defined and being set to 0.0 due to no predicted samples. Use `zero_division` parameter to control this behavior.
  _warn_prf(average, modifier, f"{metric.capitalize()} is", len(result))
/home/mayi/anaconda3/envs/zzy_DIR/lib/python3.9/site-packages/sklearn/metrics/_classification.py:1517: UndefinedMetricWarning: Precision is ill-defined and being set to 0.0 due to no predicted samples. Use `zero_division` parameter to control this behavior.
  _warn_prf(average, modifier, f"{metric.capitalize()} is", len(result))
2024-11-28 18:49:21,921 - /home/mayi/data/zzy/DIR-GNN/train/upfd_GCN.py[line:270] - INFO: Epoch [  9/100]Train_ACC:0.581 Test_ACC:0.419  Val_ACC:0.489  Train_Pre:0.000 Test_Pre:0.000  Val_Pre:0.000  Train_Recall:0.000 Test_Recall:0.000  Val_Recall:0.000  Train_F1:0.000 Test_F1:0.000  Val_F1:0.000  
/home/mayi/anaconda3/envs/zzy_DIR/lib/python3.9/site-packages/sklearn/metrics/_classification.py:1517: UndefinedMetricWarning: Precision is ill-defined and being set to 0.0 due to no predicted samples. Use `zero_division` parameter to control this behavior.
  _warn_prf(average, modifier, f"{metric.capitalize()} is", len(result))
/home/mayi/anaconda3/envs/zzy_DIR/lib/python3.9/site-packages/sklearn/metrics/_classification.py:1517: UndefinedMetricWarning: Precision is ill-defined and being set to 0.0 due to no predicted samples. Use `zero_division` parameter to control this behavior.
  _warn_prf(average, modifier, f"{metric.capitalize()} is", len(result))
/home/mayi/anaconda3/envs/zzy_DIR/lib/python3.9/site-packages/sklearn/metrics/_classification.py:1517: UndefinedMetricWarning: Precision is ill-defined and being set to 0.0 due to no predicted samples. Use `zero_division` parameter to control this behavior.
  _warn_prf(average, modifier, f"{metric.capitalize()} is", len(result))
2024-11-28 18:49:21,999 - /home/mayi/data/zzy/DIR-GNN/train/upfd_GCN.py[line:270] - INFO: Epoch [ 10/100]Train_ACC:0.581 Test_ACC:0.419  Val_ACC:0.489  Train_Pre:0.000 Test_Pre:0.000  Val_Pre:0.000  Train_Recall:0.000 Test_Recall:0.000  Val_Recall:0.000  Train_F1:0.000 Test_F1:0.000  Val_F1:0.000  
/home/mayi/anaconda3/envs/zzy_DIR/lib/python3.9/site-packages/sklearn/metrics/_classification.py:1517: UndefinedMetricWarning: Precision is ill-defined and being set to 0.0 due to no predicted samples. Use `zero_division` parameter to control this behavior.
  _warn_prf(average, modifier, f"{metric.capitalize()} is", len(result))
/home/mayi/anaconda3/envs/zzy_DIR/lib/python3.9/site-packages/sklearn/metrics/_classification.py:1517: UndefinedMetricWarning: Precision is ill-defined and being set to 0.0 due to no predicted samples. Use `zero_division` parameter to control this behavior.
  _warn_prf(average, modifier, f"{metric.capitalize()} is", len(result))
2024-11-28 18:49:22,078 - /home/mayi/data/zzy/DIR-GNN/train/upfd_GCN.py[line:270] - INFO: Epoch [ 11/100]Train_ACC:0.597 Test_ACC:0.419  Val_ACC:0.489  Train_Pre:1.000 Test_Pre:0.000  Val_Pre:0.000  Train_Recall:0.038 Test_Recall:0.000  Val_Recall:0.000  Train_F1:0.074 Test_F1:0.000  Val_F1:0.000  
/home/mayi/anaconda3/envs/zzy_DIR/lib/python3.9/site-packages/sklearn/metrics/_classification.py:1517: UndefinedMetricWarning: Precision is ill-defined and being set to 0.0 due to no predicted samples. Use `zero_division` parameter to control this behavior.
  _warn_prf(average, modifier, f"{metric.capitalize()} is", len(result))
2024-11-28 18:49:22,155 - /home/mayi/data/zzy/DIR-GNN/train/upfd_GCN.py[line:270] - INFO: Epoch [ 12/100]Train_ACC:0.629 Test_ACC:0.419  Val_ACC:0.552  Train_Pre:1.000 Test_Pre:0.000  Val_Pre:1.000  Train_Recall:0.115 Test_Recall:0.000  Val_Recall:0.124  Train_F1:0.207 Test_F1:0.000  Val_F1:0.220  
2024-11-28 18:49:22,233 - /home/mayi/data/zzy/DIR-GNN/train/upfd_GCN.py[line:270] - INFO: Epoch [ 13/100]Train_ACC:0.677 Test_ACC:0.581  Val_ACC:0.620  Train_Pre:0.875 Test_Pre:1.000  Val_Pre:0.872  Train_Recall:0.269 Test_Recall:0.278  Val_Recall:0.301  Train_F1:0.412 Test_F1:0.435  Val_F1:0.447  
2024-11-28 18:49:22,311 - /home/mayi/data/zzy/DIR-GNN/train/upfd_GCN.py[line:270] - INFO: Epoch [ 14/100]Train_ACC:0.694 Test_ACC:0.613  Val_ACC:0.674  Train_Pre:0.818 Test_Pre:0.875  Val_Pre:0.847  Train_Recall:0.346 Test_Recall:0.389  Val_Recall:0.442  Train_F1:0.486 Test_F1:0.538  Val_F1:0.581  
2024-11-28 18:49:22,388 - /home/mayi/data/zzy/DIR-GNN/train/upfd_GCN.py[line:270] - INFO: Epoch [ 15/100]Train_ACC:0.694 Test_ACC:0.581  Val_ACC:0.679  Train_Pre:0.818 Test_Pre:0.857  Val_Pre:0.850  Train_Recall:0.346 Test_Recall:0.333  Val_Recall:0.451  Train_F1:0.486 Test_F1:0.480  Val_F1:0.590  
2024-11-28 18:49:22,466 - /home/mayi/data/zzy/DIR-GNN/train/upfd_GCN.py[line:270] - INFO: Epoch [ 16/100]Train_ACC:0.694 Test_ACC:0.548  Val_ACC:0.661  Train_Pre:0.889 Test_Pre:0.833  Val_Pre:0.896  Train_Recall:0.308 Test_Recall:0.278  Val_Recall:0.381  Train_F1:0.457 Test_F1:0.417  Val_F1:0.534  
2024-11-28 18:49:22,544 - /home/mayi/data/zzy/DIR-GNN/train/upfd_GCN.py[line:270] - INFO: Epoch [ 17/100]Train_ACC:0.694 Test_ACC:0.581  Val_ACC:0.624  Train_Pre:1.000 Test_Pre:1.000  Val_Pre:0.895  Train_Recall:0.269 Test_Recall:0.278  Val_Recall:0.301  Train_F1:0.424 Test_F1:0.435  Val_F1:0.450  
2024-11-28 18:49:22,622 - /home/mayi/data/zzy/DIR-GNN/train/upfd_GCN.py[line:270] - INFO: Epoch [ 18/100]Train_ACC:0.629 Test_ACC:0.516  Val_ACC:0.584  Train_Pre:1.000 Test_Pre:1.000  Val_Pre:0.889  Train_Recall:0.115 Test_Recall:0.167  Val_Recall:0.212  Train_F1:0.207 Test_F1:0.286  Val_F1:0.343  
2024-11-28 18:49:22,700 - /home/mayi/data/zzy/DIR-GNN/train/upfd_GCN.py[line:270] - INFO: Epoch [ 19/100]Train_ACC:0.629 Test_ACC:0.484  Val_ACC:0.584  Train_Pre:1.000 Test_Pre:1.000  Val_Pre:0.920  Train_Recall:0.115 Test_Recall:0.111  Val_Recall:0.204  Train_F1:0.207 Test_F1:0.200  Val_F1:0.333  
2024-11-28 18:49:22,778 - /home/mayi/data/zzy/DIR-GNN/train/upfd_GCN.py[line:270] - INFO: Epoch [ 20/100]Train_ACC:0.661 Test_ACC:0.516  Val_ACC:0.606  Train_Pre:1.000 Test_Pre:1.000  Val_Pre:0.933  Train_Recall:0.192 Test_Recall:0.167  Val_Recall:0.248  Train_F1:0.323 Test_F1:0.286  Val_F1:0.392  
2024-11-28 18:49:22,856 - /home/mayi/data/zzy/DIR-GNN/train/upfd_GCN.py[line:270] - INFO: Epoch [ 21/100]Train_ACC:0.726 Test_ACC:0.581  Val_ACC:0.670  Train_Pre:1.000 Test_Pre:1.000  Val_Pre:0.917  Train_Recall:0.346 Test_Recall:0.278  Val_Recall:0.389  Train_F1:0.514 Test_F1:0.435  Val_F1:0.547  
2024-11-28 18:49:22,934 - /home/mayi/data/zzy/DIR-GNN/train/upfd_GCN.py[line:270] - INFO: Epoch [ 22/100]Train_ACC:0.790 Test_ACC:0.613  Val_ACC:0.719  Train_Pre:0.882 Test_Pre:0.750  Val_Pre:0.840  Train_Recall:0.577 Test_Recall:0.500  Val_Recall:0.558  Train_F1:0.698 Test_F1:0.600  Val_F1:0.670  
2024-11-28 18:49:23,012 - /home/mayi/data/zzy/DIR-GNN/train/upfd_GCN.py[line:270] - INFO: Epoch [ 23/100]Train_ACC:0.790 Test_ACC:0.645  Val_ACC:0.729  Train_Pre:0.842 Test_Pre:0.733  Val_Pre:0.819  Train_Recall:0.615 Test_Recall:0.611  Val_Recall:0.602  Train_F1:0.711 Test_F1:0.667  Val_F1:0.694  
2024-11-28 18:49:23,091 - /home/mayi/data/zzy/DIR-GNN/train/upfd_GCN.py[line:270] - INFO: Epoch [ 24/100]Train_ACC:0.806 Test_ACC:0.581  Val_ACC:0.724  Train_Pre:1.000 Test_Pre:0.778  Val_Pre:0.933  Train_Recall:0.538 Test_Recall:0.389  Val_Recall:0.496  Train_F1:0.700 Test_F1:0.519  Val_F1:0.647  
2024-11-28 18:49:23,171 - /home/mayi/data/zzy/DIR-GNN/train/upfd_GCN.py[line:270] - INFO: Epoch [ 25/100]Train_ACC:0.710 Test_ACC:0.516  Val_ACC:0.652  Train_Pre:1.000 Test_Pre:1.000  Val_Pre:0.974  Train_Recall:0.308 Test_Recall:0.167  Val_Recall:0.327  Train_F1:0.471 Test_F1:0.286  Val_F1:0.490  
2024-11-28 18:49:23,249 - /home/mayi/data/zzy/DIR-GNN/train/upfd_GCN.py[line:270] - INFO: Epoch [ 26/100]Train_ACC:0.790 Test_ACC:0.581  Val_ACC:0.715  Train_Pre:1.000 Test_Pre:0.857  Val_Pre:0.946  Train_Recall:0.500 Test_Recall:0.333  Val_Recall:0.469  Train_F1:0.667 Test_F1:0.480  Val_F1:0.627  
2024-11-28 18:49:23,325 - /home/mayi/data/zzy/DIR-GNN/train/upfd_GCN.py[line:270] - INFO: Epoch [ 27/100]Train_ACC:0.839 Test_ACC:0.710  Val_ACC:0.747  Train_Pre:0.944 Test_Pre:0.765  Val_Pre:0.861  Train_Recall:0.654 Test_Recall:0.722  Val_Recall:0.602  Train_F1:0.773 Test_F1:0.743  Val_F1:0.708  
2024-11-28 18:49:23,402 - /home/mayi/data/zzy/DIR-GNN/train/upfd_GCN.py[line:270] - INFO: Epoch [ 28/100]Train_ACC:0.855 Test_ACC:0.677  Val_ACC:0.747  Train_Pre:0.905 Test_Pre:0.750  Val_Pre:0.828  Train_Recall:0.731 Test_Recall:0.667  Val_Recall:0.637  Train_F1:0.809 Test_F1:0.706  Val_F1:0.720  
2024-11-28 18:49:23,479 - /home/mayi/data/zzy/DIR-GNN/train/upfd_GCN.py[line:270] - INFO: Epoch [ 29/100]Train_ACC:0.871 Test_ACC:0.710  Val_ACC:0.742  Train_Pre:1.000 Test_Pre:0.800  Val_Pre:0.952  Train_Recall:0.692 Test_Recall:0.667  Val_Recall:0.522  Train_F1:0.818 Test_F1:0.727  Val_F1:0.674  
2024-11-28 18:49:23,555 - /home/mayi/data/zzy/DIR-GNN/train/upfd_GCN.py[line:270] - INFO: Epoch [ 30/100]Train_ACC:0.855 Test_ACC:0.710  Val_ACC:0.706  Train_Pre:1.000 Test_Pre:1.000  Val_Pre:0.962  Train_Recall:0.654 Test_Recall:0.500  Val_Recall:0.442  Train_F1:0.791 Test_F1:0.667  Val_F1:0.606  
2024-11-28 18:49:23,633 - /home/mayi/data/zzy/DIR-GNN/train/upfd_GCN.py[line:270] - INFO: Epoch [ 31/100]Train_ACC:0.871 Test_ACC:0.710  Val_ACC:0.724  Train_Pre:1.000 Test_Pre:1.000  Val_Pre:0.948  Train_Recall:0.692 Test_Recall:0.500  Val_Recall:0.487  Train_F1:0.818 Test_F1:0.667  Val_F1:0.643  
2024-11-28 18:49:23,751 - /home/mayi/data/zzy/DIR-GNN/train/upfd_GCN.py[line:270] - INFO: Epoch [ 32/100]Train_ACC:0.919 Test_ACC:0.710  Val_ACC:0.778  Train_Pre:0.862 Test_Pre:0.765  Val_Pre:0.814  Train_Recall:0.962 Test_Recall:0.722  Val_Recall:0.735  Train_F1:0.909 Test_F1:0.743  Val_F1:0.772  
2024-11-28 18:49:23,827 - /home/mayi/data/zzy/DIR-GNN/train/upfd_GCN.py[line:270] - INFO: Epoch [ 33/100]Train_ACC:0.919 Test_ACC:0.742  Val_ACC:0.796  Train_Pre:0.839 Test_Pre:0.778  Val_Pre:0.815  Train_Recall:1.000 Test_Recall:0.778  Val_Recall:0.779  Train_F1:0.912 Test_F1:0.778  Val_F1:0.796  
2024-11-28 18:49:23,904 - /home/mayi/data/zzy/DIR-GNN/train/upfd_GCN.py[line:270] - INFO: Epoch [ 34/100]Train_ACC:0.919 Test_ACC:0.677  Val_ACC:0.783  Train_Pre:0.889 Test_Pre:0.750  Val_Pre:0.849  Train_Recall:0.923 Test_Recall:0.667  Val_Recall:0.699  Train_F1:0.906 Test_F1:0.706  Val_F1:0.767  
2024-11-28 18:49:23,982 - /home/mayi/data/zzy/DIR-GNN/train/upfd_GCN.py[line:270] - INFO: Epoch [ 35/100]Train_ACC:0.919 Test_ACC:0.710  Val_ACC:0.769  Train_Pre:0.957 Test_Pre:0.846  Val_Pre:0.943  Train_Recall:0.846 Test_Recall:0.611  Val_Recall:0.584  Train_F1:0.898 Test_F1:0.710  Val_F1:0.721  
2024-11-28 18:49:24,060 - /home/mayi/data/zzy/DIR-GNN/train/upfd_GCN.py[line:270] - INFO: Epoch [ 36/100]Train_ACC:0.903 Test_ACC:0.742  Val_ACC:0.756  Train_Pre:1.000 Test_Pre:0.917  Val_Pre:0.940  Train_Recall:0.769 Test_Recall:0.611  Val_Recall:0.558  Train_F1:0.870 Test_F1:0.733  Val_F1:0.700  
2024-11-28 18:49:24,138 - /home/mayi/data/zzy/DIR-GNN/train/upfd_GCN.py[line:270] - INFO: Epoch [ 37/100]Train_ACC:0.935 Test_ACC:0.710  Val_ACC:0.765  Train_Pre:1.000 Test_Pre:0.800  Val_Pre:0.918  Train_Recall:0.846 Test_Recall:0.667  Val_Recall:0.593  Train_F1:0.917 Test_F1:0.727  Val_F1:0.720  
2024-11-28 18:49:24,216 - /home/mayi/data/zzy/DIR-GNN/train/upfd_GCN.py[line:270] - INFO: Epoch [ 38/100]Train_ACC:0.952 Test_ACC:0.710  Val_ACC:0.796  Train_Pre:0.926 Test_Pre:0.800  Val_Pre:0.895  Train_Recall:0.962 Test_Recall:0.667  Val_Recall:0.681  Train_F1:0.943 Test_F1:0.727  Val_F1:0.774  
2024-11-28 18:49:24,294 - /home/mayi/data/zzy/DIR-GNN/train/upfd_GCN.py[line:270] - INFO: Epoch [ 39/100]Train_ACC:0.968 Test_ACC:0.710  Val_ACC:0.814  Train_Pre:0.929 Test_Pre:0.765  Val_Pre:0.891  Train_Recall:1.000 Test_Recall:0.722  Val_Recall:0.726  Train_F1:0.963 Test_F1:0.743  Val_F1:0.800  
2024-11-28 18:49:24,373 - /home/mayi/data/zzy/DIR-GNN/train/upfd_GCN.py[line:270] - INFO: Epoch [ 40/100]Train_ACC:0.968 Test_ACC:0.710  Val_ACC:0.805  Train_Pre:0.962 Test_Pre:0.800  Val_Pre:0.917  Train_Recall:0.962 Test_Recall:0.667  Val_Recall:0.681  Train_F1:0.962 Test_F1:0.727  Val_F1:0.782  
2024-11-28 18:49:24,451 - /home/mayi/data/zzy/DIR-GNN/train/upfd_GCN.py[line:270] - INFO: Epoch [ 41/100]Train_ACC:0.919 Test_ACC:0.774  Val_ACC:0.774  Train_Pre:1.000 Test_Pre:0.923  Val_Pre:0.944  Train_Recall:0.808 Test_Recall:0.667  Val_Recall:0.593  Train_F1:0.894 Test_F1:0.774  Val_F1:0.728  
2024-11-28 18:49:24,529 - /home/mayi/data/zzy/DIR-GNN/train/upfd_GCN.py[line:270] - INFO: Epoch [ 42/100]Train_ACC:0.919 Test_ACC:0.806  Val_ACC:0.751  Train_Pre:1.000 Test_Pre:1.000  Val_Pre:0.939  Train_Recall:0.808 Test_Recall:0.667  Val_Recall:0.549  Train_F1:0.894 Test_F1:0.800  Val_F1:0.693  
2024-11-28 18:49:24,607 - /home/mayi/data/zzy/DIR-GNN/train/upfd_GCN.py[line:270] - INFO: Epoch [ 43/100]Train_ACC:0.984 Test_ACC:0.839  Val_ACC:0.805  Train_Pre:0.963 Test_Pre:0.933  Val_Pre:0.917  Train_Recall:1.000 Test_Recall:0.778  Val_Recall:0.681  Train_F1:0.981 Test_F1:0.848  Val_F1:0.782  
2024-11-28 18:49:24,685 - /home/mayi/data/zzy/DIR-GNN/train/upfd_GCN.py[line:270] - INFO: Epoch [ 44/100]Train_ACC:0.984 Test_ACC:0.774  Val_ACC:0.824  Train_Pre:0.963 Test_Pre:0.824  Val_Pre:0.878  Train_Recall:1.000 Test_Recall:0.778  Val_Recall:0.761  Train_F1:0.981 Test_F1:0.800  Val_F1:0.815  
2024-11-28 18:49:24,763 - /home/mayi/data/zzy/DIR-GNN/train/upfd_GCN.py[line:270] - INFO: Epoch [ 45/100]Train_ACC:0.984 Test_ACC:0.806  Val_ACC:0.814  Train_Pre:0.963 Test_Pre:0.875  Val_Pre:0.883  Train_Recall:1.000 Test_Recall:0.778  Val_Recall:0.735  Train_F1:0.981 Test_F1:0.824  Val_F1:0.802  
2024-11-28 18:49:24,840 - /home/mayi/data/zzy/DIR-GNN/train/upfd_GCN.py[line:270] - INFO: Epoch [ 46/100]Train_ACC:1.000 Test_ACC:0.839  Val_ACC:0.819  Train_Pre:1.000 Test_Pre:0.933  Val_Pre:0.940  Train_Recall:1.000 Test_Recall:0.778  Val_Recall:0.690  Train_F1:1.000 Test_F1:0.848  Val_F1:0.796  
2024-11-28 18:49:24,920 - /home/mayi/data/zzy/DIR-GNN/train/upfd_GCN.py[line:270] - INFO: Epoch [ 47/100]Train_ACC:1.000 Test_ACC:0.871  Val_ACC:0.787  Train_Pre:1.000 Test_Pre:1.000  Val_Pre:0.946  Train_Recall:1.000 Test_Recall:0.778  Val_Recall:0.619  Train_F1:1.000 Test_F1:0.875  Val_F1:0.749  
2024-11-28 18:49:24,999 - /home/mayi/data/zzy/DIR-GNN/train/upfd_GCN.py[line:270] - INFO: Epoch [ 48/100]Train_ACC:1.000 Test_ACC:0.839  Val_ACC:0.814  Train_Pre:1.000 Test_Pre:0.933  Val_Pre:0.939  Train_Recall:1.000 Test_Recall:0.778  Val_Recall:0.681  Train_F1:1.000 Test_F1:0.848  Val_F1:0.790  
2024-11-28 18:49:25,077 - /home/mayi/data/zzy/DIR-GNN/train/upfd_GCN.py[line:270] - INFO: Epoch [ 49/100]Train_ACC:0.984 Test_ACC:0.839  Val_ACC:0.814  Train_Pre:0.963 Test_Pre:0.933  Val_Pre:0.900  Train_Recall:1.000 Test_Recall:0.778  Val_Recall:0.717  Train_F1:0.981 Test_F1:0.848  Val_F1:0.798  
2024-11-28 18:49:25,155 - /home/mayi/data/zzy/DIR-GNN/train/upfd_GCN.py[line:270] - INFO: Epoch [ 50/100]Train_ACC:0.984 Test_ACC:0.839  Val_ACC:0.810  Train_Pre:0.963 Test_Pre:0.933  Val_Pre:0.874  Train_Recall:1.000 Test_Recall:0.778  Val_Recall:0.735  Train_F1:0.981 Test_F1:0.848  Val_F1:0.798  
2024-11-28 18:49:25,233 - /home/mayi/data/zzy/DIR-GNN/train/upfd_GCN.py[line:270] - INFO: Epoch [ 51/100]Train_ACC:1.000 Test_ACC:0.839  Val_ACC:0.814  Train_Pre:1.000 Test_Pre:0.933  Val_Pre:0.891  Train_Recall:1.000 Test_Recall:0.778  Val_Recall:0.726  Train_F1:1.000 Test_F1:0.848  Val_F1:0.800  
2024-11-28 18:49:25,311 - /home/mayi/data/zzy/DIR-GNN/train/upfd_GCN.py[line:270] - INFO: Epoch [ 52/100]Train_ACC:1.000 Test_ACC:0.839  Val_ACC:0.814  Train_Pre:1.000 Test_Pre:0.933  Val_Pre:0.929  Train_Recall:1.000 Test_Recall:0.778  Val_Recall:0.690  Train_F1:1.000 Test_F1:0.848  Val_F1:0.792  
2024-11-28 18:49:25,389 - /home/mayi/data/zzy/DIR-GNN/train/upfd_GCN.py[line:270] - INFO: Epoch [ 53/100]Train_ACC:1.000 Test_ACC:0.839  Val_ACC:0.819  Train_Pre:1.000 Test_Pre:0.933  Val_Pre:0.940  Train_Recall:1.000 Test_Recall:0.778  Val_Recall:0.690  Train_F1:1.000 Test_F1:0.848  Val_F1:0.796  
2024-11-28 18:49:25,467 - /home/mayi/data/zzy/DIR-GNN/train/upfd_GCN.py[line:270] - INFO: Epoch [ 54/100]Train_ACC:1.000 Test_ACC:0.839  Val_ACC:0.824  Train_Pre:1.000 Test_Pre:0.933  Val_Pre:0.940  Train_Recall:1.000 Test_Recall:0.778  Val_Recall:0.699  Train_F1:1.000 Test_F1:0.848  Val_F1:0.802  
2024-11-28 18:49:25,545 - /home/mayi/data/zzy/DIR-GNN/train/upfd_GCN.py[line:270] - INFO: Epoch [ 55/100]Train_ACC:1.000 Test_ACC:0.839  Val_ACC:0.819  Train_Pre:1.000 Test_Pre:0.933  Val_Pre:0.892  Train_Recall:1.000 Test_Recall:0.778  Val_Recall:0.735  Train_F1:1.000 Test_F1:0.848  Val_F1:0.806  
2024-11-28 18:49:25,624 - /home/mayi/data/zzy/DIR-GNN/train/upfd_GCN.py[line:270] - INFO: Epoch [ 56/100]Train_ACC:1.000 Test_ACC:0.839  Val_ACC:0.819  Train_Pre:1.000 Test_Pre:0.933  Val_Pre:0.884  Train_Recall:1.000 Test_Recall:0.778  Val_Recall:0.743  Train_F1:1.000 Test_F1:0.848  Val_F1:0.808  
2024-11-28 18:49:25,701 - /home/mayi/data/zzy/DIR-GNN/train/upfd_GCN.py[line:270] - INFO: Epoch [ 57/100]Train_ACC:1.000 Test_ACC:0.839  Val_ACC:0.824  Train_Pre:1.000 Test_Pre:0.933  Val_Pre:0.894  Train_Recall:1.000 Test_Recall:0.778  Val_Recall:0.743  Train_F1:1.000 Test_F1:0.848  Val_F1:0.812  
2024-11-28 18:49:25,777 - /home/mayi/data/zzy/DIR-GNN/train/upfd_GCN.py[line:270] - INFO: Epoch [ 58/100]Train_ACC:1.000 Test_ACC:0.839  Val_ACC:0.824  Train_Pre:1.000 Test_Pre:0.933  Val_Pre:0.911  Train_Recall:1.000 Test_Recall:0.778  Val_Recall:0.726  Train_F1:1.000 Test_F1:0.848  Val_F1:0.808  
2024-11-28 18:49:25,854 - /home/mayi/data/zzy/DIR-GNN/train/upfd_GCN.py[line:270] - INFO: Epoch [ 59/100]Train_ACC:1.000 Test_ACC:0.839  Val_ACC:0.824  Train_Pre:1.000 Test_Pre:0.933  Val_Pre:0.930  Train_Recall:1.000 Test_Recall:0.778  Val_Recall:0.708  Train_F1:1.000 Test_F1:0.848  Val_F1:0.804  
2024-11-28 18:49:25,932 - /home/mayi/data/zzy/DIR-GNN/train/upfd_GCN.py[line:270] - INFO: Epoch [ 60/100]Train_ACC:1.000 Test_ACC:0.839  Val_ACC:0.819  Train_Pre:1.000 Test_Pre:0.933  Val_Pre:0.910  Train_Recall:1.000 Test_Recall:0.778  Val_Recall:0.717  Train_F1:1.000 Test_F1:0.848  Val_F1:0.802  
2024-11-28 18:49:26,010 - /home/mayi/data/zzy/DIR-GNN/train/upfd_GCN.py[line:270] - INFO: Epoch [ 61/100]Train_ACC:1.000 Test_ACC:0.839  Val_ACC:0.833  Train_Pre:1.000 Test_Pre:0.882  Val_Pre:0.913  Train_Recall:1.000 Test_Recall:0.833  Val_Recall:0.743  Train_F1:1.000 Test_F1:0.857  Val_F1:0.820  
2024-11-28 18:49:26,087 - /home/mayi/data/zzy/DIR-GNN/train/upfd_GCN.py[line:270] - INFO: Epoch [ 62/100]Train_ACC:1.000 Test_ACC:0.839  Val_ACC:0.842  Train_Pre:1.000 Test_Pre:0.882  Val_Pre:0.890  Train_Recall:1.000 Test_Recall:0.833  Val_Recall:0.788  Train_F1:1.000 Test_F1:0.857  Val_F1:0.836  
2024-11-28 18:49:26,165 - /home/mayi/data/zzy/DIR-GNN/train/upfd_GCN.py[line:270] - INFO: Epoch [ 63/100]Train_ACC:1.000 Test_ACC:0.839  Val_ACC:0.842  Train_Pre:1.000 Test_Pre:0.882  Val_Pre:0.890  Train_Recall:1.000 Test_Recall:0.833  Val_Recall:0.788  Train_F1:1.000 Test_F1:0.857  Val_F1:0.836  
2024-11-28 18:49:26,242 - /home/mayi/data/zzy/DIR-GNN/train/upfd_GCN.py[line:270] - INFO: Epoch [ 64/100]Train_ACC:1.000 Test_ACC:0.839  Val_ACC:0.842  Train_Pre:1.000 Test_Pre:0.882  Val_Pre:0.924  Train_Recall:1.000 Test_Recall:0.833  Val_Recall:0.752  Train_F1:1.000 Test_F1:0.857  Val_F1:0.829  
2024-11-28 18:49:26,320 - /home/mayi/data/zzy/DIR-GNN/train/upfd_GCN.py[line:270] - INFO: Epoch [ 65/100]Train_ACC:1.000 Test_ACC:0.839  Val_ACC:0.837  Train_Pre:1.000 Test_Pre:0.882  Val_Pre:0.923  Train_Recall:1.000 Test_Recall:0.833  Val_Recall:0.743  Train_F1:1.000 Test_F1:0.857  Val_F1:0.824  
2024-11-28 18:49:26,398 - /home/mayi/data/zzy/DIR-GNN/train/upfd_GCN.py[line:270] - INFO: Epoch [ 66/100]Train_ACC:1.000 Test_ACC:0.839  Val_ACC:0.837  Train_Pre:1.000 Test_Pre:0.882  Val_Pre:0.923  Train_Recall:1.000 Test_Recall:0.833  Val_Recall:0.743  Train_F1:1.000 Test_F1:0.857  Val_F1:0.824  
2024-11-28 18:49:26,476 - /home/mayi/data/zzy/DIR-GNN/train/upfd_GCN.py[line:270] - INFO: Epoch [ 67/100]Train_ACC:1.000 Test_ACC:0.839  Val_ACC:0.846  Train_Pre:1.000 Test_Pre:0.882  Val_Pre:0.925  Train_Recall:1.000 Test_Recall:0.833  Val_Recall:0.761  Train_F1:1.000 Test_F1:0.857  Val_F1:0.835  
2024-11-28 18:49:26,553 - /home/mayi/data/zzy/DIR-GNN/train/upfd_GCN.py[line:270] - INFO: Epoch [ 68/100]Train_ACC:1.000 Test_ACC:0.839  Val_ACC:0.842  Train_Pre:1.000 Test_Pre:0.882  Val_Pre:0.906  Train_Recall:1.000 Test_Recall:0.833  Val_Recall:0.770  Train_F1:1.000 Test_F1:0.857  Val_F1:0.833  
2024-11-28 18:49:26,631 - /home/mayi/data/zzy/DIR-GNN/train/upfd_GCN.py[line:270] - INFO: Epoch [ 69/100]Train_ACC:1.000 Test_ACC:0.839  Val_ACC:0.842  Train_Pre:1.000 Test_Pre:0.882  Val_Pre:0.882  Train_Recall:1.000 Test_Recall:0.833  Val_Recall:0.796  Train_F1:1.000 Test_F1:0.857  Val_F1:0.837  
2024-11-28 18:49:26,709 - /home/mayi/data/zzy/DIR-GNN/train/upfd_GCN.py[line:270] - INFO: Epoch [ 70/100]Train_ACC:1.000 Test_ACC:0.839  Val_ACC:0.842  Train_Pre:1.000 Test_Pre:0.882  Val_Pre:0.875  Train_Recall:1.000 Test_Recall:0.833  Val_Recall:0.805  Train_F1:1.000 Test_F1:0.857  Val_F1:0.839  
2024-11-28 18:49:26,787 - /home/mayi/data/zzy/DIR-GNN/train/upfd_GCN.py[line:270] - INFO: Epoch [ 71/100]Train_ACC:1.000 Test_ACC:0.839  Val_ACC:0.833  Train_Pre:1.000 Test_Pre:0.882  Val_Pre:0.896  Train_Recall:1.000 Test_Recall:0.833  Val_Recall:0.761  Train_F1:1.000 Test_F1:0.857  Val_F1:0.823  
2024-11-28 18:49:26,864 - /home/mayi/data/zzy/DIR-GNN/train/upfd_GCN.py[line:270] - INFO: Epoch [ 72/100]Train_ACC:1.000 Test_ACC:0.871  Val_ACC:0.842  Train_Pre:1.000 Test_Pre:0.938  Val_Pre:0.915  Train_Recall:1.000 Test_Recall:0.833  Val_Recall:0.761  Train_F1:1.000 Test_F1:0.882  Val_F1:0.831  
2024-11-28 18:49:26,942 - /home/mayi/data/zzy/DIR-GNN/train/upfd_GCN.py[line:270] - INFO: Epoch [ 73/100]Train_ACC:1.000 Test_ACC:0.871  Val_ACC:0.846  Train_Pre:1.000 Test_Pre:0.938  Val_Pre:0.925  Train_Recall:1.000 Test_Recall:0.833  Val_Recall:0.761  Train_F1:1.000 Test_F1:0.882  Val_F1:0.835  
2024-11-28 18:49:27,021 - /home/mayi/data/zzy/DIR-GNN/train/upfd_GCN.py[line:270] - INFO: Epoch [ 74/100]Train_ACC:1.000 Test_ACC:0.871  Val_ACC:0.842  Train_Pre:1.000 Test_Pre:0.938  Val_Pre:0.898  Train_Recall:1.000 Test_Recall:0.833  Val_Recall:0.779  Train_F1:1.000 Test_F1:0.882  Val_F1:0.834  
2024-11-28 18:49:27,099 - /home/mayi/data/zzy/DIR-GNN/train/upfd_GCN.py[line:270] - INFO: Epoch [ 75/100]Train_ACC:1.000 Test_ACC:0.871  Val_ACC:0.837  Train_Pre:1.000 Test_Pre:0.938  Val_Pre:0.889  Train_Recall:1.000 Test_Recall:0.833  Val_Recall:0.779  Train_F1:1.000 Test_F1:0.882  Val_F1:0.830  
2024-11-28 18:49:27,176 - /home/mayi/data/zzy/DIR-GNN/train/upfd_GCN.py[line:270] - INFO: Epoch [ 76/100]Train_ACC:1.000 Test_ACC:0.839  Val_ACC:0.842  Train_Pre:1.000 Test_Pre:0.882  Val_Pre:0.890  Train_Recall:1.000 Test_Recall:0.833  Val_Recall:0.788  Train_F1:1.000 Test_F1:0.857  Val_F1:0.836  
2024-11-28 18:49:27,254 - /home/mayi/data/zzy/DIR-GNN/train/upfd_GCN.py[line:270] - INFO: Epoch [ 77/100]Train_ACC:1.000 Test_ACC:0.839  Val_ACC:0.833  Train_Pre:1.000 Test_Pre:0.882  Val_Pre:0.873  Train_Recall:1.000 Test_Recall:0.833  Val_Recall:0.788  Train_F1:1.000 Test_F1:0.857  Val_F1:0.828  
2024-11-28 18:49:27,332 - /home/mayi/data/zzy/DIR-GNN/train/upfd_GCN.py[line:270] - INFO: Epoch [ 78/100]Train_ACC:1.000 Test_ACC:0.839  Val_ACC:0.842  Train_Pre:1.000 Test_Pre:0.882  Val_Pre:0.890  Train_Recall:1.000 Test_Recall:0.833  Val_Recall:0.788  Train_F1:1.000 Test_F1:0.857  Val_F1:0.836  
2024-11-28 18:49:27,410 - /home/mayi/data/zzy/DIR-GNN/train/upfd_GCN.py[line:270] - INFO: Epoch [ 79/100]Train_ACC:1.000 Test_ACC:0.871  Val_ACC:0.842  Train_Pre:1.000 Test_Pre:0.938  Val_Pre:0.890  Train_Recall:1.000 Test_Recall:0.833  Val_Recall:0.788  Train_F1:1.000 Test_F1:0.882  Val_F1:0.836  
2024-11-28 18:49:27,488 - /home/mayi/data/zzy/DIR-GNN/train/upfd_GCN.py[line:270] - INFO: Epoch [ 80/100]Train_ACC:1.000 Test_ACC:0.871  Val_ACC:0.828  Train_Pre:1.000 Test_Pre:0.938  Val_Pre:0.887  Train_Recall:1.000 Test_Recall:0.833  Val_Recall:0.761  Train_F1:1.000 Test_F1:0.882  Val_F1:0.819  
2024-11-28 18:49:27,566 - /home/mayi/data/zzy/DIR-GNN/train/upfd_GCN.py[line:270] - INFO: Epoch [ 81/100]Train_ACC:1.000 Test_ACC:0.871  Val_ACC:0.828  Train_Pre:1.000 Test_Pre:0.938  Val_Pre:0.895  Train_Recall:1.000 Test_Recall:0.833  Val_Recall:0.752  Train_F1:1.000 Test_F1:0.882  Val_F1:0.817  
2024-11-28 18:49:27,644 - /home/mayi/data/zzy/DIR-GNN/train/upfd_GCN.py[line:270] - INFO: Epoch [ 82/100]Train_ACC:1.000 Test_ACC:0.871  Val_ACC:0.828  Train_Pre:1.000 Test_Pre:0.938  Val_Pre:0.895  Train_Recall:1.000 Test_Recall:0.833  Val_Recall:0.752  Train_F1:1.000 Test_F1:0.882  Val_F1:0.817  
2024-11-28 18:49:27,722 - /home/mayi/data/zzy/DIR-GNN/train/upfd_GCN.py[line:270] - INFO: Epoch [ 83/100]Train_ACC:1.000 Test_ACC:0.871  Val_ACC:0.833  Train_Pre:1.000 Test_Pre:0.938  Val_Pre:0.888  Train_Recall:1.000 Test_Recall:0.833  Val_Recall:0.770  Train_F1:1.000 Test_F1:0.882  Val_F1:0.825  
2024-11-28 18:49:27,799 - /home/mayi/data/zzy/DIR-GNN/train/upfd_GCN.py[line:270] - INFO: Epoch [ 84/100]Train_ACC:1.000 Test_ACC:0.871  Val_ACC:0.833  Train_Pre:1.000 Test_Pre:0.938  Val_Pre:0.888  Train_Recall:1.000 Test_Recall:0.833  Val_Recall:0.770  Train_F1:1.000 Test_F1:0.882  Val_F1:0.825  
2024-11-28 18:49:27,877 - /home/mayi/data/zzy/DIR-GNN/train/upfd_GCN.py[line:270] - INFO: Epoch [ 85/100]Train_ACC:1.000 Test_ACC:0.871  Val_ACC:0.833  Train_Pre:1.000 Test_Pre:0.938  Val_Pre:0.888  Train_Recall:1.000 Test_Recall:0.833  Val_Recall:0.770  Train_F1:1.000 Test_F1:0.882  Val_F1:0.825  
2024-11-28 18:49:27,955 - /home/mayi/data/zzy/DIR-GNN/train/upfd_GCN.py[line:270] - INFO: Epoch [ 86/100]Train_ACC:1.000 Test_ACC:0.839  Val_ACC:0.828  Train_Pre:1.000 Test_Pre:0.882  Val_Pre:0.879  Train_Recall:1.000 Test_Recall:0.833  Val_Recall:0.770  Train_F1:1.000 Test_F1:0.857  Val_F1:0.821  
2024-11-28 18:49:28,033 - /home/mayi/data/zzy/DIR-GNN/train/upfd_GCN.py[line:270] - INFO: Epoch [ 87/100]Train_ACC:1.000 Test_ACC:0.839  Val_ACC:0.828  Train_Pre:1.000 Test_Pre:0.882  Val_Pre:0.879  Train_Recall:1.000 Test_Recall:0.833  Val_Recall:0.770  Train_F1:1.000 Test_F1:0.857  Val_F1:0.821  
2024-11-28 18:49:28,112 - /home/mayi/data/zzy/DIR-GNN/train/upfd_GCN.py[line:270] - INFO: Epoch [ 88/100]Train_ACC:1.000 Test_ACC:0.871  Val_ACC:0.828  Train_Pre:1.000 Test_Pre:0.938  Val_Pre:0.879  Train_Recall:1.000 Test_Recall:0.833  Val_Recall:0.770  Train_F1:1.000 Test_F1:0.882  Val_F1:0.821  
2024-11-28 18:49:28,190 - /home/mayi/data/zzy/DIR-GNN/train/upfd_GCN.py[line:270] - INFO: Epoch [ 89/100]Train_ACC:1.000 Test_ACC:0.871  Val_ACC:0.833  Train_Pre:1.000 Test_Pre:0.938  Val_Pre:0.888  Train_Recall:1.000 Test_Recall:0.833  Val_Recall:0.770  Train_F1:1.000 Test_F1:0.882  Val_F1:0.825  
2024-11-28 18:49:28,268 - /home/mayi/data/zzy/DIR-GNN/train/upfd_GCN.py[line:270] - INFO: Epoch [ 90/100]Train_ACC:1.000 Test_ACC:0.871  Val_ACC:0.837  Train_Pre:1.000 Test_Pre:0.938  Val_Pre:0.897  Train_Recall:1.000 Test_Recall:0.833  Val_Recall:0.770  Train_F1:1.000 Test_F1:0.882  Val_F1:0.829  
2024-11-28 18:49:28,345 - /home/mayi/data/zzy/DIR-GNN/train/upfd_GCN.py[line:270] - INFO: Epoch [ 91/100]Train_ACC:1.000 Test_ACC:0.871  Val_ACC:0.837  Train_Pre:1.000 Test_Pre:0.938  Val_Pre:0.897  Train_Recall:1.000 Test_Recall:0.833  Val_Recall:0.770  Train_F1:1.000 Test_F1:0.882  Val_F1:0.829  
2024-11-28 18:49:28,423 - /home/mayi/data/zzy/DIR-GNN/train/upfd_GCN.py[line:270] - INFO: Epoch [ 92/100]Train_ACC:1.000 Test_ACC:0.871  Val_ACC:0.833  Train_Pre:1.000 Test_Pre:0.938  Val_Pre:0.896  Train_Recall:1.000 Test_Recall:0.833  Val_Recall:0.761  Train_F1:1.000 Test_F1:0.882  Val_F1:0.823  
2024-11-28 18:49:28,502 - /home/mayi/data/zzy/DIR-GNN/train/upfd_GCN.py[line:270] - INFO: Epoch [ 93/100]Train_ACC:1.000 Test_ACC:0.871  Val_ACC:0.833  Train_Pre:1.000 Test_Pre:0.938  Val_Pre:0.896  Train_Recall:1.000 Test_Recall:0.833  Val_Recall:0.761  Train_F1:1.000 Test_F1:0.882  Val_F1:0.823  
2024-11-28 18:49:28,580 - /home/mayi/data/zzy/DIR-GNN/train/upfd_GCN.py[line:270] - INFO: Epoch [ 94/100]Train_ACC:1.000 Test_ACC:0.871  Val_ACC:0.837  Train_Pre:1.000 Test_Pre:0.938  Val_Pre:0.897  Train_Recall:1.000 Test_Recall:0.833  Val_Recall:0.770  Train_F1:1.000 Test_F1:0.882  Val_F1:0.829  
2024-11-28 18:49:28,659 - /home/mayi/data/zzy/DIR-GNN/train/upfd_GCN.py[line:270] - INFO: Epoch [ 95/100]Train_ACC:1.000 Test_ACC:0.871  Val_ACC:0.837  Train_Pre:1.000 Test_Pre:0.938  Val_Pre:0.897  Train_Recall:1.000 Test_Recall:0.833  Val_Recall:0.770  Train_F1:1.000 Test_F1:0.882  Val_F1:0.829  
2024-11-28 18:49:28,738 - /home/mayi/data/zzy/DIR-GNN/train/upfd_GCN.py[line:270] - INFO: Epoch [ 96/100]Train_ACC:1.000 Test_ACC:0.871  Val_ACC:0.837  Train_Pre:1.000 Test_Pre:0.938  Val_Pre:0.897  Train_Recall:1.000 Test_Recall:0.833  Val_Recall:0.770  Train_F1:1.000 Test_F1:0.882  Val_F1:0.829  
2024-11-28 18:49:28,817 - /home/mayi/data/zzy/DIR-GNN/train/upfd_GCN.py[line:270] - INFO: Epoch [ 97/100]Train_ACC:1.000 Test_ACC:0.871  Val_ACC:0.833  Train_Pre:1.000 Test_Pre:0.938  Val_Pre:0.888  Train_Recall:1.000 Test_Recall:0.833  Val_Recall:0.770  Train_F1:1.000 Test_F1:0.882  Val_F1:0.825  
2024-11-28 18:49:28,895 - /home/mayi/data/zzy/DIR-GNN/train/upfd_GCN.py[line:270] - INFO: Epoch [ 98/100]Train_ACC:1.000 Test_ACC:0.871  Val_ACC:0.833  Train_Pre:1.000 Test_Pre:0.938  Val_Pre:0.888  Train_Recall:1.000 Test_Recall:0.833  Val_Recall:0.770  Train_F1:1.000 Test_F1:0.882  Val_F1:0.825  
2024-11-28 18:49:28,974 - /home/mayi/data/zzy/DIR-GNN/train/upfd_GCN.py[line:270] - INFO: Epoch [ 99/100]Train_ACC:1.000 Test_ACC:0.871  Val_ACC:0.833  Train_Pre:1.000 Test_Pre:0.938  Val_Pre:0.888  Train_Recall:1.000 Test_Recall:0.833  Val_Recall:0.770  Train_F1:1.000 Test_F1:0.882  Val_F1:0.825  
2024-11-28 18:49:28,974 - /home/mayi/data/zzy/DIR-GNN/train/upfd_GCN.py[line:317] - INFO: ====================================================================================================
2024-11-28 18:49:28,974 - /home/mayi/data/zzy/DIR-GNN/train/upfd_GCN.py[line:172] - INFO: Seed:  7
2024-11-28 18:49:28,976 - /home/mayi/data/zzy/DIR-GNN/train/upfd_GCN.py[line:239] - INFO: # Train: 62  #Test: 221.0 #Val: 31
2024-11-28 18:49:29,055 - /home/mayi/data/zzy/DIR-GNN/train/upfd_GCN.py[line:270] - INFO: Epoch [  0/100]Train_ACC:0.565 Test_ACC:0.419  Val_ACC:0.462  Train_Pre:0.000 Test_Pre:0.500  Val_Pre:0.200  Train_Recall:0.000 Test_Recall:0.056  Val_Recall:0.018  Train_F1:0.000 Test_F1:0.100  Val_F1:0.033  
2024-11-28 18:49:29,134 - /home/mayi/data/zzy/DIR-GNN/train/upfd_GCN.py[line:270] - INFO: Epoch [  1/100]Train_ACC:0.468 Test_ACC:0.516  Val_ACC:0.534  Train_Pre:0.441 Test_Pre:0.552  Val_Pre:0.524  Train_Recall:1.000 Test_Recall:0.889  Val_Recall:0.965  Train_F1:0.612 Test_F1:0.681  Val_F1:0.679  
2024-11-28 18:49:29,213 - /home/mayi/data/zzy/DIR-GNN/train/upfd_GCN.py[line:270] - INFO: Epoch [  2/100]Train_ACC:0.419 Test_ACC:0.581  Val_ACC:0.511  Train_Pre:0.419 Test_Pre:0.581  Val_Pre:0.511  Train_Recall:1.000 Test_Recall:1.000  Val_Recall:1.000  Train_F1:0.591 Test_F1:0.735  Val_F1:0.677  
2024-11-28 18:49:29,292 - /home/mayi/data/zzy/DIR-GNN/train/upfd_GCN.py[line:270] - INFO: Epoch [  3/100]Train_ACC:0.645 Test_ACC:0.452  Val_ACC:0.529  Train_Pre:0.600 Test_Pre:0.556  Val_Pre:0.560  Train_Recall:0.462 Test_Recall:0.278  Val_Recall:0.372  Train_F1:0.522 Test_F1:0.370  Val_F1:0.447  
2024-11-28 18:49:29,370 - /home/mayi/data/zzy/DIR-GNN/train/upfd_GCN.py[line:270] - INFO: Epoch [  4/100]Train_ACC:0.565 Test_ACC:0.387  Val_ACC:0.448  Train_Pre:0.429 Test_Pre:0.333  Val_Pre:0.304  Train_Recall:0.115 Test_Recall:0.056  Val_Recall:0.062  Train_F1:0.182 Test_F1:0.095  Val_F1:0.103  
2024-11-28 18:49:29,449 - /home/mayi/data/zzy/DIR-GNN/train/upfd_GCN.py[line:270] - INFO: Epoch [  5/100]Train_ACC:0.581 Test_ACC:0.387  Val_ACC:0.462  Train_Pre:0.500 Test_Pre:0.333  Val_Pre:0.350  Train_Recall:0.115 Test_Recall:0.056  Val_Recall:0.062  Train_F1:0.188 Test_F1:0.095  Val_F1:0.105  
2024-11-28 18:49:29,528 - /home/mayi/data/zzy/DIR-GNN/train/upfd_GCN.py[line:270] - INFO: Epoch [  6/100]Train_ACC:0.629 Test_ACC:0.387  Val_ACC:0.480  Train_Pre:0.667 Test_Pre:0.333  Val_Pre:0.467  Train_Recall:0.231 Test_Recall:0.056  Val_Recall:0.124  Train_F1:0.343 Test_F1:0.095  Val_F1:0.196  
2024-11-28 18:49:29,606 - /home/mayi/data/zzy/DIR-GNN/train/upfd_GCN.py[line:270] - INFO: Epoch [  7/100]Train_ACC:0.839 Test_ACC:0.742  Val_ACC:0.706  Train_Pre:0.735 Test_Pre:0.778  Val_Pre:0.694  Train_Recall:0.962 Test_Recall:0.778  Val_Recall:0.761  Train_F1:0.833 Test_F1:0.778  Val_F1:0.726  
2024-11-28 18:49:29,685 - /home/mayi/data/zzy/DIR-GNN/train/upfd_GCN.py[line:270] - INFO: Epoch [  8/100]Train_ACC:0.629 Test_ACC:0.613  Val_ACC:0.575  Train_Pre:0.531 Test_Pre:0.600  Val_Pre:0.549  Train_Recall:1.000 Test_Recall:1.000  Val_Recall:0.938  Train_F1:0.693 Test_F1:0.750  Val_F1:0.693  
2024-11-28 18:49:29,764 - /home/mayi/data/zzy/DIR-GNN/train/upfd_GCN.py[line:270] - INFO: Epoch [  9/100]Train_ACC:0.629 Test_ACC:0.645  Val_ACC:0.593  Train_Pre:0.531 Test_Pre:0.621  Val_Pre:0.561  Train_Recall:1.000 Test_Recall:1.000  Val_Recall:0.938  Train_F1:0.693 Test_F1:0.766  Val_F1:0.702  
2024-11-28 18:49:29,843 - /home/mayi/data/zzy/DIR-GNN/train/upfd_GCN.py[line:270] - INFO: Epoch [ 10/100]Train_ACC:0.855 Test_ACC:0.742  Val_ACC:0.751  Train_Pre:0.758 Test_Pre:0.778  Val_Pre:0.738  Train_Recall:0.962 Test_Recall:0.778  Val_Recall:0.796  Train_F1:0.847 Test_F1:0.778  Val_F1:0.766  
2024-11-28 18:49:29,922 - /home/mayi/data/zzy/DIR-GNN/train/upfd_GCN.py[line:270] - INFO: Epoch [ 11/100]Train_ACC:0.710 Test_ACC:0.516  Val_ACC:0.670  Train_Pre:1.000 Test_Pre:1.000  Val_Pre:0.976  Train_Recall:0.308 Test_Recall:0.167  Val_Recall:0.363  Train_F1:0.471 Test_F1:0.286  Val_F1:0.529  
/home/mayi/anaconda3/envs/zzy_DIR/lib/python3.9/site-packages/sklearn/metrics/_classification.py:1517: UndefinedMetricWarning: Precision is ill-defined and being set to 0.0 due to no predicted samples. Use `zero_division` parameter to control this behavior.
  _warn_prf(average, modifier, f"{metric.capitalize()} is", len(result))
2024-11-28 18:49:30,002 - /home/mayi/data/zzy/DIR-GNN/train/upfd_GCN.py[line:270] - INFO: Epoch [ 12/100]Train_ACC:0.629 Test_ACC:0.419  Val_ACC:0.525  Train_Pre:1.000 Test_Pre:0.000  Val_Pre:0.900  Train_Recall:0.115 Test_Recall:0.000  Val_Recall:0.080  Train_F1:0.207 Test_F1:0.000  Val_F1:0.146  
/home/mayi/anaconda3/envs/zzy_DIR/lib/python3.9/site-packages/sklearn/metrics/_classification.py:1517: UndefinedMetricWarning: Precision is ill-defined and being set to 0.0 due to no predicted samples. Use `zero_division` parameter to control this behavior.
  _warn_prf(average, modifier, f"{metric.capitalize()} is", len(result))
2024-11-28 18:49:30,082 - /home/mayi/data/zzy/DIR-GNN/train/upfd_GCN.py[line:270] - INFO: Epoch [ 13/100]Train_ACC:0.629 Test_ACC:0.419  Val_ACC:0.529  Train_Pre:1.000 Test_Pre:0.000  Val_Pre:1.000  Train_Recall:0.115 Test_Recall:0.000  Val_Recall:0.080  Train_F1:0.207 Test_F1:0.000  Val_F1:0.148  
2024-11-28 18:49:30,161 - /home/mayi/data/zzy/DIR-GNN/train/upfd_GCN.py[line:270] - INFO: Epoch [ 14/100]Train_ACC:0.677 Test_ACC:0.452  Val_ACC:0.584  Train_Pre:1.000 Test_Pre:1.000  Val_Pre:0.957  Train_Recall:0.231 Test_Recall:0.056  Val_Recall:0.195  Train_F1:0.375 Test_F1:0.105  Val_F1:0.324  
2024-11-28 18:49:30,247 - /home/mayi/data/zzy/DIR-GNN/train/upfd_GCN.py[line:270] - INFO: Epoch [ 15/100]Train_ACC:0.726 Test_ACC:0.516  Val_ACC:0.688  Train_Pre:1.000 Test_Pre:1.000  Val_Pre:0.958  Train_Recall:0.346 Test_Recall:0.167  Val_Recall:0.407  Train_F1:0.514 Test_F1:0.286  Val_F1:0.571  
2024-11-28 18:49:30,327 - /home/mayi/data/zzy/DIR-GNN/train/upfd_GCN.py[line:270] - INFO: Epoch [ 16/100]Train_ACC:0.823 Test_ACC:0.710  Val_ACC:0.729  Train_Pre:1.000 Test_Pre:0.846  Val_Pre:0.863  Train_Recall:0.577 Test_Recall:0.611  Val_Recall:0.558  Train_F1:0.732 Test_F1:0.710  Val_F1:0.677  
2024-11-28 18:49:30,406 - /home/mayi/data/zzy/DIR-GNN/train/upfd_GCN.py[line:270] - INFO: Epoch [ 17/100]Train_ACC:0.887 Test_ACC:0.677  Val_ACC:0.747  Train_Pre:0.913 Test_Pre:0.722  Val_Pre:0.794  Train_Recall:0.808 Test_Recall:0.722  Val_Recall:0.681  Train_F1:0.857 Test_F1:0.722  Val_F1:0.733  
2024-11-28 18:49:30,485 - /home/mayi/data/zzy/DIR-GNN/train/upfd_GCN.py[line:270] - INFO: Epoch [ 18/100]Train_ACC:0.887 Test_ACC:0.677  Val_ACC:0.747  Train_Pre:0.913 Test_Pre:0.722  Val_Pre:0.788  Train_Recall:0.808 Test_Recall:0.722  Val_Recall:0.690  Train_F1:0.857 Test_F1:0.722  Val_F1:0.736  
2024-11-28 18:49:30,564 - /home/mayi/data/zzy/DIR-GNN/train/upfd_GCN.py[line:270] - INFO: Epoch [ 19/100]Train_ACC:0.839 Test_ACC:0.710  Val_ACC:0.733  Train_Pre:0.944 Test_Pre:0.800  Val_Pre:0.846  Train_Recall:0.654 Test_Recall:0.667  Val_Recall:0.584  Train_F1:0.773 Test_F1:0.727  Val_F1:0.691  
2024-11-28 18:49:30,643 - /home/mayi/data/zzy/DIR-GNN/train/upfd_GCN.py[line:270] - INFO: Epoch [ 20/100]Train_ACC:0.790 Test_ACC:0.645  Val_ACC:0.719  Train_Pre:1.000 Test_Pre:0.889  Val_Pre:0.905  Train_Recall:0.500 Test_Recall:0.444  Val_Recall:0.504  Train_F1:0.667 Test_F1:0.593  Val_F1:0.648  
2024-11-28 18:49:30,721 - /home/mayi/data/zzy/DIR-GNN/train/upfd_GCN.py[line:270] - INFO: Epoch [ 21/100]Train_ACC:0.742 Test_ACC:0.581  Val_ACC:0.701  Train_Pre:1.000 Test_Pre:1.000  Val_Pre:0.961  Train_Recall:0.385 Test_Recall:0.278  Val_Recall:0.434  Train_F1:0.556 Test_F1:0.435  Val_F1:0.598  
2024-11-28 18:49:30,800 - /home/mayi/data/zzy/DIR-GNN/train/upfd_GCN.py[line:270] - INFO: Epoch [ 22/100]Train_ACC:0.726 Test_ACC:0.548  Val_ACC:0.692  Train_Pre:1.000 Test_Pre:1.000  Val_Pre:0.959  Train_Recall:0.346 Test_Recall:0.222  Val_Recall:0.416  Train_F1:0.514 Test_F1:0.364  Val_F1:0.580  
2024-11-28 18:49:30,879 - /home/mayi/data/zzy/DIR-GNN/train/upfd_GCN.py[line:270] - INFO: Epoch [ 23/100]Train_ACC:0.758 Test_ACC:0.581  Val_ACC:0.715  Train_Pre:1.000 Test_Pre:1.000  Val_Pre:0.963  Train_Recall:0.423 Test_Recall:0.278  Val_Recall:0.460  Train_F1:0.595 Test_F1:0.435  Val_F1:0.623  
2024-11-28 18:49:30,958 - /home/mayi/data/zzy/DIR-GNN/train/upfd_GCN.py[line:270] - INFO: Epoch [ 24/100]Train_ACC:0.855 Test_ACC:0.742  Val_ACC:0.729  Train_Pre:1.000 Test_Pre:0.917  Val_Pre:0.921  Train_Recall:0.654 Test_Recall:0.611  Val_Recall:0.513  Train_F1:0.791 Test_F1:0.733  Val_F1:0.659  
2024-11-28 18:49:31,038 - /home/mayi/data/zzy/DIR-GNN/train/upfd_GCN.py[line:270] - INFO: Epoch [ 25/100]Train_ACC:0.887 Test_ACC:0.710  Val_ACC:0.742  Train_Pre:0.952 Test_Pre:0.800  Val_Pre:0.850  Train_Recall:0.769 Test_Recall:0.667  Val_Recall:0.602  Train_F1:0.851 Test_F1:0.727  Val_F1:0.705  
2024-11-28 18:49:31,117 - /home/mayi/data/zzy/DIR-GNN/train/upfd_GCN.py[line:270] - INFO: Epoch [ 26/100]Train_ACC:0.903 Test_ACC:0.645  Val_ACC:0.756  Train_Pre:0.955 Test_Pre:0.706  Val_Pre:0.847  Train_Recall:0.808 Test_Recall:0.667  Val_Recall:0.637  Train_F1:0.875 Test_F1:0.686  Val_F1:0.727  
2024-11-28 18:49:31,196 - /home/mayi/data/zzy/DIR-GNN/train/upfd_GCN.py[line:270] - INFO: Epoch [ 27/100]Train_ACC:0.903 Test_ACC:0.677  Val_ACC:0.751  Train_Pre:0.955 Test_Pre:0.750  Val_Pre:0.845  Train_Recall:0.808 Test_Recall:0.667  Val_Recall:0.628  Train_F1:0.875 Test_F1:0.706  Val_F1:0.721  
2024-11-28 18:49:31,275 - /home/mayi/data/zzy/DIR-GNN/train/upfd_GCN.py[line:270] - INFO: Epoch [ 28/100]Train_ACC:0.887 Test_ACC:0.710  Val_ACC:0.747  Train_Pre:1.000 Test_Pre:0.800  Val_Pre:0.870  Train_Recall:0.731 Test_Recall:0.667  Val_Recall:0.593  Train_F1:0.844 Test_F1:0.727  Val_F1:0.705  
2024-11-28 18:49:31,354 - /home/mayi/data/zzy/DIR-GNN/train/upfd_GCN.py[line:270] - INFO: Epoch [ 29/100]Train_ACC:0.871 Test_ACC:0.742  Val_ACC:0.760  Train_Pre:1.000 Test_Pre:0.917  Val_Pre:0.955  Train_Recall:0.692 Test_Recall:0.611  Val_Recall:0.558  Train_F1:0.818 Test_F1:0.733  Val_F1:0.704  
2024-11-28 18:49:31,432 - /home/mayi/data/zzy/DIR-GNN/train/upfd_GCN.py[line:270] - INFO: Epoch [ 30/100]Train_ACC:0.903 Test_ACC:0.806  Val_ACC:0.765  Train_Pre:1.000 Test_Pre:0.929  Val_Pre:0.955  Train_Recall:0.769 Test_Recall:0.722  Val_Recall:0.566  Train_F1:0.870 Test_F1:0.812  Val_F1:0.711  
2024-11-28 18:49:31,511 - /home/mayi/data/zzy/DIR-GNN/train/upfd_GCN.py[line:270] - INFO: Epoch [ 31/100]Train_ACC:0.984 Test_ACC:0.742  Val_ACC:0.774  Train_Pre:1.000 Test_Pre:0.812  Val_Pre:0.889  Train_Recall:0.962 Test_Recall:0.722  Val_Recall:0.637  Train_F1:0.980 Test_F1:0.765  Val_F1:0.742  
2024-11-28 18:49:31,589 - /home/mayi/data/zzy/DIR-GNN/train/upfd_GCN.py[line:270] - INFO: Epoch [ 32/100]Train_ACC:0.968 Test_ACC:0.774  Val_ACC:0.805  Train_Pre:0.929 Test_Pre:0.824  Val_Pre:0.843  Train_Recall:1.000 Test_Recall:0.778  Val_Recall:0.761  Train_F1:0.963 Test_F1:0.800  Val_F1:0.800  
2024-11-28 18:49:31,665 - /home/mayi/data/zzy/DIR-GNN/train/upfd_GCN.py[line:270] - INFO: Epoch [ 33/100]Train_ACC:0.952 Test_ACC:0.774  Val_ACC:0.819  Train_Pre:0.897 Test_Pre:0.824  Val_Pre:0.861  Train_Recall:1.000 Test_Recall:0.778  Val_Recall:0.770  Train_F1:0.945 Test_F1:0.800  Val_F1:0.813  
2024-11-28 18:49:31,741 - /home/mayi/data/zzy/DIR-GNN/train/upfd_GCN.py[line:270] - INFO: Epoch [ 34/100]Train_ACC:0.984 Test_ACC:0.774  Val_ACC:0.824  Train_Pre:0.963 Test_Pre:0.824  Val_Pre:0.894  Train_Recall:1.000 Test_Recall:0.778  Val_Recall:0.743  Train_F1:0.981 Test_F1:0.800  Val_F1:0.812  
2024-11-28 18:49:31,818 - /home/mayi/data/zzy/DIR-GNN/train/upfd_GCN.py[line:270] - INFO: Epoch [ 35/100]Train_ACC:1.000 Test_ACC:0.839  Val_ACC:0.783  Train_Pre:1.000 Test_Pre:1.000  Val_Pre:0.911  Train_Recall:1.000 Test_Recall:0.722  Val_Recall:0.637  Train_F1:1.000 Test_F1:0.839  Val_F1:0.750  
2024-11-28 18:49:31,895 - /home/mayi/data/zzy/DIR-GNN/train/upfd_GCN.py[line:270] - INFO: Epoch [ 36/100]Train_ACC:1.000 Test_ACC:0.839  Val_ACC:0.787  Train_Pre:1.000 Test_Pre:1.000  Val_Pre:0.923  Train_Recall:1.000 Test_Recall:0.722  Val_Recall:0.637  Train_F1:1.000 Test_F1:0.839  Val_F1:0.754  
2024-11-28 18:49:31,972 - /home/mayi/data/zzy/DIR-GNN/train/upfd_GCN.py[line:270] - INFO: Epoch [ 37/100]Train_ACC:1.000 Test_ACC:0.774  Val_ACC:0.828  Train_Pre:1.000 Test_Pre:0.867  Val_Pre:0.912  Train_Recall:1.000 Test_Recall:0.722  Val_Recall:0.735  Train_F1:1.000 Test_F1:0.788  Val_F1:0.814  
2024-11-28 18:49:32,049 - /home/mayi/data/zzy/DIR-GNN/train/upfd_GCN.py[line:270] - INFO: Epoch [ 38/100]Train_ACC:1.000 Test_ACC:0.774  Val_ACC:0.824  Train_Pre:1.000 Test_Pre:0.824  Val_Pre:0.894  Train_Recall:1.000 Test_Recall:0.778  Val_Recall:0.743  Train_F1:1.000 Test_F1:0.800  Val_F1:0.812  
2024-11-28 18:49:32,126 - /home/mayi/data/zzy/DIR-GNN/train/upfd_GCN.py[line:270] - INFO: Epoch [ 39/100]Train_ACC:1.000 Test_ACC:0.742  Val_ACC:0.814  Train_Pre:1.000 Test_Pre:0.812  Val_Pre:0.891  Train_Recall:1.000 Test_Recall:0.722  Val_Recall:0.726  Train_F1:1.000 Test_F1:0.765  Val_F1:0.800  
2024-11-28 18:49:32,203 - /home/mayi/data/zzy/DIR-GNN/train/upfd_GCN.py[line:270] - INFO: Epoch [ 40/100]Train_ACC:0.984 Test_ACC:0.742  Val_ACC:0.810  Train_Pre:1.000 Test_Pre:0.812  Val_Pre:0.890  Train_Recall:0.962 Test_Recall:0.722  Val_Recall:0.717  Train_F1:0.980 Test_F1:0.765  Val_F1:0.794  
2024-11-28 18:49:32,279 - /home/mayi/data/zzy/DIR-GNN/train/upfd_GCN.py[line:270] - INFO: Epoch [ 41/100]Train_ACC:0.968 Test_ACC:0.774  Val_ACC:0.801  Train_Pre:1.000 Test_Pre:0.867  Val_Pre:0.906  Train_Recall:0.923 Test_Recall:0.722  Val_Recall:0.681  Train_F1:0.960 Test_F1:0.788  Val_F1:0.778  
2024-11-28 18:49:32,356 - /home/mayi/data/zzy/DIR-GNN/train/upfd_GCN.py[line:270] - INFO: Epoch [ 42/100]Train_ACC:0.968 Test_ACC:0.806  Val_ACC:0.796  Train_Pre:1.000 Test_Pre:0.929  Val_Pre:0.915  Train_Recall:0.923 Test_Recall:0.722  Val_Recall:0.664  Train_F1:0.960 Test_F1:0.812  Val_F1:0.769  
2024-11-28 18:49:32,433 - /home/mayi/data/zzy/DIR-GNN/train/upfd_GCN.py[line:270] - INFO: Epoch [ 43/100]Train_ACC:0.968 Test_ACC:0.806  Val_ACC:0.801  Train_Pre:1.000 Test_Pre:0.929  Val_Pre:0.906  Train_Recall:0.923 Test_Recall:0.722  Val_Recall:0.681  Train_F1:0.960 Test_F1:0.812  Val_F1:0.778  
2024-11-28 18:49:32,510 - /home/mayi/data/zzy/DIR-GNN/train/upfd_GCN.py[line:270] - INFO: Epoch [ 44/100]Train_ACC:0.984 Test_ACC:0.742  Val_ACC:0.819  Train_Pre:1.000 Test_Pre:0.812  Val_Pre:0.892  Train_Recall:0.962 Test_Recall:0.722  Val_Recall:0.735  Train_F1:0.980 Test_F1:0.765  Val_F1:0.806  
2024-11-28 18:49:32,588 - /home/mayi/data/zzy/DIR-GNN/train/upfd_GCN.py[line:270] - INFO: Epoch [ 45/100]Train_ACC:1.000 Test_ACC:0.742  Val_ACC:0.814  Train_Pre:1.000 Test_Pre:0.812  Val_Pre:0.875  Train_Recall:1.000 Test_Recall:0.722  Val_Recall:0.743  Train_F1:1.000 Test_F1:0.765  Val_F1:0.804  
2024-11-28 18:49:32,665 - /home/mayi/data/zzy/DIR-GNN/train/upfd_GCN.py[line:270] - INFO: Epoch [ 46/100]Train_ACC:1.000 Test_ACC:0.839  Val_ACC:0.824  Train_Pre:1.000 Test_Pre:0.933  Val_Pre:0.911  Train_Recall:1.000 Test_Recall:0.778  Val_Recall:0.726  Train_F1:1.000 Test_F1:0.848  Val_F1:0.808  
2024-11-28 18:49:32,744 - /home/mayi/data/zzy/DIR-GNN/train/upfd_GCN.py[line:270] - INFO: Epoch [ 47/100]Train_ACC:1.000 Test_ACC:0.839  Val_ACC:0.824  Train_Pre:1.000 Test_Pre:0.933  Val_Pre:0.911  Train_Recall:1.000 Test_Recall:0.778  Val_Recall:0.726  Train_F1:1.000 Test_F1:0.848  Val_F1:0.808  
2024-11-28 18:49:32,822 - /home/mayi/data/zzy/DIR-GNN/train/upfd_GCN.py[line:270] - INFO: Epoch [ 48/100]Train_ACC:1.000 Test_ACC:0.839  Val_ACC:0.810  Train_Pre:1.000 Test_Pre:0.933  Val_Pre:0.918  Train_Recall:1.000 Test_Recall:0.778  Val_Recall:0.690  Train_F1:1.000 Test_F1:0.848  Val_F1:0.788  
2024-11-28 18:49:32,899 - /home/mayi/data/zzy/DIR-GNN/train/upfd_GCN.py[line:270] - INFO: Epoch [ 49/100]Train_ACC:1.000 Test_ACC:0.839  Val_ACC:0.810  Train_Pre:1.000 Test_Pre:0.933  Val_Pre:0.928  Train_Recall:1.000 Test_Recall:0.778  Val_Recall:0.681  Train_F1:1.000 Test_F1:0.848  Val_F1:0.786  
2024-11-28 18:49:32,977 - /home/mayi/data/zzy/DIR-GNN/train/upfd_GCN.py[line:270] - INFO: Epoch [ 50/100]Train_ACC:1.000 Test_ACC:0.839  Val_ACC:0.814  Train_Pre:1.000 Test_Pre:0.933  Val_Pre:0.939  Train_Recall:1.000 Test_Recall:0.778  Val_Recall:0.681  Train_F1:1.000 Test_F1:0.848  Val_F1:0.790  
2024-11-28 18:49:33,060 - /home/mayi/data/zzy/DIR-GNN/train/upfd_GCN.py[line:270] - INFO: Epoch [ 51/100]Train_ACC:1.000 Test_ACC:0.839  Val_ACC:0.810  Train_Pre:1.000 Test_Pre:0.933  Val_Pre:0.928  Train_Recall:1.000 Test_Recall:0.778  Val_Recall:0.681  Train_F1:1.000 Test_F1:0.848  Val_F1:0.786  
2024-11-28 18:49:33,140 - /home/mayi/data/zzy/DIR-GNN/train/upfd_GCN.py[line:270] - INFO: Epoch [ 52/100]Train_ACC:1.000 Test_ACC:0.839  Val_ACC:0.810  Train_Pre:1.000 Test_Pre:0.933  Val_Pre:0.928  Train_Recall:1.000 Test_Recall:0.778  Val_Recall:0.681  Train_F1:1.000 Test_F1:0.848  Val_F1:0.786  
2024-11-28 18:49:33,218 - /home/mayi/data/zzy/DIR-GNN/train/upfd_GCN.py[line:270] - INFO: Epoch [ 53/100]Train_ACC:1.000 Test_ACC:0.839  Val_ACC:0.805  Train_Pre:1.000 Test_Pre:0.933  Val_Pre:0.927  Train_Recall:1.000 Test_Recall:0.778  Val_Recall:0.673  Train_F1:1.000 Test_F1:0.848  Val_F1:0.779  
2024-11-28 18:49:33,297 - /home/mayi/data/zzy/DIR-GNN/train/upfd_GCN.py[line:270] - INFO: Epoch [ 54/100]Train_ACC:1.000 Test_ACC:0.839  Val_ACC:0.805  Train_Pre:1.000 Test_Pre:0.933  Val_Pre:0.938  Train_Recall:1.000 Test_Recall:0.778  Val_Recall:0.664  Train_F1:1.000 Test_F1:0.848  Val_F1:0.777  
2024-11-28 18:49:33,374 - /home/mayi/data/zzy/DIR-GNN/train/upfd_GCN.py[line:270] - INFO: Epoch [ 55/100]Train_ACC:1.000 Test_ACC:0.839  Val_ACC:0.805  Train_Pre:1.000 Test_Pre:0.933  Val_Pre:0.938  Train_Recall:1.000 Test_Recall:0.778  Val_Recall:0.664  Train_F1:1.000 Test_F1:0.848  Val_F1:0.777  
2024-11-28 18:49:33,451 - /home/mayi/data/zzy/DIR-GNN/train/upfd_GCN.py[line:270] - INFO: Epoch [ 56/100]Train_ACC:1.000 Test_ACC:0.839  Val_ACC:0.805  Train_Pre:1.000 Test_Pre:0.933  Val_Pre:0.938  Train_Recall:1.000 Test_Recall:0.778  Val_Recall:0.664  Train_F1:1.000 Test_F1:0.848  Val_F1:0.777  
2024-11-28 18:49:33,528 - /home/mayi/data/zzy/DIR-GNN/train/upfd_GCN.py[line:270] - INFO: Epoch [ 57/100]Train_ACC:1.000 Test_ACC:0.839  Val_ACC:0.801  Train_Pre:1.000 Test_Pre:0.933  Val_Pre:0.937  Train_Recall:1.000 Test_Recall:0.778  Val_Recall:0.655  Train_F1:1.000 Test_F1:0.848  Val_F1:0.771  
2024-11-28 18:49:33,606 - /home/mayi/data/zzy/DIR-GNN/train/upfd_GCN.py[line:270] - INFO: Epoch [ 58/100]Train_ACC:1.000 Test_ACC:0.839  Val_ACC:0.805  Train_Pre:1.000 Test_Pre:0.933  Val_Pre:0.938  Train_Recall:1.000 Test_Recall:0.778  Val_Recall:0.664  Train_F1:1.000 Test_F1:0.848  Val_F1:0.777  
2024-11-28 18:49:33,684 - /home/mayi/data/zzy/DIR-GNN/train/upfd_GCN.py[line:270] - INFO: Epoch [ 59/100]Train_ACC:1.000 Test_ACC:0.839  Val_ACC:0.810  Train_Pre:1.000 Test_Pre:0.933  Val_Pre:0.938  Train_Recall:1.000 Test_Recall:0.778  Val_Recall:0.673  Train_F1:1.000 Test_F1:0.848  Val_F1:0.784  
2024-11-28 18:49:33,763 - /home/mayi/data/zzy/DIR-GNN/train/upfd_GCN.py[line:270] - INFO: Epoch [ 60/100]Train_ACC:1.000 Test_ACC:0.839  Val_ACC:0.819  Train_Pre:1.000 Test_Pre:0.933  Val_Pre:0.940  Train_Recall:1.000 Test_Recall:0.778  Val_Recall:0.690  Train_F1:1.000 Test_F1:0.848  Val_F1:0.796  
2024-11-28 18:49:33,840 - /home/mayi/data/zzy/DIR-GNN/train/upfd_GCN.py[line:270] - INFO: Epoch [ 61/100]Train_ACC:1.000 Test_ACC:0.839  Val_ACC:0.819  Train_Pre:1.000 Test_Pre:0.933  Val_Pre:0.940  Train_Recall:1.000 Test_Recall:0.778  Val_Recall:0.690  Train_F1:1.000 Test_F1:0.848  Val_F1:0.796  
2024-11-28 18:49:33,917 - /home/mayi/data/zzy/DIR-GNN/train/upfd_GCN.py[line:270] - INFO: Epoch [ 62/100]Train_ACC:1.000 Test_ACC:0.839  Val_ACC:0.814  Train_Pre:1.000 Test_Pre:0.933  Val_Pre:0.929  Train_Recall:1.000 Test_Recall:0.778  Val_Recall:0.690  Train_F1:1.000 Test_F1:0.848  Val_F1:0.792  
2024-11-28 18:49:33,994 - /home/mayi/data/zzy/DIR-GNN/train/upfd_GCN.py[line:270] - INFO: Epoch [ 63/100]Train_ACC:1.000 Test_ACC:0.839  Val_ACC:0.819  Train_Pre:1.000 Test_Pre:0.933  Val_Pre:0.929  Train_Recall:1.000 Test_Recall:0.778  Val_Recall:0.699  Train_F1:1.000 Test_F1:0.848  Val_F1:0.798  
2024-11-28 18:49:34,070 - /home/mayi/data/zzy/DIR-GNN/train/upfd_GCN.py[line:270] - INFO: Epoch [ 64/100]Train_ACC:1.000 Test_ACC:0.839  Val_ACC:0.824  Train_Pre:1.000 Test_Pre:0.933  Val_Pre:0.930  Train_Recall:1.000 Test_Recall:0.778  Val_Recall:0.708  Train_F1:1.000 Test_F1:0.848  Val_F1:0.804  
2024-11-28 18:49:34,147 - /home/mayi/data/zzy/DIR-GNN/train/upfd_GCN.py[line:270] - INFO: Epoch [ 65/100]Train_ACC:1.000 Test_ACC:0.839  Val_ACC:0.824  Train_Pre:1.000 Test_Pre:0.933  Val_Pre:0.920  Train_Recall:1.000 Test_Recall:0.778  Val_Recall:0.717  Train_F1:1.000 Test_F1:0.848  Val_F1:0.806  
2024-11-28 18:49:34,224 - /home/mayi/data/zzy/DIR-GNN/train/upfd_GCN.py[line:270] - INFO: Epoch [ 66/100]Train_ACC:1.000 Test_ACC:0.839  Val_ACC:0.819  Train_Pre:1.000 Test_Pre:0.933  Val_Pre:0.910  Train_Recall:1.000 Test_Recall:0.778  Val_Recall:0.717  Train_F1:1.000 Test_F1:0.848  Val_F1:0.802  
2024-11-28 18:49:34,301 - /home/mayi/data/zzy/DIR-GNN/train/upfd_GCN.py[line:270] - INFO: Epoch [ 67/100]Train_ACC:1.000 Test_ACC:0.839  Val_ACC:0.814  Train_Pre:1.000 Test_Pre:0.933  Val_Pre:0.909  Train_Recall:1.000 Test_Recall:0.778  Val_Recall:0.708  Train_F1:1.000 Test_F1:0.848  Val_F1:0.796  
2024-11-28 18:49:34,378 - /home/mayi/data/zzy/DIR-GNN/train/upfd_GCN.py[line:270] - INFO: Epoch [ 68/100]Train_ACC:1.000 Test_ACC:0.839  Val_ACC:0.819  Train_Pre:1.000 Test_Pre:0.933  Val_Pre:0.920  Train_Recall:1.000 Test_Recall:0.778  Val_Recall:0.708  Train_F1:1.000 Test_F1:0.848  Val_F1:0.800  
2024-11-28 18:49:34,455 - /home/mayi/data/zzy/DIR-GNN/train/upfd_GCN.py[line:270] - INFO: Epoch [ 69/100]Train_ACC:1.000 Test_ACC:0.839  Val_ACC:0.819  Train_Pre:1.000 Test_Pre:0.933  Val_Pre:0.920  Train_Recall:1.000 Test_Recall:0.778  Val_Recall:0.708  Train_F1:1.000 Test_F1:0.848  Val_F1:0.800  
2024-11-28 18:49:34,532 - /home/mayi/data/zzy/DIR-GNN/train/upfd_GCN.py[line:270] - INFO: Epoch [ 70/100]Train_ACC:1.000 Test_ACC:0.839  Val_ACC:0.814  Train_Pre:1.000 Test_Pre:0.933  Val_Pre:0.919  Train_Recall:1.000 Test_Recall:0.778  Val_Recall:0.699  Train_F1:1.000 Test_F1:0.848  Val_F1:0.794  
2024-11-28 18:49:34,608 - /home/mayi/data/zzy/DIR-GNN/train/upfd_GCN.py[line:270] - INFO: Epoch [ 71/100]Train_ACC:1.000 Test_ACC:0.839  Val_ACC:0.824  Train_Pre:1.000 Test_Pre:0.933  Val_Pre:0.920  Train_Recall:1.000 Test_Recall:0.778  Val_Recall:0.717  Train_F1:1.000 Test_F1:0.848  Val_F1:0.806  
2024-11-28 18:49:34,685 - /home/mayi/data/zzy/DIR-GNN/train/upfd_GCN.py[line:270] - INFO: Epoch [ 72/100]Train_ACC:1.000 Test_ACC:0.839  Val_ACC:0.824  Train_Pre:1.000 Test_Pre:0.933  Val_Pre:0.920  Train_Recall:1.000 Test_Recall:0.778  Val_Recall:0.717  Train_F1:1.000 Test_F1:0.848  Val_F1:0.806  
2024-11-28 18:49:34,762 - /home/mayi/data/zzy/DIR-GNN/train/upfd_GCN.py[line:270] - INFO: Epoch [ 73/100]Train_ACC:1.000 Test_ACC:0.871  Val_ACC:0.819  Train_Pre:1.000 Test_Pre:0.938  Val_Pre:0.910  Train_Recall:1.000 Test_Recall:0.833  Val_Recall:0.717  Train_F1:1.000 Test_F1:0.882  Val_F1:0.802  
2024-11-28 18:49:34,840 - /home/mayi/data/zzy/DIR-GNN/train/upfd_GCN.py[line:270] - INFO: Epoch [ 74/100]Train_ACC:1.000 Test_ACC:0.871  Val_ACC:0.824  Train_Pre:1.000 Test_Pre:0.938  Val_Pre:0.911  Train_Recall:1.000 Test_Recall:0.833  Val_Recall:0.726  Train_F1:1.000 Test_F1:0.882  Val_F1:0.808  
2024-11-28 18:49:34,918 - /home/mayi/data/zzy/DIR-GNN/train/upfd_GCN.py[line:270] - INFO: Epoch [ 75/100]Train_ACC:1.000 Test_ACC:0.871  Val_ACC:0.824  Train_Pre:1.000 Test_Pre:0.938  Val_Pre:0.902  Train_Recall:1.000 Test_Recall:0.833  Val_Recall:0.735  Train_F1:1.000 Test_F1:0.882  Val_F1:0.810  
2024-11-28 18:49:34,995 - /home/mayi/data/zzy/DIR-GNN/train/upfd_GCN.py[line:270] - INFO: Epoch [ 76/100]Train_ACC:1.000 Test_ACC:0.871  Val_ACC:0.824  Train_Pre:1.000 Test_Pre:0.938  Val_Pre:0.902  Train_Recall:1.000 Test_Recall:0.833  Val_Recall:0.735  Train_F1:1.000 Test_F1:0.882  Val_F1:0.810  
2024-11-28 18:49:35,073 - /home/mayi/data/zzy/DIR-GNN/train/upfd_GCN.py[line:270] - INFO: Epoch [ 77/100]Train_ACC:1.000 Test_ACC:0.871  Val_ACC:0.824  Train_Pre:1.000 Test_Pre:0.938  Val_Pre:0.902  Train_Recall:1.000 Test_Recall:0.833  Val_Recall:0.735  Train_F1:1.000 Test_F1:0.882  Val_F1:0.810  
2024-11-28 18:49:35,151 - /home/mayi/data/zzy/DIR-GNN/train/upfd_GCN.py[line:270] - INFO: Epoch [ 78/100]Train_ACC:1.000 Test_ACC:0.871  Val_ACC:0.819  Train_Pre:1.000 Test_Pre:0.938  Val_Pre:0.892  Train_Recall:1.000 Test_Recall:0.833  Val_Recall:0.735  Train_F1:1.000 Test_F1:0.882  Val_F1:0.806  
2024-11-28 18:49:35,228 - /home/mayi/data/zzy/DIR-GNN/train/upfd_GCN.py[line:270] - INFO: Epoch [ 79/100]Train_ACC:1.000 Test_ACC:0.871  Val_ACC:0.819  Train_Pre:1.000 Test_Pre:0.938  Val_Pre:0.892  Train_Recall:1.000 Test_Recall:0.833  Val_Recall:0.735  Train_F1:1.000 Test_F1:0.882  Val_F1:0.806  
2024-11-28 18:49:35,306 - /home/mayi/data/zzy/DIR-GNN/train/upfd_GCN.py[line:270] - INFO: Epoch [ 80/100]Train_ACC:1.000 Test_ACC:0.871  Val_ACC:0.819  Train_Pre:1.000 Test_Pre:0.938  Val_Pre:0.892  Train_Recall:1.000 Test_Recall:0.833  Val_Recall:0.735  Train_F1:1.000 Test_F1:0.882  Val_F1:0.806  
2024-11-28 18:49:35,384 - /home/mayi/data/zzy/DIR-GNN/train/upfd_GCN.py[line:270] - INFO: Epoch [ 81/100]Train_ACC:1.000 Test_ACC:0.871  Val_ACC:0.833  Train_Pre:1.000 Test_Pre:0.938  Val_Pre:0.896  Train_Recall:1.000 Test_Recall:0.833  Val_Recall:0.761  Train_F1:1.000 Test_F1:0.882  Val_F1:0.823  
2024-11-28 18:49:35,462 - /home/mayi/data/zzy/DIR-GNN/train/upfd_GCN.py[line:270] - INFO: Epoch [ 82/100]Train_ACC:1.000 Test_ACC:0.871  Val_ACC:0.833  Train_Pre:1.000 Test_Pre:0.938  Val_Pre:0.896  Train_Recall:1.000 Test_Recall:0.833  Val_Recall:0.761  Train_F1:1.000 Test_F1:0.882  Val_F1:0.823  
2024-11-28 18:49:35,540 - /home/mayi/data/zzy/DIR-GNN/train/upfd_GCN.py[line:270] - INFO: Epoch [ 83/100]Train_ACC:1.000 Test_ACC:0.839  Val_ACC:0.828  Train_Pre:1.000 Test_Pre:0.933  Val_Pre:0.887  Train_Recall:1.000 Test_Recall:0.778  Val_Recall:0.761  Train_F1:1.000 Test_F1:0.848  Val_F1:0.819  
2024-11-28 18:49:35,618 - /home/mayi/data/zzy/DIR-GNN/train/upfd_GCN.py[line:270] - INFO: Epoch [ 84/100]Train_ACC:1.000 Test_ACC:0.839  Val_ACC:0.828  Train_Pre:1.000 Test_Pre:0.933  Val_Pre:0.887  Train_Recall:1.000 Test_Recall:0.778  Val_Recall:0.761  Train_F1:1.000 Test_F1:0.848  Val_F1:0.819  
2024-11-28 18:49:35,696 - /home/mayi/data/zzy/DIR-GNN/train/upfd_GCN.py[line:270] - INFO: Epoch [ 85/100]Train_ACC:1.000 Test_ACC:0.839  Val_ACC:0.814  Train_Pre:1.000 Test_Pre:0.933  Val_Pre:0.860  Train_Recall:1.000 Test_Recall:0.778  Val_Recall:0.761  Train_F1:1.000 Test_F1:0.848  Val_F1:0.808  
2024-11-28 18:49:35,773 - /home/mayi/data/zzy/DIR-GNN/train/upfd_GCN.py[line:270] - INFO: Epoch [ 86/100]Train_ACC:1.000 Test_ACC:0.839  Val_ACC:0.810  Train_Pre:1.000 Test_Pre:0.933  Val_Pre:0.851  Train_Recall:1.000 Test_Recall:0.778  Val_Recall:0.761  Train_F1:1.000 Test_F1:0.848  Val_F1:0.804  
2024-11-28 18:49:35,851 - /home/mayi/data/zzy/DIR-GNN/train/upfd_GCN.py[line:270] - INFO: Epoch [ 87/100]Train_ACC:1.000 Test_ACC:0.871  Val_ACC:0.810  Train_Pre:1.000 Test_Pre:0.938  Val_Pre:0.851  Train_Recall:1.000 Test_Recall:0.833  Val_Recall:0.761  Train_F1:1.000 Test_F1:0.882  Val_F1:0.804  
2024-11-28 18:49:35,929 - /home/mayi/data/zzy/DIR-GNN/train/upfd_GCN.py[line:270] - INFO: Epoch [ 88/100]Train_ACC:1.000 Test_ACC:0.871  Val_ACC:0.810  Train_Pre:1.000 Test_Pre:0.938  Val_Pre:0.851  Train_Recall:1.000 Test_Recall:0.833  Val_Recall:0.761  Train_F1:1.000 Test_F1:0.882  Val_F1:0.804  
2024-11-28 18:49:36,007 - /home/mayi/data/zzy/DIR-GNN/train/upfd_GCN.py[line:270] - INFO: Epoch [ 89/100]Train_ACC:1.000 Test_ACC:0.871  Val_ACC:0.810  Train_Pre:1.000 Test_Pre:0.938  Val_Pre:0.851  Train_Recall:1.000 Test_Recall:0.833  Val_Recall:0.761  Train_F1:1.000 Test_F1:0.882  Val_F1:0.804  
2024-11-28 18:49:36,086 - /home/mayi/data/zzy/DIR-GNN/train/upfd_GCN.py[line:270] - INFO: Epoch [ 90/100]Train_ACC:1.000 Test_ACC:0.871  Val_ACC:0.810  Train_Pre:1.000 Test_Pre:0.938  Val_Pre:0.851  Train_Recall:1.000 Test_Recall:0.833  Val_Recall:0.761  Train_F1:1.000 Test_F1:0.882  Val_F1:0.804  
2024-11-28 18:49:36,164 - /home/mayi/data/zzy/DIR-GNN/train/upfd_GCN.py[line:270] - INFO: Epoch [ 91/100]Train_ACC:1.000 Test_ACC:0.871  Val_ACC:0.810  Train_Pre:1.000 Test_Pre:0.938  Val_Pre:0.851  Train_Recall:1.000 Test_Recall:0.833  Val_Recall:0.761  Train_F1:1.000 Test_F1:0.882  Val_F1:0.804  
2024-11-28 18:49:36,243 - /home/mayi/data/zzy/DIR-GNN/train/upfd_GCN.py[line:270] - INFO: Epoch [ 92/100]Train_ACC:1.000 Test_ACC:0.871  Val_ACC:0.810  Train_Pre:1.000 Test_Pre:0.938  Val_Pre:0.851  Train_Recall:1.000 Test_Recall:0.833  Val_Recall:0.761  Train_F1:1.000 Test_F1:0.882  Val_F1:0.804  
2024-11-28 18:49:36,322 - /home/mayi/data/zzy/DIR-GNN/train/upfd_GCN.py[line:270] - INFO: Epoch [ 93/100]Train_ACC:1.000 Test_ACC:0.871  Val_ACC:0.814  Train_Pre:1.000 Test_Pre:0.938  Val_Pre:0.853  Train_Recall:1.000 Test_Recall:0.833  Val_Recall:0.770  Train_F1:1.000 Test_F1:0.882  Val_F1:0.809  
2024-11-28 18:49:36,400 - /home/mayi/data/zzy/DIR-GNN/train/upfd_GCN.py[line:270] - INFO: Epoch [ 94/100]Train_ACC:1.000 Test_ACC:0.871  Val_ACC:0.814  Train_Pre:1.000 Test_Pre:0.938  Val_Pre:0.853  Train_Recall:1.000 Test_Recall:0.833  Val_Recall:0.770  Train_F1:1.000 Test_F1:0.882  Val_F1:0.809  
2024-11-28 18:49:36,479 - /home/mayi/data/zzy/DIR-GNN/train/upfd_GCN.py[line:270] - INFO: Epoch [ 95/100]Train_ACC:1.000 Test_ACC:0.871  Val_ACC:0.814  Train_Pre:1.000 Test_Pre:0.938  Val_Pre:0.853  Train_Recall:1.000 Test_Recall:0.833  Val_Recall:0.770  Train_F1:1.000 Test_F1:0.882  Val_F1:0.809  
2024-11-28 18:49:36,557 - /home/mayi/data/zzy/DIR-GNN/train/upfd_GCN.py[line:270] - INFO: Epoch [ 96/100]Train_ACC:1.000 Test_ACC:0.871  Val_ACC:0.814  Train_Pre:1.000 Test_Pre:0.938  Val_Pre:0.853  Train_Recall:1.000 Test_Recall:0.833  Val_Recall:0.770  Train_F1:1.000 Test_F1:0.882  Val_F1:0.809  
2024-11-28 18:49:36,635 - /home/mayi/data/zzy/DIR-GNN/train/upfd_GCN.py[line:270] - INFO: Epoch [ 97/100]Train_ACC:1.000 Test_ACC:0.871  Val_ACC:0.814  Train_Pre:1.000 Test_Pre:0.938  Val_Pre:0.853  Train_Recall:1.000 Test_Recall:0.833  Val_Recall:0.770  Train_F1:1.000 Test_F1:0.882  Val_F1:0.809  
2024-11-28 18:49:36,714 - /home/mayi/data/zzy/DIR-GNN/train/upfd_GCN.py[line:270] - INFO: Epoch [ 98/100]Train_ACC:1.000 Test_ACC:0.871  Val_ACC:0.814  Train_Pre:1.000 Test_Pre:0.938  Val_Pre:0.853  Train_Recall:1.000 Test_Recall:0.833  Val_Recall:0.770  Train_F1:1.000 Test_F1:0.882  Val_F1:0.809  
2024-11-28 18:49:36,792 - /home/mayi/data/zzy/DIR-GNN/train/upfd_GCN.py[line:270] - INFO: Epoch [ 99/100]Train_ACC:1.000 Test_ACC:0.871  Val_ACC:0.814  Train_Pre:1.000 Test_Pre:0.938  Val_Pre:0.853  Train_Recall:1.000 Test_Recall:0.833  Val_Recall:0.770  Train_F1:1.000 Test_F1:0.882  Val_F1:0.809  
2024-11-28 18:49:36,793 - /home/mayi/data/zzy/DIR-GNN/train/upfd_GCN.py[line:317] - INFO: ====================================================================================================
2024-11-28 18:49:36,793 - /home/mayi/data/zzy/DIR-GNN/train/upfd_GCN.py[line:172] - INFO: Seed:  8
2024-11-28 18:49:36,794 - /home/mayi/data/zzy/DIR-GNN/train/upfd_GCN.py[line:239] - INFO: # Train: 62  #Test: 221.0 #Val: 31
2024-11-28 18:49:36,873 - /home/mayi/data/zzy/DIR-GNN/train/upfd_GCN.py[line:270] - INFO: Epoch [  0/100]Train_ACC:0.500 Test_ACC:0.516  Val_ACC:0.552  Train_Pre:0.414 Test_Pre:0.600  Val_Pre:0.561  Train_Recall:0.462 Test_Recall:0.500  Val_Recall:0.566  Train_F1:0.436 Test_F1:0.545  Val_F1:0.564  
2024-11-28 18:49:36,952 - /home/mayi/data/zzy/DIR-GNN/train/upfd_GCN.py[line:270] - INFO: Epoch [  1/100]Train_ACC:0.565 Test_ACC:0.484  Val_ACC:0.502  Train_Pre:0.000 Test_Pre:0.750  Val_Pre:0.565  Train_Recall:0.000 Test_Recall:0.167  Val_Recall:0.115  Train_F1:0.000 Test_F1:0.273  Val_F1:0.191  
2024-11-28 18:49:37,030 - /home/mayi/data/zzy/DIR-GNN/train/upfd_GCN.py[line:270] - INFO: Epoch [  2/100]Train_ACC:0.565 Test_ACC:0.516  Val_ACC:0.511  Train_Pre:0.333 Test_Pre:1.000  Val_Pre:0.571  Train_Recall:0.038 Test_Recall:0.167  Val_Recall:0.177  Train_F1:0.069 Test_F1:0.286  Val_F1:0.270  
/home/mayi/anaconda3/envs/zzy_DIR/lib/python3.9/site-packages/sklearn/metrics/_classification.py:1517: UndefinedMetricWarning: Precision is ill-defined and being set to 0.0 due to no predicted samples. Use `zero_division` parameter to control this behavior.
  _warn_prf(average, modifier, f"{metric.capitalize()} is", len(result))
/home/mayi/anaconda3/envs/zzy_DIR/lib/python3.9/site-packages/sklearn/metrics/_classification.py:1517: UndefinedMetricWarning: Precision is ill-defined and being set to 0.0 due to no predicted samples. Use `zero_division` parameter to control this behavior.
  _warn_prf(average, modifier, f"{metric.capitalize()} is", len(result))
/home/mayi/anaconda3/envs/zzy_DIR/lib/python3.9/site-packages/sklearn/metrics/_classification.py:1517: UndefinedMetricWarning: Precision is ill-defined and being set to 0.0 due to no predicted samples. Use `zero_division` parameter to control this behavior.
  _warn_prf(average, modifier, f"{metric.capitalize()} is", len(result))
2024-11-28 18:49:37,109 - /home/mayi/data/zzy/DIR-GNN/train/upfd_GCN.py[line:270] - INFO: Epoch [  3/100]Train_ACC:0.581 Test_ACC:0.419  Val_ACC:0.489  Train_Pre:0.000 Test_Pre:0.000  Val_Pre:0.000  Train_Recall:0.000 Test_Recall:0.000  Val_Recall:0.000  Train_F1:0.000 Test_F1:0.000  Val_F1:0.000  
2024-11-28 18:49:37,188 - /home/mayi/data/zzy/DIR-GNN/train/upfd_GCN.py[line:270] - INFO: Epoch [  4/100]Train_ACC:0.565 Test_ACC:0.484  Val_ACC:0.489  Train_Pre:0.000 Test_Pre:1.000  Val_Pre:0.500  Train_Recall:0.000 Test_Recall:0.111  Val_Recall:0.053  Train_F1:0.000 Test_F1:0.200  Val_F1:0.096  
2024-11-28 18:49:37,307 - /home/mayi/data/zzy/DIR-GNN/train/upfd_GCN.py[line:270] - INFO: Epoch [  5/100]Train_ACC:0.613 Test_ACC:0.581  Val_ACC:0.575  Train_Pre:0.600 Test_Pre:0.778  Val_Pre:0.634  Train_Recall:0.231 Test_Recall:0.389  Val_Recall:0.398  Train_F1:0.333 Test_F1:0.519  Val_F1:0.489  
2024-11-28 18:49:37,386 - /home/mayi/data/zzy/DIR-GNN/train/upfd_GCN.py[line:270] - INFO: Epoch [  6/100]Train_ACC:0.613 Test_ACC:0.484  Val_ACC:0.534  Train_Pre:1.000 Test_Pre:1.000  Val_Pre:0.778  Train_Recall:0.077 Test_Recall:0.111  Val_Recall:0.124  Train_F1:0.143 Test_F1:0.200  Val_F1:0.214  
/home/mayi/anaconda3/envs/zzy_DIR/lib/python3.9/site-packages/sklearn/metrics/_classification.py:1517: UndefinedMetricWarning: Precision is ill-defined and being set to 0.0 due to no predicted samples. Use `zero_division` parameter to control this behavior.
  _warn_prf(average, modifier, f"{metric.capitalize()} is", len(result))
/home/mayi/anaconda3/envs/zzy_DIR/lib/python3.9/site-packages/sklearn/metrics/_classification.py:1517: UndefinedMetricWarning: Precision is ill-defined and being set to 0.0 due to no predicted samples. Use `zero_division` parameter to control this behavior.
  _warn_prf(average, modifier, f"{metric.capitalize()} is", len(result))
/home/mayi/anaconda3/envs/zzy_DIR/lib/python3.9/site-packages/sklearn/metrics/_classification.py:1517: UndefinedMetricWarning: Precision is ill-defined and being set to 0.0 due to no predicted samples. Use `zero_division` parameter to control this behavior.
  _warn_prf(average, modifier, f"{metric.capitalize()} is", len(result))
2024-11-28 18:49:37,465 - /home/mayi/data/zzy/DIR-GNN/train/upfd_GCN.py[line:270] - INFO: Epoch [  7/100]Train_ACC:0.581 Test_ACC:0.419  Val_ACC:0.489  Train_Pre:0.000 Test_Pre:0.000  Val_Pre:0.000  Train_Recall:0.000 Test_Recall:0.000  Val_Recall:0.000  Train_F1:0.000 Test_F1:0.000  Val_F1:0.000  
2024-11-28 18:49:37,543 - /home/mayi/data/zzy/DIR-GNN/train/upfd_GCN.py[line:270] - INFO: Epoch [  8/100]Train_ACC:0.629 Test_ACC:0.516  Val_ACC:0.570  Train_Pre:1.000 Test_Pre:1.000  Val_Pre:0.875  Train_Recall:0.115 Test_Recall:0.167  Val_Recall:0.186  Train_F1:0.207 Test_F1:0.286  Val_F1:0.307  
2024-11-28 18:49:37,621 - /home/mayi/data/zzy/DIR-GNN/train/upfd_GCN.py[line:270] - INFO: Epoch [  9/100]Train_ACC:0.645 Test_ACC:0.613  Val_ACC:0.670  Train_Pre:0.750 Test_Pre:0.800  Val_Pre:0.794  Train_Recall:0.231 Test_Recall:0.444  Val_Recall:0.478  Train_F1:0.353 Test_F1:0.571  Val_F1:0.597  
2024-11-28 18:49:37,699 - /home/mayi/data/zzy/DIR-GNN/train/upfd_GCN.py[line:270] - INFO: Epoch [ 10/100]Train_ACC:0.661 Test_ACC:0.581  Val_ACC:0.652  Train_Pre:0.857 Test_Pre:1.000  Val_Pre:0.909  Train_Recall:0.231 Test_Recall:0.278  Val_Recall:0.354  Train_F1:0.364 Test_F1:0.435  Val_F1:0.510  
/home/mayi/anaconda3/envs/zzy_DIR/lib/python3.9/site-packages/sklearn/metrics/_classification.py:1517: UndefinedMetricWarning: Precision is ill-defined and being set to 0.0 due to no predicted samples. Use `zero_division` parameter to control this behavior.
  _warn_prf(average, modifier, f"{metric.capitalize()} is", len(result))
2024-11-28 18:49:37,778 - /home/mayi/data/zzy/DIR-GNN/train/upfd_GCN.py[line:270] - INFO: Epoch [ 11/100]Train_ACC:0.629 Test_ACC:0.419  Val_ACC:0.538  Train_Pre:1.000 Test_Pre:0.000  Val_Pre:0.923  Train_Recall:0.115 Test_Recall:0.000  Val_Recall:0.106  Train_F1:0.207 Test_F1:0.000  Val_F1:0.190  
2024-11-28 18:49:37,856 - /home/mayi/data/zzy/DIR-GNN/train/upfd_GCN.py[line:270] - INFO: Epoch [ 12/100]Train_ACC:0.629 Test_ACC:0.516  Val_ACC:0.597  Train_Pre:1.000 Test_Pre:1.000  Val_Pre:0.929  Train_Recall:0.115 Test_Recall:0.167  Val_Recall:0.230  Train_F1:0.207 Test_F1:0.286  Val_F1:0.369  
2024-11-28 18:49:37,935 - /home/mayi/data/zzy/DIR-GNN/train/upfd_GCN.py[line:270] - INFO: Epoch [ 13/100]Train_ACC:0.726 Test_ACC:0.645  Val_ACC:0.683  Train_Pre:0.909 Test_Pre:1.000  Val_Pre:0.906  Train_Recall:0.385 Test_Recall:0.389  Val_Recall:0.425  Train_F1:0.541 Test_F1:0.560  Val_F1:0.578  
2024-11-28 18:49:38,013 - /home/mayi/data/zzy/DIR-GNN/train/upfd_GCN.py[line:270] - INFO: Epoch [ 14/100]Train_ACC:0.758 Test_ACC:0.645  Val_ACC:0.688  Train_Pre:1.000 Test_Pre:1.000  Val_Pre:0.940  Train_Recall:0.423 Test_Recall:0.389  Val_Recall:0.416  Train_F1:0.595 Test_F1:0.560  Val_F1:0.577  
2024-11-28 18:49:38,092 - /home/mayi/data/zzy/DIR-GNN/train/upfd_GCN.py[line:270] - INFO: Epoch [ 15/100]Train_ACC:0.774 Test_ACC:0.710  Val_ACC:0.701  Train_Pre:1.000 Test_Pre:1.000  Val_Pre:0.898  Train_Recall:0.462 Test_Recall:0.500  Val_Recall:0.469  Train_F1:0.632 Test_F1:0.667  Val_F1:0.616  
2024-11-28 18:49:38,171 - /home/mayi/data/zzy/DIR-GNN/train/upfd_GCN.py[line:270] - INFO: Epoch [ 16/100]Train_ACC:0.855 Test_ACC:0.645  Val_ACC:0.724  Train_Pre:1.000 Test_Pre:0.818  Val_Pre:0.861  Train_Recall:0.654 Test_Recall:0.500  Val_Recall:0.549  Train_F1:0.791 Test_F1:0.621  Val_F1:0.670  
2024-11-28 18:49:38,250 - /home/mayi/data/zzy/DIR-GNN/train/upfd_GCN.py[line:270] - INFO: Epoch [ 17/100]Train_ACC:0.823 Test_ACC:0.645  Val_ACC:0.715  Train_Pre:1.000 Test_Pre:0.818  Val_Pre:0.857  Train_Recall:0.577 Test_Recall:0.500  Val_Recall:0.531  Train_F1:0.732 Test_F1:0.621  Val_F1:0.656  
2024-11-28 18:49:38,329 - /home/mayi/data/zzy/DIR-GNN/train/upfd_GCN.py[line:270] - INFO: Epoch [ 18/100]Train_ACC:0.774 Test_ACC:0.677  Val_ACC:0.715  Train_Pre:1.000 Test_Pre:0.900  Val_Pre:0.903  Train_Recall:0.462 Test_Recall:0.500  Val_Recall:0.496  Train_F1:0.632 Test_F1:0.643  Val_F1:0.640  
2024-11-28 18:49:38,407 - /home/mayi/data/zzy/DIR-GNN/train/upfd_GCN.py[line:270] - INFO: Epoch [ 19/100]Train_ACC:0.823 Test_ACC:0.677  Val_ACC:0.719  Train_Pre:1.000 Test_Pre:0.900  Val_Pre:0.905  Train_Recall:0.577 Test_Recall:0.500  Val_Recall:0.504  Train_F1:0.732 Test_F1:0.643  Val_F1:0.648  
2024-11-28 18:49:38,485 - /home/mayi/data/zzy/DIR-GNN/train/upfd_GCN.py[line:270] - INFO: Epoch [ 20/100]Train_ACC:0.855 Test_ACC:0.710  Val_ACC:0.719  Train_Pre:1.000 Test_Pre:0.846  Val_Pre:0.859  Train_Recall:0.654 Test_Recall:0.611  Val_Recall:0.540  Train_F1:0.791 Test_F1:0.710  Val_F1:0.663  
2024-11-28 18:49:38,563 - /home/mayi/data/zzy/DIR-GNN/train/upfd_GCN.py[line:270] - INFO: Epoch [ 21/100]Train_ACC:0.887 Test_ACC:0.710  Val_ACC:0.733  Train_Pre:1.000 Test_Pre:0.800  Val_Pre:0.855  Train_Recall:0.731 Test_Recall:0.667  Val_Recall:0.575  Train_F1:0.844 Test_F1:0.727  Val_F1:0.688  
2024-11-28 18:49:38,641 - /home/mayi/data/zzy/DIR-GNN/train/upfd_GCN.py[line:270] - INFO: Epoch [ 22/100]Train_ACC:0.919 Test_ACC:0.742  Val_ACC:0.756  Train_Pre:1.000 Test_Pre:0.857  Val_Pre:0.893  Train_Recall:0.808 Test_Recall:0.667  Val_Recall:0.593  Train_F1:0.894 Test_F1:0.750  Val_F1:0.713  
2024-11-28 18:49:38,719 - /home/mayi/data/zzy/DIR-GNN/train/upfd_GCN.py[line:270] - INFO: Epoch [ 23/100]Train_ACC:0.903 Test_ACC:0.742  Val_ACC:0.760  Train_Pre:0.955 Test_Pre:0.857  Val_Pre:0.905  Train_Recall:0.808 Test_Recall:0.667  Val_Recall:0.593  Train_F1:0.875 Test_F1:0.750  Val_F1:0.717  
2024-11-28 18:49:38,797 - /home/mayi/data/zzy/DIR-GNN/train/upfd_GCN.py[line:270] - INFO: Epoch [ 24/100]Train_ACC:0.919 Test_ACC:0.742  Val_ACC:0.765  Train_Pre:0.957 Test_Pre:0.812  Val_Pre:0.867  Train_Recall:0.846 Test_Recall:0.722  Val_Recall:0.637  Train_F1:0.898 Test_F1:0.765  Val_F1:0.735  
2024-11-28 18:49:38,875 - /home/mayi/data/zzy/DIR-GNN/train/upfd_GCN.py[line:270] - INFO: Epoch [ 25/100]Train_ACC:0.935 Test_ACC:0.774  Val_ACC:0.765  Train_Pre:0.958 Test_Pre:0.867  Val_Pre:0.877  Train_Recall:0.885 Test_Recall:0.722  Val_Recall:0.628  Train_F1:0.920 Test_F1:0.788  Val_F1:0.732  
2024-11-28 18:49:38,953 - /home/mayi/data/zzy/DIR-GNN/train/upfd_GCN.py[line:270] - INFO: Epoch [ 26/100]Train_ACC:0.919 Test_ACC:0.774  Val_ACC:0.765  Train_Pre:0.957 Test_Pre:0.867  Val_Pre:0.886  Train_Recall:0.846 Test_Recall:0.722  Val_Recall:0.619  Train_F1:0.898 Test_F1:0.788  Val_F1:0.729  
2024-11-28 18:49:39,032 - /home/mayi/data/zzy/DIR-GNN/train/upfd_GCN.py[line:270] - INFO: Epoch [ 27/100]Train_ACC:0.919 Test_ACC:0.774  Val_ACC:0.774  Train_Pre:1.000 Test_Pre:0.867  Val_Pre:0.909  Train_Recall:0.808 Test_Recall:0.722  Val_Recall:0.619  Train_F1:0.894 Test_F1:0.788  Val_F1:0.737  
2024-11-28 18:49:39,112 - /home/mayi/data/zzy/DIR-GNN/train/upfd_GCN.py[line:270] - INFO: Epoch [ 28/100]Train_ACC:0.919 Test_ACC:0.742  Val_ACC:0.778  Train_Pre:1.000 Test_Pre:0.812  Val_Pre:0.910  Train_Recall:0.808 Test_Recall:0.722  Val_Recall:0.628  Train_F1:0.894 Test_F1:0.765  Val_F1:0.743  
2024-11-28 18:49:39,191 - /home/mayi/data/zzy/DIR-GNN/train/upfd_GCN.py[line:270] - INFO: Epoch [ 29/100]Train_ACC:0.903 Test_ACC:0.742  Val_ACC:0.778  Train_Pre:1.000 Test_Pre:0.812  Val_Pre:0.900  Train_Recall:0.769 Test_Recall:0.722  Val_Recall:0.637  Train_F1:0.870 Test_F1:0.765  Val_F1:0.746  
2024-11-28 18:49:39,270 - /home/mayi/data/zzy/DIR-GNN/train/upfd_GCN.py[line:270] - INFO: Epoch [ 30/100]Train_ACC:0.919 Test_ACC:0.742  Val_ACC:0.787  Train_Pre:1.000 Test_Pre:0.812  Val_Pre:0.912  Train_Recall:0.808 Test_Recall:0.722  Val_Recall:0.646  Train_F1:0.894 Test_F1:0.765  Val_F1:0.756  
2024-11-28 18:49:39,348 - /home/mayi/data/zzy/DIR-GNN/train/upfd_GCN.py[line:270] - INFO: Epoch [ 31/100]Train_ACC:0.952 Test_ACC:0.742  Val_ACC:0.787  Train_Pre:1.000 Test_Pre:0.812  Val_Pre:0.912  Train_Recall:0.885 Test_Recall:0.722  Val_Recall:0.646  Train_F1:0.939 Test_F1:0.765  Val_F1:0.756  
2024-11-28 18:49:39,426 - /home/mayi/data/zzy/DIR-GNN/train/upfd_GCN.py[line:270] - INFO: Epoch [ 32/100]Train_ACC:0.984 Test_ACC:0.774  Val_ACC:0.796  Train_Pre:1.000 Test_Pre:0.867  Val_Pre:0.886  Train_Recall:0.962 Test_Recall:0.722  Val_Recall:0.690  Train_F1:0.980 Test_F1:0.788  Val_F1:0.776  
2024-11-28 18:49:39,504 - /home/mayi/data/zzy/DIR-GNN/train/upfd_GCN.py[line:270] - INFO: Epoch [ 33/100]Train_ACC:1.000 Test_ACC:0.774  Val_ACC:0.792  Train_Pre:1.000 Test_Pre:0.867  Val_Pre:0.885  Train_Recall:1.000 Test_Recall:0.722  Val_Recall:0.681  Train_F1:1.000 Test_F1:0.788  Val_F1:0.770  
2024-11-28 18:49:39,582 - /home/mayi/data/zzy/DIR-GNN/train/upfd_GCN.py[line:270] - INFO: Epoch [ 34/100]Train_ACC:1.000 Test_ACC:0.839  Val_ACC:0.796  Train_Pre:1.000 Test_Pre:0.933  Val_Pre:0.895  Train_Recall:1.000 Test_Recall:0.778  Val_Recall:0.681  Train_F1:1.000 Test_F1:0.848  Val_F1:0.774  
2024-11-28 18:49:39,661 - /home/mayi/data/zzy/DIR-GNN/train/upfd_GCN.py[line:270] - INFO: Epoch [ 35/100]Train_ACC:1.000 Test_ACC:0.839  Val_ACC:0.801  Train_Pre:1.000 Test_Pre:0.933  Val_Pre:0.926  Train_Recall:1.000 Test_Recall:0.778  Val_Recall:0.664  Train_F1:1.000 Test_F1:0.848  Val_F1:0.773  
2024-11-28 18:49:39,740 - /home/mayi/data/zzy/DIR-GNN/train/upfd_GCN.py[line:270] - INFO: Epoch [ 36/100]Train_ACC:1.000 Test_ACC:0.839  Val_ACC:0.805  Train_Pre:1.000 Test_Pre:0.933  Val_Pre:0.927  Train_Recall:1.000 Test_Recall:0.778  Val_Recall:0.673  Train_F1:1.000 Test_F1:0.848  Val_F1:0.779  
2024-11-28 18:49:39,819 - /home/mayi/data/zzy/DIR-GNN/train/upfd_GCN.py[line:270] - INFO: Epoch [ 37/100]Train_ACC:1.000 Test_ACC:0.839  Val_ACC:0.814  Train_Pre:1.000 Test_Pre:0.933  Val_Pre:0.909  Train_Recall:1.000 Test_Recall:0.778  Val_Recall:0.708  Train_F1:1.000 Test_F1:0.848  Val_F1:0.796  
2024-11-28 18:49:39,897 - /home/mayi/data/zzy/DIR-GNN/train/upfd_GCN.py[line:270] - INFO: Epoch [ 38/100]Train_ACC:1.000 Test_ACC:0.839  Val_ACC:0.810  Train_Pre:1.000 Test_Pre:0.933  Val_Pre:0.908  Train_Recall:1.000 Test_Recall:0.778  Val_Recall:0.699  Train_F1:1.000 Test_F1:0.848  Val_F1:0.790  
2024-11-28 18:49:39,975 - /home/mayi/data/zzy/DIR-GNN/train/upfd_GCN.py[line:270] - INFO: Epoch [ 39/100]Train_ACC:1.000 Test_ACC:0.806  Val_ACC:0.796  Train_Pre:1.000 Test_Pre:0.929  Val_Pre:0.925  Train_Recall:1.000 Test_Recall:0.722  Val_Recall:0.655  Train_F1:1.000 Test_F1:0.812  Val_F1:0.767  
2024-11-28 18:49:40,053 - /home/mayi/data/zzy/DIR-GNN/train/upfd_GCN.py[line:270] - INFO: Epoch [ 40/100]Train_ACC:1.000 Test_ACC:0.806  Val_ACC:0.792  Train_Pre:1.000 Test_Pre:0.929  Val_Pre:0.924  Train_Recall:1.000 Test_Recall:0.722  Val_Recall:0.646  Train_F1:1.000 Test_F1:0.812  Val_F1:0.760  
2024-11-28 18:49:40,132 - /home/mayi/data/zzy/DIR-GNN/train/upfd_GCN.py[line:270] - INFO: Epoch [ 41/100]Train_ACC:1.000 Test_ACC:0.839  Val_ACC:0.801  Train_Pre:1.000 Test_Pre:0.933  Val_Pre:0.916  Train_Recall:1.000 Test_Recall:0.778  Val_Recall:0.673  Train_F1:1.000 Test_F1:0.848  Val_F1:0.776  
2024-11-28 18:49:40,210 - /home/mayi/data/zzy/DIR-GNN/train/upfd_GCN.py[line:270] - INFO: Epoch [ 42/100]Train_ACC:1.000 Test_ACC:0.839  Val_ACC:0.805  Train_Pre:1.000 Test_Pre:0.933  Val_Pre:0.889  Train_Recall:1.000 Test_Recall:0.778  Val_Recall:0.708  Train_F1:1.000 Test_F1:0.848  Val_F1:0.788  
2024-11-28 18:49:40,288 - /home/mayi/data/zzy/DIR-GNN/train/upfd_GCN.py[line:270] - INFO: Epoch [ 43/100]Train_ACC:1.000 Test_ACC:0.806  Val_ACC:0.819  Train_Pre:1.000 Test_Pre:0.875  Val_Pre:0.884  Train_Recall:1.000 Test_Recall:0.778  Val_Recall:0.743  Train_F1:1.000 Test_F1:0.824  Val_F1:0.808  
2024-11-28 18:49:40,367 - /home/mayi/data/zzy/DIR-GNN/train/upfd_GCN.py[line:270] - INFO: Epoch [ 44/100]Train_ACC:1.000 Test_ACC:0.839  Val_ACC:0.824  Train_Pre:1.000 Test_Pre:0.933  Val_Pre:0.894  Train_Recall:1.000 Test_Recall:0.778  Val_Recall:0.743  Train_F1:1.000 Test_F1:0.848  Val_F1:0.812  
2024-11-28 18:49:40,446 - /home/mayi/data/zzy/DIR-GNN/train/upfd_GCN.py[line:270] - INFO: Epoch [ 45/100]Train_ACC:1.000 Test_ACC:0.839  Val_ACC:0.814  Train_Pre:1.000 Test_Pre:0.933  Val_Pre:0.909  Train_Recall:1.000 Test_Recall:0.778  Val_Recall:0.708  Train_F1:1.000 Test_F1:0.848  Val_F1:0.796  
2024-11-28 18:49:40,525 - /home/mayi/data/zzy/DIR-GNN/train/upfd_GCN.py[line:270] - INFO: Epoch [ 46/100]Train_ACC:1.000 Test_ACC:0.839  Val_ACC:0.819  Train_Pre:1.000 Test_Pre:0.933  Val_Pre:0.910  Train_Recall:1.000 Test_Recall:0.778  Val_Recall:0.717  Train_F1:1.000 Test_F1:0.848  Val_F1:0.802  
2024-11-28 18:49:40,603 - /home/mayi/data/zzy/DIR-GNN/train/upfd_GCN.py[line:270] - INFO: Epoch [ 47/100]Train_ACC:1.000 Test_ACC:0.839  Val_ACC:0.824  Train_Pre:1.000 Test_Pre:0.933  Val_Pre:0.911  Train_Recall:1.000 Test_Recall:0.778  Val_Recall:0.726  Train_F1:1.000 Test_F1:0.848  Val_F1:0.808  
2024-11-28 18:49:40,682 - /home/mayi/data/zzy/DIR-GNN/train/upfd_GCN.py[line:270] - INFO: Epoch [ 48/100]Train_ACC:1.000 Test_ACC:0.839  Val_ACC:0.819  Train_Pre:1.000 Test_Pre:0.933  Val_Pre:0.901  Train_Recall:1.000 Test_Recall:0.778  Val_Recall:0.726  Train_F1:1.000 Test_F1:0.848  Val_F1:0.804  
2024-11-28 18:49:40,761 - /home/mayi/data/zzy/DIR-GNN/train/upfd_GCN.py[line:270] - INFO: Epoch [ 49/100]Train_ACC:1.000 Test_ACC:0.839  Val_ACC:0.819  Train_Pre:1.000 Test_Pre:0.933  Val_Pre:0.892  Train_Recall:1.000 Test_Recall:0.778  Val_Recall:0.735  Train_F1:1.000 Test_F1:0.848  Val_F1:0.806  
2024-11-28 18:49:40,840 - /home/mayi/data/zzy/DIR-GNN/train/upfd_GCN.py[line:270] - INFO: Epoch [ 50/100]Train_ACC:1.000 Test_ACC:0.839  Val_ACC:0.801  Train_Pre:1.000 Test_Pre:0.933  Val_Pre:0.888  Train_Recall:1.000 Test_Recall:0.778  Val_Recall:0.699  Train_F1:1.000 Test_F1:0.848  Val_F1:0.782  
2024-11-28 18:49:40,919 - /home/mayi/data/zzy/DIR-GNN/train/upfd_GCN.py[line:270] - INFO: Epoch [ 51/100]Train_ACC:1.000 Test_ACC:0.839  Val_ACC:0.810  Train_Pre:1.000 Test_Pre:0.933  Val_Pre:0.918  Train_Recall:1.000 Test_Recall:0.778  Val_Recall:0.690  Train_F1:1.000 Test_F1:0.848  Val_F1:0.788  
2024-11-28 18:49:40,998 - /home/mayi/data/zzy/DIR-GNN/train/upfd_GCN.py[line:270] - INFO: Epoch [ 52/100]Train_ACC:1.000 Test_ACC:0.839  Val_ACC:0.783  Train_Pre:1.000 Test_Pre:0.933  Val_Pre:0.911  Train_Recall:1.000 Test_Recall:0.778  Val_Recall:0.637  Train_F1:1.000 Test_F1:0.848  Val_F1:0.750  
2024-11-28 18:49:41,077 - /home/mayi/data/zzy/DIR-GNN/train/upfd_GCN.py[line:270] - INFO: Epoch [ 53/100]Train_ACC:1.000 Test_ACC:0.774  Val_ACC:0.783  Train_Pre:1.000 Test_Pre:0.923  Val_Pre:0.911  Train_Recall:1.000 Test_Recall:0.667  Val_Recall:0.637  Train_F1:1.000 Test_F1:0.774  Val_F1:0.750  
2024-11-28 18:49:41,156 - /home/mayi/data/zzy/DIR-GNN/train/upfd_GCN.py[line:270] - INFO: Epoch [ 54/100]Train_ACC:1.000 Test_ACC:0.806  Val_ACC:0.787  Train_Pre:1.000 Test_Pre:0.929  Val_Pre:0.902  Train_Recall:1.000 Test_Recall:0.722  Val_Recall:0.655  Train_F1:1.000 Test_F1:0.812  Val_F1:0.759  
2024-11-28 18:49:41,235 - /home/mayi/data/zzy/DIR-GNN/train/upfd_GCN.py[line:270] - INFO: Epoch [ 55/100]Train_ACC:1.000 Test_ACC:0.871  Val_ACC:0.805  Train_Pre:1.000 Test_Pre:0.938  Val_Pre:0.907  Train_Recall:1.000 Test_Recall:0.833  Val_Recall:0.690  Train_F1:1.000 Test_F1:0.882  Val_F1:0.784  
2024-11-28 18:49:41,314 - /home/mayi/data/zzy/DIR-GNN/train/upfd_GCN.py[line:270] - INFO: Epoch [ 56/100]Train_ACC:1.000 Test_ACC:0.871  Val_ACC:0.814  Train_Pre:1.000 Test_Pre:0.938  Val_Pre:0.909  Train_Recall:1.000 Test_Recall:0.833  Val_Recall:0.708  Train_F1:1.000 Test_F1:0.882  Val_F1:0.796  
2024-11-28 18:49:41,393 - /home/mayi/data/zzy/DIR-GNN/train/upfd_GCN.py[line:270] - INFO: Epoch [ 57/100]Train_ACC:1.000 Test_ACC:0.871  Val_ACC:0.814  Train_Pre:1.000 Test_Pre:0.938  Val_Pre:0.909  Train_Recall:1.000 Test_Recall:0.833  Val_Recall:0.708  Train_F1:1.000 Test_F1:0.882  Val_F1:0.796  
2024-11-28 18:49:41,472 - /home/mayi/data/zzy/DIR-GNN/train/upfd_GCN.py[line:270] - INFO: Epoch [ 58/100]Train_ACC:1.000 Test_ACC:0.871  Val_ACC:0.814  Train_Pre:1.000 Test_Pre:0.938  Val_Pre:0.909  Train_Recall:1.000 Test_Recall:0.833  Val_Recall:0.708  Train_F1:1.000 Test_F1:0.882  Val_F1:0.796  
2024-11-28 18:49:41,551 - /home/mayi/data/zzy/DIR-GNN/train/upfd_GCN.py[line:270] - INFO: Epoch [ 59/100]Train_ACC:1.000 Test_ACC:0.871  Val_ACC:0.814  Train_Pre:1.000 Test_Pre:0.938  Val_Pre:0.909  Train_Recall:1.000 Test_Recall:0.833  Val_Recall:0.708  Train_F1:1.000 Test_F1:0.882  Val_F1:0.796  
2024-11-28 18:49:41,630 - /home/mayi/data/zzy/DIR-GNN/train/upfd_GCN.py[line:270] - INFO: Epoch [ 60/100]Train_ACC:1.000 Test_ACC:0.871  Val_ACC:0.810  Train_Pre:1.000 Test_Pre:0.938  Val_Pre:0.899  Train_Recall:1.000 Test_Recall:0.833  Val_Recall:0.708  Train_F1:1.000 Test_F1:0.882  Val_F1:0.792  
2024-11-28 18:49:41,709 - /home/mayi/data/zzy/DIR-GNN/train/upfd_GCN.py[line:270] - INFO: Epoch [ 61/100]Train_ACC:1.000 Test_ACC:0.871  Val_ACC:0.810  Train_Pre:1.000 Test_Pre:0.938  Val_Pre:0.882  Train_Recall:1.000 Test_Recall:0.833  Val_Recall:0.726  Train_F1:1.000 Test_F1:0.882  Val_F1:0.796  
2024-11-28 18:49:41,788 - /home/mayi/data/zzy/DIR-GNN/train/upfd_GCN.py[line:270] - INFO: Epoch [ 62/100]Train_ACC:1.000 Test_ACC:0.871  Val_ACC:0.814  Train_Pre:1.000 Test_Pre:0.938  Val_Pre:0.883  Train_Recall:1.000 Test_Recall:0.833  Val_Recall:0.735  Train_F1:1.000 Test_F1:0.882  Val_F1:0.802  
2024-11-28 18:49:41,868 - /home/mayi/data/zzy/DIR-GNN/train/upfd_GCN.py[line:270] - INFO: Epoch [ 63/100]Train_ACC:1.000 Test_ACC:0.806  Val_ACC:0.824  Train_Pre:1.000 Test_Pre:0.929  Val_Pre:0.930  Train_Recall:1.000 Test_Recall:0.722  Val_Recall:0.708  Train_F1:1.000 Test_F1:0.812  Val_F1:0.804  
2024-11-28 18:49:41,948 - /home/mayi/data/zzy/DIR-GNN/train/upfd_GCN.py[line:270] - INFO: Epoch [ 64/100]Train_ACC:1.000 Test_ACC:0.806  Val_ACC:0.819  Train_Pre:1.000 Test_Pre:0.929  Val_Pre:0.929  Train_Recall:1.000 Test_Recall:0.722  Val_Recall:0.699  Train_F1:1.000 Test_F1:0.812  Val_F1:0.798  
2024-11-28 18:49:42,026 - /home/mayi/data/zzy/DIR-GNN/train/upfd_GCN.py[line:270] - INFO: Epoch [ 65/100]Train_ACC:1.000 Test_ACC:0.806  Val_ACC:0.814  Train_Pre:1.000 Test_Pre:0.929  Val_Pre:0.929  Train_Recall:1.000 Test_Recall:0.722  Val_Recall:0.690  Train_F1:1.000 Test_F1:0.812  Val_F1:0.792  
2024-11-28 18:49:42,104 - /home/mayi/data/zzy/DIR-GNN/train/upfd_GCN.py[line:270] - INFO: Epoch [ 66/100]Train_ACC:1.000 Test_ACC:0.839  Val_ACC:0.810  Train_Pre:1.000 Test_Pre:0.933  Val_Pre:0.908  Train_Recall:1.000 Test_Recall:0.778  Val_Recall:0.699  Train_F1:1.000 Test_F1:0.848  Val_F1:0.790  
2024-11-28 18:49:42,182 - /home/mayi/data/zzy/DIR-GNN/train/upfd_GCN.py[line:270] - INFO: Epoch [ 67/100]Train_ACC:1.000 Test_ACC:0.871  Val_ACC:0.810  Train_Pre:1.000 Test_Pre:0.938  Val_Pre:0.908  Train_Recall:1.000 Test_Recall:0.833  Val_Recall:0.699  Train_F1:1.000 Test_F1:0.882  Val_F1:0.790  
2024-11-28 18:49:42,261 - /home/mayi/data/zzy/DIR-GNN/train/upfd_GCN.py[line:270] - INFO: Epoch [ 68/100]Train_ACC:1.000 Test_ACC:0.871  Val_ACC:0.796  Train_Pre:1.000 Test_Pre:0.938  Val_Pre:0.878  Train_Recall:1.000 Test_Recall:0.833  Val_Recall:0.699  Train_F1:1.000 Test_F1:0.882  Val_F1:0.778  
2024-11-28 18:49:42,339 - /home/mayi/data/zzy/DIR-GNN/train/upfd_GCN.py[line:270] - INFO: Epoch [ 69/100]Train_ACC:1.000 Test_ACC:0.871  Val_ACC:0.801  Train_Pre:1.000 Test_Pre:0.938  Val_Pre:0.888  Train_Recall:1.000 Test_Recall:0.833  Val_Recall:0.699  Train_F1:1.000 Test_F1:0.882  Val_F1:0.782  
2024-11-28 18:49:42,418 - /home/mayi/data/zzy/DIR-GNN/train/upfd_GCN.py[line:270] - INFO: Epoch [ 70/100]Train_ACC:1.000 Test_ACC:0.839  Val_ACC:0.810  Train_Pre:1.000 Test_Pre:0.933  Val_Pre:0.908  Train_Recall:1.000 Test_Recall:0.778  Val_Recall:0.699  Train_F1:1.000 Test_F1:0.848  Val_F1:0.790  
2024-11-28 18:49:42,497 - /home/mayi/data/zzy/DIR-GNN/train/upfd_GCN.py[line:270] - INFO: Epoch [ 71/100]Train_ACC:1.000 Test_ACC:0.839  Val_ACC:0.810  Train_Pre:1.000 Test_Pre:0.933  Val_Pre:0.908  Train_Recall:1.000 Test_Recall:0.778  Val_Recall:0.699  Train_F1:1.000 Test_F1:0.848  Val_F1:0.790  
2024-11-28 18:49:42,577 - /home/mayi/data/zzy/DIR-GNN/train/upfd_GCN.py[line:270] - INFO: Epoch [ 72/100]Train_ACC:1.000 Test_ACC:0.806  Val_ACC:0.819  Train_Pre:1.000 Test_Pre:0.929  Val_Pre:0.929  Train_Recall:1.000 Test_Recall:0.722  Val_Recall:0.699  Train_F1:1.000 Test_F1:0.812  Val_F1:0.798  
2024-11-28 18:49:42,655 - /home/mayi/data/zzy/DIR-GNN/train/upfd_GCN.py[line:270] - INFO: Epoch [ 73/100]Train_ACC:1.000 Test_ACC:0.806  Val_ACC:0.819  Train_Pre:1.000 Test_Pre:0.929  Val_Pre:0.929  Train_Recall:1.000 Test_Recall:0.722  Val_Recall:0.699  Train_F1:1.000 Test_F1:0.812  Val_F1:0.798  
2024-11-28 18:49:42,734 - /home/mayi/data/zzy/DIR-GNN/train/upfd_GCN.py[line:270] - INFO: Epoch [ 74/100]Train_ACC:1.000 Test_ACC:0.806  Val_ACC:0.819  Train_Pre:1.000 Test_Pre:0.929  Val_Pre:0.929  Train_Recall:1.000 Test_Recall:0.722  Val_Recall:0.699  Train_F1:1.000 Test_F1:0.812  Val_F1:0.798  
2024-11-28 18:49:42,813 - /home/mayi/data/zzy/DIR-GNN/train/upfd_GCN.py[line:270] - INFO: Epoch [ 75/100]Train_ACC:1.000 Test_ACC:0.839  Val_ACC:0.805  Train_Pre:1.000 Test_Pre:0.933  Val_Pre:0.898  Train_Recall:1.000 Test_Recall:0.778  Val_Recall:0.699  Train_F1:1.000 Test_F1:0.848  Val_F1:0.786  
2024-11-28 18:49:42,891 - /home/mayi/data/zzy/DIR-GNN/train/upfd_GCN.py[line:270] - INFO: Epoch [ 76/100]Train_ACC:1.000 Test_ACC:0.839  Val_ACC:0.796  Train_Pre:1.000 Test_Pre:0.933  Val_Pre:0.878  Train_Recall:1.000 Test_Recall:0.778  Val_Recall:0.699  Train_F1:1.000 Test_F1:0.848  Val_F1:0.778  
2024-11-28 18:49:42,969 - /home/mayi/data/zzy/DIR-GNN/train/upfd_GCN.py[line:270] - INFO: Epoch [ 77/100]Train_ACC:1.000 Test_ACC:0.871  Val_ACC:0.792  Train_Pre:1.000 Test_Pre:0.938  Val_Pre:0.860  Train_Recall:1.000 Test_Recall:0.833  Val_Recall:0.708  Train_F1:1.000 Test_F1:0.882  Val_F1:0.777  
2024-11-28 18:49:43,048 - /home/mayi/data/zzy/DIR-GNN/train/upfd_GCN.py[line:270] - INFO: Epoch [ 78/100]Train_ACC:1.000 Test_ACC:0.871  Val_ACC:0.796  Train_Pre:1.000 Test_Pre:0.938  Val_Pre:0.862  Train_Recall:1.000 Test_Recall:0.833  Val_Recall:0.717  Train_F1:1.000 Test_F1:0.882  Val_F1:0.783  
2024-11-28 18:49:43,126 - /home/mayi/data/zzy/DIR-GNN/train/upfd_GCN.py[line:270] - INFO: Epoch [ 79/100]Train_ACC:1.000 Test_ACC:0.871  Val_ACC:0.787  Train_Pre:1.000 Test_Pre:0.938  Val_Pre:0.844  Train_Recall:1.000 Test_Recall:0.833  Val_Recall:0.717  Train_F1:1.000 Test_F1:0.882  Val_F1:0.775  
2024-11-28 18:49:43,204 - /home/mayi/data/zzy/DIR-GNN/train/upfd_GCN.py[line:270] - INFO: Epoch [ 80/100]Train_ACC:1.000 Test_ACC:0.871  Val_ACC:0.792  Train_Pre:1.000 Test_Pre:0.938  Val_Pre:0.853  Train_Recall:1.000 Test_Recall:0.833  Val_Recall:0.717  Train_F1:1.000 Test_F1:0.882  Val_F1:0.779  
2024-11-28 18:49:43,283 - /home/mayi/data/zzy/DIR-GNN/train/upfd_GCN.py[line:270] - INFO: Epoch [ 81/100]Train_ACC:1.000 Test_ACC:0.839  Val_ACC:0.796  Train_Pre:1.000 Test_Pre:0.933  Val_Pre:0.870  Train_Recall:1.000 Test_Recall:0.778  Val_Recall:0.708  Train_F1:1.000 Test_F1:0.848  Val_F1:0.780  
2024-11-28 18:49:43,361 - /home/mayi/data/zzy/DIR-GNN/train/upfd_GCN.py[line:270] - INFO: Epoch [ 82/100]Train_ACC:1.000 Test_ACC:0.839  Val_ACC:0.792  Train_Pre:1.000 Test_Pre:0.933  Val_Pre:0.876  Train_Recall:1.000 Test_Recall:0.778  Val_Recall:0.690  Train_F1:1.000 Test_F1:0.848  Val_F1:0.772  
2024-11-28 18:49:43,438 - /home/mayi/data/zzy/DIR-GNN/train/upfd_GCN.py[line:270] - INFO: Epoch [ 83/100]Train_ACC:1.000 Test_ACC:0.806  Val_ACC:0.792  Train_Pre:1.000 Test_Pre:0.929  Val_Pre:0.876  Train_Recall:1.000 Test_Recall:0.722  Val_Recall:0.690  Train_F1:1.000 Test_F1:0.812  Val_F1:0.772  
2024-11-28 18:49:43,517 - /home/mayi/data/zzy/DIR-GNN/train/upfd_GCN.py[line:270] - INFO: Epoch [ 84/100]Train_ACC:1.000 Test_ACC:0.774  Val_ACC:0.792  Train_Pre:1.000 Test_Pre:0.923  Val_Pre:0.876  Train_Recall:1.000 Test_Recall:0.667  Val_Recall:0.690  Train_F1:1.000 Test_F1:0.774  Val_F1:0.772  
2024-11-28 18:49:43,597 - /home/mayi/data/zzy/DIR-GNN/train/upfd_GCN.py[line:270] - INFO: Epoch [ 85/100]Train_ACC:1.000 Test_ACC:0.806  Val_ACC:0.783  Train_Pre:1.000 Test_Pre:0.929  Val_Pre:0.857  Train_Recall:1.000 Test_Recall:0.722  Val_Recall:0.690  Train_F1:1.000 Test_F1:0.812  Val_F1:0.765  
2024-11-28 18:49:43,677 - /home/mayi/data/zzy/DIR-GNN/train/upfd_GCN.py[line:270] - INFO: Epoch [ 86/100]Train_ACC:1.000 Test_ACC:0.806  Val_ACC:0.787  Train_Pre:1.000 Test_Pre:0.929  Val_Pre:0.859  Train_Recall:1.000 Test_Recall:0.722  Val_Recall:0.699  Train_F1:1.000 Test_F1:0.812  Val_F1:0.771  
2024-11-28 18:49:43,754 - /home/mayi/data/zzy/DIR-GNN/train/upfd_GCN.py[line:270] - INFO: Epoch [ 87/100]Train_ACC:1.000 Test_ACC:0.806  Val_ACC:0.787  Train_Pre:1.000 Test_Pre:0.929  Val_Pre:0.851  Train_Recall:1.000 Test_Recall:0.722  Val_Recall:0.708  Train_F1:1.000 Test_F1:0.812  Val_F1:0.773  
2024-11-28 18:49:43,832 - /home/mayi/data/zzy/DIR-GNN/train/upfd_GCN.py[line:270] - INFO: Epoch [ 88/100]Train_ACC:1.000 Test_ACC:0.839  Val_ACC:0.783  Train_Pre:1.000 Test_Pre:0.933  Val_Pre:0.842  Train_Recall:1.000 Test_Recall:0.778  Val_Recall:0.708  Train_F1:1.000 Test_F1:0.848  Val_F1:0.769  
2024-11-28 18:49:43,910 - /home/mayi/data/zzy/DIR-GNN/train/upfd_GCN.py[line:270] - INFO: Epoch [ 89/100]Train_ACC:1.000 Test_ACC:0.839  Val_ACC:0.783  Train_Pre:1.000 Test_Pre:0.933  Val_Pre:0.842  Train_Recall:1.000 Test_Recall:0.778  Val_Recall:0.708  Train_F1:1.000 Test_F1:0.848  Val_F1:0.769  
2024-11-28 18:49:43,988 - /home/mayi/data/zzy/DIR-GNN/train/upfd_GCN.py[line:270] - INFO: Epoch [ 90/100]Train_ACC:1.000 Test_ACC:0.839  Val_ACC:0.783  Train_Pre:1.000 Test_Pre:0.933  Val_Pre:0.842  Train_Recall:1.000 Test_Recall:0.778  Val_Recall:0.708  Train_F1:1.000 Test_F1:0.848  Val_F1:0.769  
2024-11-28 18:49:44,067 - /home/mayi/data/zzy/DIR-GNN/train/upfd_GCN.py[line:270] - INFO: Epoch [ 91/100]Train_ACC:1.000 Test_ACC:0.839  Val_ACC:0.783  Train_Pre:1.000 Test_Pre:0.933  Val_Pre:0.842  Train_Recall:1.000 Test_Recall:0.778  Val_Recall:0.708  Train_F1:1.000 Test_F1:0.848  Val_F1:0.769  
2024-11-28 18:49:44,144 - /home/mayi/data/zzy/DIR-GNN/train/upfd_GCN.py[line:270] - INFO: Epoch [ 92/100]Train_ACC:1.000 Test_ACC:0.839  Val_ACC:0.787  Train_Pre:1.000 Test_Pre:0.933  Val_Pre:0.851  Train_Recall:1.000 Test_Recall:0.778  Val_Recall:0.708  Train_F1:1.000 Test_F1:0.848  Val_F1:0.773  
2024-11-28 18:49:44,223 - /home/mayi/data/zzy/DIR-GNN/train/upfd_GCN.py[line:270] - INFO: Epoch [ 93/100]Train_ACC:1.000 Test_ACC:0.806  Val_ACC:0.787  Train_Pre:1.000 Test_Pre:0.929  Val_Pre:0.851  Train_Recall:1.000 Test_Recall:0.722  Val_Recall:0.708  Train_F1:1.000 Test_F1:0.812  Val_F1:0.773  
2024-11-28 18:49:44,301 - /home/mayi/data/zzy/DIR-GNN/train/upfd_GCN.py[line:270] - INFO: Epoch [ 94/100]Train_ACC:1.000 Test_ACC:0.806  Val_ACC:0.787  Train_Pre:1.000 Test_Pre:0.929  Val_Pre:0.851  Train_Recall:1.000 Test_Recall:0.722  Val_Recall:0.708  Train_F1:1.000 Test_F1:0.812  Val_F1:0.773  
2024-11-28 18:49:44,380 - /home/mayi/data/zzy/DIR-GNN/train/upfd_GCN.py[line:270] - INFO: Epoch [ 95/100]Train_ACC:1.000 Test_ACC:0.806  Val_ACC:0.796  Train_Pre:1.000 Test_Pre:0.929  Val_Pre:0.847  Train_Recall:1.000 Test_Recall:0.722  Val_Recall:0.735  Train_F1:1.000 Test_F1:0.812  Val_F1:0.787  
2024-11-28 18:49:44,459 - /home/mayi/data/zzy/DIR-GNN/train/upfd_GCN.py[line:270] - INFO: Epoch [ 96/100]Train_ACC:1.000 Test_ACC:0.903  Val_ACC:0.787  Train_Pre:1.000 Test_Pre:0.941  Val_Pre:0.830  Train_Recall:1.000 Test_Recall:0.889  Val_Recall:0.735  Train_F1:1.000 Test_F1:0.914  Val_F1:0.779  
2024-11-28 18:49:44,540 - /home/mayi/data/zzy/DIR-GNN/train/upfd_GCN.py[line:270] - INFO: Epoch [ 97/100]Train_ACC:1.000 Test_ACC:0.871  Val_ACC:0.787  Train_Pre:1.000 Test_Pre:0.938  Val_Pre:0.824  Train_Recall:1.000 Test_Recall:0.833  Val_Recall:0.743  Train_F1:1.000 Test_F1:0.882  Val_F1:0.781  
2024-11-28 18:49:44,620 - /home/mayi/data/zzy/DIR-GNN/train/upfd_GCN.py[line:270] - INFO: Epoch [ 98/100]Train_ACC:1.000 Test_ACC:0.871  Val_ACC:0.787  Train_Pre:1.000 Test_Pre:0.938  Val_Pre:0.824  Train_Recall:1.000 Test_Recall:0.833  Val_Recall:0.743  Train_F1:1.000 Test_F1:0.882  Val_F1:0.781  
2024-11-28 18:49:44,701 - /home/mayi/data/zzy/DIR-GNN/train/upfd_GCN.py[line:270] - INFO: Epoch [ 99/100]Train_ACC:1.000 Test_ACC:0.871  Val_ACC:0.792  Train_Pre:1.000 Test_Pre:0.938  Val_Pre:0.832  Train_Recall:1.000 Test_Recall:0.833  Val_Recall:0.743  Train_F1:1.000 Test_F1:0.882  Val_F1:0.785  
2024-11-28 18:49:44,701 - /home/mayi/data/zzy/DIR-GNN/train/upfd_GCN.py[line:317] - INFO: ====================================================================================================
2024-11-28 18:49:44,701 - /home/mayi/data/zzy/DIR-GNN/train/upfd_GCN.py[line:172] - INFO: Seed:  9
2024-11-28 18:49:44,703 - /home/mayi/data/zzy/DIR-GNN/train/upfd_GCN.py[line:239] - INFO: # Train: 62  #Test: 221.0 #Val: 31
2024-11-28 18:49:44,781 - /home/mayi/data/zzy/DIR-GNN/train/upfd_GCN.py[line:270] - INFO: Epoch [  0/100]Train_ACC:0.452 Test_ACC:0.613  Val_ACC:0.561  Train_Pre:0.429 Test_Pre:0.615  Val_Pre:0.541  Train_Recall:0.923 Test_Recall:0.889  Val_Recall:0.938  Train_F1:0.585 Test_F1:0.727  Val_F1:0.686  
/home/mayi/anaconda3/envs/zzy_DIR/lib/python3.9/site-packages/sklearn/metrics/_classification.py:1517: UndefinedMetricWarning: Precision is ill-defined and being set to 0.0 due to no predicted samples. Use `zero_division` parameter to control this behavior.
  _warn_prf(average, modifier, f"{metric.capitalize()} is", len(result))
/home/mayi/anaconda3/envs/zzy_DIR/lib/python3.9/site-packages/sklearn/metrics/_classification.py:1517: UndefinedMetricWarning: Precision is ill-defined and being set to 0.0 due to no predicted samples. Use `zero_division` parameter to control this behavior.
  _warn_prf(average, modifier, f"{metric.capitalize()} is", len(result))
/home/mayi/anaconda3/envs/zzy_DIR/lib/python3.9/site-packages/sklearn/metrics/_classification.py:1517: UndefinedMetricWarning: Precision is ill-defined and being set to 0.0 due to no predicted samples. Use `zero_division` parameter to control this behavior.
  _warn_prf(average, modifier, f"{metric.capitalize()} is", len(result))
2024-11-28 18:49:44,860 - /home/mayi/data/zzy/DIR-GNN/train/upfd_GCN.py[line:270] - INFO: Epoch [  1/100]Train_ACC:0.581 Test_ACC:0.419  Val_ACC:0.489  Train_Pre:0.000 Test_Pre:0.000  Val_Pre:0.000  Train_Recall:0.000 Test_Recall:0.000  Val_Recall:0.000  Train_F1:0.000 Test_F1:0.000  Val_F1:0.000  
/home/mayi/anaconda3/envs/zzy_DIR/lib/python3.9/site-packages/sklearn/metrics/_classification.py:1517: UndefinedMetricWarning: Precision is ill-defined and being set to 0.0 due to no predicted samples. Use `zero_division` parameter to control this behavior.
  _warn_prf(average, modifier, f"{metric.capitalize()} is", len(result))
2024-11-28 18:49:44,939 - /home/mayi/data/zzy/DIR-GNN/train/upfd_GCN.py[line:270] - INFO: Epoch [  2/100]Train_ACC:0.565 Test_ACC:0.419  Val_ACC:0.511  Train_Pre:0.000 Test_Pre:0.000  Val_Pre:0.727  Train_Recall:0.000 Test_Recall:0.000  Val_Recall:0.071  Train_F1:0.000 Test_F1:0.000  Val_F1:0.129  
/home/mayi/anaconda3/envs/zzy_DIR/lib/python3.9/site-packages/sklearn/metrics/_classification.py:1517: UndefinedMetricWarning: Precision is ill-defined and being set to 0.0 due to no predicted samples. Use `zero_division` parameter to control this behavior.
  _warn_prf(average, modifier, f"{metric.capitalize()} is", len(result))
/home/mayi/anaconda3/envs/zzy_DIR/lib/python3.9/site-packages/sklearn/metrics/_classification.py:1517: UndefinedMetricWarning: Precision is ill-defined and being set to 0.0 due to no predicted samples. Use `zero_division` parameter to control this behavior.
  _warn_prf(average, modifier, f"{metric.capitalize()} is", len(result))
/home/mayi/anaconda3/envs/zzy_DIR/lib/python3.9/site-packages/sklearn/metrics/_classification.py:1517: UndefinedMetricWarning: Precision is ill-defined and being set to 0.0 due to no predicted samples. Use `zero_division` parameter to control this behavior.
  _warn_prf(average, modifier, f"{metric.capitalize()} is", len(result))
2024-11-28 18:49:45,018 - /home/mayi/data/zzy/DIR-GNN/train/upfd_GCN.py[line:270] - INFO: Epoch [  3/100]Train_ACC:0.581 Test_ACC:0.419  Val_ACC:0.489  Train_Pre:0.000 Test_Pre:0.000  Val_Pre:0.000  Train_Recall:0.000 Test_Recall:0.000  Val_Recall:0.000  Train_F1:0.000 Test_F1:0.000  Val_F1:0.000  
/home/mayi/anaconda3/envs/zzy_DIR/lib/python3.9/site-packages/sklearn/metrics/_classification.py:1517: UndefinedMetricWarning: Precision is ill-defined and being set to 0.0 due to no predicted samples. Use `zero_division` parameter to control this behavior.
  _warn_prf(average, modifier, f"{metric.capitalize()} is", len(result))
/home/mayi/anaconda3/envs/zzy_DIR/lib/python3.9/site-packages/sklearn/metrics/_classification.py:1517: UndefinedMetricWarning: Precision is ill-defined and being set to 0.0 due to no predicted samples. Use `zero_division` parameter to control this behavior.
  _warn_prf(average, modifier, f"{metric.capitalize()} is", len(result))
/home/mayi/anaconda3/envs/zzy_DIR/lib/python3.9/site-packages/sklearn/metrics/_classification.py:1517: UndefinedMetricWarning: Precision is ill-defined and being set to 0.0 due to no predicted samples. Use `zero_division` parameter to control this behavior.
  _warn_prf(average, modifier, f"{metric.capitalize()} is", len(result))
2024-11-28 18:49:45,097 - /home/mayi/data/zzy/DIR-GNN/train/upfd_GCN.py[line:270] - INFO: Epoch [  4/100]Train_ACC:0.581 Test_ACC:0.419  Val_ACC:0.489  Train_Pre:0.000 Test_Pre:0.000  Val_Pre:0.000  Train_Recall:0.000 Test_Recall:0.000  Val_Recall:0.000  Train_F1:0.000 Test_F1:0.000  Val_F1:0.000  
/home/mayi/anaconda3/envs/zzy_DIR/lib/python3.9/site-packages/sklearn/metrics/_classification.py:1517: UndefinedMetricWarning: Precision is ill-defined and being set to 0.0 due to no predicted samples. Use `zero_division` parameter to control this behavior.
  _warn_prf(average, modifier, f"{metric.capitalize()} is", len(result))
/home/mayi/anaconda3/envs/zzy_DIR/lib/python3.9/site-packages/sklearn/metrics/_classification.py:1517: UndefinedMetricWarning: Precision is ill-defined and being set to 0.0 due to no predicted samples. Use `zero_division` parameter to control this behavior.
  _warn_prf(average, modifier, f"{metric.capitalize()} is", len(result))
/home/mayi/anaconda3/envs/zzy_DIR/lib/python3.9/site-packages/sklearn/metrics/_classification.py:1517: UndefinedMetricWarning: Precision is ill-defined and being set to 0.0 due to no predicted samples. Use `zero_division` parameter to control this behavior.
  _warn_prf(average, modifier, f"{metric.capitalize()} is", len(result))
2024-11-28 18:49:45,178 - /home/mayi/data/zzy/DIR-GNN/train/upfd_GCN.py[line:270] - INFO: Epoch [  5/100]Train_ACC:0.581 Test_ACC:0.419  Val_ACC:0.489  Train_Pre:0.000 Test_Pre:0.000  Val_Pre:0.000  Train_Recall:0.000 Test_Recall:0.000  Val_Recall:0.000  Train_F1:0.000 Test_F1:0.000  Val_F1:0.000  
/home/mayi/anaconda3/envs/zzy_DIR/lib/python3.9/site-packages/sklearn/metrics/_classification.py:1517: UndefinedMetricWarning: Precision is ill-defined and being set to 0.0 due to no predicted samples. Use `zero_division` parameter to control this behavior.
  _warn_prf(average, modifier, f"{metric.capitalize()} is", len(result))
/home/mayi/anaconda3/envs/zzy_DIR/lib/python3.9/site-packages/sklearn/metrics/_classification.py:1517: UndefinedMetricWarning: Precision is ill-defined and being set to 0.0 due to no predicted samples. Use `zero_division` parameter to control this behavior.
  _warn_prf(average, modifier, f"{metric.capitalize()} is", len(result))
/home/mayi/anaconda3/envs/zzy_DIR/lib/python3.9/site-packages/sklearn/metrics/_classification.py:1517: UndefinedMetricWarning: Precision is ill-defined and being set to 0.0 due to no predicted samples. Use `zero_division` parameter to control this behavior.
  _warn_prf(average, modifier, f"{metric.capitalize()} is", len(result))
2024-11-28 18:49:45,258 - /home/mayi/data/zzy/DIR-GNN/train/upfd_GCN.py[line:270] - INFO: Epoch [  6/100]Train_ACC:0.581 Test_ACC:0.419  Val_ACC:0.489  Train_Pre:0.000 Test_Pre:0.000  Val_Pre:0.000  Train_Recall:0.000 Test_Recall:0.000  Val_Recall:0.000  Train_F1:0.000 Test_F1:0.000  Val_F1:0.000  
/home/mayi/anaconda3/envs/zzy_DIR/lib/python3.9/site-packages/sklearn/metrics/_classification.py:1517: UndefinedMetricWarning: Precision is ill-defined and being set to 0.0 due to no predicted samples. Use `zero_division` parameter to control this behavior.
  _warn_prf(average, modifier, f"{metric.capitalize()} is", len(result))
/home/mayi/anaconda3/envs/zzy_DIR/lib/python3.9/site-packages/sklearn/metrics/_classification.py:1517: UndefinedMetricWarning: Precision is ill-defined and being set to 0.0 due to no predicted samples. Use `zero_division` parameter to control this behavior.
  _warn_prf(average, modifier, f"{metric.capitalize()} is", len(result))
/home/mayi/anaconda3/envs/zzy_DIR/lib/python3.9/site-packages/sklearn/metrics/_classification.py:1517: UndefinedMetricWarning: Precision is ill-defined and being set to 0.0 due to no predicted samples. Use `zero_division` parameter to control this behavior.
  _warn_prf(average, modifier, f"{metric.capitalize()} is", len(result))
2024-11-28 18:49:45,338 - /home/mayi/data/zzy/DIR-GNN/train/upfd_GCN.py[line:270] - INFO: Epoch [  7/100]Train_ACC:0.581 Test_ACC:0.419  Val_ACC:0.489  Train_Pre:0.000 Test_Pre:0.000  Val_Pre:0.000  Train_Recall:0.000 Test_Recall:0.000  Val_Recall:0.000  Train_F1:0.000 Test_F1:0.000  Val_F1:0.000  
2024-11-28 18:49:45,416 - /home/mayi/data/zzy/DIR-GNN/train/upfd_GCN.py[line:270] - INFO: Epoch [  8/100]Train_ACC:0.613 Test_ACC:0.484  Val_ACC:0.502  Train_Pre:1.000 Test_Pre:1.000  Val_Pre:1.000  Train_Recall:0.077 Test_Recall:0.111  Val_Recall:0.027  Train_F1:0.143 Test_F1:0.200  Val_F1:0.052  
2024-11-28 18:49:45,495 - /home/mayi/data/zzy/DIR-GNN/train/upfd_GCN.py[line:270] - INFO: Epoch [  9/100]Train_ACC:0.597 Test_ACC:0.452  Val_ACC:0.502  Train_Pre:1.000 Test_Pre:1.000  Val_Pre:1.000  Train_Recall:0.038 Test_Recall:0.056  Val_Recall:0.027  Train_F1:0.074 Test_F1:0.105  Val_F1:0.052  
2024-11-28 18:49:45,573 - /home/mayi/data/zzy/DIR-GNN/train/upfd_GCN.py[line:270] - INFO: Epoch [ 10/100]Train_ACC:0.597 Test_ACC:0.452  Val_ACC:0.493  Train_Pre:1.000 Test_Pre:1.000  Val_Pre:1.000  Train_Recall:0.038 Test_Recall:0.056  Val_Recall:0.009  Train_F1:0.074 Test_F1:0.105  Val_F1:0.018  
2024-11-28 18:49:45,652 - /home/mayi/data/zzy/DIR-GNN/train/upfd_GCN.py[line:270] - INFO: Epoch [ 11/100]Train_ACC:0.629 Test_ACC:0.452  Val_ACC:0.548  Train_Pre:1.000 Test_Pre:1.000  Val_Pre:1.000  Train_Recall:0.115 Test_Recall:0.056  Val_Recall:0.115  Train_F1:0.207 Test_F1:0.105  Val_F1:0.206  
2024-11-28 18:49:45,730 - /home/mayi/data/zzy/DIR-GNN/train/upfd_GCN.py[line:270] - INFO: Epoch [ 12/100]Train_ACC:0.710 Test_ACC:0.548  Val_ACC:0.629  Train_Pre:0.900 Test_Pre:1.000  Val_Pre:0.943  Train_Recall:0.346 Test_Recall:0.222  Val_Recall:0.292  Train_F1:0.500 Test_F1:0.364  Val_F1:0.446  
2024-11-28 18:49:45,808 - /home/mayi/data/zzy/DIR-GNN/train/upfd_GCN.py[line:270] - INFO: Epoch [ 13/100]Train_ACC:0.742 Test_ACC:0.548  Val_ACC:0.633  Train_Pre:0.917 Test_Pre:1.000  Val_Pre:0.944  Train_Recall:0.423 Test_Recall:0.222  Val_Recall:0.301  Train_F1:0.579 Test_F1:0.364  Val_F1:0.456  
2024-11-28 18:49:45,885 - /home/mayi/data/zzy/DIR-GNN/train/upfd_GCN.py[line:270] - INFO: Epoch [ 14/100]Train_ACC:0.661 Test_ACC:0.516  Val_ACC:0.588  Train_Pre:0.857 Test_Pre:1.000  Val_Pre:1.000  Train_Recall:0.231 Test_Recall:0.167  Val_Recall:0.195  Train_F1:0.364 Test_F1:0.286  Val_F1:0.326  
2024-11-28 18:49:45,966 - /home/mayi/data/zzy/DIR-GNN/train/upfd_GCN.py[line:270] - INFO: Epoch [ 15/100]Train_ACC:0.790 Test_ACC:0.548  Val_ACC:0.611  Train_Pre:0.933 Test_Pre:1.000  Val_Pre:0.966  Train_Recall:0.538 Test_Recall:0.222  Val_Recall:0.248  Train_F1:0.683 Test_F1:0.364  Val_F1:0.394  
2024-11-28 18:49:46,046 - /home/mayi/data/zzy/DIR-GNN/train/upfd_GCN.py[line:270] - INFO: Epoch [ 16/100]Train_ACC:0.887 Test_ACC:0.774  Val_ACC:0.760  Train_Pre:0.952 Test_Pre:0.867  Val_Pre:0.895  Train_Recall:0.769 Test_Recall:0.722  Val_Recall:0.602  Train_F1:0.851 Test_F1:0.788  Val_F1:0.720  
2024-11-28 18:49:46,126 - /home/mayi/data/zzy/DIR-GNN/train/upfd_GCN.py[line:270] - INFO: Epoch [ 17/100]Train_ACC:0.919 Test_ACC:0.774  Val_ACC:0.783  Train_Pre:0.957 Test_Pre:0.867  Val_Pre:0.882  Train_Recall:0.846 Test_Recall:0.722  Val_Recall:0.664  Train_F1:0.898 Test_F1:0.788  Val_F1:0.758  
2024-11-28 18:49:46,205 - /home/mayi/data/zzy/DIR-GNN/train/upfd_GCN.py[line:270] - INFO: Epoch [ 18/100]Train_ACC:0.855 Test_ACC:0.645  Val_ACC:0.688  Train_Pre:1.000 Test_Pre:1.000  Val_Pre:0.958  Train_Recall:0.654 Test_Recall:0.389  Val_Recall:0.407  Train_F1:0.791 Test_F1:0.560  Val_F1:0.571  
2024-11-28 18:49:46,285 - /home/mayi/data/zzy/DIR-GNN/train/upfd_GCN.py[line:270] - INFO: Epoch [ 19/100]Train_ACC:0.903 Test_ACC:0.742  Val_ACC:0.751  Train_Pre:0.833 Test_Pre:0.778  Val_Pre:0.802  Train_Recall:0.962 Test_Recall:0.778  Val_Recall:0.681  Train_F1:0.893 Test_F1:0.778  Val_F1:0.737  
2024-11-28 18:49:46,365 - /home/mayi/data/zzy/DIR-GNN/train/upfd_GCN.py[line:270] - INFO: Epoch [ 20/100]Train_ACC:0.903 Test_ACC:0.774  Val_ACC:0.787  Train_Pre:0.833 Test_Pre:0.789  Val_Pre:0.817  Train_Recall:0.962 Test_Recall:0.833  Val_Recall:0.752  Train_F1:0.893 Test_F1:0.811  Val_F1:0.783  
2024-11-28 18:49:46,445 - /home/mayi/data/zzy/DIR-GNN/train/upfd_GCN.py[line:270] - INFO: Epoch [ 21/100]Train_ACC:0.935 Test_ACC:0.742  Val_ACC:0.783  Train_Pre:1.000 Test_Pre:0.917  Val_Pre:0.922  Train_Recall:0.846 Test_Recall:0.611  Val_Recall:0.628  Train_F1:0.917 Test_F1:0.733  Val_F1:0.747  
2024-11-28 18:49:46,525 - /home/mayi/data/zzy/DIR-GNN/train/upfd_GCN.py[line:270] - INFO: Epoch [ 22/100]Train_ACC:0.952 Test_ACC:0.806  Val_ACC:0.814  Train_Pre:0.960 Test_Pre:0.875  Val_Pre:0.900  Train_Recall:0.923 Test_Recall:0.778  Val_Recall:0.717  Train_F1:0.941 Test_F1:0.824  Val_F1:0.798  
2024-11-28 18:49:46,606 - /home/mayi/data/zzy/DIR-GNN/train/upfd_GCN.py[line:270] - INFO: Epoch [ 23/100]Train_ACC:0.952 Test_ACC:0.774  Val_ACC:0.805  Train_Pre:0.960 Test_Pre:0.824  Val_Pre:0.872  Train_Recall:0.923 Test_Recall:0.778  Val_Recall:0.726  Train_F1:0.941 Test_F1:0.800  Val_F1:0.792  
2024-11-28 18:49:46,686 - /home/mayi/data/zzy/DIR-GNN/train/upfd_GCN.py[line:270] - INFO: Epoch [ 24/100]Train_ACC:0.952 Test_ACC:0.710  Val_ACC:0.769  Train_Pre:1.000 Test_Pre:0.909  Val_Pre:0.919  Train_Recall:0.885 Test_Recall:0.556  Val_Recall:0.602  Train_F1:0.939 Test_F1:0.690  Val_F1:0.727  
2024-11-28 18:49:46,764 - /home/mayi/data/zzy/DIR-GNN/train/upfd_GCN.py[line:270] - INFO: Epoch [ 25/100]Train_ACC:0.935 Test_ACC:0.774  Val_ACC:0.801  Train_Pre:0.893 Test_Pre:0.867  Val_Pre:0.888  Train_Recall:0.962 Test_Recall:0.722  Val_Recall:0.699  Train_F1:0.926 Test_F1:0.788  Val_F1:0.782  
2024-11-28 18:49:46,843 - /home/mayi/data/zzy/DIR-GNN/train/upfd_GCN.py[line:270] - INFO: Epoch [ 26/100]Train_ACC:0.919 Test_ACC:0.839  Val_ACC:0.814  Train_Pre:0.839 Test_Pre:0.842  Val_Pre:0.853  Train_Recall:1.000 Test_Recall:0.889  Val_Recall:0.770  Train_F1:0.912 Test_F1:0.865  Val_F1:0.809  
2024-11-28 18:49:46,922 - /home/mayi/data/zzy/DIR-GNN/train/upfd_GCN.py[line:270] - INFO: Epoch [ 27/100]Train_ACC:0.968 Test_ACC:0.742  Val_ACC:0.756  Train_Pre:0.962 Test_Pre:0.857  Val_Pre:0.893  Train_Recall:0.962 Test_Recall:0.667  Val_Recall:0.593  Train_F1:0.962 Test_F1:0.750  Val_F1:0.713  
2024-11-28 18:49:47,001 - /home/mayi/data/zzy/DIR-GNN/train/upfd_GCN.py[line:270] - INFO: Epoch [ 28/100]Train_ACC:0.952 Test_ACC:0.806  Val_ACC:0.819  Train_Pre:0.897 Test_Pre:0.875  Val_Pre:0.884  Train_Recall:1.000 Test_Recall:0.778  Val_Recall:0.743  Train_F1:0.945 Test_F1:0.824  Val_F1:0.808  
2024-11-28 18:49:47,079 - /home/mayi/data/zzy/DIR-GNN/train/upfd_GCN.py[line:270] - INFO: Epoch [ 29/100]Train_ACC:0.968 Test_ACC:0.806  Val_ACC:0.833  Train_Pre:0.929 Test_Pre:0.875  Val_Pre:0.904  Train_Recall:1.000 Test_Recall:0.778  Val_Recall:0.752  Train_F1:0.963 Test_F1:0.824  Val_F1:0.821  
2024-11-28 18:49:47,157 - /home/mayi/data/zzy/DIR-GNN/train/upfd_GCN.py[line:270] - INFO: Epoch [ 30/100]Train_ACC:0.984 Test_ACC:0.774  Val_ACC:0.787  Train_Pre:1.000 Test_Pre:0.867  Val_Pre:0.912  Train_Recall:0.962 Test_Recall:0.722  Val_Recall:0.646  Train_F1:0.980 Test_F1:0.788  Val_F1:0.756  
2024-11-28 18:49:47,237 - /home/mayi/data/zzy/DIR-GNN/train/upfd_GCN.py[line:270] - INFO: Epoch [ 31/100]Train_ACC:0.968 Test_ACC:0.774  Val_ACC:0.783  Train_Pre:1.000 Test_Pre:0.867  Val_Pre:0.911  Train_Recall:0.923 Test_Recall:0.722  Val_Recall:0.637  Train_F1:0.960 Test_F1:0.788  Val_F1:0.750  
2024-11-28 18:49:47,315 - /home/mayi/data/zzy/DIR-GNN/train/upfd_GCN.py[line:270] - INFO: Epoch [ 32/100]Train_ACC:0.984 Test_ACC:0.774  Val_ACC:0.824  Train_Pre:1.000 Test_Pre:0.824  Val_Pre:0.920  Train_Recall:0.962 Test_Recall:0.778  Val_Recall:0.717  Train_F1:0.980 Test_F1:0.800  Val_F1:0.806  
2024-11-28 18:49:47,394 - /home/mayi/data/zzy/DIR-GNN/train/upfd_GCN.py[line:270] - INFO: Epoch [ 33/100]Train_ACC:0.984 Test_ACC:0.774  Val_ACC:0.833  Train_Pre:1.000 Test_Pre:0.824  Val_Pre:0.922  Train_Recall:0.962 Test_Recall:0.778  Val_Recall:0.735  Train_F1:0.980 Test_F1:0.800  Val_F1:0.818  
2024-11-28 18:49:47,473 - /home/mayi/data/zzy/DIR-GNN/train/upfd_GCN.py[line:270] - INFO: Epoch [ 34/100]Train_ACC:0.984 Test_ACC:0.774  Val_ACC:0.805  Train_Pre:1.000 Test_Pre:0.824  Val_Pre:0.917  Train_Recall:0.962 Test_Recall:0.778  Val_Recall:0.681  Train_F1:0.980 Test_F1:0.800  Val_F1:0.782  
2024-11-28 18:49:47,552 - /home/mayi/data/zzy/DIR-GNN/train/upfd_GCN.py[line:270] - INFO: Epoch [ 35/100]Train_ACC:0.984 Test_ACC:0.774  Val_ACC:0.833  Train_Pre:1.000 Test_Pre:0.824  Val_Pre:0.922  Train_Recall:0.962 Test_Recall:0.778  Val_Recall:0.735  Train_F1:0.980 Test_F1:0.800  Val_F1:0.818  
2024-11-28 18:49:47,631 - /home/mayi/data/zzy/DIR-GNN/train/upfd_GCN.py[line:270] - INFO: Epoch [ 36/100]Train_ACC:1.000 Test_ACC:0.774  Val_ACC:0.846  Train_Pre:1.000 Test_Pre:0.824  Val_Pre:0.916  Train_Recall:1.000 Test_Recall:0.778  Val_Recall:0.770  Train_F1:1.000 Test_F1:0.800  Val_F1:0.837  
2024-11-28 18:49:47,710 - /home/mayi/data/zzy/DIR-GNN/train/upfd_GCN.py[line:270] - INFO: Epoch [ 37/100]Train_ACC:1.000 Test_ACC:0.774  Val_ACC:0.819  Train_Pre:1.000 Test_Pre:0.824  Val_Pre:0.892  Train_Recall:1.000 Test_Recall:0.778  Val_Recall:0.735  Train_F1:1.000 Test_F1:0.800  Val_F1:0.806  
2024-11-28 18:49:47,789 - /home/mayi/data/zzy/DIR-GNN/train/upfd_GCN.py[line:270] - INFO: Epoch [ 38/100]Train_ACC:1.000 Test_ACC:0.839  Val_ACC:0.824  Train_Pre:1.000 Test_Pre:0.933  Val_Pre:0.930  Train_Recall:1.000 Test_Recall:0.778  Val_Recall:0.708  Train_F1:1.000 Test_F1:0.848  Val_F1:0.804  
2024-11-28 18:49:47,867 - /home/mayi/data/zzy/DIR-GNN/train/upfd_GCN.py[line:270] - INFO: Epoch [ 39/100]Train_ACC:1.000 Test_ACC:0.871  Val_ACC:0.810  Train_Pre:1.000 Test_Pre:1.000  Val_Pre:0.928  Train_Recall:1.000 Test_Recall:0.778  Val_Recall:0.681  Train_F1:1.000 Test_F1:0.875  Val_F1:0.786  
2024-11-28 18:49:47,946 - /home/mayi/data/zzy/DIR-GNN/train/upfd_GCN.py[line:270] - INFO: Epoch [ 40/100]Train_ACC:1.000 Test_ACC:0.806  Val_ACC:0.828  Train_Pre:1.000 Test_Pre:0.875  Val_Pre:0.903  Train_Recall:1.000 Test_Recall:0.778  Val_Recall:0.743  Train_F1:1.000 Test_F1:0.824  Val_F1:0.816  
2024-11-28 18:49:48,025 - /home/mayi/data/zzy/DIR-GNN/train/upfd_GCN.py[line:270] - INFO: Epoch [ 41/100]Train_ACC:1.000 Test_ACC:0.839  Val_ACC:0.828  Train_Pre:1.000 Test_Pre:0.882  Val_Pre:0.903  Train_Recall:1.000 Test_Recall:0.833  Val_Recall:0.743  Train_F1:1.000 Test_F1:0.857  Val_F1:0.816  
2024-11-28 18:49:48,105 - /home/mayi/data/zzy/DIR-GNN/train/upfd_GCN.py[line:270] - INFO: Epoch [ 42/100]Train_ACC:1.000 Test_ACC:0.839  Val_ACC:0.833  Train_Pre:1.000 Test_Pre:0.933  Val_Pre:0.932  Train_Recall:1.000 Test_Recall:0.778  Val_Recall:0.726  Train_F1:1.000 Test_F1:0.848  Val_F1:0.816  
2024-11-28 18:49:48,184 - /home/mayi/data/zzy/DIR-GNN/train/upfd_GCN.py[line:270] - INFO: Epoch [ 43/100]Train_ACC:1.000 Test_ACC:0.839  Val_ACC:0.814  Train_Pre:1.000 Test_Pre:0.933  Val_Pre:0.950  Train_Recall:1.000 Test_Recall:0.778  Val_Recall:0.673  Train_F1:1.000 Test_F1:0.848  Val_F1:0.788  
2024-11-28 18:49:48,263 - /home/mayi/data/zzy/DIR-GNN/train/upfd_GCN.py[line:270] - INFO: Epoch [ 44/100]Train_ACC:1.000 Test_ACC:0.839  Val_ACC:0.837  Train_Pre:1.000 Test_Pre:0.933  Val_Pre:0.943  Train_Recall:1.000 Test_Recall:0.778  Val_Recall:0.726  Train_F1:1.000 Test_F1:0.848  Val_F1:0.820  
2024-11-28 18:49:48,342 - /home/mayi/data/zzy/DIR-GNN/train/upfd_GCN.py[line:270] - INFO: Epoch [ 45/100]Train_ACC:1.000 Test_ACC:0.839  Val_ACC:0.837  Train_Pre:1.000 Test_Pre:0.882  Val_Pre:0.897  Train_Recall:1.000 Test_Recall:0.833  Val_Recall:0.770  Train_F1:1.000 Test_F1:0.857  Val_F1:0.829  
2024-11-28 18:49:48,421 - /home/mayi/data/zzy/DIR-GNN/train/upfd_GCN.py[line:270] - INFO: Epoch [ 46/100]Train_ACC:1.000 Test_ACC:0.839  Val_ACC:0.824  Train_Pre:1.000 Test_Pre:0.933  Val_Pre:0.940  Train_Recall:1.000 Test_Recall:0.778  Val_Recall:0.699  Train_F1:1.000 Test_F1:0.848  Val_F1:0.802  
2024-11-28 18:49:48,499 - /home/mayi/data/zzy/DIR-GNN/train/upfd_GCN.py[line:270] - INFO: Epoch [ 47/100]Train_ACC:1.000 Test_ACC:0.871  Val_ACC:0.796  Train_Pre:1.000 Test_Pre:1.000  Val_Pre:0.936  Train_Recall:1.000 Test_Recall:0.778  Val_Recall:0.646  Train_F1:1.000 Test_F1:0.875  Val_F1:0.764  
2024-11-28 18:49:48,578 - /home/mayi/data/zzy/DIR-GNN/train/upfd_GCN.py[line:270] - INFO: Epoch [ 48/100]Train_ACC:1.000 Test_ACC:0.806  Val_ACC:0.783  Train_Pre:1.000 Test_Pre:1.000  Val_Pre:0.933  Train_Recall:1.000 Test_Recall:0.667  Val_Recall:0.619  Train_F1:1.000 Test_F1:0.800  Val_F1:0.745  
2024-11-28 18:49:48,657 - /home/mayi/data/zzy/DIR-GNN/train/upfd_GCN.py[line:270] - INFO: Epoch [ 49/100]Train_ACC:1.000 Test_ACC:0.871  Val_ACC:0.814  Train_Pre:1.000 Test_Pre:0.938  Val_Pre:0.919  Train_Recall:1.000 Test_Recall:0.833  Val_Recall:0.699  Train_F1:1.000 Test_F1:0.882  Val_F1:0.794  
2024-11-28 18:49:48,736 - /home/mayi/data/zzy/DIR-GNN/train/upfd_GCN.py[line:270] - INFO: Epoch [ 50/100]Train_ACC:1.000 Test_ACC:0.871  Val_ACC:0.837  Train_Pre:1.000 Test_Pre:0.938  Val_Pre:0.889  Train_Recall:1.000 Test_Recall:0.833  Val_Recall:0.779  Train_F1:1.000 Test_F1:0.882  Val_F1:0.830  
2024-11-28 18:49:48,815 - /home/mayi/data/zzy/DIR-GNN/train/upfd_GCN.py[line:270] - INFO: Epoch [ 51/100]Train_ACC:1.000 Test_ACC:0.871  Val_ACC:0.828  Train_Pre:1.000 Test_Pre:0.938  Val_Pre:0.912  Train_Recall:1.000 Test_Recall:0.833  Val_Recall:0.735  Train_F1:1.000 Test_F1:0.882  Val_F1:0.814  
2024-11-28 18:49:48,894 - /home/mayi/data/zzy/DIR-GNN/train/upfd_GCN.py[line:270] - INFO: Epoch [ 52/100]Train_ACC:1.000 Test_ACC:0.839  Val_ACC:0.819  Train_Pre:1.000 Test_Pre:0.933  Val_Pre:0.929  Train_Recall:1.000 Test_Recall:0.778  Val_Recall:0.699  Train_F1:1.000 Test_F1:0.848  Val_F1:0.798  
2024-11-28 18:49:48,972 - /home/mayi/data/zzy/DIR-GNN/train/upfd_GCN.py[line:270] - INFO: Epoch [ 53/100]Train_ACC:1.000 Test_ACC:0.839  Val_ACC:0.810  Train_Pre:1.000 Test_Pre:0.933  Val_Pre:0.949  Train_Recall:1.000 Test_Recall:0.778  Val_Recall:0.664  Train_F1:1.000 Test_F1:0.848  Val_F1:0.781  
2024-11-28 18:49:49,051 - /home/mayi/data/zzy/DIR-GNN/train/upfd_GCN.py[line:270] - INFO: Epoch [ 54/100]Train_ACC:1.000 Test_ACC:0.839  Val_ACC:0.819  Train_Pre:1.000 Test_Pre:0.933  Val_Pre:0.940  Train_Recall:1.000 Test_Recall:0.778  Val_Recall:0.690  Train_F1:1.000 Test_F1:0.848  Val_F1:0.796  
2024-11-28 18:49:49,129 - /home/mayi/data/zzy/DIR-GNN/train/upfd_GCN.py[line:270] - INFO: Epoch [ 55/100]Train_ACC:1.000 Test_ACC:0.871  Val_ACC:0.828  Train_Pre:1.000 Test_Pre:0.938  Val_Pre:0.912  Train_Recall:1.000 Test_Recall:0.833  Val_Recall:0.735  Train_F1:1.000 Test_F1:0.882  Val_F1:0.814  
2024-11-28 18:49:49,208 - /home/mayi/data/zzy/DIR-GNN/train/upfd_GCN.py[line:270] - INFO: Epoch [ 56/100]Train_ACC:1.000 Test_ACC:0.871  Val_ACC:0.842  Train_Pre:1.000 Test_Pre:0.938  Val_Pre:0.906  Train_Recall:1.000 Test_Recall:0.833  Val_Recall:0.770  Train_F1:1.000 Test_F1:0.882  Val_F1:0.833  
2024-11-28 18:49:49,287 - /home/mayi/data/zzy/DIR-GNN/train/upfd_GCN.py[line:270] - INFO: Epoch [ 57/100]Train_ACC:1.000 Test_ACC:0.871  Val_ACC:0.842  Train_Pre:1.000 Test_Pre:0.938  Val_Pre:0.906  Train_Recall:1.000 Test_Recall:0.833  Val_Recall:0.770  Train_F1:1.000 Test_F1:0.882  Val_F1:0.833  
2024-11-28 18:49:49,365 - /home/mayi/data/zzy/DIR-GNN/train/upfd_GCN.py[line:270] - INFO: Epoch [ 58/100]Train_ACC:1.000 Test_ACC:0.871  Val_ACC:0.833  Train_Pre:1.000 Test_Pre:0.938  Val_Pre:0.904  Train_Recall:1.000 Test_Recall:0.833  Val_Recall:0.752  Train_F1:1.000 Test_F1:0.882  Val_F1:0.821  
2024-11-28 18:49:49,444 - /home/mayi/data/zzy/DIR-GNN/train/upfd_GCN.py[line:270] - INFO: Epoch [ 59/100]Train_ACC:1.000 Test_ACC:0.871  Val_ACC:0.814  Train_Pre:1.000 Test_Pre:0.938  Val_Pre:0.909  Train_Recall:1.000 Test_Recall:0.833  Val_Recall:0.708  Train_F1:1.000 Test_F1:0.882  Val_F1:0.796  
2024-11-28 18:49:49,523 - /home/mayi/data/zzy/DIR-GNN/train/upfd_GCN.py[line:270] - INFO: Epoch [ 60/100]Train_ACC:1.000 Test_ACC:0.839  Val_ACC:0.810  Train_Pre:1.000 Test_Pre:0.933  Val_Pre:0.938  Train_Recall:1.000 Test_Recall:0.778  Val_Recall:0.673  Train_F1:1.000 Test_F1:0.848  Val_F1:0.784  
2024-11-28 18:49:49,601 - /home/mayi/data/zzy/DIR-GNN/train/upfd_GCN.py[line:270] - INFO: Epoch [ 61/100]Train_ACC:1.000 Test_ACC:0.839  Val_ACC:0.810  Train_Pre:1.000 Test_Pre:0.933  Val_Pre:0.949  Train_Recall:1.000 Test_Recall:0.778  Val_Recall:0.664  Train_F1:1.000 Test_F1:0.848  Val_F1:0.781  
2024-11-28 18:49:49,680 - /home/mayi/data/zzy/DIR-GNN/train/upfd_GCN.py[line:270] - INFO: Epoch [ 62/100]Train_ACC:1.000 Test_ACC:0.839  Val_ACC:0.810  Train_Pre:1.000 Test_Pre:0.933  Val_Pre:0.938  Train_Recall:1.000 Test_Recall:0.778  Val_Recall:0.673  Train_F1:1.000 Test_F1:0.848  Val_F1:0.784  
2024-11-28 18:49:49,759 - /home/mayi/data/zzy/DIR-GNN/train/upfd_GCN.py[line:270] - INFO: Epoch [ 63/100]Train_ACC:1.000 Test_ACC:0.871  Val_ACC:0.805  Train_Pre:1.000 Test_Pre:0.938  Val_Pre:0.917  Train_Recall:1.000 Test_Recall:0.833  Val_Recall:0.681  Train_F1:1.000 Test_F1:0.882  Val_F1:0.782  
2024-11-28 18:49:49,837 - /home/mayi/data/zzy/DIR-GNN/train/upfd_GCN.py[line:270] - INFO: Epoch [ 64/100]Train_ACC:1.000 Test_ACC:0.871  Val_ACC:0.805  Train_Pre:1.000 Test_Pre:0.938  Val_Pre:0.898  Train_Recall:1.000 Test_Recall:0.833  Val_Recall:0.699  Train_F1:1.000 Test_F1:0.882  Val_F1:0.786  
2024-11-28 18:49:49,916 - /home/mayi/data/zzy/DIR-GNN/train/upfd_GCN.py[line:270] - INFO: Epoch [ 65/100]Train_ACC:1.000 Test_ACC:0.871  Val_ACC:0.819  Train_Pre:1.000 Test_Pre:0.938  Val_Pre:0.901  Train_Recall:1.000 Test_Recall:0.833  Val_Recall:0.726  Train_F1:1.000 Test_F1:0.882  Val_F1:0.804  
2024-11-28 18:49:49,996 - /home/mayi/data/zzy/DIR-GNN/train/upfd_GCN.py[line:270] - INFO: Epoch [ 66/100]Train_ACC:1.000 Test_ACC:0.871  Val_ACC:0.824  Train_Pre:1.000 Test_Pre:0.938  Val_Pre:0.902  Train_Recall:1.000 Test_Recall:0.833  Val_Recall:0.735  Train_F1:1.000 Test_F1:0.882  Val_F1:0.810  
2024-11-28 18:49:50,075 - /home/mayi/data/zzy/DIR-GNN/train/upfd_GCN.py[line:270] - INFO: Epoch [ 67/100]Train_ACC:1.000 Test_ACC:0.871  Val_ACC:0.824  Train_Pre:1.000 Test_Pre:0.938  Val_Pre:0.902  Train_Recall:1.000 Test_Recall:0.833  Val_Recall:0.735  Train_F1:1.000 Test_F1:0.882  Val_F1:0.810  
2024-11-28 18:49:50,155 - /home/mayi/data/zzy/DIR-GNN/train/upfd_GCN.py[line:270] - INFO: Epoch [ 68/100]Train_ACC:1.000 Test_ACC:0.871  Val_ACC:0.810  Train_Pre:1.000 Test_Pre:0.938  Val_Pre:0.899  Train_Recall:1.000 Test_Recall:0.833  Val_Recall:0.708  Train_F1:1.000 Test_F1:0.882  Val_F1:0.792  
2024-11-28 18:49:50,234 - /home/mayi/data/zzy/DIR-GNN/train/upfd_GCN.py[line:270] - INFO: Epoch [ 69/100]Train_ACC:1.000 Test_ACC:0.871  Val_ACC:0.810  Train_Pre:1.000 Test_Pre:0.938  Val_Pre:0.918  Train_Recall:1.000 Test_Recall:0.833  Val_Recall:0.690  Train_F1:1.000 Test_F1:0.882  Val_F1:0.788  
2024-11-28 18:49:50,313 - /home/mayi/data/zzy/DIR-GNN/train/upfd_GCN.py[line:270] - INFO: Epoch [ 70/100]Train_ACC:1.000 Test_ACC:0.871  Val_ACC:0.805  Train_Pre:1.000 Test_Pre:0.938  Val_Pre:0.917  Train_Recall:1.000 Test_Recall:0.833  Val_Recall:0.681  Train_F1:1.000 Test_F1:0.882  Val_F1:0.782  
2024-11-28 18:49:50,391 - /home/mayi/data/zzy/DIR-GNN/train/upfd_GCN.py[line:270] - INFO: Epoch [ 71/100]Train_ACC:1.000 Test_ACC:0.839  Val_ACC:0.801  Train_Pre:1.000 Test_Pre:0.933  Val_Pre:0.926  Train_Recall:1.000 Test_Recall:0.778  Val_Recall:0.664  Train_F1:1.000 Test_F1:0.848  Val_F1:0.773  
2024-11-28 18:49:50,470 - /home/mayi/data/zzy/DIR-GNN/train/upfd_GCN.py[line:270] - INFO: Epoch [ 72/100]Train_ACC:1.000 Test_ACC:0.839  Val_ACC:0.792  Train_Pre:1.000 Test_Pre:0.933  Val_Pre:0.914  Train_Recall:1.000 Test_Recall:0.778  Val_Recall:0.655  Train_F1:1.000 Test_F1:0.848  Val_F1:0.763  
2024-11-28 18:49:50,549 - /home/mayi/data/zzy/DIR-GNN/train/upfd_GCN.py[line:270] - INFO: Epoch [ 73/100]Train_ACC:1.000 Test_ACC:0.839  Val_ACC:0.796  Train_Pre:1.000 Test_Pre:0.933  Val_Pre:0.915  Train_Recall:1.000 Test_Recall:0.778  Val_Recall:0.664  Train_F1:1.000 Test_F1:0.848  Val_F1:0.769  
2024-11-28 18:49:50,628 - /home/mayi/data/zzy/DIR-GNN/train/upfd_GCN.py[line:270] - INFO: Epoch [ 74/100]Train_ACC:1.000 Test_ACC:0.871  Val_ACC:0.801  Train_Pre:1.000 Test_Pre:0.938  Val_Pre:0.916  Train_Recall:1.000 Test_Recall:0.833  Val_Recall:0.673  Train_F1:1.000 Test_F1:0.882  Val_F1:0.776  
2024-11-28 18:49:50,707 - /home/mayi/data/zzy/DIR-GNN/train/upfd_GCN.py[line:270] - INFO: Epoch [ 75/100]Train_ACC:1.000 Test_ACC:0.871  Val_ACC:0.810  Train_Pre:1.000 Test_Pre:0.938  Val_Pre:0.918  Train_Recall:1.000 Test_Recall:0.833  Val_Recall:0.690  Train_F1:1.000 Test_F1:0.882  Val_F1:0.788  
2024-11-28 18:49:50,786 - /home/mayi/data/zzy/DIR-GNN/train/upfd_GCN.py[line:270] - INFO: Epoch [ 76/100]Train_ACC:1.000 Test_ACC:0.903  Val_ACC:0.824  Train_Pre:1.000 Test_Pre:0.941  Val_Pre:0.920  Train_Recall:1.000 Test_Recall:0.889  Val_Recall:0.717  Train_F1:1.000 Test_F1:0.914  Val_F1:0.806  
2024-11-28 18:49:50,866 - /home/mayi/data/zzy/DIR-GNN/train/upfd_GCN.py[line:270] - INFO: Epoch [ 77/100]Train_ACC:1.000 Test_ACC:0.903  Val_ACC:0.824  Train_Pre:1.000 Test_Pre:0.941  Val_Pre:0.911  Train_Recall:1.000 Test_Recall:0.889  Val_Recall:0.726  Train_F1:1.000 Test_F1:0.914  Val_F1:0.808  
2024-11-28 18:49:50,945 - /home/mayi/data/zzy/DIR-GNN/train/upfd_GCN.py[line:270] - INFO: Epoch [ 78/100]Train_ACC:1.000 Test_ACC:0.903  Val_ACC:0.828  Train_Pre:1.000 Test_Pre:0.941  Val_Pre:0.912  Train_Recall:1.000 Test_Recall:0.889  Val_Recall:0.735  Train_F1:1.000 Test_F1:0.914  Val_F1:0.814  
2024-11-28 18:49:51,023 - /home/mayi/data/zzy/DIR-GNN/train/upfd_GCN.py[line:270] - INFO: Epoch [ 79/100]Train_ACC:1.000 Test_ACC:0.903  Val_ACC:0.828  Train_Pre:1.000 Test_Pre:0.941  Val_Pre:0.912  Train_Recall:1.000 Test_Recall:0.889  Val_Recall:0.735  Train_F1:1.000 Test_F1:0.914  Val_F1:0.814  
2024-11-28 18:49:51,102 - /home/mayi/data/zzy/DIR-GNN/train/upfd_GCN.py[line:270] - INFO: Epoch [ 80/100]Train_ACC:1.000 Test_ACC:0.903  Val_ACC:0.828  Train_Pre:1.000 Test_Pre:0.941  Val_Pre:0.912  Train_Recall:1.000 Test_Recall:0.889  Val_Recall:0.735  Train_F1:1.000 Test_F1:0.914  Val_F1:0.814  
2024-11-28 18:49:51,245 - /home/mayi/data/zzy/DIR-GNN/train/upfd_GCN.py[line:270] - INFO: Epoch [ 81/100]Train_ACC:1.000 Test_ACC:0.903  Val_ACC:0.833  Train_Pre:1.000 Test_Pre:0.941  Val_Pre:0.922  Train_Recall:1.000 Test_Recall:0.889  Val_Recall:0.735  Train_F1:1.000 Test_F1:0.914  Val_F1:0.818  
2024-11-28 18:49:51,324 - /home/mayi/data/zzy/DIR-GNN/train/upfd_GCN.py[line:270] - INFO: Epoch [ 82/100]Train_ACC:1.000 Test_ACC:0.903  Val_ACC:0.833  Train_Pre:1.000 Test_Pre:0.941  Val_Pre:0.922  Train_Recall:1.000 Test_Recall:0.889  Val_Recall:0.735  Train_F1:1.000 Test_F1:0.914  Val_F1:0.818  
2024-11-28 18:49:51,402 - /home/mayi/data/zzy/DIR-GNN/train/upfd_GCN.py[line:270] - INFO: Epoch [ 83/100]Train_ACC:1.000 Test_ACC:0.903  Val_ACC:0.828  Train_Pre:1.000 Test_Pre:0.941  Val_Pre:0.921  Train_Recall:1.000 Test_Recall:0.889  Val_Recall:0.726  Train_F1:1.000 Test_F1:0.914  Val_F1:0.812  
2024-11-28 18:49:51,481 - /home/mayi/data/zzy/DIR-GNN/train/upfd_GCN.py[line:270] - INFO: Epoch [ 84/100]Train_ACC:1.000 Test_ACC:0.871  Val_ACC:0.824  Train_Pre:1.000 Test_Pre:0.938  Val_Pre:0.920  Train_Recall:1.000 Test_Recall:0.833  Val_Recall:0.717  Train_F1:1.000 Test_F1:0.882  Val_F1:0.806  
2024-11-28 18:49:51,560 - /home/mayi/data/zzy/DIR-GNN/train/upfd_GCN.py[line:270] - INFO: Epoch [ 85/100]Train_ACC:1.000 Test_ACC:0.871  Val_ACC:0.819  Train_Pre:1.000 Test_Pre:0.938  Val_Pre:0.920  Train_Recall:1.000 Test_Recall:0.833  Val_Recall:0.708  Train_F1:1.000 Test_F1:0.882  Val_F1:0.800  
2024-11-28 18:49:51,638 - /home/mayi/data/zzy/DIR-GNN/train/upfd_GCN.py[line:270] - INFO: Epoch [ 86/100]Train_ACC:1.000 Test_ACC:0.871  Val_ACC:0.819  Train_Pre:1.000 Test_Pre:0.938  Val_Pre:0.920  Train_Recall:1.000 Test_Recall:0.833  Val_Recall:0.708  Train_F1:1.000 Test_F1:0.882  Val_F1:0.800  
2024-11-28 18:49:51,717 - /home/mayi/data/zzy/DIR-GNN/train/upfd_GCN.py[line:270] - INFO: Epoch [ 87/100]Train_ACC:1.000 Test_ACC:0.871  Val_ACC:0.819  Train_Pre:1.000 Test_Pre:0.938  Val_Pre:0.920  Train_Recall:1.000 Test_Recall:0.833  Val_Recall:0.708  Train_F1:1.000 Test_F1:0.882  Val_F1:0.800  
2024-11-28 18:49:51,795 - /home/mayi/data/zzy/DIR-GNN/train/upfd_GCN.py[line:270] - INFO: Epoch [ 88/100]Train_ACC:1.000 Test_ACC:0.871  Val_ACC:0.824  Train_Pre:1.000 Test_Pre:0.938  Val_Pre:0.920  Train_Recall:1.000 Test_Recall:0.833  Val_Recall:0.717  Train_F1:1.000 Test_F1:0.882  Val_F1:0.806  
2024-11-28 18:49:51,873 - /home/mayi/data/zzy/DIR-GNN/train/upfd_GCN.py[line:270] - INFO: Epoch [ 89/100]Train_ACC:1.000 Test_ACC:0.871  Val_ACC:0.824  Train_Pre:1.000 Test_Pre:0.938  Val_Pre:0.920  Train_Recall:1.000 Test_Recall:0.833  Val_Recall:0.717  Train_F1:1.000 Test_F1:0.882  Val_F1:0.806  
2024-11-28 18:49:51,951 - /home/mayi/data/zzy/DIR-GNN/train/upfd_GCN.py[line:270] - INFO: Epoch [ 90/100]Train_ACC:1.000 Test_ACC:0.871  Val_ACC:0.824  Train_Pre:1.000 Test_Pre:0.938  Val_Pre:0.920  Train_Recall:1.000 Test_Recall:0.833  Val_Recall:0.717  Train_F1:1.000 Test_F1:0.882  Val_F1:0.806  
2024-11-28 18:49:52,030 - /home/mayi/data/zzy/DIR-GNN/train/upfd_GCN.py[line:270] - INFO: Epoch [ 91/100]Train_ACC:1.000 Test_ACC:0.871  Val_ACC:0.824  Train_Pre:1.000 Test_Pre:0.938  Val_Pre:0.920  Train_Recall:1.000 Test_Recall:0.833  Val_Recall:0.717  Train_F1:1.000 Test_F1:0.882  Val_F1:0.806  
2024-11-28 18:49:52,108 - /home/mayi/data/zzy/DIR-GNN/train/upfd_GCN.py[line:270] - INFO: Epoch [ 92/100]Train_ACC:1.000 Test_ACC:0.871  Val_ACC:0.824  Train_Pre:1.000 Test_Pre:0.938  Val_Pre:0.920  Train_Recall:1.000 Test_Recall:0.833  Val_Recall:0.717  Train_F1:1.000 Test_F1:0.882  Val_F1:0.806  
2024-11-28 18:49:52,186 - /home/mayi/data/zzy/DIR-GNN/train/upfd_GCN.py[line:270] - INFO: Epoch [ 93/100]Train_ACC:1.000 Test_ACC:0.903  Val_ACC:0.824  Train_Pre:1.000 Test_Pre:0.941  Val_Pre:0.920  Train_Recall:1.000 Test_Recall:0.889  Val_Recall:0.717  Train_F1:1.000 Test_F1:0.914  Val_F1:0.806  
2024-11-28 18:49:52,265 - /home/mayi/data/zzy/DIR-GNN/train/upfd_GCN.py[line:270] - INFO: Epoch [ 94/100]Train_ACC:1.000 Test_ACC:0.903  Val_ACC:0.824  Train_Pre:1.000 Test_Pre:0.941  Val_Pre:0.920  Train_Recall:1.000 Test_Recall:0.889  Val_Recall:0.717  Train_F1:1.000 Test_F1:0.914  Val_F1:0.806  
2024-11-28 18:49:52,343 - /home/mayi/data/zzy/DIR-GNN/train/upfd_GCN.py[line:270] - INFO: Epoch [ 95/100]Train_ACC:1.000 Test_ACC:0.903  Val_ACC:0.824  Train_Pre:1.000 Test_Pre:0.941  Val_Pre:0.920  Train_Recall:1.000 Test_Recall:0.889  Val_Recall:0.717  Train_F1:1.000 Test_F1:0.914  Val_F1:0.806  
2024-11-28 18:49:52,421 - /home/mayi/data/zzy/DIR-GNN/train/upfd_GCN.py[line:270] - INFO: Epoch [ 96/100]Train_ACC:1.000 Test_ACC:0.871  Val_ACC:0.824  Train_Pre:1.000 Test_Pre:0.938  Val_Pre:0.920  Train_Recall:1.000 Test_Recall:0.833  Val_Recall:0.717  Train_F1:1.000 Test_F1:0.882  Val_F1:0.806  
2024-11-28 18:49:52,500 - /home/mayi/data/zzy/DIR-GNN/train/upfd_GCN.py[line:270] - INFO: Epoch [ 97/100]Train_ACC:1.000 Test_ACC:0.871  Val_ACC:0.824  Train_Pre:1.000 Test_Pre:0.938  Val_Pre:0.920  Train_Recall:1.000 Test_Recall:0.833  Val_Recall:0.717  Train_F1:1.000 Test_F1:0.882  Val_F1:0.806  
2024-11-28 18:49:52,579 - /home/mayi/data/zzy/DIR-GNN/train/upfd_GCN.py[line:270] - INFO: Epoch [ 98/100]Train_ACC:1.000 Test_ACC:0.871  Val_ACC:0.824  Train_Pre:1.000 Test_Pre:0.938  Val_Pre:0.920  Train_Recall:1.000 Test_Recall:0.833  Val_Recall:0.717  Train_F1:1.000 Test_F1:0.882  Val_F1:0.806  
2024-11-28 18:49:52,658 - /home/mayi/data/zzy/DIR-GNN/train/upfd_GCN.py[line:270] - INFO: Epoch [ 99/100]Train_ACC:1.000 Test_ACC:0.871  Val_ACC:0.824  Train_Pre:1.000 Test_Pre:0.938  Val_Pre:0.920  Train_Recall:1.000 Test_Recall:0.833  Val_Recall:0.717  Train_F1:1.000 Test_F1:0.882  Val_F1:0.806  
2024-11-28 18:49:52,658 - /home/mayi/data/zzy/DIR-GNN/train/upfd_GCN.py[line:317] - INFO: ====================================================================================================
2024-11-28 18:49:52,658 - /home/mayi/data/zzy/DIR-GNN/train/upfd_GCN.py[line:172] - INFO: Seed: 10
2024-11-28 18:49:52,660 - /home/mayi/data/zzy/DIR-GNN/train/upfd_GCN.py[line:239] - INFO: # Train: 62  #Test: 221.0 #Val: 31
2024-11-28 18:49:52,738 - /home/mayi/data/zzy/DIR-GNN/train/upfd_GCN.py[line:270] - INFO: Epoch [  0/100]Train_ACC:0.419 Test_ACC:0.581  Val_ACC:0.511  Train_Pre:0.419 Test_Pre:0.581  Val_Pre:0.511  Train_Recall:1.000 Test_Recall:1.000  Val_Recall:1.000  Train_F1:0.591 Test_F1:0.735  Val_F1:0.677  
/home/mayi/anaconda3/envs/zzy_DIR/lib/python3.9/site-packages/sklearn/metrics/_classification.py:1517: UndefinedMetricWarning: Precision is ill-defined and being set to 0.0 due to no predicted samples. Use `zero_division` parameter to control this behavior.
  _warn_prf(average, modifier, f"{metric.capitalize()} is", len(result))
/home/mayi/anaconda3/envs/zzy_DIR/lib/python3.9/site-packages/sklearn/metrics/_classification.py:1517: UndefinedMetricWarning: Precision is ill-defined and being set to 0.0 due to no predicted samples. Use `zero_division` parameter to control this behavior.
  _warn_prf(average, modifier, f"{metric.capitalize()} is", len(result))
/home/mayi/anaconda3/envs/zzy_DIR/lib/python3.9/site-packages/sklearn/metrics/_classification.py:1517: UndefinedMetricWarning: Precision is ill-defined and being set to 0.0 due to no predicted samples. Use `zero_division` parameter to control this behavior.
  _warn_prf(average, modifier, f"{metric.capitalize()} is", len(result))
2024-11-28 18:49:52,817 - /home/mayi/data/zzy/DIR-GNN/train/upfd_GCN.py[line:270] - INFO: Epoch [  1/100]Train_ACC:0.581 Test_ACC:0.419  Val_ACC:0.489  Train_Pre:0.000 Test_Pre:0.000  Val_Pre:0.000  Train_Recall:0.000 Test_Recall:0.000  Val_Recall:0.000  Train_F1:0.000 Test_F1:0.000  Val_F1:0.000  
/home/mayi/anaconda3/envs/zzy_DIR/lib/python3.9/site-packages/sklearn/metrics/_classification.py:1517: UndefinedMetricWarning: Precision is ill-defined and being set to 0.0 due to no predicted samples. Use `zero_division` parameter to control this behavior.
  _warn_prf(average, modifier, f"{metric.capitalize()} is", len(result))
/home/mayi/anaconda3/envs/zzy_DIR/lib/python3.9/site-packages/sklearn/metrics/_classification.py:1517: UndefinedMetricWarning: Precision is ill-defined and being set to 0.0 due to no predicted samples. Use `zero_division` parameter to control this behavior.
  _warn_prf(average, modifier, f"{metric.capitalize()} is", len(result))
/home/mayi/anaconda3/envs/zzy_DIR/lib/python3.9/site-packages/sklearn/metrics/_classification.py:1517: UndefinedMetricWarning: Precision is ill-defined and being set to 0.0 due to no predicted samples. Use `zero_division` parameter to control this behavior.
  _warn_prf(average, modifier, f"{metric.capitalize()} is", len(result))
2024-11-28 18:49:52,895 - /home/mayi/data/zzy/DIR-GNN/train/upfd_GCN.py[line:270] - INFO: Epoch [  2/100]Train_ACC:0.581 Test_ACC:0.419  Val_ACC:0.489  Train_Pre:0.000 Test_Pre:0.000  Val_Pre:0.000  Train_Recall:0.000 Test_Recall:0.000  Val_Recall:0.000  Train_F1:0.000 Test_F1:0.000  Val_F1:0.000  
/home/mayi/anaconda3/envs/zzy_DIR/lib/python3.9/site-packages/sklearn/metrics/_classification.py:1517: UndefinedMetricWarning: Precision is ill-defined and being set to 0.0 due to no predicted samples. Use `zero_division` parameter to control this behavior.
  _warn_prf(average, modifier, f"{metric.capitalize()} is", len(result))
/home/mayi/anaconda3/envs/zzy_DIR/lib/python3.9/site-packages/sklearn/metrics/_classification.py:1517: UndefinedMetricWarning: Precision is ill-defined and being set to 0.0 due to no predicted samples. Use `zero_division` parameter to control this behavior.
  _warn_prf(average, modifier, f"{metric.capitalize()} is", len(result))
2024-11-28 18:49:52,974 - /home/mayi/data/zzy/DIR-GNN/train/upfd_GCN.py[line:270] - INFO: Epoch [  3/100]Train_ACC:0.581 Test_ACC:0.419  Val_ACC:0.484  Train_Pre:0.000 Test_Pre:0.000  Val_Pre:0.000  Train_Recall:0.000 Test_Recall:0.000  Val_Recall:0.000  Train_F1:0.000 Test_F1:0.000  Val_F1:0.000  
/home/mayi/anaconda3/envs/zzy_DIR/lib/python3.9/site-packages/sklearn/metrics/_classification.py:1517: UndefinedMetricWarning: Precision is ill-defined and being set to 0.0 due to no predicted samples. Use `zero_division` parameter to control this behavior.
  _warn_prf(average, modifier, f"{metric.capitalize()} is", len(result))
2024-11-28 18:49:53,054 - /home/mayi/data/zzy/DIR-GNN/train/upfd_GCN.py[line:270] - INFO: Epoch [  4/100]Train_ACC:0.581 Test_ACC:0.484  Val_ACC:0.489  Train_Pre:0.000 Test_Pre:1.000  Val_Pre:0.500  Train_Recall:0.000 Test_Recall:0.111  Val_Recall:0.080  Train_F1:0.000 Test_F1:0.200  Val_F1:0.137  
2024-11-28 18:49:53,133 - /home/mayi/data/zzy/DIR-GNN/train/upfd_GCN.py[line:270] - INFO: Epoch [  5/100]Train_ACC:0.500 Test_ACC:0.548  Val_ACC:0.579  Train_Pre:0.414 Test_Pre:0.611  Val_Pre:0.582  Train_Recall:0.462 Test_Recall:0.611  Val_Recall:0.628  Train_F1:0.436 Test_F1:0.611  Val_F1:0.604  
2024-11-28 18:49:53,211 - /home/mayi/data/zzy/DIR-GNN/train/upfd_GCN.py[line:270] - INFO: Epoch [  6/100]Train_ACC:0.484 Test_ACC:0.548  Val_ACC:0.570  Train_Pre:0.412 Test_Pre:0.600  Val_Pre:0.564  Train_Recall:0.538 Test_Recall:0.667  Val_Recall:0.699  Train_F1:0.467 Test_F1:0.632  Val_F1:0.625  
2024-11-28 18:49:53,289 - /home/mayi/data/zzy/DIR-GNN/train/upfd_GCN.py[line:270] - INFO: Epoch [  7/100]Train_ACC:0.516 Test_ACC:0.548  Val_ACC:0.575  Train_Pre:0.438 Test_Pre:0.600  Val_Pre:0.570  Train_Recall:0.538 Test_Recall:0.667  Val_Recall:0.681  Train_F1:0.483 Test_F1:0.632  Val_F1:0.621  
2024-11-28 18:49:53,369 - /home/mayi/data/zzy/DIR-GNN/train/upfd_GCN.py[line:270] - INFO: Epoch [  8/100]Train_ACC:0.645 Test_ACC:0.581  Val_ACC:0.597  Train_Pre:0.625 Test_Pre:0.667  Val_Pre:0.633  Train_Recall:0.385 Test_Recall:0.556  Val_Recall:0.504  Train_F1:0.476 Test_F1:0.606  Val_F1:0.562  
/home/mayi/anaconda3/envs/zzy_DIR/lib/python3.9/site-packages/sklearn/metrics/_classification.py:1517: UndefinedMetricWarning: Precision is ill-defined and being set to 0.0 due to no predicted samples. Use `zero_division` parameter to control this behavior.
  _warn_prf(average, modifier, f"{metric.capitalize()} is", len(result))
2024-11-28 18:49:53,448 - /home/mayi/data/zzy/DIR-GNN/train/upfd_GCN.py[line:270] - INFO: Epoch [  9/100]Train_ACC:0.581 Test_ACC:0.484  Val_ACC:0.484  Train_Pre:0.000 Test_Pre:1.000  Val_Pre:0.000  Train_Recall:0.000 Test_Recall:0.111  Val_Recall:0.000  Train_F1:0.000 Test_F1:0.200  Val_F1:0.000  
/home/mayi/anaconda3/envs/zzy_DIR/lib/python3.9/site-packages/sklearn/metrics/_classification.py:1517: UndefinedMetricWarning: Precision is ill-defined and being set to 0.0 due to no predicted samples. Use `zero_division` parameter to control this behavior.
  _warn_prf(average, modifier, f"{metric.capitalize()} is", len(result))
/home/mayi/anaconda3/envs/zzy_DIR/lib/python3.9/site-packages/sklearn/metrics/_classification.py:1517: UndefinedMetricWarning: Precision is ill-defined and being set to 0.0 due to no predicted samples. Use `zero_division` parameter to control this behavior.
  _warn_prf(average, modifier, f"{metric.capitalize()} is", len(result))
/home/mayi/anaconda3/envs/zzy_DIR/lib/python3.9/site-packages/sklearn/metrics/_classification.py:1517: UndefinedMetricWarning: Precision is ill-defined and being set to 0.0 due to no predicted samples. Use `zero_division` parameter to control this behavior.
  _warn_prf(average, modifier, f"{metric.capitalize()} is", len(result))
2024-11-28 18:49:53,527 - /home/mayi/data/zzy/DIR-GNN/train/upfd_GCN.py[line:270] - INFO: Epoch [ 10/100]Train_ACC:0.581 Test_ACC:0.419  Val_ACC:0.489  Train_Pre:0.000 Test_Pre:0.000  Val_Pre:0.000  Train_Recall:0.000 Test_Recall:0.000  Val_Recall:0.000  Train_F1:0.000 Test_F1:0.000  Val_F1:0.000  
/home/mayi/anaconda3/envs/zzy_DIR/lib/python3.9/site-packages/sklearn/metrics/_classification.py:1517: UndefinedMetricWarning: Precision is ill-defined and being set to 0.0 due to no predicted samples. Use `zero_division` parameter to control this behavior.
  _warn_prf(average, modifier, f"{metric.capitalize()} is", len(result))
/home/mayi/anaconda3/envs/zzy_DIR/lib/python3.9/site-packages/sklearn/metrics/_classification.py:1517: UndefinedMetricWarning: Precision is ill-defined and being set to 0.0 due to no predicted samples. Use `zero_division` parameter to control this behavior.
  _warn_prf(average, modifier, f"{metric.capitalize()} is", len(result))
/home/mayi/anaconda3/envs/zzy_DIR/lib/python3.9/site-packages/sklearn/metrics/_classification.py:1517: UndefinedMetricWarning: Precision is ill-defined and being set to 0.0 due to no predicted samples. Use `zero_division` parameter to control this behavior.
  _warn_prf(average, modifier, f"{metric.capitalize()} is", len(result))
2024-11-28 18:49:53,606 - /home/mayi/data/zzy/DIR-GNN/train/upfd_GCN.py[line:270] - INFO: Epoch [ 11/100]Train_ACC:0.581 Test_ACC:0.419  Val_ACC:0.489  Train_Pre:0.000 Test_Pre:0.000  Val_Pre:0.000  Train_Recall:0.000 Test_Recall:0.000  Val_Recall:0.000  Train_F1:0.000 Test_F1:0.000  Val_F1:0.000  
2024-11-28 18:49:53,685 - /home/mayi/data/zzy/DIR-GNN/train/upfd_GCN.py[line:270] - INFO: Epoch [ 12/100]Train_ACC:0.613 Test_ACC:0.452  Val_ACC:0.502  Train_Pre:1.000 Test_Pre:1.000  Val_Pre:1.000  Train_Recall:0.077 Test_Recall:0.056  Val_Recall:0.027  Train_F1:0.143 Test_F1:0.105  Val_F1:0.052  
2024-11-28 18:49:53,764 - /home/mayi/data/zzy/DIR-GNN/train/upfd_GCN.py[line:270] - INFO: Epoch [ 13/100]Train_ACC:0.645 Test_ACC:0.516  Val_ACC:0.606  Train_Pre:0.700 Test_Pre:0.636  Val_Pre:0.724  Train_Recall:0.269 Test_Recall:0.389  Val_Recall:0.372  Train_F1:0.389 Test_F1:0.483  Val_F1:0.491  
2024-11-28 18:49:53,843 - /home/mayi/data/zzy/DIR-GNN/train/upfd_GCN.py[line:270] - INFO: Epoch [ 14/100]Train_ACC:0.629 Test_ACC:0.452  Val_ACC:0.516  Train_Pre:1.000 Test_Pre:1.000  Val_Pre:1.000  Train_Recall:0.115 Test_Recall:0.056  Val_Recall:0.053  Train_F1:0.207 Test_F1:0.105  Val_F1:0.101  
2024-11-28 18:49:53,922 - /home/mayi/data/zzy/DIR-GNN/train/upfd_GCN.py[line:270] - INFO: Epoch [ 15/100]Train_ACC:0.613 Test_ACC:0.452  Val_ACC:0.516  Train_Pre:1.000 Test_Pre:1.000  Val_Pre:0.875  Train_Recall:0.077 Test_Recall:0.056  Val_Recall:0.062  Train_F1:0.143 Test_F1:0.105  Val_F1:0.116  
2024-11-28 18:49:54,002 - /home/mayi/data/zzy/DIR-GNN/train/upfd_GCN.py[line:270] - INFO: Epoch [ 16/100]Train_ACC:0.694 Test_ACC:0.548  Val_ACC:0.624  Train_Pre:0.769 Test_Pre:0.700  Val_Pre:0.721  Train_Recall:0.385 Test_Recall:0.389  Val_Recall:0.434  Train_F1:0.513 Test_F1:0.500  Val_F1:0.541  
2024-11-28 18:49:54,081 - /home/mayi/data/zzy/DIR-GNN/train/upfd_GCN.py[line:270] - INFO: Epoch [ 17/100]Train_ACC:0.726 Test_ACC:0.710  Val_ACC:0.692  Train_Pre:0.714 Test_Pre:0.800  Val_Pre:0.727  Train_Recall:0.577 Test_Recall:0.667  Val_Recall:0.637  Train_F1:0.638 Test_F1:0.727  Val_F1:0.679  
2024-11-28 18:49:54,159 - /home/mayi/data/zzy/DIR-GNN/train/upfd_GCN.py[line:270] - INFO: Epoch [ 18/100]Train_ACC:0.823 Test_ACC:0.613  Val_ACC:0.647  Train_Pre:0.857 Test_Pre:0.800  Val_Pre:0.787  Train_Recall:0.692 Test_Recall:0.444  Val_Recall:0.425  Train_F1:0.766 Test_F1:0.571  Val_F1:0.552  
2024-11-28 18:49:54,237 - /home/mayi/data/zzy/DIR-GNN/train/upfd_GCN.py[line:270] - INFO: Epoch [ 19/100]Train_ACC:0.758 Test_ACC:0.484  Val_ACC:0.557  Train_Pre:1.000 Test_Pre:1.000  Val_Pre:0.895  Train_Recall:0.423 Test_Recall:0.111  Val_Recall:0.150  Train_F1:0.595 Test_F1:0.200  Val_F1:0.258  
2024-11-28 18:49:54,315 - /home/mayi/data/zzy/DIR-GNN/train/upfd_GCN.py[line:270] - INFO: Epoch [ 20/100]Train_ACC:0.726 Test_ACC:0.484  Val_ACC:0.557  Train_Pre:1.000 Test_Pre:1.000  Val_Pre:0.895  Train_Recall:0.346 Test_Recall:0.111  Val_Recall:0.150  Train_F1:0.514 Test_F1:0.200  Val_F1:0.258  
2024-11-28 18:49:54,394 - /home/mayi/data/zzy/DIR-GNN/train/upfd_GCN.py[line:270] - INFO: Epoch [ 21/100]Train_ACC:0.839 Test_ACC:0.516  Val_ACC:0.602  Train_Pre:1.000 Test_Pre:0.800  Val_Pre:0.879  Train_Recall:0.615 Test_Recall:0.222  Val_Recall:0.257  Train_F1:0.762 Test_F1:0.348  Val_F1:0.397  
2024-11-28 18:49:54,473 - /home/mayi/data/zzy/DIR-GNN/train/upfd_GCN.py[line:270] - INFO: Epoch [ 22/100]Train_ACC:0.968 Test_ACC:0.710  Val_ACC:0.733  Train_Pre:1.000 Test_Pre:0.800  Val_Pre:0.875  Train_Recall:0.923 Test_Recall:0.667  Val_Recall:0.558  Train_F1:0.960 Test_F1:0.727  Val_F1:0.681  
2024-11-28 18:49:54,552 - /home/mayi/data/zzy/DIR-GNN/train/upfd_GCN.py[line:270] - INFO: Epoch [ 23/100]Train_ACC:0.935 Test_ACC:0.774  Val_ACC:0.710  Train_Pre:0.893 Test_Pre:0.789  Val_Pre:0.743  Train_Recall:0.962 Test_Recall:0.833  Val_Recall:0.664  Train_F1:0.926 Test_F1:0.811  Val_F1:0.701  
2024-11-28 18:49:54,632 - /home/mayi/data/zzy/DIR-GNN/train/upfd_GCN.py[line:270] - INFO: Epoch [ 24/100]Train_ACC:0.935 Test_ACC:0.710  Val_ACC:0.729  Train_Pre:0.958 Test_Pre:0.765  Val_Pre:0.812  Train_Recall:0.885 Test_Recall:0.722  Val_Recall:0.611  Train_F1:0.920 Test_F1:0.743  Val_F1:0.697  
2024-11-28 18:49:54,711 - /home/mayi/data/zzy/DIR-GNN/train/upfd_GCN.py[line:270] - INFO: Epoch [ 25/100]Train_ACC:0.806 Test_ACC:0.581  Val_ACC:0.697  Train_Pre:1.000 Test_Pre:0.857  Val_Pre:0.942  Train_Recall:0.538 Test_Recall:0.333  Val_Recall:0.434  Train_F1:0.700 Test_F1:0.480  Val_F1:0.594  
2024-11-28 18:49:54,790 - /home/mayi/data/zzy/DIR-GNN/train/upfd_GCN.py[line:270] - INFO: Epoch [ 26/100]Train_ACC:0.742 Test_ACC:0.452  Val_ACC:0.602  Train_Pre:1.000 Test_Pre:0.667  Val_Pre:0.931  Train_Recall:0.385 Test_Recall:0.111  Val_Recall:0.239  Train_F1:0.556 Test_F1:0.190  Val_F1:0.380  
2024-11-28 18:49:54,868 - /home/mayi/data/zzy/DIR-GNN/train/upfd_GCN.py[line:270] - INFO: Epoch [ 27/100]Train_ACC:0.694 Test_ACC:0.484  Val_ACC:0.602  Train_Pre:1.000 Test_Pre:1.000  Val_Pre:0.931  Train_Recall:0.269 Test_Recall:0.111  Val_Recall:0.239  Train_F1:0.424 Test_F1:0.200  Val_F1:0.380  
2024-11-28 18:49:54,945 - /home/mayi/data/zzy/DIR-GNN/train/upfd_GCN.py[line:270] - INFO: Epoch [ 28/100]Train_ACC:0.742 Test_ACC:0.484  Val_ACC:0.665  Train_Pre:1.000 Test_Pre:0.750  Val_Pre:0.953  Train_Recall:0.385 Test_Recall:0.167  Val_Recall:0.363  Train_F1:0.556 Test_F1:0.273  Val_F1:0.526  
2024-11-28 18:49:55,023 - /home/mayi/data/zzy/DIR-GNN/train/upfd_GCN.py[line:270] - INFO: Epoch [ 29/100]Train_ACC:0.806 Test_ACC:0.677  Val_ACC:0.697  Train_Pre:1.000 Test_Pre:0.900  Val_Pre:0.848  Train_Recall:0.538 Test_Recall:0.500  Val_Recall:0.496  Train_F1:0.700 Test_F1:0.643  Val_F1:0.626  
2024-11-28 18:49:55,101 - /home/mayi/data/zzy/DIR-GNN/train/upfd_GCN.py[line:270] - INFO: Epoch [ 30/100]Train_ACC:0.855 Test_ACC:0.677  Val_ACC:0.679  Train_Pre:0.947 Test_Pre:0.750  Val_Pre:0.769  Train_Recall:0.692 Test_Recall:0.667  Val_Recall:0.531  Train_F1:0.800 Test_F1:0.706  Val_F1:0.628  
2024-11-28 18:49:55,179 - /home/mayi/data/zzy/DIR-GNN/train/upfd_GCN.py[line:270] - INFO: Epoch [ 31/100]Train_ACC:0.855 Test_ACC:0.677  Val_ACC:0.688  Train_Pre:0.947 Test_Pre:0.750  Val_Pre:0.782  Train_Recall:0.692 Test_Recall:0.667  Val_Recall:0.540  Train_F1:0.800 Test_F1:0.706  Val_F1:0.639  
2024-11-28 18:49:55,257 - /home/mayi/data/zzy/DIR-GNN/train/upfd_GCN.py[line:270] - INFO: Epoch [ 32/100]Train_ACC:0.806 Test_ACC:0.613  Val_ACC:0.715  Train_Pre:0.938 Test_Pre:0.875  Val_Pre:0.891  Train_Recall:0.577 Test_Recall:0.389  Val_Recall:0.504  Train_F1:0.714 Test_F1:0.538  Val_F1:0.644  
2024-11-28 18:49:55,334 - /home/mayi/data/zzy/DIR-GNN/train/upfd_GCN.py[line:270] - INFO: Epoch [ 33/100]Train_ACC:0.806 Test_ACC:0.581  Val_ACC:0.706  Train_Pre:1.000 Test_Pre:0.857  Val_Pre:0.929  Train_Recall:0.538 Test_Recall:0.333  Val_Recall:0.460  Train_F1:0.700 Test_F1:0.480  Val_F1:0.615  
2024-11-28 18:49:55,412 - /home/mayi/data/zzy/DIR-GNN/train/upfd_GCN.py[line:270] - INFO: Epoch [ 34/100]Train_ACC:0.823 Test_ACC:0.581  Val_ACC:0.706  Train_Pre:1.000 Test_Pre:0.857  Val_Pre:0.929  Train_Recall:0.577 Test_Recall:0.333  Val_Recall:0.460  Train_F1:0.732 Test_F1:0.480  Val_F1:0.615  
2024-11-28 18:49:55,490 - /home/mayi/data/zzy/DIR-GNN/train/upfd_GCN.py[line:270] - INFO: Epoch [ 35/100]Train_ACC:0.871 Test_ACC:0.677  Val_ACC:0.719  Train_Pre:0.950 Test_Pre:0.900  Val_Pre:0.932  Train_Recall:0.731 Test_Recall:0.500  Val_Recall:0.487  Train_F1:0.826 Test_F1:0.643  Val_F1:0.640  
2024-11-28 18:49:55,568 - /home/mayi/data/zzy/DIR-GNN/train/upfd_GCN.py[line:270] - INFO: Epoch [ 36/100]Train_ACC:0.871 Test_ACC:0.677  Val_ACC:0.715  Train_Pre:0.950 Test_Pre:0.750  Val_Pre:0.847  Train_Recall:0.731 Test_Recall:0.667  Val_Recall:0.540  Train_F1:0.826 Test_F1:0.706  Val_F1:0.659  
2024-11-28 18:49:55,646 - /home/mayi/data/zzy/DIR-GNN/train/upfd_GCN.py[line:270] - INFO: Epoch [ 37/100]Train_ACC:0.871 Test_ACC:0.710  Val_ACC:0.733  Train_Pre:0.950 Test_Pre:0.765  Val_Pre:0.838  Train_Recall:0.731 Test_Recall:0.722  Val_Recall:0.593  Train_F1:0.826 Test_F1:0.743  Val_F1:0.694  
2024-11-28 18:49:55,725 - /home/mayi/data/zzy/DIR-GNN/train/upfd_GCN.py[line:270] - INFO: Epoch [ 38/100]Train_ACC:0.871 Test_ACC:0.710  Val_ACC:0.733  Train_Pre:0.950 Test_Pre:0.765  Val_Pre:0.838  Train_Recall:0.731 Test_Recall:0.722  Val_Recall:0.593  Train_F1:0.826 Test_F1:0.743  Val_F1:0.694  
2024-11-28 18:49:55,803 - /home/mayi/data/zzy/DIR-GNN/train/upfd_GCN.py[line:270] - INFO: Epoch [ 39/100]Train_ACC:0.871 Test_ACC:0.677  Val_ACC:0.724  Train_Pre:0.950 Test_Pre:0.750  Val_Pre:0.851  Train_Recall:0.731 Test_Recall:0.667  Val_Recall:0.558  Train_F1:0.826 Test_F1:0.706  Val_F1:0.674  
2024-11-28 18:49:55,881 - /home/mayi/data/zzy/DIR-GNN/train/upfd_GCN.py[line:270] - INFO: Epoch [ 40/100]Train_ACC:0.887 Test_ACC:0.742  Val_ACC:0.724  Train_Pre:1.000 Test_Pre:0.917  Val_Pre:0.894  Train_Recall:0.731 Test_Recall:0.611  Val_Recall:0.522  Train_F1:0.844 Test_F1:0.733  Val_F1:0.659  
2024-11-28 18:49:55,960 - /home/mayi/data/zzy/DIR-GNN/train/upfd_GCN.py[line:270] - INFO: Epoch [ 41/100]Train_ACC:0.887 Test_ACC:0.742  Val_ACC:0.733  Train_Pre:1.000 Test_Pre:0.917  Val_Pre:0.922  Train_Recall:0.731 Test_Recall:0.611  Val_Recall:0.522  Train_F1:0.844 Test_F1:0.733  Val_F1:0.667  
2024-11-28 18:49:56,040 - /home/mayi/data/zzy/DIR-GNN/train/upfd_GCN.py[line:270] - INFO: Epoch [ 42/100]Train_ACC:0.887 Test_ACC:0.742  Val_ACC:0.724  Train_Pre:1.000 Test_Pre:0.917  Val_Pre:0.894  Train_Recall:0.731 Test_Recall:0.611  Val_Recall:0.522  Train_F1:0.844 Test_F1:0.733  Val_F1:0.659  
2024-11-28 18:49:56,118 - /home/mayi/data/zzy/DIR-GNN/train/upfd_GCN.py[line:270] - INFO: Epoch [ 43/100]Train_ACC:0.887 Test_ACC:0.742  Val_ACC:0.733  Train_Pre:1.000 Test_Pre:0.857  Val_Pre:0.886  Train_Recall:0.731 Test_Recall:0.667  Val_Recall:0.549  Train_F1:0.844 Test_F1:0.750  Val_F1:0.678  
2024-11-28 18:49:56,195 - /home/mayi/data/zzy/DIR-GNN/train/upfd_GCN.py[line:270] - INFO: Epoch [ 44/100]Train_ACC:0.903 Test_ACC:0.710  Val_ACC:0.733  Train_Pre:1.000 Test_Pre:0.800  Val_Pre:0.855  Train_Recall:0.769 Test_Recall:0.667  Val_Recall:0.575  Train_F1:0.870 Test_F1:0.727  Val_F1:0.688  
2024-11-28 18:49:56,273 - /home/mayi/data/zzy/DIR-GNN/train/upfd_GCN.py[line:270] - INFO: Epoch [ 45/100]Train_ACC:0.903 Test_ACC:0.742  Val_ACC:0.751  Train_Pre:1.000 Test_Pre:0.812  Val_Pre:0.863  Train_Recall:0.769 Test_Recall:0.722  Val_Recall:0.611  Train_F1:0.870 Test_F1:0.765  Val_F1:0.715  
2024-11-28 18:49:56,350 - /home/mayi/data/zzy/DIR-GNN/train/upfd_GCN.py[line:270] - INFO: Epoch [ 46/100]Train_ACC:0.919 Test_ACC:0.710  Val_ACC:0.751  Train_Pre:1.000 Test_Pre:0.800  Val_Pre:0.863  Train_Recall:0.808 Test_Recall:0.667  Val_Recall:0.611  Train_F1:0.894 Test_F1:0.727  Val_F1:0.715  
2024-11-28 18:49:56,428 - /home/mayi/data/zzy/DIR-GNN/train/upfd_GCN.py[line:270] - INFO: Epoch [ 47/100]Train_ACC:0.919 Test_ACC:0.742  Val_ACC:0.733  Train_Pre:1.000 Test_Pre:0.857  Val_Pre:0.865  Train_Recall:0.808 Test_Recall:0.667  Val_Recall:0.566  Train_F1:0.894 Test_F1:0.750  Val_F1:0.684  
2024-11-28 18:49:56,505 - /home/mayi/data/zzy/DIR-GNN/train/upfd_GCN.py[line:270] - INFO: Epoch [ 48/100]Train_ACC:0.903 Test_ACC:0.742  Val_ACC:0.733  Train_Pre:1.000 Test_Pre:0.857  Val_Pre:0.875  Train_Recall:0.769 Test_Recall:0.667  Val_Recall:0.558  Train_F1:0.870 Test_F1:0.750  Val_F1:0.681  
2024-11-28 18:49:56,582 - /home/mayi/data/zzy/DIR-GNN/train/upfd_GCN.py[line:270] - INFO: Epoch [ 49/100]Train_ACC:0.903 Test_ACC:0.774  Val_ACC:0.738  Train_Pre:1.000 Test_Pre:0.923  Val_Pre:0.887  Train_Recall:0.769 Test_Recall:0.667  Val_Recall:0.558  Train_F1:0.870 Test_F1:0.774  Val_F1:0.685  
2024-11-28 18:49:56,661 - /home/mayi/data/zzy/DIR-GNN/train/upfd_GCN.py[line:270] - INFO: Epoch [ 50/100]Train_ACC:0.935 Test_ACC:0.774  Val_ACC:0.738  Train_Pre:1.000 Test_Pre:0.923  Val_Pre:0.887  Train_Recall:0.846 Test_Recall:0.667  Val_Recall:0.558  Train_F1:0.917 Test_F1:0.774  Val_F1:0.685  
2024-11-28 18:49:56,740 - /home/mayi/data/zzy/DIR-GNN/train/upfd_GCN.py[line:270] - INFO: Epoch [ 51/100]Train_ACC:0.968 Test_ACC:0.742  Val_ACC:0.738  Train_Pre:1.000 Test_Pre:0.857  Val_Pre:0.867  Train_Recall:0.923 Test_Recall:0.667  Val_Recall:0.575  Train_F1:0.960 Test_F1:0.750  Val_F1:0.691  
2024-11-28 18:49:56,824 - /home/mayi/data/zzy/DIR-GNN/train/upfd_GCN.py[line:270] - INFO: Epoch [ 52/100]Train_ACC:0.968 Test_ACC:0.774  Val_ACC:0.769  Train_Pre:1.000 Test_Pre:0.867  Val_Pre:0.878  Train_Recall:0.923 Test_Recall:0.722  Val_Recall:0.637  Train_F1:0.960 Test_F1:0.788  Val_F1:0.738  
2024-11-28 18:49:56,902 - /home/mayi/data/zzy/DIR-GNN/train/upfd_GCN.py[line:270] - INFO: Epoch [ 53/100]Train_ACC:1.000 Test_ACC:0.774  Val_ACC:0.792  Train_Pre:1.000 Test_Pre:0.867  Val_Pre:0.885  Train_Recall:1.000 Test_Recall:0.722  Val_Recall:0.681  Train_F1:1.000 Test_F1:0.788  Val_F1:0.770  
2024-11-28 18:49:56,980 - /home/mayi/data/zzy/DIR-GNN/train/upfd_GCN.py[line:270] - INFO: Epoch [ 54/100]Train_ACC:0.984 Test_ACC:0.774  Val_ACC:0.783  Train_Pre:0.963 Test_Pre:0.867  Val_Pre:0.865  Train_Recall:1.000 Test_Recall:0.722  Val_Recall:0.681  Train_F1:0.981 Test_F1:0.788  Val_F1:0.762  
2024-11-28 18:49:57,058 - /home/mayi/data/zzy/DIR-GNN/train/upfd_GCN.py[line:270] - INFO: Epoch [ 55/100]Train_ACC:0.984 Test_ACC:0.774  Val_ACC:0.783  Train_Pre:0.963 Test_Pre:0.867  Val_Pre:0.874  Train_Recall:1.000 Test_Recall:0.722  Val_Recall:0.673  Train_F1:0.981 Test_F1:0.788  Val_F1:0.760  
2024-11-28 18:49:57,136 - /home/mayi/data/zzy/DIR-GNN/train/upfd_GCN.py[line:270] - INFO: Epoch [ 56/100]Train_ACC:0.984 Test_ACC:0.806  Val_ACC:0.792  Train_Pre:0.963 Test_Pre:0.929  Val_Pre:0.904  Train_Recall:1.000 Test_Recall:0.722  Val_Recall:0.664  Train_F1:0.981 Test_F1:0.812  Val_F1:0.765  
2024-11-28 18:49:57,214 - /home/mayi/data/zzy/DIR-GNN/train/upfd_GCN.py[line:270] - INFO: Epoch [ 57/100]Train_ACC:0.984 Test_ACC:0.806  Val_ACC:0.796  Train_Pre:0.963 Test_Pre:0.929  Val_Pre:0.905  Train_Recall:1.000 Test_Recall:0.722  Val_Recall:0.673  Train_F1:0.981 Test_F1:0.812  Val_F1:0.772  
2024-11-28 18:49:57,293 - /home/mayi/data/zzy/DIR-GNN/train/upfd_GCN.py[line:270] - INFO: Epoch [ 58/100]Train_ACC:0.984 Test_ACC:0.806  Val_ACC:0.787  Train_Pre:0.963 Test_Pre:0.929  Val_Pre:0.893  Train_Recall:1.000 Test_Recall:0.722  Val_Recall:0.664  Train_F1:0.981 Test_F1:0.812  Val_F1:0.761  
2024-11-28 18:49:57,372 - /home/mayi/data/zzy/DIR-GNN/train/upfd_GCN.py[line:270] - INFO: Epoch [ 59/100]Train_ACC:0.984 Test_ACC:0.806  Val_ACC:0.787  Train_Pre:0.963 Test_Pre:0.929  Val_Pre:0.867  Train_Recall:1.000 Test_Recall:0.722  Val_Recall:0.690  Train_F1:0.981 Test_F1:0.812  Val_F1:0.768  
2024-11-28 18:49:57,450 - /home/mayi/data/zzy/DIR-GNN/train/upfd_GCN.py[line:270] - INFO: Epoch [ 60/100]Train_ACC:0.984 Test_ACC:0.806  Val_ACC:0.792  Train_Pre:0.963 Test_Pre:0.929  Val_Pre:0.876  Train_Recall:1.000 Test_Recall:0.722  Val_Recall:0.690  Train_F1:0.981 Test_F1:0.812  Val_F1:0.772  
2024-11-28 18:49:57,528 - /home/mayi/data/zzy/DIR-GNN/train/upfd_GCN.py[line:270] - INFO: Epoch [ 61/100]Train_ACC:0.984 Test_ACC:0.806  Val_ACC:0.801  Train_Pre:0.963 Test_Pre:0.929  Val_Pre:0.888  Train_Recall:1.000 Test_Recall:0.722  Val_Recall:0.699  Train_F1:0.981 Test_F1:0.812  Val_F1:0.782  
2024-11-28 18:49:57,607 - /home/mayi/data/zzy/DIR-GNN/train/upfd_GCN.py[line:270] - INFO: Epoch [ 62/100]Train_ACC:0.984 Test_ACC:0.806  Val_ACC:0.801  Train_Pre:0.963 Test_Pre:0.929  Val_Pre:0.888  Train_Recall:1.000 Test_Recall:0.722  Val_Recall:0.699  Train_F1:0.981 Test_F1:0.812  Val_F1:0.782  
2024-11-28 18:49:57,686 - /home/mayi/data/zzy/DIR-GNN/train/upfd_GCN.py[line:270] - INFO: Epoch [ 63/100]Train_ACC:0.984 Test_ACC:0.806  Val_ACC:0.796  Train_Pre:0.963 Test_Pre:0.929  Val_Pre:0.886  Train_Recall:1.000 Test_Recall:0.722  Val_Recall:0.690  Train_F1:0.981 Test_F1:0.812  Val_F1:0.776  
2024-11-28 18:49:57,765 - /home/mayi/data/zzy/DIR-GNN/train/upfd_GCN.py[line:270] - INFO: Epoch [ 64/100]Train_ACC:0.984 Test_ACC:0.806  Val_ACC:0.810  Train_Pre:0.963 Test_Pre:0.929  Val_Pre:0.890  Train_Recall:1.000 Test_Recall:0.722  Val_Recall:0.717  Train_F1:0.981 Test_F1:0.812  Val_F1:0.794  
2024-11-28 18:49:57,843 - /home/mayi/data/zzy/DIR-GNN/train/upfd_GCN.py[line:270] - INFO: Epoch [ 65/100]Train_ACC:0.984 Test_ACC:0.839  Val_ACC:0.814  Train_Pre:0.963 Test_Pre:0.933  Val_Pre:0.891  Train_Recall:1.000 Test_Recall:0.778  Val_Recall:0.726  Train_F1:0.981 Test_F1:0.848  Val_F1:0.800  
2024-11-28 18:49:57,928 - /home/mayi/data/zzy/DIR-GNN/train/upfd_GCN.py[line:270] - INFO: Epoch [ 66/100]Train_ACC:0.984 Test_ACC:0.806  Val_ACC:0.819  Train_Pre:0.963 Test_Pre:0.929  Val_Pre:0.892  Train_Recall:1.000 Test_Recall:0.722  Val_Recall:0.735  Train_F1:0.981 Test_F1:0.812  Val_F1:0.806  
2024-11-28 18:49:58,007 - /home/mayi/data/zzy/DIR-GNN/train/upfd_GCN.py[line:270] - INFO: Epoch [ 67/100]Train_ACC:0.984 Test_ACC:0.806  Val_ACC:0.805  Train_Pre:0.963 Test_Pre:0.929  Val_Pre:0.889  Train_Recall:1.000 Test_Recall:0.722  Val_Recall:0.708  Train_F1:0.981 Test_F1:0.812  Val_F1:0.788  
2024-11-28 18:49:58,085 - /home/mayi/data/zzy/DIR-GNN/train/upfd_GCN.py[line:270] - INFO: Epoch [ 68/100]Train_ACC:1.000 Test_ACC:0.806  Val_ACC:0.805  Train_Pre:1.000 Test_Pre:0.929  Val_Pre:0.889  Train_Recall:1.000 Test_Recall:0.722  Val_Recall:0.708  Train_F1:1.000 Test_F1:0.812  Val_F1:0.788  
2024-11-28 18:49:58,164 - /home/mayi/data/zzy/DIR-GNN/train/upfd_GCN.py[line:270] - INFO: Epoch [ 69/100]Train_ACC:1.000 Test_ACC:0.806  Val_ACC:0.810  Train_Pre:1.000 Test_Pre:0.929  Val_Pre:0.908  Train_Recall:1.000 Test_Recall:0.722  Val_Recall:0.699  Train_F1:1.000 Test_F1:0.812  Val_F1:0.790  
2024-11-28 18:49:58,243 - /home/mayi/data/zzy/DIR-GNN/train/upfd_GCN.py[line:270] - INFO: Epoch [ 70/100]Train_ACC:1.000 Test_ACC:0.806  Val_ACC:0.814  Train_Pre:1.000 Test_Pre:0.929  Val_Pre:0.919  Train_Recall:1.000 Test_Recall:0.722  Val_Recall:0.699  Train_F1:1.000 Test_F1:0.812  Val_F1:0.794  
2024-11-28 18:49:58,322 - /home/mayi/data/zzy/DIR-GNN/train/upfd_GCN.py[line:270] - INFO: Epoch [ 71/100]Train_ACC:1.000 Test_ACC:0.806  Val_ACC:0.814  Train_Pre:1.000 Test_Pre:0.929  Val_Pre:0.919  Train_Recall:1.000 Test_Recall:0.722  Val_Recall:0.699  Train_F1:1.000 Test_F1:0.812  Val_F1:0.794  
2024-11-28 18:49:58,402 - /home/mayi/data/zzy/DIR-GNN/train/upfd_GCN.py[line:270] - INFO: Epoch [ 72/100]Train_ACC:1.000 Test_ACC:0.806  Val_ACC:0.824  Train_Pre:1.000 Test_Pre:0.929  Val_Pre:0.920  Train_Recall:1.000 Test_Recall:0.722  Val_Recall:0.717  Train_F1:1.000 Test_F1:0.812  Val_F1:0.806  
2024-11-28 18:49:58,481 - /home/mayi/data/zzy/DIR-GNN/train/upfd_GCN.py[line:270] - INFO: Epoch [ 73/100]Train_ACC:1.000 Test_ACC:0.806  Val_ACC:0.828  Train_Pre:1.000 Test_Pre:0.929  Val_Pre:0.921  Train_Recall:1.000 Test_Recall:0.722  Val_Recall:0.726  Train_F1:1.000 Test_F1:0.812  Val_F1:0.812  
2024-11-28 18:49:58,560 - /home/mayi/data/zzy/DIR-GNN/train/upfd_GCN.py[line:270] - INFO: Epoch [ 74/100]Train_ACC:1.000 Test_ACC:0.806  Val_ACC:0.819  Train_Pre:1.000 Test_Pre:0.929  Val_Pre:0.910  Train_Recall:1.000 Test_Recall:0.722  Val_Recall:0.717  Train_F1:1.000 Test_F1:0.812  Val_F1:0.802  
2024-11-28 18:49:58,639 - /home/mayi/data/zzy/DIR-GNN/train/upfd_GCN.py[line:270] - INFO: Epoch [ 75/100]Train_ACC:1.000 Test_ACC:0.806  Val_ACC:0.819  Train_Pre:1.000 Test_Pre:0.929  Val_Pre:0.910  Train_Recall:1.000 Test_Recall:0.722  Val_Recall:0.717  Train_F1:1.000 Test_F1:0.812  Val_F1:0.802  
2024-11-28 18:49:58,717 - /home/mayi/data/zzy/DIR-GNN/train/upfd_GCN.py[line:270] - INFO: Epoch [ 76/100]Train_ACC:1.000 Test_ACC:0.806  Val_ACC:0.814  Train_Pre:1.000 Test_Pre:0.929  Val_Pre:0.900  Train_Recall:1.000 Test_Recall:0.722  Val_Recall:0.717  Train_F1:1.000 Test_F1:0.812  Val_F1:0.798  
2024-11-28 18:49:58,796 - /home/mayi/data/zzy/DIR-GNN/train/upfd_GCN.py[line:270] - INFO: Epoch [ 77/100]Train_ACC:1.000 Test_ACC:0.806  Val_ACC:0.819  Train_Pre:1.000 Test_Pre:0.929  Val_Pre:0.910  Train_Recall:1.000 Test_Recall:0.722  Val_Recall:0.717  Train_F1:1.000 Test_F1:0.812  Val_F1:0.802  
2024-11-28 18:49:58,874 - /home/mayi/data/zzy/DIR-GNN/train/upfd_GCN.py[line:270] - INFO: Epoch [ 78/100]Train_ACC:1.000 Test_ACC:0.774  Val_ACC:0.810  Train_Pre:1.000 Test_Pre:0.923  Val_Pre:0.908  Train_Recall:1.000 Test_Recall:0.667  Val_Recall:0.699  Train_F1:1.000 Test_F1:0.774  Val_F1:0.790  
2024-11-28 18:49:58,952 - /home/mayi/data/zzy/DIR-GNN/train/upfd_GCN.py[line:270] - INFO: Epoch [ 79/100]Train_ACC:1.000 Test_ACC:0.774  Val_ACC:0.805  Train_Pre:1.000 Test_Pre:0.923  Val_Pre:0.907  Train_Recall:1.000 Test_Recall:0.667  Val_Recall:0.690  Train_F1:1.000 Test_F1:0.774  Val_F1:0.784  
2024-11-28 18:49:59,030 - /home/mayi/data/zzy/DIR-GNN/train/upfd_GCN.py[line:270] - INFO: Epoch [ 80/100]Train_ACC:1.000 Test_ACC:0.774  Val_ACC:0.801  Train_Pre:1.000 Test_Pre:0.923  Val_Pre:0.906  Train_Recall:1.000 Test_Recall:0.667  Val_Recall:0.681  Train_F1:1.000 Test_F1:0.774  Val_F1:0.778  
2024-11-28 18:49:59,108 - /home/mayi/data/zzy/DIR-GNN/train/upfd_GCN.py[line:270] - INFO: Epoch [ 81/100]Train_ACC:1.000 Test_ACC:0.774  Val_ACC:0.805  Train_Pre:1.000 Test_Pre:0.923  Val_Pre:0.917  Train_Recall:1.000 Test_Recall:0.667  Val_Recall:0.681  Train_F1:1.000 Test_F1:0.774  Val_F1:0.782  
2024-11-28 18:49:59,186 - /home/mayi/data/zzy/DIR-GNN/train/upfd_GCN.py[line:270] - INFO: Epoch [ 82/100]Train_ACC:1.000 Test_ACC:0.774  Val_ACC:0.814  Train_Pre:1.000 Test_Pre:0.923  Val_Pre:0.919  Train_Recall:1.000 Test_Recall:0.667  Val_Recall:0.699  Train_F1:1.000 Test_F1:0.774  Val_F1:0.794  
2024-11-28 18:49:59,263 - /home/mayi/data/zzy/DIR-GNN/train/upfd_GCN.py[line:270] - INFO: Epoch [ 83/100]Train_ACC:1.000 Test_ACC:0.774  Val_ACC:0.814  Train_Pre:1.000 Test_Pre:0.923  Val_Pre:0.919  Train_Recall:1.000 Test_Recall:0.667  Val_Recall:0.699  Train_F1:1.000 Test_F1:0.774  Val_F1:0.794  
2024-11-28 18:49:59,341 - /home/mayi/data/zzy/DIR-GNN/train/upfd_GCN.py[line:270] - INFO: Epoch [ 84/100]Train_ACC:1.000 Test_ACC:0.774  Val_ACC:0.814  Train_Pre:1.000 Test_Pre:0.923  Val_Pre:0.919  Train_Recall:1.000 Test_Recall:0.667  Val_Recall:0.699  Train_F1:1.000 Test_F1:0.774  Val_F1:0.794  
2024-11-28 18:49:59,420 - /home/mayi/data/zzy/DIR-GNN/train/upfd_GCN.py[line:270] - INFO: Epoch [ 85/100]Train_ACC:1.000 Test_ACC:0.774  Val_ACC:0.824  Train_Pre:1.000 Test_Pre:0.923  Val_Pre:0.920  Train_Recall:1.000 Test_Recall:0.667  Val_Recall:0.717  Train_F1:1.000 Test_F1:0.774  Val_F1:0.806  
2024-11-28 18:49:59,497 - /home/mayi/data/zzy/DIR-GNN/train/upfd_GCN.py[line:270] - INFO: Epoch [ 86/100]Train_ACC:1.000 Test_ACC:0.774  Val_ACC:0.824  Train_Pre:1.000 Test_Pre:0.923  Val_Pre:0.920  Train_Recall:1.000 Test_Recall:0.667  Val_Recall:0.717  Train_F1:1.000 Test_F1:0.774  Val_F1:0.806  
2024-11-28 18:49:59,573 - /home/mayi/data/zzy/DIR-GNN/train/upfd_GCN.py[line:270] - INFO: Epoch [ 87/100]Train_ACC:1.000 Test_ACC:0.774  Val_ACC:0.828  Train_Pre:1.000 Test_Pre:0.923  Val_Pre:0.921  Train_Recall:1.000 Test_Recall:0.667  Val_Recall:0.726  Train_F1:1.000 Test_F1:0.774  Val_F1:0.812  
2024-11-28 18:49:59,651 - /home/mayi/data/zzy/DIR-GNN/train/upfd_GCN.py[line:270] - INFO: Epoch [ 88/100]Train_ACC:1.000 Test_ACC:0.774  Val_ACC:0.828  Train_Pre:1.000 Test_Pre:0.923  Val_Pre:0.921  Train_Recall:1.000 Test_Recall:0.667  Val_Recall:0.726  Train_F1:1.000 Test_F1:0.774  Val_F1:0.812  
2024-11-28 18:49:59,728 - /home/mayi/data/zzy/DIR-GNN/train/upfd_GCN.py[line:270] - INFO: Epoch [ 89/100]Train_ACC:1.000 Test_ACC:0.774  Val_ACC:0.833  Train_Pre:1.000 Test_Pre:0.923  Val_Pre:0.932  Train_Recall:1.000 Test_Recall:0.667  Val_Recall:0.726  Train_F1:1.000 Test_F1:0.774  Val_F1:0.816  
2024-11-28 18:49:59,805 - /home/mayi/data/zzy/DIR-GNN/train/upfd_GCN.py[line:270] - INFO: Epoch [ 90/100]Train_ACC:1.000 Test_ACC:0.774  Val_ACC:0.833  Train_Pre:1.000 Test_Pre:0.923  Val_Pre:0.932  Train_Recall:1.000 Test_Recall:0.667  Val_Recall:0.726  Train_F1:1.000 Test_F1:0.774  Val_F1:0.816  
2024-11-28 18:49:59,882 - /home/mayi/data/zzy/DIR-GNN/train/upfd_GCN.py[line:270] - INFO: Epoch [ 91/100]Train_ACC:1.000 Test_ACC:0.774  Val_ACC:0.828  Train_Pre:1.000 Test_Pre:0.923  Val_Pre:0.912  Train_Recall:1.000 Test_Recall:0.667  Val_Recall:0.735  Train_F1:1.000 Test_F1:0.774  Val_F1:0.814  
2024-11-28 18:49:59,960 - /home/mayi/data/zzy/DIR-GNN/train/upfd_GCN.py[line:270] - INFO: Epoch [ 92/100]Train_ACC:1.000 Test_ACC:0.806  Val_ACC:0.828  Train_Pre:1.000 Test_Pre:0.929  Val_Pre:0.912  Train_Recall:1.000 Test_Recall:0.722  Val_Recall:0.735  Train_F1:1.000 Test_F1:0.812  Val_F1:0.814  
2024-11-28 18:50:00,037 - /home/mayi/data/zzy/DIR-GNN/train/upfd_GCN.py[line:270] - INFO: Epoch [ 93/100]Train_ACC:1.000 Test_ACC:0.806  Val_ACC:0.828  Train_Pre:1.000 Test_Pre:0.929  Val_Pre:0.912  Train_Recall:1.000 Test_Recall:0.722  Val_Recall:0.735  Train_F1:1.000 Test_F1:0.812  Val_F1:0.814  
2024-11-28 18:50:00,114 - /home/mayi/data/zzy/DIR-GNN/train/upfd_GCN.py[line:270] - INFO: Epoch [ 94/100]Train_ACC:1.000 Test_ACC:0.806  Val_ACC:0.828  Train_Pre:1.000 Test_Pre:0.929  Val_Pre:0.912  Train_Recall:1.000 Test_Recall:0.722  Val_Recall:0.735  Train_F1:1.000 Test_F1:0.812  Val_F1:0.814  
2024-11-28 18:50:00,191 - /home/mayi/data/zzy/DIR-GNN/train/upfd_GCN.py[line:270] - INFO: Epoch [ 95/100]Train_ACC:1.000 Test_ACC:0.774  Val_ACC:0.824  Train_Pre:1.000 Test_Pre:0.923  Val_Pre:0.911  Train_Recall:1.000 Test_Recall:0.667  Val_Recall:0.726  Train_F1:1.000 Test_F1:0.774  Val_F1:0.808  
2024-11-28 18:50:00,269 - /home/mayi/data/zzy/DIR-GNN/train/upfd_GCN.py[line:270] - INFO: Epoch [ 96/100]Train_ACC:1.000 Test_ACC:0.774  Val_ACC:0.819  Train_Pre:1.000 Test_Pre:0.923  Val_Pre:0.910  Train_Recall:1.000 Test_Recall:0.667  Val_Recall:0.717  Train_F1:1.000 Test_F1:0.774  Val_F1:0.802  
2024-11-28 18:50:00,347 - /home/mayi/data/zzy/DIR-GNN/train/upfd_GCN.py[line:270] - INFO: Epoch [ 97/100]Train_ACC:1.000 Test_ACC:0.774  Val_ACC:0.819  Train_Pre:1.000 Test_Pre:0.923  Val_Pre:0.910  Train_Recall:1.000 Test_Recall:0.667  Val_Recall:0.717  Train_F1:1.000 Test_F1:0.774  Val_F1:0.802  
2024-11-28 18:50:00,424 - /home/mayi/data/zzy/DIR-GNN/train/upfd_GCN.py[line:270] - INFO: Epoch [ 98/100]Train_ACC:1.000 Test_ACC:0.774  Val_ACC:0.819  Train_Pre:1.000 Test_Pre:0.923  Val_Pre:0.910  Train_Recall:1.000 Test_Recall:0.667  Val_Recall:0.717  Train_F1:1.000 Test_F1:0.774  Val_F1:0.802  
2024-11-28 18:50:00,502 - /home/mayi/data/zzy/DIR-GNN/train/upfd_GCN.py[line:270] - INFO: Epoch [ 99/100]Train_ACC:1.000 Test_ACC:0.774  Val_ACC:0.819  Train_Pre:1.000 Test_Pre:0.923  Val_Pre:0.910  Train_Recall:1.000 Test_Recall:0.667  Val_Recall:0.717  Train_F1:1.000 Test_F1:0.774  Val_F1:0.802  
2024-11-28 18:50:00,502 - /home/mayi/data/zzy/DIR-GNN/train/upfd_GCN.py[line:317] - INFO: ====================================================================================================
2024-11-28 18:50:00,502 - /home/mayi/data/zzy/DIR-GNN/train/upfd_GCN.py[line:319] - INFO: Test ACC:0.8041±0.0260  Train ACC:0.9952±0.0109  Val ACC:0.8742±0.0282
2024-11-28 18:50:00,502 - /home/mayi/data/zzy/DIR-GNN/train/upfd_GCN.py[line:324] - INFO: Test Pre:0.8976±0.0354  Train Pre:0.9925±0.0159  Val Pre:0.9518±0.0377
2024-11-28 18:50:00,502 - /home/mayi/data/zzy/DIR-GNN/train/upfd_GCN.py[line:329] - INFO: Test Recall:0.6982±0.0559  Train Recall:0.9962±0.0122  Val Recall:0.8278±0.0611
2024-11-28 18:50:00,502 - /home/mayi/data/zzy/DIR-GNN/train/upfd_GCN.py[line:334] - INFO: Test F1:0.7837±0.0350  Train F1:0.9943±0.0129  Val F1:0.8834±0.0296
